******************************************************************************
                  TI ARM Linker PC v20.2.7                     
******************************************************************************
>> Linked Fri Jun 30 16:12:03 2023

OUTPUT FILE NAME:   <Car_drugs.out>
ENTRY POINT SYMBOL: "_c_int00_noargs"  address: 00003c4d


MEMORY CONFIGURATION

         name            origin    length      used     unused   attr    fill
----------------------  --------  ---------  --------  --------  ----  --------
  FLASH                 00000000   00040000  000045a6  0003ba5a  R  X
  SRAM                  20000000   00008000  0000065a  000079a6  RW X


SEGMENT ALLOCATION MAP

run origin  load origin   length   init length attrs members
----------  ----------- ---------- ----------- ----- -------
00000000    00000000    000045a8   000045a8    r-x
  00000000    00000000    0000026c   0000026c    r-- .intvecs
  0000026c    0000026c    00003dba   00003dba    r-x .text
  00004028    00004028    00000520   00000520    r-- .const
  00004548    00004548    00000060   00000060    r-- .cinit
20000000    20000000    00000660   00000000    rw-
  20000000    20000000    0000026c   00000000    rw- .vtable
  20000270    20000270    00000200   00000000    rw- .stack
  20000470    20000470    0000016a   00000000    rw- .bss
  200005dc    200005dc    00000084   00000000    rw- .data


SECTION ALLOCATION MAP

 output                                  attributes/
section   page    origin      length       input sections
--------  ----  ----------  ----------   ----------------
.intvecs   0    00000000    0000026c     
                  00000000    0000026c     tm4c123gh6pm_startup_ccs.obj (.intvecs)

.text      0    0000026c    00003dba     
                  0000026c    00000c64     main.obj (.text)
                  00000ed0    0000073c     pid.obj (.text)
                  0000160c    000005d8     hand_hand.obj (.text)
                  00001be4    000004a8     uartstdio.obj (.text)
                  0000208c    00000460     rtsv7M4_T_le_v4SPD16_eabi.lib : strtod.c.obj (.text:strtod)
                  000024ec    000003d4     my_uart.obj (.text)
                  000028c0    000003c8     rtsv7M4_T_le_v4SPD16_eabi.lib : strtof.c.obj (.text:strtof)
                  00002c88    000001b6                                   : fd_add_t2.asm.obj (.text)
                  00002e3e    00000002                                   : div0.asm.obj (.text)
                  00002e40    0000016c     driverlib.lib : gpio.obj (.text:GPIOPadConfigSet)
                  00002fac    00000136     rtsv7M4_T_le_v4SPD16_eabi.lib : fd_div_t2.asm.obj (.text)
                  000030e2    00000002     --HOLE-- [fill = 0]
                  000030e4    00000118     driverlib.lib : sysctl.obj (.text:SysCtlClockGet)
                  000031fc    00000110     rtsv7M4_T_le_v4SPD16_eabi.lib : s_scalbn.c.obj (.text:scalbn)
                  0000330c    000000fc                                   : fd_mul_t2.asm.obj (.text)
                  00003408    000000f4     driverlib.lib : sysctl.obj (.text:SysCtlClockSet)
                  000034fc    000000d0     rtsv7M4_T_le_v4SPD16_eabi.lib : s_scalbnf.c.obj (.text:scalbnf)
                  000035cc    0000009c                                   : memcpy_t2.asm.obj (.text)
                  00003668    00000086                                   : fd_cmp_t2.asm.obj (.text:__aeabi_cdcmple)
                  000036ee    00000086                                   : fd_cmp_t2.asm.obj (.text:__aeabi_cdrcmple)
                  00003774    0000007a                                   : memset_t2.asm.obj (.text)
                  000037ee    0000006e                                   : fd_tos_t2.asm.obj (.text)
                  0000385c    00000068     driverlib.lib : interrupt.obj (.text:IntEnable)
                  000038c4    00000068     rtsv7M4_T_le_v4SPD16_eabi.lib : copy_decompress_lzss.c.obj (.text:decompress:lzss:__TI_decompress_lzss)
                  0000392c    00000060     driverlib.lib : timer.obj (.text:TimerConfigure)
                  0000398c    0000004c                   : gpio.obj (.text:GPIOPinConfigure)
                  000039d8    0000004c                   : timer.obj (.text:_TimerIntNumberGet)
                  00003a24    00000046                   : uart.obj (.text:UARTConfigSetExpClk)
                  00003a6a    00000002     --HOLE-- [fill = 0]
                  00003a6c    00000044     rtsv7M4_T_le_v4SPD16_eabi.lib : autoinit.c.obj (.text:__TI_auto_init_nobinit_nopinit:__TI_auto_init_nobinit_nopinit)
                  00003ab0    00000044                                   : fd_tou_t2.asm.obj (.text)
                  00003af4    00000040     driverlib.lib : uart.obj (.text:_UARTIntNumberGet)
                  00003b34    00000040     rtsv7M4_T_le_v4SPD16_eabi.lib : u_divt2.asm.obj (.text)
                  00003b74    00000038     driverlib.lib : sysctl.obj (.text:SysCtlPeripheralPresent)
                  00003bac    00000038     rtsv7M4_T_le_v4SPD16_eabi.lib : fs_tod_t2.asm.obj (.text)
                  00003be4    00000034     driverlib.lib : interrupt.obj (.text:IntRegister)
                  00003c18    00000034                   : sysctl.obj (.text:SysCtlPeripheralEnable)
                  00003c4c    00000034     rtsv7M4_T_le_v4SPD16_eabi.lib : boot_cortex_m.c.obj (.text:_c_int00_noargs:_c_int00_noargs)
                  00003c80    0000002e                                   : i_tofd_t2.asm.obj (.text)
                  00003cae    0000002c     driverlib.lib : gpio.obj (.text:GPIODirModeSet)
                  00003cda    00000002     --HOLE-- [fill = 0]
                  00003cdc    00000024                   : interrupt.obj (.text:IntPrioritySet)
                  00003d00    00000022                   : pwm.obj (.text:PWMGenConfigure)
                  00003d22    00000002     --HOLE-- [fill = 0]
                  00003d24    00000020                   : uart.obj (.text:UARTDisable)
                  00003d44    00000020     rtsv7M4_T_le_v4SPD16_eabi.lib : u_tofd_t2.asm.obj (.text)
                  00003d64    0000001e     driverlib.lib : pwm.obj (.text:PWMPulseWidthSet)
                  00003d82    0000001c     rtsv7M4_T_le_v4SPD16_eabi.lib : copy_zero_init.c.obj (.text:decompress:ZI:__TI_zero_init_nomemset:__TI_zero_init_nomemset)
                  00003d9e    0000001a     driverlib.lib : gpio.obj (.text:GPIOPinTypeGPIOOutput)
                  00003db8    0000001a     rtsv7M4_T_le_v4SPD16_eabi.lib : s_copysign.c.obj (.text:copysign)
                  00003dd2    00000018     driverlib.lib : timer.obj (.text:TimerIntRegister)
                  00003dea    00000018                   : uart.obj (.text:UARTIntRegister)
                  00003e02    00000018     rtsv7M4_T_le_v4SPD16_eabi.lib : s_copysignf.c.obj (.text:copysignf)
                  00003e1a    00000018                                   : strcmp.c.obj (.text:strcmp)
                  00003e32    00000016     driverlib.lib : gpio.obj (.text:GPIOPinTypePWM)
                  00003e48    00000016                   : gpio.obj (.text:GPIOPinTypeQEI)
                  00003e5e    00000016                   : gpio.obj (.text:GPIOPinTypeUART)
                  00003e74    00000014                   : sysctl.obj (.text:SysCtlPWMClockSet)
                  00003e88    00000014                   : uart.obj (.text:UARTEnable)
                  00003e9c    00000012                   : pwm.obj (.text:PWMGenPeriodGet)
                  00003eae    00000012                   : pwm.obj (.text:PWMOutputState)
                  00003ec0    00000012                   : timer.obj (.text:TimerLoadSet)
                  00003ed2    00000012                   : timer.obj (.text:TimerPrescaleSet)
                  00003ee4    00000010                   : interrupt.obj (.text:IntMasterEnable)
                  00003ef4    00000010                   : pwm.obj (.text:PWMGenPeriodSet)
                  00003f04    0000000e                   : qei.obj (.text:QEIConfigure)
                  00003f12    0000000e                   : timer.obj (.text:TimerEnable)
                  00003f20    0000000e                   : uart.obj (.text:UARTCharGetNonBlocking)
                  00003f2e    0000000e                   : uart.obj (.text:UARTCharPutNonBlocking)
                  00003f3c    0000000e                   : uart.obj (.text:UARTCharsAvail)
                  00003f4a    0000000e     rtsv7M4_T_le_v4SPD16_eabi.lib : copy_decompress_none.c.obj (.text:decompress:none:__TI_decompress_none)
                  00003f58    0000000c     driverlib.lib : cpu.obj (.text:CPUcpsie)
                  00003f64    0000000c                   : pwm.obj (.text:PWMGenDisable)
                  00003f70    0000000c                   : pwm.obj (.text:PWMGenEnable)
                  00003f7c    0000000c     tm4c123gh6pm_startup_ccs.obj (.text)
                  00003f88    0000000a     driverlib.lib : qei.obj (.text:QEIEnable)
                  00003f92    0000000a                   : qei.obj (.text:QEIIntDisable)
                  00003f9c    0000000a                   : timer.obj (.text:TimerIntStatus)
                  00003fa6    0000000a                   : uart.obj (.text:UARTCharGet)
                  00003fb0    0000000a                   : uart.obj (.text:UARTCharPut)
                  00003fba    0000000a                   : uart.obj (.text:UARTFIFODisable)
                  00003fc4    0000000a                   : uart.obj (.text:UARTFIFOEnable)
                  00003fce    0000000a                   : uart.obj (.text:UARTIntStatus)
                  00003fd8    00000008                   : timer.obj (.text:TimerIntEnable)
                  00003fe0    00000008                   : uart.obj (.text:UARTIntEnable)
                  00003fe8    00000008     rtsv7M4_T_le_v4SPD16_eabi.lib : errno.c.obj (.text:__aeabi_errno_addr)
                  00003ff0    00000006     driverlib.lib : gpio.obj (.text:GPIOPinRead)
                  00003ff6    00000006                   : gpio.obj (.text:GPIOPinWrite)
                  00003ffc    00000006                   : sysctl.obj (.text:SysCtlDelay)
                  00004002    00000006                   : uart.obj (.text:UARTClockSourceSet)
                  00004008    00000006                   : uart.obj (.text:UARTFIFOLevelSet)
                  0000400e    00000004                   : qei.obj (.text:QEIPositionGet)
                  00004012    00000004                   : qei.obj (.text:QEIPositionSet)
                  00004016    00000004                   : timer.obj (.text:TimerIntClear)
                  0000401a    00000004                   : uart.obj (.text:UARTIntClear)
                  0000401e    00000004     rtsv7M4_T_le_v4SPD16_eabi.lib : pre_init.c.obj (.text:_system_pre_init)
                  00004022    00000004                                   : exit.c.obj (.text:abort:abort)

.const     0    00004028    00000520     
                  00004028    00000101     rtsv7M4_T_le_v4SPD16_eabi.lib : ctype.c.obj (.const:.string:_ctypes_)
                  00004129    00000003     --HOLE-- [fill = 0]
                  0000412c    00000004     uartstdio.obj (.const)
                  00004130    000000c8     rtsv7M4_T_le_v4SPD16_eabi.lib : strtod.c.obj (.const:$O1$$)
                  000041f8    0000009c     driverlib.lib : interrupt.obj (.const:g_pui32Regs)
                  00004294    00000090                   : gpio.obj (.const:g_pui32GPIOBaseAddrs)
                  00004324    0000006c                   : sysctl.obj (.const:g_pui32Xtals)
                  00004390    00000060                   : timer.obj (.const:g_ppui32TimerIntMap)
                  000043f0    00000058     rtsv7M4_T_le_v4SPD16_eabi.lib : strtof.c.obj (.const:$O1$$)
                  00004448    00000040     driverlib.lib : timer.obj (.const:g_ppui32TimerIntMapSnowflake)
                  00004488    00000040                   : uart.obj (.const:g_ppui32UARTIntMap)
                  000044c8    00000040                   : uart.obj (.const:g_ppui32UARTIntMapSnowflake)
                  00004508    00000014                   : interrupt.obj (.const:g_pui32EnRegs)
                  0000451c    00000012     uartstdio.obj (.const:.string)
                  0000452e    00000002     --HOLE-- [fill = 0]
                  00004530    0000000c     uartstdio.obj (.const:g_ui32UARTBase)
                  0000453c    0000000c     uartstdio.obj (.const:g_ui32UARTPeriph)

.cinit     0    00004548    00000060     
                  00004548    0000002c     (.cinit..data.load) [load image, compression = lzss]
                  00004574    0000000c     (__TI_handler_table)
                  00004580    00000008     (.cinit..bss.load) [load image, compression = zero_init]
                  00004588    00000008     (.cinit..vtable.load) [load image, compression = zero_init]
                  00004590    00000018     (__TI_cinit_table)

.init_array 
*          0    00000000    00000000     UNINITIALIZED

.vtable    0    20000000    0000026c     UNINITIALIZED
                  20000000    0000026c     driverlib.lib : interrupt.obj (.vtable)

.bss       0    20000470    0000016a     UNINITIALIZED
                  20000470    00000030     (.common:pid1_v)
                  200004a0    00000030     (.common:pid2_v)
                  200004d0    00000030     (.common:pid_b)
                  20000500    00000030     (.common:pid_theta)
                  20000530    00000030     (.common:pid_x1)
                  20000560    00000030     (.common:pid_x2)
                  20000590    00000020     (.common:rData1)
                  200005b0    00000020     (.common:rData5)
                  200005d0    00000004     (.common:endptr)
                  200005d4    00000004     (.common:pid)
                  200005d8    00000001     (.common:rx_buf1)
                  200005d9    00000001     (.common:rx_buf5)

.data      0    200005dc    00000084     UNINITIALIZED
                  200005dc    00000058     main.obj (.data)
                  20000634    00000016     hand_hand.obj (.data)
                  2000064a    0000000a     hand_hand.obj (.data:route)
                  20000654    00000005     uartstdio.obj (.data)
                  20000659    00000003     --HOLE--
                  2000065c    00000004     rtsv7M4_T_le_v4SPD16_eabi.lib : errno.c.obj (.data)

.stack     0    20000270    00000200     UNINITIALIZED
                  20000270    00000004     rtsv7M4_T_le_v4SPD16_eabi.lib : boot_cortex_m.c.obj (.stack)
                  20000274    000001fc     --HOLE--

__llvm_prf_cnts 
*          0    20000000    00000000     UNINITIALIZED

MODULE SUMMARY

       Module                         code    ro data   rw data
       ------                         ----    -------   -------
    .\
       main.obj                       3172    0         158    
       pid.obj                        1852    0         292    
       hand_hand.obj                  1496    0         32     
       uartstdio.obj                  1192    46        5      
       my_uart.obj                    980     0         0      
       tm4c123gh6pm_startup_ccs.obj   12      620       0      
    +--+------------------------------+-------+---------+---------+
       Total:                         8704    666       487    
                                                               
    D:/TivaWare/driverlib/ccs/Debug/driverlib.lib
       interrupt.obj                  208     176       620    
       sysctl.obj                     658     108       0      
       gpio.obj                       588     144       0      
       uart.obj                       326     128       0      
       timer.obj                      268     160       0      
       pwm.obj                        140     0         0      
       qei.obj                        42      0         0      
       cpu.obj                        12      0         0      
    +--+------------------------------+-------+---------+---------+
       Total:                         2242    716       620    
                                                               
    D:\CCS12.3.0\ccs\tools\compiler\ti-cgt-arm_20.2.7.LTS\lib\rtsv7M4_T_le_v4SPD16_eabi.lib
       strtod.c.obj                   1120    200       0      
       strtof.c.obj                   968     88        0      
       fd_add_t2.asm.obj              438     0         0      
       fd_div_t2.asm.obj              310     0         0      
       s_scalbn.c.obj                 272     0         0      
       fd_cmp_t2.asm.obj              268     0         0      
       ctype.c.obj                    0       257       0      
       fd_mul_t2.asm.obj              252     0         0      
       s_scalbnf.c.obj                208     0         0      
       memcpy_t2.asm.obj              156     0         0      
       memset_t2.asm.obj              122     0         0      
       fd_tos_t2.asm.obj              110     0         0      
       copy_decompress_lzss.c.obj     104     0         0      
       autoinit.c.obj                 68      0         0      
       fd_tou_t2.asm.obj              68      0         0      
       u_divt2.asm.obj                64      0         0      
       fs_tod_t2.asm.obj              56      0         0      
       boot_cortex_m.c.obj            52      0         0      
       i_tofd_t2.asm.obj              46      0         0      
       u_tofd_t2.asm.obj              32      0         0      
       copy_zero_init.c.obj           28      0         0      
       s_copysign.c.obj               26      0         0      
       s_copysignf.c.obj              24      0         0      
       strcmp.c.obj                   24      0         0      
       copy_decompress_none.c.obj     14      0         0      
       errno.c.obj                    8       0         4      
       exit.c.obj                     4       0         0      
       pre_init.c.obj                 4       0         0      
       div0.asm.obj                   2       0         0      
    +--+------------------------------+-------+---------+---------+
       Total:                         4848    545       4      
                                                               
       Stack:                         0       0         512    
       Linker Generated:              0       96        0      
    +--+------------------------------+-------+---------+---------+
       Grand Total:                   15794   2023      1623   


LINKER GENERATED COPY TABLES

__TI_cinit_table @ 00004590 records: 3, size/record: 8, table size: 24
	.data: load addr=00004548, load size=0000002c bytes, run addr=200005dc, run size=00000084 bytes, compression=lzss
	.bss: load addr=00004580, load size=00000008 bytes, run addr=20000470, run size=0000016a bytes, compression=zero_init
	.vtable: load addr=00004588, load size=00000008 bytes, run addr=20000000, run size=0000026c bytes, compression=zero_init


LINKER GENERATED HANDLER TABLE

__TI_handler_table @ 00004574 records: 3, size/record: 4, table size: 12
	index: 0, handler: __TI_zero_init
	index: 1, handler: __TI_decompress_lzss
	index: 2, handler: __TI_decompress_none


GLOBAL SYMBOLS: SORTED ALPHABETICALLY BY Name 

address   name                          
-------   ----                          
00004023  C$$EXIT                       
00003f59  CPUcpsie                      
00003caf  GPIODirModeSet                
00002e41  GPIOPadConfigSet              
0000398d  GPIOPinConfigure              
00003ff1  GPIOPinRead                   
00003d9f  GPIOPinTypeGPIOOutput         
00003e33  GPIOPinTypePWM                
00003e49  GPIOPinTypeQEI                
00003e5f  GPIOPinTypeUART               
00003ff7  GPIOPinWrite                  
00000671  GPIO_init                     
000024ed  Get_Data                      
0000385d  IntEnable                     
00003ee5  IntMasterEnable               
00003cdd  IntPrioritySet                
00003be5  IntRegister                   
2000061e  LED_flag                      
00001413  PID_b_update                  
00000ed1  PID_init                      
0000152d  PID_para                      
00001151  PID_speed_update              
00001311  PID_theta_update              
0000103f  PID_x_update                  
00003d01  PWMGenConfigure               
00003f65  PWMGenDisable                 
00003f71  PWMGenEnable                  
00003e9d  PWMGenPeriodGet               
00003ef5  PWMGenPeriodSet               
00003eaf  PWMOutputState                
00003d65  PWMPulseWidthSet              
000003f3  PWM_init                      
00003f05  QEIConfigure                  
00003f89  QEIEnable                     
00003f93  QEIIntDisable                 
0000400f  QEIPositionGet                
00004013  QEIPositionSet                
000004a5  QEI_init                      
00003f7d  ResetISR                      
00001675  StatusDeal                    
0000160d  StatusReset                   
000030e5  SysCtlClockGet                
00003409  SysCtlClockSet                
00003ffd  SysCtlDelay                   
00003e75  SysCtlPWMClockSet             
00003c19  SysCtlPeripheralEnable        
00003b75  SysCtlPeripheralPresent       
0000039f  Sysint_init                   
0000092d  TIMER0_IRQHandler             
0000392d  TimerConfigure                
00003f13  TimerEnable                   
00004017  TimerIntClear                 
00003fd9  TimerIntEnable                
00003dd3  TimerIntRegister              
00003f9d  TimerIntStatus                
00003ec1  TimerLoadSet                  
00003ed3  TimerPrescaleSet              
00000c09  UART1_Handler                 
00000ce5  UART5_Handler                 
00003fa7  UARTCharGet                   
00003f21  UARTCharGetNonBlocking        
00003fb1  UARTCharPut                   
00003f2f  UARTCharPutNonBlocking        
00003f3d  UARTCharsAvail                
00004003  UARTClockSourceSet            
00003a25  UARTConfigSetExpClk           
00003d25  UARTDisable                   
00003e89  UARTEnable                    
00003fbb  UARTFIFODisable               
00003fc5  UARTFIFOEnable                
00004009  UARTFIFOLevelSet              
0000401b  UARTIntClear                  
00003fe1  UARTIntEnable                 
00003deb  UARTIntRegister               
00003fcf  UARTIntStatus                 
00001be5  UARTStdioConfig               
00001d35  UARTgetc                      
00001c7b  UARTgets                      
00002057  UARTprintf                    
00001d5d  UARTvprintf                   
00001c2b  UARTwrite                     
00002701  USART_PID_Adjust              
00000561  USART_init                    
0000073d  Wheel_set                     
20000470  __STACK_END                   
00000200  __STACK_SIZE                  
20000470  __STACK_TOP                   
00004590  __TI_CINIT_Base               
000045a8  __TI_CINIT_Limit              
00004574  __TI_Handler_Table_Base       
00004580  __TI_Handler_Table_Limit      
00003a6d  __TI_auto_init_nobinit_nopinit
000038c5  __TI_decompress_lzss          
00003f4b  __TI_decompress_none          
ffffffff  __TI_pprof_out_hndl           
ffffffff  __TI_prof_data_size           
ffffffff  __TI_prof_data_start          
00000000  __TI_static_base__            
00003d83  __TI_zero_init_nomemset       
00003669  __aeabi_cdcmpeq               
00003669  __aeabi_cdcmple               
000036ef  __aeabi_cdrcmple              
000037ef  __aeabi_d2f                   
00003ab1  __aeabi_d2uiz                 
00002c93  __aeabi_dadd                  
00002fad  __aeabi_ddiv                  
0000330d  __aeabi_dmul                  
00002c89  __aeabi_dsub                  
00003fe9  __aeabi_errno_addr            
00003bad  __aeabi_f2d                   
00003c81  __aeabi_i2d                   
00002e3f  __aeabi_idiv0                 
00002e3f  __aeabi_ldiv0                 
00003775  __aeabi_memclr                
00003775  __aeabi_memclr4               
00003775  __aeabi_memclr8               
000035cd  __aeabi_memcpy                
000035cd  __aeabi_memcpy4               
000035cd  __aeabi_memcpy8               
00003777  __aeabi_memset                
00003777  __aeabi_memset4               
00003777  __aeabi_memset8               
00003d45  __aeabi_ui2d                  
00003b35  __aeabi_uidiv                 
00003b35  __aeabi_uidivmod              
ffffffff  __binit__                     
ffffffff  __c_args__                    
UNDEFED   __mpu_init                    
20000270  __stack                       
20000000  __start___llvm_prf_cnts       
20000000  __stop___llvm_prf_cnts        
00003c4d  _c_int00_noargs               
00004028  _ctypes_                      
UNDEFED   _system_post_cinit            
0000401f  _system_pre_init              
00004023  abort                         
200005ec  b                             
200005e4  b_pid_flag                    
20000604  b_speed                       
ffffffff  binit                         
00003db9  copysign                      
00003e03  copysignf                     
00003db9  copysignl                     
20000649  cross_flag                    
200005d0  endptr                        
2000065c  errno                         
00000dc9  f_char_printf                 
20000000  g_pfnRAMVectors               
00000000  g_pfnVectors                  
000031fd  ldexp                         
000034fd  ldexpf                        
000031fd  ldexpl                        
0000026d  main                          
000035cd  memcpy                        
0000377d  memset                        
20000642  next_q                        
200005d4  pid                           
20000470  pid1_v                        
200004a0  pid2_v                        
200004d0  pid_b                         
20000500  pid_theta                     
20000530  pid_x1                        
20000560  pid_x2                        
2000061f  question                      
20000590  rData1                        
200005b0  rData5                        
20000611  rDataCount1                   
20000610  rDataCount5                   
20000618  rDataFlag1                    
20000614  rDataFlag5                    
2000063c  recognize_flag                
2000064a  route                         
2000061c  route_flag                    
20000638  route_len                     
200005d8  rx_buf1                       
200005d9  rx_buf5                       
000031fd  scalbn                        
000034fd  scalbnf                       
000031fd  scalbnl                       
200005f0  setspeed                      
200005e8  setspeed_flag                 
20000608  speed1                        
2000060c  speed2                        
20000634  status_hand                   
20000644  stop_count                    
00003e1b  strcmp                        
0000208d  strtod                        
000028c1  strtof                        
0000208d  strtold                       
20000641  target                        
20000640  task_flag                     
2000061d  test_flag                     
200005fc  theta                         
200005e0  theta_pid_flag                
20000600  theta_speed                   
20000648  turn_flag                     
2000063d  turn_route_flag               
2000063f  turn_task_flag                
200005dc  x_pid_flag                    
200005f4  x_set1                        
200005f8  x_set2                        
2000063e  x_task_flag                   


GLOBAL SYMBOLS: SORTED BY Symbol Address 

address   name                          
-------   ----                          
00000000  __TI_static_base__            
00000000  g_pfnVectors                  
00000200  __STACK_SIZE                  
0000026d  main                          
0000039f  Sysint_init                   
000003f3  PWM_init                      
000004a5  QEI_init                      
00000561  USART_init                    
00000671  GPIO_init                     
0000073d  Wheel_set                     
0000092d  TIMER0_IRQHandler             
00000c09  UART1_Handler                 
00000ce5  UART5_Handler                 
00000dc9  f_char_printf                 
00000ed1  PID_init                      
0000103f  PID_x_update                  
00001151  PID_speed_update              
00001311  PID_theta_update              
00001413  PID_b_update                  
0000152d  PID_para                      
0000160d  StatusReset                   
00001675  StatusDeal                    
00001be5  UARTStdioConfig               
00001c2b  UARTwrite                     
00001c7b  UARTgets                      
00001d35  UARTgetc                      
00001d5d  UARTvprintf                   
00002057  UARTprintf                    
0000208d  strtod                        
0000208d  strtold                       
000024ed  Get_Data                      
00002701  USART_PID_Adjust              
000028c1  strtof                        
00002c89  __aeabi_dsub                  
00002c93  __aeabi_dadd                  
00002e3f  __aeabi_idiv0                 
00002e3f  __aeabi_ldiv0                 
00002e41  GPIOPadConfigSet              
00002fad  __aeabi_ddiv                  
000030e5  SysCtlClockGet                
000031fd  ldexp                         
000031fd  ldexpl                        
000031fd  scalbn                        
000031fd  scalbnl                       
0000330d  __aeabi_dmul                  
00003409  SysCtlClockSet                
000034fd  ldexpf                        
000034fd  scalbnf                       
000035cd  __aeabi_memcpy                
000035cd  __aeabi_memcpy4               
000035cd  __aeabi_memcpy8               
000035cd  memcpy                        
00003669  __aeabi_cdcmpeq               
00003669  __aeabi_cdcmple               
000036ef  __aeabi_cdrcmple              
00003775  __aeabi_memclr                
00003775  __aeabi_memclr4               
00003775  __aeabi_memclr8               
00003777  __aeabi_memset                
00003777  __aeabi_memset4               
00003777  __aeabi_memset8               
0000377d  memset                        
000037ef  __aeabi_d2f                   
0000385d  IntEnable                     
000038c5  __TI_decompress_lzss          
0000392d  TimerConfigure                
0000398d  GPIOPinConfigure              
00003a25  UARTConfigSetExpClk           
00003a6d  __TI_auto_init_nobinit_nopinit
00003ab1  __aeabi_d2uiz                 
00003b35  __aeabi_uidiv                 
00003b35  __aeabi_uidivmod              
00003b75  SysCtlPeripheralPresent       
00003bad  __aeabi_f2d                   
00003be5  IntRegister                   
00003c19  SysCtlPeripheralEnable        
00003c4d  _c_int00_noargs               
00003c81  __aeabi_i2d                   
00003caf  GPIODirModeSet                
00003cdd  IntPrioritySet                
00003d01  PWMGenConfigure               
00003d25  UARTDisable                   
00003d45  __aeabi_ui2d                  
00003d65  PWMPulseWidthSet              
00003d83  __TI_zero_init_nomemset       
00003d9f  GPIOPinTypeGPIOOutput         
00003db9  copysign                      
00003db9  copysignl                     
00003dd3  TimerIntRegister              
00003deb  UARTIntRegister               
00003e03  copysignf                     
00003e1b  strcmp                        
00003e33  GPIOPinTypePWM                
00003e49  GPIOPinTypeQEI                
00003e5f  GPIOPinTypeUART               
00003e75  SysCtlPWMClockSet             
00003e89  UARTEnable                    
00003e9d  PWMGenPeriodGet               
00003eaf  PWMOutputState                
00003ec1  TimerLoadSet                  
00003ed3  TimerPrescaleSet              
00003ee5  IntMasterEnable               
00003ef5  PWMGenPeriodSet               
00003f05  QEIConfigure                  
00003f13  TimerEnable                   
00003f21  UARTCharGetNonBlocking        
00003f2f  UARTCharPutNonBlocking        
00003f3d  UARTCharsAvail                
00003f4b  __TI_decompress_none          
00003f59  CPUcpsie                      
00003f65  PWMGenDisable                 
00003f71  PWMGenEnable                  
00003f7d  ResetISR                      
00003f89  QEIEnable                     
00003f93  QEIIntDisable                 
00003f9d  TimerIntStatus                
00003fa7  UARTCharGet                   
00003fb1  UARTCharPut                   
00003fbb  UARTFIFODisable               
00003fc5  UARTFIFOEnable                
00003fcf  UARTIntStatus                 
00003fd9  TimerIntEnable                
00003fe1  UARTIntEnable                 
00003fe9  __aeabi_errno_addr            
00003ff1  GPIOPinRead                   
00003ff7  GPIOPinWrite                  
00003ffd  SysCtlDelay                   
00004003  UARTClockSourceSet            
00004009  UARTFIFOLevelSet              
0000400f  QEIPositionGet                
00004013  QEIPositionSet                
00004017  TimerIntClear                 
0000401b  UARTIntClear                  
0000401f  _system_pre_init              
00004023  C$$EXIT                       
00004023  abort                         
00004028  _ctypes_                      
00004574  __TI_Handler_Table_Base       
00004580  __TI_Handler_Table_Limit      
00004590  __TI_CINIT_Base               
000045a8  __TI_CINIT_Limit              
20000000  __start___llvm_prf_cnts       
20000000  __stop___llvm_prf_cnts        
20000000  g_pfnRAMVectors               
20000270  __stack                       
20000470  __STACK_END                   
20000470  __STACK_TOP                   
20000470  pid1_v                        
200004a0  pid2_v                        
200004d0  pid_b                         
20000500  pid_theta                     
20000530  pid_x1                        
20000560  pid_x2                        
20000590  rData1                        
200005b0  rData5                        
200005d0  endptr                        
200005d4  pid                           
200005d8  rx_buf1                       
200005d9  rx_buf5                       
200005dc  x_pid_flag                    
200005e0  theta_pid_flag                
200005e4  b_pid_flag                    
200005e8  setspeed_flag                 
200005ec  b                             
200005f0  setspeed                      
200005f4  x_set1                        
200005f8  x_set2                        
200005fc  theta                         
20000600  theta_speed                   
20000604  b_speed                       
20000608  speed1                        
2000060c  speed2                        
20000610  rDataCount5                   
20000611  rDataCount1                   
20000614  rDataFlag5                    
20000618  rDataFlag1                    
2000061c  route_flag                    
2000061d  test_flag                     
2000061e  LED_flag                      
2000061f  question                      
20000634  status_hand                   
20000638  route_len                     
2000063c  recognize_flag                
2000063d  turn_route_flag               
2000063e  x_task_flag                   
2000063f  turn_task_flag                
20000640  task_flag                     
20000641  target                        
20000642  next_q                        
20000644  stop_count                    
20000648  turn_flag                     
20000649  cross_flag                    
2000064a  route                         
2000065c  errno                         
ffffffff  __TI_pprof_out_hndl           
ffffffff  __TI_prof_data_size           
ffffffff  __TI_prof_data_start          
ffffffff  __binit__                     
ffffffff  __c_args__                    
ffffffff  binit                         
UNDEFED   __mpu_init                    
UNDEFED   _system_post_cinit            

[202 symbols]
