******************************************************************************
                  TI ARM Linker PC v20.2.7                     
******************************************************************************
>> Linked Wed Jul  5 16:50:00 2023

OUTPUT FILE NAME:   <Car_drugs.out>
ENTRY POINT SYMBOL: "_c_int00_noargs"  address: 00003d31


MEMORY CONFIGURATION

         name            origin    length      used     unused   attr    fill
----------------------  --------  ---------  --------  --------  ----  --------
  FLASH                 00000000   00040000  00004614  0003b9ec  R  X
  SRAM                  20000000   00008000  000006ae  00007952  RW X


SEGMENT ALLOCATION MAP

run origin  load origin   length   init length attrs members
----------  ----------- ---------- ----------- ----- -------
00000000    00000000    00004618   00004618    r-x
  00000000    00000000    0000026c   0000026c    r-- .intvecs
  0000026c    0000026c    00003e70   00003e70    r-x .text
  000040e0    000040e0    000004c8   000004c8    r-- .const
  000045a8    000045a8    00000070   00000070    r-- .cinit
20000000    20000000    000006b4   00000000    rw-
  20000000    20000000    0000026c   00000000    rw- .vtable
  20000270    20000270    00000200   00000000    rw- .stack
  20000470    20000470    0000019a   00000000    rw- .bss
  2000060c    2000060c    000000a8   00000000    rw- .data


SECTION ALLOCATION MAP

 output                                  attributes/
section   page    origin      length       input sections
--------  ----  ----------  ----------   ----------------
.intvecs   0    00000000    0000026c     
                  00000000    0000026c     tm4c123gh6pm_startup_ccs.obj (.intvecs)

.text      0    0000026c    00003e70     
                  0000026c    00000d54     main.obj (.text)
                  00000fc0    00000928     hand_hand.obj (.text)
                  000018e8    00000878     pid.obj (.text)
                  00002160    000004a8     uartstdio.obj (.text)
                  00002608    00000460     rtsv7M4_T_le_v4SPD16_eabi.lib : strtod.c.obj (.text:strtod)
                  00002a68    000003d4     my_uart.obj (.text)
                  00002e3c    000001b6     rtsv7M4_T_le_v4SPD16_eabi.lib : fd_add_t2.asm.obj (.text)
                  00002ff2    00000002                                   : div0.asm.obj (.text)
                  00002ff4    0000016c     driverlib.lib : gpio.obj (.text:GPIOPadConfigSet)
                  00003160    00000136     rtsv7M4_T_le_v4SPD16_eabi.lib : fd_div_t2.asm.obj (.text)
                  00003296    00000002     --HOLE-- [fill = 0]
                  00003298    00000118     driverlib.lib : sysctl.obj (.text:SysCtlClockGet)
                  000033b0    00000110     rtsv7M4_T_le_v4SPD16_eabi.lib : s_scalbn.c.obj (.text:scalbn)
                  000034c0    000000fc                                   : fd_mul_t2.asm.obj (.text)
                  000035bc    000000f4     driverlib.lib : sysctl.obj (.text:SysCtlClockSet)
                  000036b0    0000009c     rtsv7M4_T_le_v4SPD16_eabi.lib : memcpy_t2.asm.obj (.text)
                  0000374c    00000086                                   : fd_cmp_t2.asm.obj (.text:__aeabi_cdcmple)
                  000037d2    00000086                                   : fd_cmp_t2.asm.obj (.text:__aeabi_cdrcmple)
                  00003858    0000007a                                   : memset_t2.asm.obj (.text)
                  000038d2    0000006e                                   : fd_tos_t2.asm.obj (.text)
                  00003940    00000068     driverlib.lib : interrupt.obj (.text:IntEnable)
                  000039a8    00000068     rtsv7M4_T_le_v4SPD16_eabi.lib : copy_decompress_lzss.c.obj (.text:decompress:lzss:__TI_decompress_lzss)
                  00003a10    00000060     driverlib.lib : timer.obj (.text:TimerConfigure)
                  00003a70    0000004c                   : gpio.obj (.text:GPIOPinConfigure)
                  00003abc    0000004c                   : timer.obj (.text:_TimerIntNumberGet)
                  00003b08    00000046                   : uart.obj (.text:UARTConfigSetExpClk)
                  00003b4e    00000002     --HOLE-- [fill = 0]
                  00003b50    00000044     rtsv7M4_T_le_v4SPD16_eabi.lib : autoinit.c.obj (.text:__TI_auto_init_nobinit_nopinit:__TI_auto_init_nobinit_nopinit)
                  00003b94    00000044                                   : fd_tou_t2.asm.obj (.text)
                  00003bd8    00000040     driverlib.lib : uart.obj (.text:_UARTIntNumberGet)
                  00003c18    00000040     rtsv7M4_T_le_v4SPD16_eabi.lib : u_divt2.asm.obj (.text)
                  00003c58    00000038     driverlib.lib : sysctl.obj (.text:SysCtlPeripheralPresent)
                  00003c90    00000038     rtsv7M4_T_le_v4SPD16_eabi.lib : fs_tod_t2.asm.obj (.text)
                  00003cc8    00000034     driverlib.lib : interrupt.obj (.text:IntRegister)
                  00003cfc    00000034                   : sysctl.obj (.text:SysCtlPeripheralEnable)
                  00003d30    00000034     rtsv7M4_T_le_v4SPD16_eabi.lib : boot_cortex_m.c.obj (.text:_c_int00_noargs:_c_int00_noargs)
                  00003d64    0000002e                                   : i_tofd_t2.asm.obj (.text)
                  00003d92    0000002c     driverlib.lib : gpio.obj (.text:GPIODirModeSet)
                  00003dbe    00000002     --HOLE-- [fill = 0]
                  00003dc0    00000024                   : interrupt.obj (.text:IntPrioritySet)
                  00003de4    00000022                   : pwm.obj (.text:PWMGenConfigure)
                  00003e06    00000002     --HOLE-- [fill = 0]
                  00003e08    00000020                   : uart.obj (.text:UARTDisable)
                  00003e28    00000020     rtsv7M4_T_le_v4SPD16_eabi.lib : u_tofd_t2.asm.obj (.text)
                  00003e48    0000001e     driverlib.lib : pwm.obj (.text:PWMPulseWidthSet)
                  00003e66    0000001a                   : gpio.obj (.text:GPIOPinTypeGPIOOutput)
                  00003e80    0000001a     rtsv7M4_T_le_v4SPD16_eabi.lib : s_copysign.c.obj (.text:copysign)
                  00003e9a    00000018     driverlib.lib : timer.obj (.text:TimerIntRegister)
                  00003eb2    00000018                   : uart.obj (.text:UARTIntRegister)
                  00003eca    00000018     rtsv7M4_T_le_v4SPD16_eabi.lib : strcmp.c.obj (.text:strcmp)
                  00003ee2    00000016     driverlib.lib : gpio.obj (.text:GPIOPinTypePWM)
                  00003ef8    00000016                   : gpio.obj (.text:GPIOPinTypeQEI)
                  00003f0e    00000016                   : gpio.obj (.text:GPIOPinTypeUART)
                  00003f24    00000014                   : sysctl.obj (.text:SysCtlPWMClockSet)
                  00003f38    00000014                   : uart.obj (.text:UARTEnable)
                  00003f4c    00000012                   : pwm.obj (.text:PWMGenPeriodGet)
                  00003f5e    00000012                   : pwm.obj (.text:PWMOutputState)
                  00003f70    00000012                   : timer.obj (.text:TimerLoadSet)
                  00003f82    00000012                   : timer.obj (.text:TimerPrescaleSet)
                  00003f94    00000010                   : interrupt.obj (.text:IntMasterEnable)
                  00003fa4    00000010                   : pwm.obj (.text:PWMGenPeriodSet)
                  00003fb4    0000000e                   : qei.obj (.text:QEIConfigure)
                  00003fc2    0000000e                   : timer.obj (.text:TimerEnable)
                  00003fd0    0000000e                   : uart.obj (.text:UARTCharGetNonBlocking)
                  00003fde    0000000e                   : uart.obj (.text:UARTCharPutNonBlocking)
                  00003fec    0000000e                   : uart.obj (.text:UARTCharsAvail)
                  00003ffa    0000000e     rtsv7M4_T_le_v4SPD16_eabi.lib : copy_decompress_none.c.obj (.text:decompress:none:__TI_decompress_none)
                  00004008    0000000c     driverlib.lib : cpu.obj (.text:CPUcpsie)
                  00004014    0000000c                   : pwm.obj (.text:PWMGenDisable)
                  00004020    0000000c                   : pwm.obj (.text:PWMGenEnable)
                  0000402c    0000000c     rtsv7M4_T_le_v4SPD16_eabi.lib : copy_zero_init.c.obj (.text:decompress:ZI:__TI_zero_init)
                  00004038    0000000c     tm4c123gh6pm_startup_ccs.obj (.text)
                  00004044    0000000a     driverlib.lib : qei.obj (.text:QEIEnable)
                  0000404e    0000000a                   : qei.obj (.text:QEIIntDisable)
                  00004058    0000000a                   : timer.obj (.text:TimerIntStatus)
                  00004062    0000000a                   : uart.obj (.text:UARTCharGet)
                  0000406c    0000000a                   : uart.obj (.text:UARTCharPut)
                  00004076    0000000a                   : uart.obj (.text:UARTFIFODisable)
                  00004080    0000000a                   : uart.obj (.text:UARTFIFOEnable)
                  0000408a    0000000a                   : uart.obj (.text:UARTIntStatus)
                  00004094    00000008                   : timer.obj (.text:TimerIntEnable)
                  0000409c    00000008                   : uart.obj (.text:UARTIntEnable)
                  000040a4    00000008     rtsv7M4_T_le_v4SPD16_eabi.lib : errno.c.obj (.text:__aeabi_errno_addr)
                  000040ac    00000006     driverlib.lib : gpio.obj (.text:GPIOPinWrite)
                  000040b2    00000006                   : sysctl.obj (.text:SysCtlDelay)
                  000040b8    00000006                   : uart.obj (.text:UARTClockSourceSet)
                  000040be    00000006                   : uart.obj (.text:UARTFIFOLevelSet)
                  000040c4    00000004                   : qei.obj (.text:QEIPositionGet)
                  000040c8    00000004                   : qei.obj (.text:QEIPositionSet)
                  000040cc    00000004                   : timer.obj (.text:TimerIntClear)
                  000040d0    00000004                   : uart.obj (.text:UARTIntClear)
                  000040d4    00000004     rtsv7M4_T_le_v4SPD16_eabi.lib : pre_init.c.obj (.text:_system_pre_init)
                  000040d8    00000004                                   : exit.c.obj (.text:abort:abort)

.const     0    000040e0    000004c8     
                  000040e0    00000101     rtsv7M4_T_le_v4SPD16_eabi.lib : ctype.c.obj (.const:.string:_ctypes_)
                  000041e1    00000003     --HOLE-- [fill = 0]
                  000041e4    00000004     uartstdio.obj (.const)
                  000041e8    000000c8     rtsv7M4_T_le_v4SPD16_eabi.lib : strtod.c.obj (.const:$O1$$)
                  000042b0    0000009c     driverlib.lib : interrupt.obj (.const:g_pui32Regs)
                  0000434c    00000090                   : gpio.obj (.const:g_pui32GPIOBaseAddrs)
                  000043dc    0000006c                   : sysctl.obj (.const:g_pui32Xtals)
                  00004448    00000060                   : timer.obj (.const:g_ppui32TimerIntMap)
                  000044a8    00000040                   : timer.obj (.const:g_ppui32TimerIntMapSnowflake)
                  000044e8    00000040                   : uart.obj (.const:g_ppui32UARTIntMap)
                  00004528    00000040                   : uart.obj (.const:g_ppui32UARTIntMapSnowflake)
                  00004568    00000014                   : interrupt.obj (.const:g_pui32EnRegs)
                  0000457c    00000012     uartstdio.obj (.const:.string)
                  0000458e    00000002     --HOLE-- [fill = 0]
                  00004590    0000000c     uartstdio.obj (.const:g_ui32UARTBase)
                  0000459c    0000000c     uartstdio.obj (.const:g_ui32UARTPeriph)

.cinit     0    000045a8    00000070     
                  000045a8    00000035     (.cinit..data.load) [load image, compression = lzss]
                  000045dd    00000003     --HOLE-- [fill = 0]
                  000045e0    0000000c     (__TI_handler_table)
                  000045ec    00000004     --HOLE-- [fill = 0]
                  000045f0    00000008     (.cinit..bss.load) [load image, compression = zero_init]
                  000045f8    00000008     (.cinit..vtable.load) [load image, compression = zero_init]
                  00004600    00000018     (__TI_cinit_table)

.init_array 
*          0    00000000    00000000     UNINITIALIZED

.vtable    0    20000000    0000026c     UNINITIALIZED
                  20000000    0000026c     driverlib.lib : interrupt.obj (.vtable)

.bss       0    20000470    0000019a     UNINITIALIZED
                  20000470    00000030     (.common:pid1_v)
                  200004a0    00000030     (.common:pid2_v)
                  200004d0    00000030     (.common:pid_b)
                  20000500    00000030     (.common:pid_pos)
                  20000530    00000030     (.common:pid_theta)
                  20000560    00000030     (.common:pid_x1)
                  20000590    00000030     (.common:pid_x2)
                  200005c0    00000020     (.common:rData1)
                  200005e0    00000020     (.common:rData5)
                  20000600    00000004     (.common:endptr)
                  20000604    00000004     (.common:pid)
                  20000608    00000001     (.common:rx_buf1)
                  20000609    00000001     (.common:rx_buf5)

.data      0    2000060c    000000a8     UNINITIALIZED
                  2000060c    00000074     main.obj (.data)
                  20000680    0000001c     hand_hand.obj (.data)
                  2000069c    0000000a     hand_hand.obj (.data:route)
                  200006a6    00000002     --HOLE--
                  200006a8    00000005     uartstdio.obj (.data)
                  200006ad    00000003     --HOLE--
                  200006b0    00000004     rtsv7M4_T_le_v4SPD16_eabi.lib : errno.c.obj (.data)

.stack     0    20000270    00000200     UNINITIALIZED
                  20000270    00000004     rtsv7M4_T_le_v4SPD16_eabi.lib : boot_cortex_m.c.obj (.stack)
                  20000274    000001fc     --HOLE--

__llvm_prf_cnts 
*          0    20000000    00000000     UNINITIALIZED

MODULE SUMMARY

       Module                         code    ro data   rw data
       ------                         ----    -------   -------
    .\
       main.obj                       3412    0         186    
       pid.obj                        2168    0         340    
       hand_hand.obj                  2344    0         38     
       uartstdio.obj                  1192    46        5      
       my_uart.obj                    980     0         0      
       tm4c123gh6pm_startup_ccs.obj   12      620       0      
    +--+------------------------------+-------+---------+---------+
       Total:                         10108   666       569    
                                                               
    D:/TivaWare/driverlib/ccs/Debug/driverlib.lib
       interrupt.obj                  208     176       620    
       sysctl.obj                     658     108       0      
       gpio.obj                       582     144       0      
       uart.obj                       326     128       0      
       timer.obj                      268     160       0      
       pwm.obj                        140     0         0      
       qei.obj                        42      0         0      
       cpu.obj                        12      0         0      
    +--+------------------------------+-------+---------+---------+
       Total:                         2236    716       620    
                                                               
    D:\CCS12.3.0\ccs\tools\compiler\ti-cgt-arm_20.2.7.LTS\lib\rtsv7M4_T_le_v4SPD16_eabi.lib
       strtod.c.obj                   1120    200       0      
       fd_add_t2.asm.obj              438     0         0      
       fd_div_t2.asm.obj              310     0         0      
       s_scalbn.c.obj                 272     0         0      
       fd_cmp_t2.asm.obj              268     0         0      
       ctype.c.obj                    0       257       0      
       fd_mul_t2.asm.obj              252     0         0      
       memcpy_t2.asm.obj              156     0         0      
       memset_t2.asm.obj              122     0         0      
       fd_tos_t2.asm.obj              110     0         0      
       copy_decompress_lzss.c.obj     104     0         0      
       autoinit.c.obj                 68      0         0      
       fd_tou_t2.asm.obj              68      0         0      
       u_divt2.asm.obj                64      0         0      
       fs_tod_t2.asm.obj              56      0         0      
       boot_cortex_m.c.obj            52      0         0      
       i_tofd_t2.asm.obj              46      0         0      
       u_tofd_t2.asm.obj              32      0         0      
       s_copysign.c.obj               26      0         0      
       strcmp.c.obj                   24      0         0      
       copy_decompress_none.c.obj     14      0         0      
       copy_zero_init.c.obj           12      0         0      
       errno.c.obj                    8       0         4      
       exit.c.obj                     4       0         0      
       pre_init.c.obj                 4       0         0      
       div0.asm.obj                   2       0         0      
    +--+------------------------------+-------+---------+---------+
       Total:                         3632    457       4      
                                                               
       Stack:                         0       0         512    
       Linker Generated:              0       105       0      
    +--+------------------------------+-------+---------+---------+
       Grand Total:                   15976   1944      1705   


LINKER GENERATED COPY TABLES

__TI_cinit_table @ 00004600 records: 3, size/record: 8, table size: 24
	.data: load addr=000045a8, load size=00000035 bytes, run addr=2000060c, run size=000000a8 bytes, compression=lzss
	.bss: load addr=000045f0, load size=00000008 bytes, run addr=20000470, run size=0000019a bytes, compression=zero_init
	.vtable: load addr=000045f8, load size=00000008 bytes, run addr=20000000, run size=0000026c bytes, compression=zero_init


LINKER GENERATED HANDLER TABLE

__TI_handler_table @ 000045e0 records: 3, size/record: 4, table size: 12
	index: 0, handler: __TI_zero_init
	index: 1, handler: __TI_decompress_lzss
	index: 2, handler: __TI_decompress_none


GLOBAL SYMBOLS: SORTED ALPHABETICALLY BY Name 

address   name                          
-------   ----                          
000040d9  C$$EXIT                       
00004009  CPUcpsie                      
00003d93  GPIODirModeSet                
00002ff5  GPIOPadConfigSet              
00003a71  GPIOPinConfigure              
00003e67  GPIOPinTypeGPIOOutput         
00003ee3  GPIOPinTypePWM                
00003ef9  GPIOPinTypeQEI                
00003f0f  GPIOPinTypeUART               
000040ad  GPIOPinWrite                  
0000067d  GPIO_init                     
00002a69  Get_Data                      
00003941  IntEnable                     
00003f95  IntMasterEnable               
00003dc1  IntPrioritySet                
00003cc9  IntRegister                   
20000646  LED_flag                      
00001ec5  PID_b_update                  
000018e9  PID_init                      
0000208d  PID_para                      
00001f85  PID_pos_update                
00001c91  PID_speed_update              
00001dc1  PID_theta_update              
00001a81  PID_x_update                  
00003de5  PWMGenConfigure               
00004015  PWMGenDisable                 
00004021  PWMGenEnable                  
00003f4d  PWMGenPeriodGet               
00003fa5  PWMGenPeriodSet               
00003f5f  PWMOutputState                
00003e49  PWMPulseWidthSet              
00000401  PWM_init                      
00003fb5  QEIConfigure                  
00004045  QEIEnable                     
0000404f  QEIIntDisable                 
000040c5  QEIPositionGet                
000040c9  QEIPositionSet                
000004b3  QEI_init                      
00004039  ResetISR                      
00001051  StatusDeal                    
00000fc1  StatusReset                   
00003299  SysCtlClockGet                
000035bd  SysCtlClockSet                
000040b3  SysCtlDelay                   
00003f25  SysCtlPWMClockSet             
00003cfd  SysCtlPeripheralEnable        
00003c59  SysCtlPeripheralPresent       
000003ad  Sysint_init                   
00000959  TIMER0_IRQHandler             
00003a11  TimerConfigure                
00003fc3  TimerEnable                   
000040cd  TimerIntClear                 
00004095  TimerIntEnable                
00003e9b  TimerIntRegister              
00004059  TimerIntStatus                
00003f71  TimerLoadSet                  
00003f83  TimerPrescaleSet              
00000cb1  UART1_Handler                 
00000d85  UART5_Handler                 
00004063  UARTCharGet                   
00003fd1  UARTCharGetNonBlocking        
0000406d  UARTCharPut                   
00003fdf  UARTCharPutNonBlocking        
00003fed  UARTCharsAvail                
000040b9  UARTClockSourceSet            
00003b09  UARTConfigSetExpClk           
00003e09  UARTDisable                   
00003f39  UARTEnable                    
00004077  UARTFIFODisable               
00004081  UARTFIFOEnable                
000040bf  UARTFIFOLevelSet              
000040d1  UARTIntClear                  
0000409d  UARTIntEnable                 
00003eb3  UARTIntRegister               
0000408b  UARTIntStatus                 
00002161  UARTStdioConfig               
000022b1  UARTgetc                      
000021f7  UARTgets                      
000025d3  UARTprintf                    
000022d9  UARTvprintf                   
000021a7  UARTwrite                     
00002c7d  USART_PID_Adjust              
0000057d  USART_init                    
0000075d  Wheel_set                     
20000470  __STACK_END                   
00000200  __STACK_SIZE                  
20000470  __STACK_TOP                   
00004600  __TI_CINIT_Base               
00004618  __TI_CINIT_Limit              
000045e0  __TI_Handler_Table_Base       
000045ec  __TI_Handler_Table_Limit      
00003b51  __TI_auto_init_nobinit_nopinit
000039a9  __TI_decompress_lzss          
00003ffb  __TI_decompress_none          
ffffffff  __TI_pprof_out_hndl           
ffffffff  __TI_prof_data_size           
ffffffff  __TI_prof_data_start          
00000000  __TI_static_base__            
0000402d  __TI_zero_init                
0000374d  __aeabi_cdcmpeq               
0000374d  __aeabi_cdcmple               
000037d3  __aeabi_cdrcmple              
000038d3  __aeabi_d2f                   
00003b95  __aeabi_d2uiz                 
00002e47  __aeabi_dadd                  
00003161  __aeabi_ddiv                  
000034c1  __aeabi_dmul                  
00002e3d  __aeabi_dsub                  
000040a5  __aeabi_errno_addr            
00003c91  __aeabi_f2d                   
00003d65  __aeabi_i2d                   
00002ff3  __aeabi_idiv0                 
00002ff3  __aeabi_ldiv0                 
00003859  __aeabi_memclr                
00003859  __aeabi_memclr4               
00003859  __aeabi_memclr8               
000036b1  __aeabi_memcpy                
000036b1  __aeabi_memcpy4               
000036b1  __aeabi_memcpy8               
0000385b  __aeabi_memset                
0000385b  __aeabi_memset4               
0000385b  __aeabi_memset8               
00003e29  __aeabi_ui2d                  
00003c19  __aeabi_uidiv                 
00003c19  __aeabi_uidivmod              
ffffffff  __binit__                     
ffffffff  __c_args__                    
UNDEFED   __mpu_init                    
20000270  __stack                       
20000000  __start___llvm_prf_cnts       
20000000  __stop___llvm_prf_cnts        
00003d31  _c_int00_noargs               
000040e0  _ctypes_                      
UNDEFED   _system_post_cinit            
000040d5  _system_pre_init              
000040d9  abort                         
ffffffff  binit                         
00003e81  copysign                      
00003e81  copysignl                     
20000695  cross_flag                    
20000650  data_flag                     
20000600  endptr                        
200006b0  errno                         
00000eb3  f_char_printf                 
20000000  g_pfnRAMVectors               
00000000  g_pfnVectors                  
000033b1  ldexp                         
000033b1  ldexpl                        
0000026d  main                          
000036b1  memcpy                        
00003861  memset                        
2000068e  next_q                        
20000604  pid                           
20000470  pid1_v                        
200004a0  pid2_v                        
200004d0  pid_b                         
20000618  pid_flag                      
20000500  pid_pos                       
20000651  pid_reset_flag                
20000530  pid_theta                     
20000560  pid_x1                        
20000590  pid_x2                        
20000628  pos                           
20000610  pos_pid_flag                  
2000062c  pos_speed                     
20000653  question                      
200005c0  rData1                        
200005e0  rData5                        
20000639  rDataCount1                   
20000638  rDataCount5                   
20000640  rDataFlag1                    
2000063c  rDataFlag5                    
20000688  recognize_flag                
2000069c  route                         
20000644  route_flag                    
20000684  route_len                     
20000608  rx_buf1                       
20000609  rx_buf5                       
000033b1  scalbn                        
000033b1  scalbnl                       
2000061c  setspeed                      
20000614  setspeed_flag                 
20000630  speed1                        
20000634  speed2                        
20000680  status_hand                   
20000690  stop_count                    
20000698  stop_judge                    
00003ecb  strcmp                        
00002609  strtod                        
00002609  strtold                       
2000068d  target                        
2000068c  task_flag                     
20000645  test_flag                     
20000652  time_count                    
20000694  turn_flag                     
20000689  turn_route_flag               
2000068b  turn_task_flag                
20000648  uart_flag                     
20000654  x_last1                       
20000658  x_last2                       
2000064c  x_last_flag                   
2000060c  x_pid_flag                    
20000620  x_set1                        
20000624  x_set2                        
2000068a  x_task_flag                   


GLOBAL SYMBOLS: SORTED BY Symbol Address 

address   name                          
-------   ----                          
00000000  __TI_static_base__            
00000000  g_pfnVectors                  
00000200  __STACK_SIZE                  
0000026d  main                          
000003ad  Sysint_init                   
00000401  PWM_init                      
000004b3  QEI_init                      
0000057d  USART_init                    
0000067d  GPIO_init                     
0000075d  Wheel_set                     
00000959  TIMER0_IRQHandler             
00000cb1  UART1_Handler                 
00000d85  UART5_Handler                 
00000eb3  f_char_printf                 
00000fc1  StatusReset                   
00001051  StatusDeal                    
000018e9  PID_init                      
00001a81  PID_x_update                  
00001c91  PID_speed_update              
00001dc1  PID_theta_update              
00001ec5  PID_b_update                  
00001f85  PID_pos_update                
0000208d  PID_para                      
00002161  UARTStdioConfig               
000021a7  UARTwrite                     
000021f7  UARTgets                      
000022b1  UARTgetc                      
000022d9  UARTvprintf                   
000025d3  UARTprintf                    
00002609  strtod                        
00002609  strtold                       
00002a69  Get_Data                      
00002c7d  USART_PID_Adjust              
00002e3d  __aeabi_dsub                  
00002e47  __aeabi_dadd                  
00002ff3  __aeabi_idiv0                 
00002ff3  __aeabi_ldiv0                 
00002ff5  GPIOPadConfigSet              
00003161  __aeabi_ddiv                  
00003299  SysCtlClockGet                
000033b1  ldexp                         
000033b1  ldexpl                        
000033b1  scalbn                        
000033b1  scalbnl                       
000034c1  __aeabi_dmul                  
000035bd  SysCtlClockSet                
000036b1  __aeabi_memcpy                
000036b1  __aeabi_memcpy4               
000036b1  __aeabi_memcpy8               
000036b1  memcpy                        
0000374d  __aeabi_cdcmpeq               
0000374d  __aeabi_cdcmple               
000037d3  __aeabi_cdrcmple              
00003859  __aeabi_memclr                
00003859  __aeabi_memclr4               
00003859  __aeabi_memclr8               
0000385b  __aeabi_memset                
0000385b  __aeabi_memset4               
0000385b  __aeabi_memset8               
00003861  memset                        
000038d3  __aeabi_d2f                   
00003941  IntEnable                     
000039a9  __TI_decompress_lzss          
00003a11  TimerConfigure                
00003a71  GPIOPinConfigure              
00003b09  UARTConfigSetExpClk           
00003b51  __TI_auto_init_nobinit_nopinit
00003b95  __aeabi_d2uiz                 
00003c19  __aeabi_uidiv                 
00003c19  __aeabi_uidivmod              
00003c59  SysCtlPeripheralPresent       
00003c91  __aeabi_f2d                   
00003cc9  IntRegister                   
00003cfd  SysCtlPeripheralEnable        
00003d31  _c_int00_noargs               
00003d65  __aeabi_i2d                   
00003d93  GPIODirModeSet                
00003dc1  IntPrioritySet                
00003de5  PWMGenConfigure               
00003e09  UARTDisable                   
00003e29  __aeabi_ui2d                  
00003e49  PWMPulseWidthSet              
00003e67  GPIOPinTypeGPIOOutput         
00003e81  copysign                      
00003e81  copysignl                     
00003e9b  TimerIntRegister              
00003eb3  UARTIntRegister               
00003ecb  strcmp                        
00003ee3  GPIOPinTypePWM                
00003ef9  GPIOPinTypeQEI                
00003f0f  GPIOPinTypeUART               
00003f25  SysCtlPWMClockSet             
00003f39  UARTEnable                    
00003f4d  PWMGenPeriodGet               
00003f5f  PWMOutputState                
00003f71  TimerLoadSet                  
00003f83  TimerPrescaleSet              
00003f95  IntMasterEnable               
00003fa5  PWMGenPeriodSet               
00003fb5  QEIConfigure                  
00003fc3  TimerEnable                   
00003fd1  UARTCharGetNonBlocking        
00003fdf  UARTCharPutNonBlocking        
00003fed  UARTCharsAvail                
00003ffb  __TI_decompress_none          
00004009  CPUcpsie                      
00004015  PWMGenDisable                 
00004021  PWMGenEnable                  
0000402d  __TI_zero_init                
00004039  ResetISR                      
00004045  QEIEnable                     
0000404f  QEIIntDisable                 
00004059  TimerIntStatus                
00004063  UARTCharGet                   
0000406d  UARTCharPut                   
00004077  UARTFIFODisable               
00004081  UARTFIFOEnable                
0000408b  UARTIntStatus                 
00004095  TimerIntEnable                
0000409d  UARTIntEnable                 
000040a5  __aeabi_errno_addr            
000040ad  GPIOPinWrite                  
000040b3  SysCtlDelay                   
000040b9  UARTClockSourceSet            
000040bf  UARTFIFOLevelSet              
000040c5  QEIPositionGet                
000040c9  QEIPositionSet                
000040cd  TimerIntClear                 
000040d1  UARTIntClear                  
000040d5  _system_pre_init              
000040d9  C$$EXIT                       
000040d9  abort                         
000040e0  _ctypes_                      
000045e0  __TI_Handler_Table_Base       
000045ec  __TI_Handler_Table_Limit      
00004600  __TI_CINIT_Base               
00004618  __TI_CINIT_Limit              
20000000  __start___llvm_prf_cnts       
20000000  __stop___llvm_prf_cnts        
20000000  g_pfnRAMVectors               
20000270  __stack                       
20000470  __STACK_END                   
20000470  __STACK_TOP                   
20000470  pid1_v                        
200004a0  pid2_v                        
200004d0  pid_b                         
20000500  pid_pos                       
20000530  pid_theta                     
20000560  pid_x1                        
20000590  pid_x2                        
200005c0  rData1                        
200005e0  rData5                        
20000600  endptr                        
20000604  pid                           
20000608  rx_buf1                       
20000609  rx_buf5                       
2000060c  x_pid_flag                    
20000610  pos_pid_flag                  
20000614  setspeed_flag                 
20000618  pid_flag                      
2000061c  setspeed                      
20000620  x_set1                        
20000624  x_set2                        
20000628  pos                           
2000062c  pos_speed                     
20000630  speed1                        
20000634  speed2                        
20000638  rDataCount5                   
20000639  rDataCount1                   
2000063c  rDataFlag5                    
20000640  rDataFlag1                    
20000644  route_flag                    
20000645  test_flag                     
20000646  LED_flag                      
20000648  uart_flag                     
2000064c  x_last_flag                   
20000650  data_flag                     
20000651  pid_reset_flag                
20000652  time_count                    
20000653  question                      
20000654  x_last1                       
20000658  x_last2                       
20000680  status_hand                   
20000684  route_len                     
20000688  recognize_flag                
20000689  turn_route_flag               
2000068a  x_task_flag                   
2000068b  turn_task_flag                
2000068c  task_flag                     
2000068d  target                        
2000068e  next_q                        
20000690  stop_count                    
20000694  turn_flag                     
20000695  cross_flag                    
20000698  stop_judge                    
2000069c  route                         
200006b0  errno                         
ffffffff  __TI_pprof_out_hndl           
ffffffff  __TI_prof_data_size           
ffffffff  __TI_prof_data_start          
ffffffff  __binit__                     
ffffffff  __c_args__                    
ffffffff  binit                         
UNDEFED   __mpu_init                    
UNDEFED   _system_post_cinit            

[205 symbols]
