<?xml version="1.0" encoding="ISO-8859-1" ?>
<link_info>
   <banner>TI ARM Linker PC v20.2.7.LTS</banner>
   <copyright>Copyright (c) 1996-2018 Texas Instruments Incorporated</copyright>
   <link_time>0x64a57322</link_time>
   <link_errors>0x0</link_errors>
   <output_file>Car_drugs.out</output_file>
   <entry_point>
      <name>_c_int00_noargs</name>
      <address>0x3c7d</address>
   </entry_point>
   <input_file_list>
      <input_file id="fl-2">
         <path>.\</path>
         <kind>object</kind>
         <file>hand_hand.obj</file>
         <name>hand_hand.obj</name>
      </input_file>
      <input_file id="fl-3">
         <path>.\</path>
         <kind>object</kind>
         <file>main.obj</file>
         <name>main.obj</name>
      </input_file>
      <input_file id="fl-4">
         <path>.\</path>
         <kind>object</kind>
         <file>my_uart.obj</file>
         <name>my_uart.obj</name>
      </input_file>
      <input_file id="fl-5">
         <path>.\</path>
         <kind>object</kind>
         <file>pid.obj</file>
         <name>pid.obj</name>
      </input_file>
      <input_file id="fl-6">
         <path>.\</path>
         <kind>object</kind>
         <file>tm4c123gh6pm_startup_ccs.obj</file>
         <name>tm4c123gh6pm_startup_ccs.obj</name>
      </input_file>
      <input_file id="fl-7">
         <path>.\</path>
         <kind>object</kind>
         <file>uartstdio.obj</file>
         <name>uartstdio.obj</name>
      </input_file>
      <input_file id="fl-c">
         <kind>object</kind>
         <file>&lt;internal&gt;</file>
         <name>&lt;internal&gt;</name>
      </input_file>
      <input_file id="fl-c2">
         <path>D:\CCS12.3.0\ccs\tools\compiler\ti-cgt-arm_20.2.7.LTS\lib\</path>
         <kind>archive</kind>
         <file>rtsv7M4_T_le_v4SPD16_eabi.lib</file>
         <name>fd_add_t2.asm.obj</name>
      </input_file>
      <input_file id="fl-c3">
         <path>D:\CCS12.3.0\ccs\tools\compiler\ti-cgt-arm_20.2.7.LTS\lib\</path>
         <kind>archive</kind>
         <file>rtsv7M4_T_le_v4SPD16_eabi.lib</file>
         <name>fd_cmp_t2.asm.obj</name>
      </input_file>
      <input_file id="fl-c4">
         <path>D:\CCS12.3.0\ccs\tools\compiler\ti-cgt-arm_20.2.7.LTS\lib\</path>
         <kind>archive</kind>
         <file>rtsv7M4_T_le_v4SPD16_eabi.lib</file>
         <name>fd_mul_t2.asm.obj</name>
      </input_file>
      <input_file id="fl-c5">
         <path>D:\CCS12.3.0\ccs\tools\compiler\ti-cgt-arm_20.2.7.LTS\lib\</path>
         <kind>archive</kind>
         <file>rtsv7M4_T_le_v4SPD16_eabi.lib</file>
         <name>fd_tos_t2.asm.obj</name>
      </input_file>
      <input_file id="fl-c6">
         <path>D:\CCS12.3.0\ccs\tools\compiler\ti-cgt-arm_20.2.7.LTS\lib\</path>
         <kind>archive</kind>
         <file>rtsv7M4_T_le_v4SPD16_eabi.lib</file>
         <name>fd_tou_t2.asm.obj</name>
      </input_file>
      <input_file id="fl-c7">
         <path>D:\CCS12.3.0\ccs\tools\compiler\ti-cgt-arm_20.2.7.LTS\lib\</path>
         <kind>archive</kind>
         <file>rtsv7M4_T_le_v4SPD16_eabi.lib</file>
         <name>fs_tod_t2.asm.obj</name>
      </input_file>
      <input_file id="fl-c8">
         <path>D:\CCS12.3.0\ccs\tools\compiler\ti-cgt-arm_20.2.7.LTS\lib\</path>
         <kind>archive</kind>
         <file>rtsv7M4_T_le_v4SPD16_eabi.lib</file>
         <name>i_tofd_t2.asm.obj</name>
      </input_file>
      <input_file id="fl-c9">
         <path>D:\CCS12.3.0\ccs\tools\compiler\ti-cgt-arm_20.2.7.LTS\lib\</path>
         <kind>archive</kind>
         <file>rtsv7M4_T_le_v4SPD16_eabi.lib</file>
         <name>u_tofd_t2.asm.obj</name>
      </input_file>
      <input_file id="fl-ca">
         <path>D:\CCS12.3.0\ccs\tools\compiler\ti-cgt-arm_20.2.7.LTS\lib\</path>
         <kind>archive</kind>
         <file>rtsv7M4_T_le_v4SPD16_eabi.lib</file>
         <name>memset_t2.asm.obj</name>
      </input_file>
      <input_file id="fl-cb">
         <path>D:\CCS12.3.0\ccs\tools\compiler\ti-cgt-arm_20.2.7.LTS\lib\</path>
         <kind>archive</kind>
         <file>rtsv7M4_T_le_v4SPD16_eabi.lib</file>
         <name>u_divt2.asm.obj</name>
      </input_file>
      <input_file id="fl-cc">
         <path>D:\CCS12.3.0\ccs\tools\compiler\ti-cgt-arm_20.2.7.LTS\lib\</path>
         <kind>archive</kind>
         <file>rtsv7M4_T_le_v4SPD16_eabi.lib</file>
         <name>copy_zero_init.c.obj</name>
      </input_file>
      <input_file id="fl-cd">
         <path>D:\CCS12.3.0\ccs\tools\compiler\ti-cgt-arm_20.2.7.LTS\lib\</path>
         <kind>archive</kind>
         <file>rtsv7M4_T_le_v4SPD16_eabi.lib</file>
         <name>copy_decompress_none.c.obj</name>
      </input_file>
      <input_file id="fl-ce">
         <path>D:\CCS12.3.0\ccs\tools\compiler\ti-cgt-arm_20.2.7.LTS\lib\</path>
         <kind>archive</kind>
         <file>rtsv7M4_T_le_v4SPD16_eabi.lib</file>
         <name>copy_decompress_lzss.c.obj</name>
      </input_file>
      <input_file id="fl-cf">
         <path>D:\CCS12.3.0\ccs\tools\compiler\ti-cgt-arm_20.2.7.LTS\lib\</path>
         <kind>archive</kind>
         <file>rtsv7M4_T_le_v4SPD16_eabi.lib</file>
         <name>strcmp.c.obj</name>
      </input_file>
      <input_file id="fl-d0">
         <path>D:\CCS12.3.0\ccs\tools\compiler\ti-cgt-arm_20.2.7.LTS\lib\</path>
         <kind>archive</kind>
         <file>rtsv7M4_T_le_v4SPD16_eabi.lib</file>
         <name>strtod.c.obj</name>
      </input_file>
      <input_file id="fl-d1">
         <path>D:\CCS12.3.0\ccs\tools\compiler\ti-cgt-arm_20.2.7.LTS\lib\</path>
         <kind>archive</kind>
         <file>rtsv7M4_T_le_v4SPD16_eabi.lib</file>
         <name>boot_cortex_m.c.obj</name>
      </input_file>
      <input_file id="fl-d2">
         <path>D:\CCS12.3.0\ccs\tools\compiler\ti-cgt-arm_20.2.7.LTS\lib\</path>
         <kind>archive</kind>
         <file>rtsv7M4_T_le_v4SPD16_eabi.lib</file>
         <name>errno.c.obj</name>
      </input_file>
      <input_file id="fl-d3">
         <path>D:\CCS12.3.0\ccs\tools\compiler\ti-cgt-arm_20.2.7.LTS\lib\</path>
         <kind>archive</kind>
         <file>rtsv7M4_T_le_v4SPD16_eabi.lib</file>
         <name>s_scalbn.c.obj</name>
      </input_file>
      <input_file id="fl-d4">
         <path>D:\CCS12.3.0\ccs\tools\compiler\ti-cgt-arm_20.2.7.LTS\lib\</path>
         <kind>archive</kind>
         <file>rtsv7M4_T_le_v4SPD16_eabi.lib</file>
         <name>div0.asm.obj</name>
      </input_file>
      <input_file id="fl-d5">
         <path>D:\CCS12.3.0\ccs\tools\compiler\ti-cgt-arm_20.2.7.LTS\lib\</path>
         <kind>archive</kind>
         <file>rtsv7M4_T_le_v4SPD16_eabi.lib</file>
         <name>fd_div_t2.asm.obj</name>
      </input_file>
      <input_file id="fl-d6">
         <path>D:\CCS12.3.0\ccs\tools\compiler\ti-cgt-arm_20.2.7.LTS\lib\</path>
         <kind>archive</kind>
         <file>rtsv7M4_T_le_v4SPD16_eabi.lib</file>
         <name>memcpy_t2.asm.obj</name>
      </input_file>
      <input_file id="fl-d7">
         <path>D:\CCS12.3.0\ccs\tools\compiler\ti-cgt-arm_20.2.7.LTS\lib\</path>
         <kind>archive</kind>
         <file>rtsv7M4_T_le_v4SPD16_eabi.lib</file>
         <name>autoinit.c.obj</name>
      </input_file>
      <input_file id="fl-d8">
         <path>D:\CCS12.3.0\ccs\tools\compiler\ti-cgt-arm_20.2.7.LTS\lib\</path>
         <kind>archive</kind>
         <file>rtsv7M4_T_le_v4SPD16_eabi.lib</file>
         <name>pre_init.c.obj</name>
      </input_file>
      <input_file id="fl-d9">
         <path>D:\CCS12.3.0\ccs\tools\compiler\ti-cgt-arm_20.2.7.LTS\lib\</path>
         <kind>archive</kind>
         <file>rtsv7M4_T_le_v4SPD16_eabi.lib</file>
         <name>cpy_tbl.c.obj</name>
      </input_file>
      <input_file id="fl-da">
         <path>D:\CCS12.3.0\ccs\tools\compiler\ti-cgt-arm_20.2.7.LTS\lib\</path>
         <kind>archive</kind>
         <file>rtsv7M4_T_le_v4SPD16_eabi.lib</file>
         <name>exit.c.obj</name>
      </input_file>
      <input_file id="fl-db">
         <path>D:\CCS12.3.0\ccs\tools\compiler\ti-cgt-arm_20.2.7.LTS\lib\</path>
         <kind>archive</kind>
         <file>rtsv7M4_T_le_v4SPD16_eabi.lib</file>
         <name>_lock.c.obj</name>
      </input_file>
      <input_file id="fl-dc">
         <path>D:\CCS12.3.0\ccs\tools\compiler\ti-cgt-arm_20.2.7.LTS\lib\</path>
         <kind>archive</kind>
         <file>rtsv7M4_T_le_v4SPD16_eabi.lib</file>
         <name>args_main.c.obj</name>
      </input_file>
      <input_file id="fl-dd">
         <path>D:\CCS12.3.0\ccs\tools\compiler\ti-cgt-arm_20.2.7.LTS\lib\</path>
         <kind>archive</kind>
         <file>rtsv7M4_T_le_v4SPD16_eabi.lib</file>
         <name>ctype.c.obj</name>
      </input_file>
      <input_file id="fl-de">
         <path>D:\CCS12.3.0\ccs\tools\compiler\ti-cgt-arm_20.2.7.LTS\lib\</path>
         <kind>archive</kind>
         <file>rtsv7M4_T_le_v4SPD16_eabi.lib</file>
         <name>s_copysign.c.obj</name>
      </input_file>
      <input_file id="fl-df">
         <path>D:\TivaWare\driverlib\ccs\Debug\</path>
         <kind>archive</kind>
         <file>driverlib.lib</file>
         <name>gpio.obj</name>
      </input_file>
      <input_file id="fl-e0">
         <path>D:\TivaWare\driverlib\ccs\Debug\</path>
         <kind>archive</kind>
         <file>driverlib.lib</file>
         <name>interrupt.obj</name>
      </input_file>
      <input_file id="fl-e1">
         <path>D:\TivaWare\driverlib\ccs\Debug\</path>
         <kind>archive</kind>
         <file>driverlib.lib</file>
         <name>pwm.obj</name>
      </input_file>
      <input_file id="fl-e2">
         <path>D:\TivaWare\driverlib\ccs\Debug\</path>
         <kind>archive</kind>
         <file>driverlib.lib</file>
         <name>qei.obj</name>
      </input_file>
      <input_file id="fl-e3">
         <path>D:\TivaWare\driverlib\ccs\Debug\</path>
         <kind>archive</kind>
         <file>driverlib.lib</file>
         <name>sysctl.obj</name>
      </input_file>
      <input_file id="fl-e4">
         <path>D:\TivaWare\driverlib\ccs\Debug\</path>
         <kind>archive</kind>
         <file>driverlib.lib</file>
         <name>timer.obj</name>
      </input_file>
      <input_file id="fl-e5">
         <path>D:\TivaWare\driverlib\ccs\Debug\</path>
         <kind>archive</kind>
         <file>driverlib.lib</file>
         <name>uart.obj</name>
      </input_file>
      <input_file id="fl-e6">
         <path>D:\TivaWare\driverlib\ccs\Debug\</path>
         <kind>archive</kind>
         <file>driverlib.lib</file>
         <name>cpu.obj</name>
      </input_file>
   </input_file_list>
   <object_component_list>
      <object_component id="oc-12">
         <name>.intvecs</name>
         <load_address>0x0</load_address>
         <run_address>0x0</run_address>
         <size>0x26c</size>
         <input_file_ref idref="fl-6"/>
      </object_component>
      <object_component id="oc-9b">
         <name>.text</name>
         <load_address>0x26c</load_address>
         <run_address>0x26c</run_address>
         <size>0xc9c</size>
         <input_file_ref idref="fl-3"/>
      </object_component>
      <object_component id="oc-d4">
         <name>.text</name>
         <load_address>0xf08</load_address>
         <run_address>0xf08</run_address>
         <size>0x92c</size>
         <input_file_ref idref="fl-2"/>
      </object_component>
      <object_component id="oc-ce">
         <name>.text</name>
         <load_address>0x1834</load_address>
         <run_address>0x1834</run_address>
         <size>0x878</size>
         <input_file_ref idref="fl-5"/>
      </object_component>
      <object_component id="oc-188">
         <name>.text</name>
         <load_address>0x20ac</load_address>
         <run_address>0x20ac</run_address>
         <size>0x4a8</size>
         <input_file_ref idref="fl-7"/>
      </object_component>
      <object_component id="oc-236">
         <name>.text:strtod</name>
         <load_address>0x2554</load_address>
         <run_address>0x2554</run_address>
         <size>0x460</size>
         <input_file_ref idref="fl-d0"/>
      </object_component>
      <object_component id="oc-22a">
         <name>.text</name>
         <load_address>0x29b4</load_address>
         <run_address>0x29b4</run_address>
         <size>0x3d4</size>
         <input_file_ref idref="fl-4"/>
      </object_component>
      <object_component id="oc-1e7">
         <name>.text</name>
         <load_address>0x2d88</load_address>
         <run_address>0x2d88</run_address>
         <size>0x1b6</size>
         <input_file_ref idref="fl-c2"/>
      </object_component>
      <object_component id="oc-3cc">
         <name>.text</name>
         <load_address>0x2f3e</load_address>
         <run_address>0x2f3e</run_address>
         <size>0x2</size>
         <input_file_ref idref="fl-d4"/>
      </object_component>
      <object_component id="oc-1c4">
         <name>.text:GPIOPadConfigSet</name>
         <load_address>0x2f40</load_address>
         <run_address>0x2f40</run_address>
         <size>0x16c</size>
         <input_file_ref idref="fl-df"/>
      </object_component>
      <object_component id="oc-340">
         <name>.text</name>
         <load_address>0x30ac</load_address>
         <run_address>0x30ac</run_address>
         <size>0x136</size>
         <input_file_ref idref="fl-d5"/>
      </object_component>
      <object_component id="oc-17c">
         <name>.text:SysCtlClockGet</name>
         <load_address>0x31e4</load_address>
         <run_address>0x31e4</run_address>
         <size>0x118</size>
         <input_file_ref idref="fl-e3"/>
      </object_component>
      <object_component id="oc-34b">
         <name>.text:scalbn</name>
         <load_address>0x32fc</load_address>
         <run_address>0x32fc</run_address>
         <size>0x110</size>
         <input_file_ref idref="fl-d3"/>
      </object_component>
      <object_component id="oc-1ec">
         <name>.text</name>
         <load_address>0x340c</load_address>
         <run_address>0x340c</run_address>
         <size>0xfc</size>
         <input_file_ref idref="fl-c4"/>
      </object_component>
      <object_component id="oc-c8">
         <name>.text:SysCtlClockSet</name>
         <load_address>0x3508</load_address>
         <run_address>0x3508</run_address>
         <size>0xf4</size>
         <input_file_ref idref="fl-e3"/>
      </object_component>
      <object_component id="oc-3b">
         <name>.text</name>
         <load_address>0x35fc</load_address>
         <run_address>0x35fc</run_address>
         <size>0x9c</size>
         <input_file_ref idref="fl-d6"/>
      </object_component>
      <object_component id="oc-1d7">
         <name>.text:__aeabi_cdcmple</name>
         <load_address>0x3698</load_address>
         <run_address>0x3698</run_address>
         <size>0x86</size>
         <input_file_ref idref="fl-c3"/>
      </object_component>
      <object_component id="oc-1d2">
         <name>.text:__aeabi_cdrcmple</name>
         <load_address>0x371e</load_address>
         <run_address>0x371e</run_address>
         <size>0x86</size>
         <input_file_ref idref="fl-c3"/>
      </object_component>
      <object_component id="oc-8f">
         <name>.text</name>
         <load_address>0x37a4</load_address>
         <run_address>0x37a4</run_address>
         <size>0x7a</size>
         <input_file_ref idref="fl-ca"/>
      </object_component>
      <object_component id="oc-1f1">
         <name>.text</name>
         <load_address>0x381e</load_address>
         <run_address>0x381e</run_address>
         <size>0x6e</size>
         <input_file_ref idref="fl-c5"/>
      </object_component>
      <object_component id="oc-10a">
         <name>.text:IntEnable</name>
         <load_address>0x388c</load_address>
         <run_address>0x388c</run_address>
         <size>0x68</size>
         <input_file_ref idref="fl-e0"/>
      </object_component>
      <object_component id="oc-15">
         <name>.text:decompress:lzss:__TI_decompress_lzss</name>
         <load_address>0x38f4</load_address>
         <run_address>0x38f4</run_address>
         <size>0x68</size>
         <input_file_ref idref="fl-ce"/>
      </object_component>
      <object_component id="oc-e6">
         <name>.text:TimerConfigure</name>
         <load_address>0x395c</load_address>
         <run_address>0x395c</run_address>
         <size>0x60</size>
         <input_file_ref idref="fl-e4"/>
      </object_component>
      <object_component id="oc-128">
         <name>.text:GPIOPinConfigure</name>
         <load_address>0x39bc</load_address>
         <run_address>0x39bc</run_address>
         <size>0x4c</size>
         <input_file_ref idref="fl-df"/>
      </object_component>
      <object_component id="oc-2b0">
         <name>.text:_TimerIntNumberGet</name>
         <load_address>0x3a08</load_address>
         <run_address>0x3a08</run_address>
         <size>0x4c</size>
         <input_file_ref idref="fl-e4"/>
      </object_component>
      <object_component id="oc-182">
         <name>.text:UARTConfigSetExpClk</name>
         <load_address>0x3a54</load_address>
         <run_address>0x3a54</run_address>
         <size>0x46</size>
         <input_file_ref idref="fl-e5"/>
      </object_component>
      <object_component id="oc-259">
         <name>.text:__TI_auto_init_nobinit_nopinit:__TI_auto_init_nobinit_nopinit</name>
         <load_address>0x3a9c</load_address>
         <run_address>0x3a9c</run_address>
         <size>0x44</size>
         <input_file_ref idref="fl-d7"/>
      </object_component>
      <object_component id="oc-1fb">
         <name>.text</name>
         <load_address>0x3ae0</load_address>
         <run_address>0x3ae0</run_address>
         <size>0x44</size>
         <input_file_ref idref="fl-c6"/>
      </object_component>
      <object_component id="oc-31d">
         <name>.text:_UARTIntNumberGet</name>
         <load_address>0x3b24</load_address>
         <run_address>0x3b24</run_address>
         <size>0x40</size>
         <input_file_ref idref="fl-e5"/>
      </object_component>
      <object_component id="oc-30b">
         <name>.text</name>
         <load_address>0x3b64</load_address>
         <run_address>0x3b64</run_address>
         <size>0x40</size>
         <input_file_ref idref="fl-cb"/>
      </object_component>
      <object_component id="oc-2f0">
         <name>.text:SysCtlPeripheralPresent</name>
         <load_address>0x3ba4</load_address>
         <run_address>0x3ba4</run_address>
         <size>0x38</size>
         <input_file_ref idref="fl-e3"/>
      </object_component>
      <object_component id="oc-1cd">
         <name>.text</name>
         <load_address>0x3bdc</load_address>
         <run_address>0x3bdc</run_address>
         <size>0x38</size>
         <input_file_ref idref="fl-c7"/>
      </object_component>
      <object_component id="oc-2b6">
         <name>.text:IntRegister</name>
         <load_address>0x3c14</load_address>
         <run_address>0x3c14</run_address>
         <size>0x34</size>
         <input_file_ref idref="fl-e0"/>
      </object_component>
      <object_component id="oc-e0">
         <name>.text:SysCtlPeripheralEnable</name>
         <load_address>0x3c48</load_address>
         <run_address>0x3c48</run_address>
         <size>0x34</size>
         <input_file_ref idref="fl-e3"/>
      </object_component>
      <object_component id="oc-59">
         <name>.text:_c_int00_noargs:_c_int00_noargs</name>
         <load_address>0x3c7c</load_address>
         <run_address>0x3c7c</run_address>
         <size>0x34</size>
         <input_file_ref idref="fl-d1"/>
      </object_component>
      <object_component id="oc-1e2">
         <name>.text</name>
         <load_address>0x3cb0</load_address>
         <run_address>0x3cb0</run_address>
         <size>0x2e</size>
         <input_file_ref idref="fl-c8"/>
      </object_component>
      <object_component id="oc-1be">
         <name>.text:GPIODirModeSet</name>
         <load_address>0x3cde</load_address>
         <run_address>0x3cde</run_address>
         <size>0x2c</size>
         <input_file_ref idref="fl-df"/>
      </object_component>
      <object_component id="oc-104">
         <name>.text:IntPrioritySet</name>
         <load_address>0x3d0c</load_address>
         <run_address>0x3d0c</run_address>
         <size>0x24</size>
         <input_file_ref idref="fl-e0"/>
      </object_component>
      <object_component id="oc-12e">
         <name>.text:PWMGenConfigure</name>
         <load_address>0x3d30</load_address>
         <run_address>0x3d30</run_address>
         <size>0x22</size>
         <input_file_ref idref="fl-e1"/>
      </object_component>
      <object_component id="oc-2e9">
         <name>.text:UARTDisable</name>
         <load_address>0x3d54</load_address>
         <run_address>0x3d54</run_address>
         <size>0x20</size>
         <input_file_ref idref="fl-e5"/>
      </object_component>
      <object_component id="oc-1f6">
         <name>.text</name>
         <load_address>0x3d74</load_address>
         <run_address>0x3d74</run_address>
         <size>0x20</size>
         <input_file_ref idref="fl-c9"/>
      </object_component>
      <object_component id="oc-140">
         <name>.text:PWMPulseWidthSet</name>
         <load_address>0x3d94</load_address>
         <run_address>0x3d94</run_address>
         <size>0x1e</size>
         <input_file_ref idref="fl-e1"/>
      </object_component>
      <object_component id="oc-1b8">
         <name>.text:GPIOPinTypeGPIOOutput</name>
         <load_address>0x3db2</load_address>
         <run_address>0x3db2</run_address>
         <size>0x1a</size>
         <input_file_ref idref="fl-df"/>
      </object_component>
      <object_component id="oc-3e6">
         <name>.text:copysign</name>
         <load_address>0x3dcc</load_address>
         <run_address>0x3dcc</run_address>
         <size>0x1a</size>
         <input_file_ref idref="fl-de"/>
      </object_component>
      <object_component id="oc-f8">
         <name>.text:TimerIntRegister</name>
         <load_address>0x3de6</load_address>
         <run_address>0x3de6</run_address>
         <size>0x18</size>
         <input_file_ref idref="fl-e4"/>
      </object_component>
      <object_component id="oc-1a0">
         <name>.text:UARTIntRegister</name>
         <load_address>0x3dfe</load_address>
         <run_address>0x3dfe</run_address>
         <size>0x18</size>
         <input_file_ref idref="fl-e5"/>
      </object_component>
      <object_component id="oc-224">
         <name>.text:strcmp</name>
         <load_address>0x3e16</load_address>
         <run_address>0x3e16</run_address>
         <size>0x18</size>
         <input_file_ref idref="fl-cf"/>
      </object_component>
      <object_component id="oc-122">
         <name>.text:GPIOPinTypePWM</name>
         <load_address>0x3e2e</load_address>
         <run_address>0x3e2e</run_address>
         <size>0x16</size>
         <input_file_ref idref="fl-df"/>
      </object_component>
      <object_component id="oc-152">
         <name>.text:GPIOPinTypeQEI</name>
         <load_address>0x3e44</load_address>
         <run_address>0x3e44</run_address>
         <size>0x16</size>
         <input_file_ref idref="fl-df"/>
      </object_component>
      <object_component id="oc-170">
         <name>.text:GPIOPinTypeUART</name>
         <load_address>0x3e5a</load_address>
         <run_address>0x3e5a</run_address>
         <size>0x16</size>
         <input_file_ref idref="fl-df"/>
      </object_component>
      <object_component id="oc-11c">
         <name>.text:SysCtlPWMClockSet</name>
         <load_address>0x3e70</load_address>
         <run_address>0x3e70</run_address>
         <size>0x14</size>
         <input_file_ref idref="fl-e3"/>
      </object_component>
      <object_component id="oc-1b2">
         <name>.text:UARTEnable</name>
         <load_address>0x3e84</load_address>
         <run_address>0x3e84</run_address>
         <size>0x14</size>
         <input_file_ref idref="fl-e5"/>
      </object_component>
      <object_component id="oc-13a">
         <name>.text:PWMGenPeriodGet</name>
         <load_address>0x3e98</load_address>
         <run_address>0x3e98</run_address>
         <size>0x12</size>
         <input_file_ref idref="fl-e1"/>
      </object_component>
      <object_component id="oc-146">
         <name>.text:PWMOutputState</name>
         <load_address>0x3eaa</load_address>
         <run_address>0x3eaa</run_address>
         <size>0x12</size>
         <input_file_ref idref="fl-e1"/>
      </object_component>
      <object_component id="oc-f2">
         <name>.text:TimerLoadSet</name>
         <load_address>0x3ebc</load_address>
         <run_address>0x3ebc</run_address>
         <size>0x12</size>
         <input_file_ref idref="fl-e4"/>
      </object_component>
      <object_component id="oc-ec">
         <name>.text:TimerPrescaleSet</name>
         <load_address>0x3ece</load_address>
         <run_address>0x3ece</run_address>
         <size>0x12</size>
         <input_file_ref idref="fl-e4"/>
      </object_component>
      <object_component id="oc-110">
         <name>.text:IntMasterEnable</name>
         <load_address>0x3ee0</load_address>
         <run_address>0x3ee0</run_address>
         <size>0x10</size>
         <input_file_ref idref="fl-e0"/>
      </object_component>
      <object_component id="oc-134">
         <name>.text:PWMGenPeriodSet</name>
         <load_address>0x3ef0</load_address>
         <run_address>0x3ef0</run_address>
         <size>0x10</size>
         <input_file_ref idref="fl-e1"/>
      </object_component>
      <object_component id="oc-158">
         <name>.text:QEIConfigure</name>
         <load_address>0x3f00</load_address>
         <run_address>0x3f00</run_address>
         <size>0xe</size>
         <input_file_ref idref="fl-e2"/>
      </object_component>
      <object_component id="oc-116">
         <name>.text:TimerEnable</name>
         <load_address>0x3f0e</load_address>
         <run_address>0x3f0e</run_address>
         <size>0xe</size>
         <input_file_ref idref="fl-e4"/>
      </object_component>
      <object_component id="oc-218">
         <name>.text:UARTCharGetNonBlocking</name>
         <load_address>0x3f1c</load_address>
         <run_address>0x3f1c</run_address>
         <size>0xe</size>
         <input_file_ref idref="fl-e5"/>
      </object_component>
      <object_component id="oc-21e">
         <name>.text:UARTCharPutNonBlocking</name>
         <load_address>0x3f2a</load_address>
         <run_address>0x3f2a</run_address>
         <size>0xe</size>
         <input_file_ref idref="fl-e5"/>
      </object_component>
      <object_component id="oc-230">
         <name>.text:UARTCharsAvail</name>
         <load_address>0x3f38</load_address>
         <run_address>0x3f38</run_address>
         <size>0xe</size>
         <input_file_ref idref="fl-e5"/>
      </object_component>
      <object_component id="oc-1b">
         <name>.text:decompress:none:__TI_decompress_none</name>
         <load_address>0x3f46</load_address>
         <run_address>0x3f46</run_address>
         <size>0xe</size>
         <input_file_ref idref="fl-cd"/>
      </object_component>
      <object_component id="oc-2c7">
         <name>.text:CPUcpsie</name>
         <load_address>0x3f54</load_address>
         <run_address>0x3f54</run_address>
         <size>0xc</size>
         <input_file_ref idref="fl-e6"/>
      </object_component>
      <object_component id="oc-1dc">
         <name>.text:PWMGenDisable</name>
         <load_address>0x3f60</load_address>
         <run_address>0x3f60</run_address>
         <size>0xc</size>
         <input_file_ref idref="fl-e1"/>
      </object_component>
      <object_component id="oc-14c">
         <name>.text:PWMGenEnable</name>
         <load_address>0x3f6c</load_address>
         <run_address>0x3f6c</run_address>
         <size>0xc</size>
         <input_file_ref idref="fl-e1"/>
      </object_component>
      <object_component id="oc-4d">
         <name>.text:decompress:ZI:__TI_zero_init</name>
         <load_address>0x3f78</load_address>
         <run_address>0x3f78</run_address>
         <size>0xc</size>
         <input_file_ref idref="fl-cc"/>
      </object_component>
      <object_component id="oc-27">
         <name>.text</name>
         <load_address>0x3f84</load_address>
         <run_address>0x3f84</run_address>
         <size>0xc</size>
         <input_file_ref idref="fl-6"/>
      </object_component>
      <object_component id="oc-164">
         <name>.text:QEIEnable</name>
         <load_address>0x3f90</load_address>
         <run_address>0x3f90</run_address>
         <size>0xa</size>
         <input_file_ref idref="fl-e2"/>
      </object_component>
      <object_component id="oc-15e">
         <name>.text:QEIIntDisable</name>
         <load_address>0x3f9a</load_address>
         <run_address>0x3f9a</run_address>
         <size>0xa</size>
         <input_file_ref idref="fl-e2"/>
      </object_component>
      <object_component id="oc-200">
         <name>.text:TimerIntStatus</name>
         <load_address>0x3fa4</load_address>
         <run_address>0x3fa4</run_address>
         <size>0xa</size>
         <input_file_ref idref="fl-e4"/>
      </object_component>
      <object_component id="oc-2fc">
         <name>.text:UARTCharGet</name>
         <load_address>0x3fae</load_address>
         <run_address>0x3fae</run_address>
         <size>0xa</size>
         <input_file_ref idref="fl-e5"/>
      </object_component>
      <object_component id="oc-2f6">
         <name>.text:UARTCharPut</name>
         <load_address>0x3fb8</load_address>
         <run_address>0x3fb8</run_address>
         <size>0xa</size>
         <input_file_ref idref="fl-e5"/>
      </object_component>
      <object_component id="oc-194">
         <name>.text:UARTFIFODisable</name>
         <load_address>0x3fc2</load_address>
         <run_address>0x3fc2</run_address>
         <size>0xa</size>
         <input_file_ref idref="fl-e5"/>
      </object_component>
      <object_component id="oc-18e">
         <name>.text:UARTFIFOEnable</name>
         <load_address>0x3fcc</load_address>
         <run_address>0x3fcc</run_address>
         <size>0xa</size>
         <input_file_ref idref="fl-e5"/>
      </object_component>
      <object_component id="oc-212">
         <name>.text:UARTIntStatus</name>
         <load_address>0x3fd6</load_address>
         <run_address>0x3fd6</run_address>
         <size>0xa</size>
         <input_file_ref idref="fl-e5"/>
      </object_component>
      <object_component id="oc-fe">
         <name>.text:TimerIntEnable</name>
         <load_address>0x3fe0</load_address>
         <run_address>0x3fe0</run_address>
         <size>0x8</size>
         <input_file_ref idref="fl-e4"/>
      </object_component>
      <object_component id="oc-1a6">
         <name>.text:UARTIntEnable</name>
         <load_address>0x3fe8</load_address>
         <run_address>0x3fe8</run_address>
         <size>0x8</size>
         <input_file_ref idref="fl-e5"/>
      </object_component>
      <object_component id="oc-345">
         <name>.text:__aeabi_errno_addr</name>
         <load_address>0x3ff0</load_address>
         <run_address>0x3ff0</run_address>
         <size>0x8</size>
         <input_file_ref idref="fl-d2"/>
      </object_component>
      <object_component id="oc-23c">
         <name>.text:GPIOPinRead</name>
         <load_address>0x3ff8</load_address>
         <run_address>0x3ff8</run_address>
         <size>0x6</size>
         <input_file_ref idref="fl-df"/>
      </object_component>
      <object_component id="oc-da">
         <name>.text:GPIOPinWrite</name>
         <load_address>0x3ffe</load_address>
         <run_address>0x3ffe</run_address>
         <size>0x6</size>
         <input_file_ref idref="fl-df"/>
      </object_component>
      <object_component id="oc-292">
         <name>.text:SysCtlDelay</name>
         <load_address>0x4004</load_address>
         <run_address>0x4004</run_address>
         <size>0x6</size>
         <input_file_ref idref="fl-e3"/>
      </object_component>
      <object_component id="oc-176">
         <name>.text:UARTClockSourceSet</name>
         <load_address>0x400a</load_address>
         <run_address>0x400a</run_address>
         <size>0x6</size>
         <input_file_ref idref="fl-e5"/>
      </object_component>
      <object_component id="oc-19a">
         <name>.text:UARTFIFOLevelSet</name>
         <load_address>0x4010</load_address>
         <run_address>0x4010</run_address>
         <size>0x6</size>
         <input_file_ref idref="fl-e5"/>
      </object_component>
      <object_component id="oc-20c">
         <name>.text:QEIPositionGet</name>
         <load_address>0x4016</load_address>
         <run_address>0x4016</run_address>
         <size>0x4</size>
         <input_file_ref idref="fl-e2"/>
      </object_component>
      <object_component id="oc-16a">
         <name>.text:QEIPositionSet</name>
         <load_address>0x401a</load_address>
         <run_address>0x401a</run_address>
         <size>0x4</size>
         <input_file_ref idref="fl-e2"/>
      </object_component>
      <object_component id="oc-206">
         <name>.text:TimerIntClear</name>
         <load_address>0x401e</load_address>
         <run_address>0x401e</run_address>
         <size>0x4</size>
         <input_file_ref idref="fl-e4"/>
      </object_component>
      <object_component id="oc-1ac">
         <name>.text:UARTIntClear</name>
         <load_address>0x4022</load_address>
         <run_address>0x4022</run_address>
         <size>0x4</size>
         <input_file_ref idref="fl-e5"/>
      </object_component>
      <object_component id="oc-95">
         <name>.text:_system_pre_init</name>
         <load_address>0x4026</load_address>
         <run_address>0x4026</run_address>
         <size>0x4</size>
         <input_file_ref idref="fl-d8"/>
      </object_component>
      <object_component id="oc-24d">
         <name>.text:abort:abort</name>
         <load_address>0x402a</load_address>
         <run_address>0x402a</run_address>
         <size>0x4</size>
         <input_file_ref idref="fl-da"/>
      </object_component>
      <object_component id="oc-351">
         <name>.const:.string:_ctypes_</name>
         <load_address>0x4030</load_address>
         <run_address>0x4030</run_address>
         <size>0x101</size>
         <input_file_ref idref="fl-dd"/>
      </object_component>
      <object_component id="oc-310">
         <name>.const</name>
         <load_address>0x4134</load_address>
         <run_address>0x4134</run_address>
         <size>0x4</size>
         <input_file_ref idref="fl-7"/>
      </object_component>
      <object_component id="oc-354">
         <name>.const:$O1$$</name>
         <load_address>0x4138</load_address>
         <run_address>0x4138</run_address>
         <size>0xc8</size>
         <input_file_ref idref="fl-d0"/>
      </object_component>
      <object_component id="oc-2be">
         <name>.const:g_pui32Regs</name>
         <load_address>0x4200</load_address>
         <run_address>0x4200</run_address>
         <size>0x9c</size>
         <input_file_ref idref="fl-e0"/>
      </object_component>
      <object_component id="oc-2d1">
         <name>.const:g_pui32GPIOBaseAddrs</name>
         <load_address>0x429c</load_address>
         <run_address>0x429c</run_address>
         <size>0x90</size>
         <input_file_ref idref="fl-df"/>
      </object_component>
      <object_component id="oc-2e5">
         <name>.const:g_pui32Xtals</name>
         <load_address>0x432c</load_address>
         <run_address>0x432c</run_address>
         <size>0x6c</size>
         <input_file_ref idref="fl-e3"/>
      </object_component>
      <object_component id="oc-3a6">
         <name>.const:g_ppui32TimerIntMap</name>
         <load_address>0x4398</load_address>
         <run_address>0x4398</run_address>
         <size>0x60</size>
         <input_file_ref idref="fl-e4"/>
      </object_component>
      <object_component id="oc-3a9">
         <name>.const:g_ppui32TimerIntMapSnowflake</name>
         <load_address>0x43f8</load_address>
         <run_address>0x43f8</run_address>
         <size>0x40</size>
         <input_file_ref idref="fl-e4"/>
      </object_component>
      <object_component id="oc-3d7">
         <name>.const:g_ppui32UARTIntMap</name>
         <load_address>0x4438</load_address>
         <run_address>0x4438</run_address>
         <size>0x40</size>
         <input_file_ref idref="fl-e5"/>
      </object_component>
      <object_component id="oc-3da">
         <name>.const:g_ppui32UARTIntMapSnowflake</name>
         <load_address>0x4478</load_address>
         <run_address>0x4478</run_address>
         <size>0x40</size>
         <input_file_ref idref="fl-e5"/>
      </object_component>
      <object_component id="oc-2c3">
         <name>.const:g_pui32EnRegs</name>
         <load_address>0x44b8</load_address>
         <run_address>0x44b8</run_address>
         <size>0x14</size>
         <input_file_ref idref="fl-e0"/>
      </object_component>
      <object_component id="oc-3d2">
         <name>.const:.string</name>
         <load_address>0x44cc</load_address>
         <run_address>0x44cc</run_address>
         <size>0x12</size>
         <input_file_ref idref="fl-7"/>
      </object_component>
      <object_component id="oc-308">
         <name>.const:g_ui32UARTBase</name>
         <load_address>0x44e0</load_address>
         <run_address>0x44e0</run_address>
         <size>0xc</size>
         <input_file_ref idref="fl-7"/>
      </object_component>
      <object_component id="oc-302">
         <name>.const:g_ui32UARTPeriph</name>
         <load_address>0x44ec</load_address>
         <run_address>0x44ec</run_address>
         <size>0xc</size>
         <input_file_ref idref="fl-7"/>
      </object_component>
      <object_component id="oc-46f">
         <name>.cinit..data.load</name>
         <load_address>0x44f8</load_address>
         <run_address>0x44f8</run_address>
         <size>0x35</size>
      </object_component>
      <object_component id="oc-46c">
         <name>__TI_handler_table</name>
         <load_address>0x4530</load_address>
         <run_address>0x4530</run_address>
         <size>0xc</size>
      </object_component>
      <object_component id="oc-470">
         <name>.cinit..bss.load</name>
         <load_address>0x4540</load_address>
         <run_address>0x4540</run_address>
         <size>0x8</size>
      </object_component>
      <object_component id="oc-46e">
         <name>.cinit..vtable.load</name>
         <load_address>0x4548</load_address>
         <run_address>0x4548</run_address>
         <size>0x8</size>
      </object_component>
      <object_component id="oc-46d">
         <name>__TI_cinit_table</name>
         <load_address>0x4550</load_address>
         <run_address>0x4550</run_address>
         <size>0x18</size>
      </object_component>
      <object_component id="oc-3ad">
         <name>.vtable</name>
         <uninitialized>true</uninitialized>
         <run_address>0x20000000</run_address>
         <size>0x26c</size>
         <input_file_ref idref="fl-e0"/>
      </object_component>
      <object_component id="oc-248">
         <name>.data</name>
         <load_address>0x20000680</load_address>
         <run_address>0x20000680</run_address>
         <size>0x1c</size>
         <input_file_ref idref="fl-2"/>
      </object_component>
      <object_component id="oc-2a5">
         <name>.data:route</name>
         <load_address>0x2000069c</load_address>
         <run_address>0x2000069c</run_address>
         <size>0xa</size>
         <input_file_ref idref="fl-2"/>
      </object_component>
      <object_component id="oc-1ca">
         <name>.data</name>
         <load_address>0x2000060c</load_address>
         <run_address>0x2000060c</run_address>
         <size>0x74</size>
         <input_file_ref idref="fl-3"/>
      </object_component>
      <object_component id="oc-305">
         <name>.data</name>
         <load_address>0x200006a8</load_address>
         <run_address>0x200006a8</run_address>
         <size>0x5</size>
         <input_file_ref idref="fl-7"/>
      </object_component>
      <object_component id="oc-3e1">
         <name>.data</name>
         <load_address>0x200006b0</load_address>
         <run_address>0x200006b0</run_address>
         <size>0x4</size>
         <input_file_ref idref="fl-d2"/>
      </object_component>
      <object_component id="oc-246">
         <name>.common:rx_buf5</name>
         <uninitialized>true</uninitialized>
         <run_address>0x20000609</run_address>
         <size>0x1</size>
      </object_component>
      <object_component id="oc-242">
         <name>.common:rx_buf1</name>
         <uninitialized>true</uninitialized>
         <run_address>0x20000608</run_address>
         <size>0x1</size>
      </object_component>
      <object_component id="oc-247">
         <name>.common:rData5</name>
         <uninitialized>true</uninitialized>
         <run_address>0x200005e0</run_address>
         <size>0x20</size>
      </object_component>
      <object_component id="oc-245">
         <name>.common:rData1</name>
         <uninitialized>true</uninitialized>
         <run_address>0x200005c0</run_address>
         <size>0x20</size>
      </object_component>
      <object_component id="oc-24b">
         <name>.common:endptr</name>
         <uninitialized>true</uninitialized>
         <run_address>0x20000600</run_address>
         <size>0x4</size>
      </object_component>
      <object_component id="oc-29a">
         <name>.common:pid1_v</name>
         <uninitialized>true</uninitialized>
         <run_address>0x20000470</run_address>
         <size>0x30</size>
      </object_component>
      <object_component id="oc-29d">
         <name>.common:pid2_v</name>
         <uninitialized>true</uninitialized>
         <run_address>0x200004a0</run_address>
         <size>0x30</size>
      </object_component>
      <object_component id="oc-2a0">
         <name>.common:pid_theta</name>
         <uninitialized>true</uninitialized>
         <run_address>0x20000530</run_address>
         <size>0x30</size>
      </object_component>
      <object_component id="oc-2a1">
         <name>.common:pid_b</name>
         <uninitialized>true</uninitialized>
         <run_address>0x200004d0</run_address>
         <size>0x30</size>
      </object_component>
      <object_component id="oc-29e">
         <name>.common:pid_x1</name>
         <uninitialized>true</uninitialized>
         <run_address>0x20000560</run_address>
         <size>0x30</size>
      </object_component>
      <object_component id="oc-29f">
         <name>.common:pid_x2</name>
         <uninitialized>true</uninitialized>
         <run_address>0x20000590</run_address>
         <size>0x30</size>
      </object_component>
      <object_component id="oc-2a2">
         <name>.common:pid_pos</name>
         <uninitialized>true</uninitialized>
         <run_address>0x20000500</run_address>
         <size>0x30</size>
      </object_component>
      <object_component id="oc-2a3">
         <name>.common:pid</name>
         <uninitialized>true</uninitialized>
         <run_address>0x20000604</run_address>
         <size>0x4</size>
      </object_component>
      <object_component id="oc-24">
         <name>.stack</name>
         <uninitialized>true</uninitialized>
         <run_address>0x20000270</run_address>
         <size>0x4</size>
         <input_file_ref idref="fl-d1"/>
      </object_component>
      <object_component id="oc-472">
         <name>.stack</name>
         <uninitialized>true</uninitialized>
         <run_address>0x20000270</run_address>
         <size>0x0</size>
      </object_component>
      <object_component id="oc-b7">
         <name>.debug_info</name>
         <load_address>0x0</load_address>
         <run_address>0x0</run_address>
         <size>0x5a4</size>
         <input_file_ref idref="fl-2"/>
      </object_component>
      <object_component id="oc-249">
         <name>.debug_info</name>
         <load_address>0x5a4</load_address>
         <run_address>0x5a4</run_address>
         <size>0x28d</size>
         <input_file_ref idref="fl-2"/>
      </object_component>
      <object_component id="oc-2a6">
         <name>.debug_info</name>
         <load_address>0x831</load_address>
         <run_address>0x831</run_address>
         <size>0xbf</size>
         <input_file_ref idref="fl-2"/>
      </object_component>
      <object_component id="oc-d6">
         <name>.debug_info</name>
         <load_address>0x8f0</load_address>
         <run_address>0x8f0</run_address>
         <size>0x469</size>
         <input_file_ref idref="fl-2"/>
      </object_component>
      <object_component id="oc-70">
         <name>.debug_info</name>
         <load_address>0xd59</load_address>
         <run_address>0xd59</run_address>
         <size>0x26b</size>
         <input_file_ref idref="fl-2"/>
      </object_component>
      <object_component id="oc-b2">
         <name>.debug_info</name>
         <load_address>0xfc4</load_address>
         <run_address>0xfc4</run_address>
         <size>0x8b</size>
         <input_file_ref idref="fl-2"/>
      </object_component>
      <object_component id="oc-ad">
         <name>.debug_info</name>
         <load_address>0x104f</load_address>
         <run_address>0x104f</run_address>
         <size>0x2a4</size>
         <input_file_ref idref="fl-2"/>
      </object_component>
      <object_component id="oc-75">
         <name>.debug_info</name>
         <load_address>0x12f3</load_address>
         <run_address>0x12f3</run_address>
         <size>0xbb</size>
         <input_file_ref idref="fl-2"/>
      </object_component>
      <object_component id="oc-bf">
         <name>.debug_info</name>
         <load_address>0x13ae</load_address>
         <run_address>0x13ae</run_address>
         <size>0x2c</size>
         <input_file_ref idref="fl-2"/>
      </object_component>
      <object_component id="oc-315">
         <name>.debug_info</name>
         <load_address>0x13da</load_address>
         <run_address>0x13da</run_address>
         <size>0x2c</size>
         <input_file_ref idref="fl-2"/>
      </object_component>
      <object_component id="oc-28d">
         <name>.debug_info</name>
         <load_address>0x1406</load_address>
         <run_address>0x1406</run_address>
         <size>0x35</size>
         <input_file_ref idref="fl-2"/>
      </object_component>
      <object_component id="oc-243">
         <name>.debug_info</name>
         <load_address>0x143b</load_address>
         <run_address>0x143b</run_address>
         <size>0xf94</size>
         <input_file_ref idref="fl-3"/>
      </object_component>
      <object_component id="oc-1cb">
         <name>.debug_info</name>
         <load_address>0x23cf</load_address>
         <run_address>0x23cf</run_address>
         <size>0x427</size>
         <input_file_ref idref="fl-3"/>
      </object_component>
      <object_component id="oc-9e">
         <name>.debug_info</name>
         <load_address>0x27f6</load_address>
         <run_address>0x27f6</run_address>
         <size>0x15b9</size>
         <input_file_ref idref="fl-3"/>
      </object_component>
      <object_component id="oc-35d">
         <name>.debug_info</name>
         <load_address>0x3daf</load_address>
         <run_address>0x3daf</run_address>
         <size>0x110</size>
         <input_file_ref idref="fl-3"/>
      </object_component>
      <object_component id="oc-22b">
         <name>.debug_info</name>
         <load_address>0x3ebf</load_address>
         <run_address>0x3ebf</run_address>
         <size>0x2e7</size>
         <input_file_ref idref="fl-4"/>
      </object_component>
      <object_component id="oc-36">
         <name>.debug_info</name>
         <load_address>0x41a6</load_address>
         <run_address>0x41a6</run_address>
         <size>0x84</size>
         <input_file_ref idref="fl-4"/>
      </object_component>
      <object_component id="oc-29b">
         <name>.debug_info</name>
         <load_address>0x422a</load_address>
         <run_address>0x422a</run_address>
         <size>0x344</size>
         <input_file_ref idref="fl-5"/>
      </object_component>
      <object_component id="oc-cf">
         <name>.debug_info</name>
         <load_address>0x456e</load_address>
         <run_address>0x456e</run_address>
         <size>0x4c3</size>
         <input_file_ref idref="fl-5"/>
      </object_component>
      <object_component id="oc-39b">
         <name>.debug_info</name>
         <load_address>0x4a31</load_address>
         <run_address>0x4a31</run_address>
         <size>0x11d</size>
         <input_file_ref idref="fl-5"/>
      </object_component>
      <object_component id="oc-2f">
         <name>.debug_info</name>
         <load_address>0x4b4e</load_address>
         <run_address>0x4b4e</run_address>
         <size>0x29d</size>
         <input_file_ref idref="fl-6"/>
      </object_component>
      <object_component id="oc-13">
         <name>.debug_info</name>
         <load_address>0x4deb</load_address>
         <run_address>0x4deb</run_address>
         <size>0xdc</size>
         <input_file_ref idref="fl-6"/>
      </object_component>
      <object_component id="oc-29">
         <name>.debug_info</name>
         <load_address>0x4ec7</load_address>
         <run_address>0x4ec7</run_address>
         <size>0x258</size>
         <input_file_ref idref="fl-6"/>
      </object_component>
      <object_component id="oc-314">
         <name>.debug_info</name>
         <load_address>0x511f</load_address>
         <run_address>0x511f</run_address>
         <size>0x3d1</size>
         <input_file_ref idref="fl-7"/>
      </object_component>
      <object_component id="oc-306">
         <name>.debug_info</name>
         <load_address>0x54f0</load_address>
         <run_address>0x54f0</run_address>
         <size>0xc8</size>
         <input_file_ref idref="fl-7"/>
      </object_component>
      <object_component id="oc-311">
         <name>.debug_info</name>
         <load_address>0x55b8</load_address>
         <run_address>0x55b8</run_address>
         <size>0xc2</size>
         <input_file_ref idref="fl-7"/>
      </object_component>
      <object_component id="oc-309">
         <name>.debug_info</name>
         <load_address>0x567a</load_address>
         <run_address>0x567a</run_address>
         <size>0xd0</size>
         <input_file_ref idref="fl-7"/>
      </object_component>
      <object_component id="oc-303">
         <name>.debug_info</name>
         <load_address>0x574a</load_address>
         <run_address>0x574a</run_address>
         <size>0xd4</size>
         <input_file_ref idref="fl-7"/>
      </object_component>
      <object_component id="oc-18c">
         <name>.debug_info</name>
         <load_address>0x581e</load_address>
         <run_address>0x581e</run_address>
         <size>0x771</size>
         <input_file_ref idref="fl-7"/>
      </object_component>
      <object_component id="oc-1e9">
         <name>.debug_info</name>
         <load_address>0x5f8f</load_address>
         <run_address>0x5f8f</run_address>
         <size>0x14c</size>
         <input_file_ref idref="fl-c2"/>
      </object_component>
      <object_component id="oc-1d8">
         <name>.debug_info</name>
         <load_address>0x60db</load_address>
         <run_address>0x60db</run_address>
         <size>0x128</size>
         <input_file_ref idref="fl-c3"/>
      </object_component>
      <object_component id="oc-1d5">
         <name>.debug_info</name>
         <load_address>0x6203</load_address>
         <run_address>0x6203</run_address>
         <size>0x12a</size>
         <input_file_ref idref="fl-c3"/>
      </object_component>
      <object_component id="oc-1ef">
         <name>.debug_info</name>
         <load_address>0x632d</load_address>
         <run_address>0x632d</run_address>
         <size>0x13a</size>
         <input_file_ref idref="fl-c4"/>
      </object_component>
      <object_component id="oc-1f2">
         <name>.debug_info</name>
         <load_address>0x6467</load_address>
         <run_address>0x6467</run_address>
         <size>0x13e</size>
         <input_file_ref idref="fl-c5"/>
      </object_component>
      <object_component id="oc-1fc">
         <name>.debug_info</name>
         <load_address>0x65a5</load_address>
         <run_address>0x65a5</run_address>
         <size>0x139</size>
         <input_file_ref idref="fl-c6"/>
      </object_component>
      <object_component id="oc-1ce">
         <name>.debug_info</name>
         <load_address>0x66de</load_address>
         <run_address>0x66de</run_address>
         <size>0x12c</size>
         <input_file_ref idref="fl-c7"/>
      </object_component>
      <object_component id="oc-1e3">
         <name>.debug_info</name>
         <load_address>0x680a</load_address>
         <run_address>0x680a</run_address>
         <size>0x12c</size>
         <input_file_ref idref="fl-c8"/>
      </object_component>
      <object_component id="oc-1f7">
         <name>.debug_info</name>
         <load_address>0x6936</load_address>
         <run_address>0x6936</run_address>
         <size>0x12e</size>
         <input_file_ref idref="fl-c9"/>
      </object_component>
      <object_component id="oc-92">
         <name>.debug_info</name>
         <load_address>0x6a64</load_address>
         <run_address>0x6a64</run_address>
         <size>0x147</size>
         <input_file_ref idref="fl-ca"/>
      </object_component>
      <object_component id="oc-30c">
         <name>.debug_info</name>
         <load_address>0x6bab</load_address>
         <run_address>0x6bab</run_address>
         <size>0x142</size>
         <input_file_ref idref="fl-cb"/>
      </object_component>
      <object_component id="oc-8e">
         <name>.debug_info</name>
         <load_address>0x6ced</load_address>
         <run_address>0x6ced</run_address>
         <size>0x2d4</size>
         <input_file_ref idref="fl-cc"/>
      </object_component>
      <object_component id="oc-50">
         <name>.debug_info</name>
         <load_address>0x6fc1</load_address>
         <run_address>0x6fc1</run_address>
         <size>0x1b5</size>
         <input_file_ref idref="fl-cc"/>
      </object_component>
      <object_component id="oc-89">
         <name>.debug_info</name>
         <load_address>0x7176</load_address>
         <run_address>0x7176</run_address>
         <size>0x46</size>
         <input_file_ref idref="fl-cc"/>
      </object_component>
      <object_component id="oc-46">
         <name>.debug_info</name>
         <load_address>0x71bc</load_address>
         <run_address>0x71bc</run_address>
         <size>0x2a8</size>
         <input_file_ref idref="fl-cd"/>
      </object_component>
      <object_component id="oc-1d">
         <name>.debug_info</name>
         <load_address>0x7464</load_address>
         <run_address>0x7464</run_address>
         <size>0x1ea</size>
         <input_file_ref idref="fl-cd"/>
      </object_component>
      <object_component id="oc-41">
         <name>.debug_info</name>
         <load_address>0x764e</load_address>
         <run_address>0x764e</run_address>
         <size>0x46</size>
         <input_file_ref idref="fl-cd"/>
      </object_component>
      <object_component id="oc-81">
         <name>.debug_info</name>
         <load_address>0x7694</load_address>
         <run_address>0x7694</run_address>
         <size>0x2c</size>
         <input_file_ref idref="fl-cd"/>
      </object_component>
      <object_component id="oc-7f">
         <name>.debug_info</name>
         <load_address>0x76c0</load_address>
         <run_address>0x76c0</run_address>
         <size>0x29e</size>
         <input_file_ref idref="fl-ce"/>
      </object_component>
      <object_component id="oc-19">
         <name>.debug_info</name>
         <load_address>0x795e</load_address>
         <run_address>0x795e</run_address>
         <size>0x250</size>
         <input_file_ref idref="fl-ce"/>
      </object_component>
      <object_component id="oc-31">
         <name>.debug_info</name>
         <load_address>0x7bae</load_address>
         <run_address>0x7bae</run_address>
         <size>0x60</size>
         <input_file_ref idref="fl-ce"/>
      </object_component>
      <object_component id="oc-b8">
         <name>.debug_info</name>
         <load_address>0x7c0e</load_address>
         <run_address>0x7c0e</run_address>
         <size>0x46</size>
         <input_file_ref idref="fl-ce"/>
      </object_component>
      <object_component id="oc-7a">
         <name>.debug_info</name>
         <load_address>0x7c54</load_address>
         <run_address>0x7c54</run_address>
         <size>0x39</size>
         <input_file_ref idref="fl-ce"/>
      </object_component>
      <object_component id="oc-33d">
         <name>.debug_info</name>
         <load_address>0x7c8d</load_address>
         <run_address>0x7c8d</run_address>
         <size>0x28a</size>
         <input_file_ref idref="fl-cf"/>
      </object_component>
      <object_component id="oc-227">
         <name>.debug_info</name>
         <load_address>0x7f17</load_address>
         <run_address>0x7f17</run_address>
         <size>0x273</size>
         <input_file_ref idref="fl-cf"/>
      </object_component>
      <object_component id="oc-358">
         <name>.debug_info</name>
         <load_address>0x818a</load_address>
         <run_address>0x818a</run_address>
         <size>0x3b1</size>
         <input_file_ref idref="fl-d0"/>
      </object_component>
      <object_component id="oc-355">
         <name>.debug_info</name>
         <load_address>0x853b</load_address>
         <run_address>0x853b</run_address>
         <size>0x123</size>
         <input_file_ref idref="fl-d0"/>
      </object_component>
      <object_component id="oc-239">
         <name>.debug_info</name>
         <load_address>0x865e</load_address>
         <run_address>0x865e</run_address>
         <size>0x4e0</size>
         <input_file_ref idref="fl-d0"/>
      </object_component>
      <object_component id="oc-25">
         <name>.debug_info</name>
         <load_address>0x8b3e</load_address>
         <run_address>0x8b3e</run_address>
         <size>0x10b</size>
         <input_file_ref idref="fl-d1"/>
      </object_component>
      <object_component id="oc-5d">
         <name>.debug_info</name>
         <load_address>0x8c49</load_address>
         <run_address>0x8c49</run_address>
         <size>0x1a9</size>
         <input_file_ref idref="fl-d1"/>
      </object_component>
      <object_component id="oc-3e5">
         <name>.debug_info</name>
         <load_address>0x8df2</load_address>
         <run_address>0x8df2</run_address>
         <size>0x289</size>
         <input_file_ref idref="fl-d2"/>
      </object_component>
      <object_component id="oc-3e2">
         <name>.debug_info</name>
         <load_address>0x907b</load_address>
         <run_address>0x907b</run_address>
         <size>0x10e</size>
         <input_file_ref idref="fl-d2"/>
      </object_component>
      <object_component id="oc-348">
         <name>.debug_info</name>
         <load_address>0x9189</load_address>
         <run_address>0x9189</run_address>
         <size>0x14e</size>
         <input_file_ref idref="fl-d2"/>
      </object_component>
      <object_component id="oc-3ed">
         <name>.debug_info</name>
         <load_address>0x92d7</load_address>
         <run_address>0x92d7</run_address>
         <size>0x2f8</size>
         <input_file_ref idref="fl-d3"/>
      </object_component>
      <object_component id="oc-34d">
         <name>.debug_info</name>
         <load_address>0x95cf</load_address>
         <run_address>0x95cf</run_address>
         <size>0x225</size>
         <input_file_ref idref="fl-d3"/>
      </object_component>
      <object_component id="oc-42d">
         <name>.debug_info</name>
         <load_address>0x97f4</load_address>
         <run_address>0x97f4</run_address>
         <size>0x39</size>
         <input_file_ref idref="fl-d3"/>
      </object_component>
      <object_component id="oc-3ee">
         <name>.debug_info</name>
         <load_address>0x982d</load_address>
         <run_address>0x982d</run_address>
         <size>0x2c</size>
         <input_file_ref idref="fl-d3"/>
      </object_component>
      <object_component id="oc-3ce">
         <name>.debug_info</name>
         <load_address>0x9859</load_address>
         <run_address>0x9859</run_address>
         <size>0x115</size>
         <input_file_ref idref="fl-d4"/>
      </object_component>
      <object_component id="oc-343">
         <name>.debug_info</name>
         <load_address>0x996e</load_address>
         <run_address>0x996e</run_address>
         <size>0x13a</size>
         <input_file_ref idref="fl-d5"/>
      </object_component>
      <object_component id="oc-3e">
         <name>.debug_info</name>
         <load_address>0x9aa8</load_address>
         <run_address>0x9aa8</run_address>
         <size>0x119</size>
         <input_file_ref idref="fl-d6"/>
      </object_component>
      <object_component id="oc-36f">
         <name>.debug_info</name>
         <load_address>0x9bc1</load_address>
         <run_address>0x9bc1</run_address>
         <size>0x4b3</size>
         <input_file_ref idref="fl-d7"/>
      </object_component>
      <object_component id="oc-25b">
         <name>.debug_info</name>
         <load_address>0xa074</load_address>
         <run_address>0xa074</run_address>
         <size>0x1a6</size>
         <input_file_ref idref="fl-d7"/>
      </object_component>
      <object_component id="oc-40a">
         <name>.debug_info</name>
         <load_address>0xa21a</load_address>
         <run_address>0xa21a</run_address>
         <size>0x39</size>
         <input_file_ref idref="fl-d7"/>
      </object_component>
      <object_component id="oc-437">
         <name>.debug_info</name>
         <load_address>0xa253</load_address>
         <run_address>0xa253</run_address>
         <size>0x39</size>
         <input_file_ref idref="fl-d7"/>
      </object_component>
      <object_component id="oc-40f">
         <name>.debug_info</name>
         <load_address>0xa28c</load_address>
         <run_address>0xa28c</run_address>
         <size>0x39</size>
         <input_file_ref idref="fl-d7"/>
      </object_component>
      <object_component id="oc-414">
         <name>.debug_info</name>
         <load_address>0xa2c5</load_address>
         <run_address>0xa2c5</run_address>
         <size>0xcd</size>
         <input_file_ref idref="fl-d7"/>
      </object_component>
      <object_component id="oc-97">
         <name>.debug_info</name>
         <load_address>0xa392</load_address>
         <run_address>0xa392</run_address>
         <size>0x153</size>
         <input_file_ref idref="fl-d8"/>
      </object_component>
      <object_component id="oc-24e">
         <name>.debug_info</name>
         <load_address>0xa4e5</load_address>
         <run_address>0xa4e5</run_address>
         <size>0x122</size>
         <input_file_ref idref="fl-da"/>
      </object_component>
      <object_component id="oc-3f5">
         <name>.debug_info</name>
         <load_address>0xa607</load_address>
         <run_address>0xa607</run_address>
         <size>0xf9</size>
         <input_file_ref idref="fl-dd"/>
      </object_component>
      <object_component id="oc-352">
         <name>.debug_info</name>
         <load_address>0xa700</load_address>
         <run_address>0xa700</run_address>
         <size>0x105</size>
         <input_file_ref idref="fl-dd"/>
      </object_component>
      <object_component id="oc-3e8">
         <name>.debug_info</name>
         <load_address>0xa805</load_address>
         <run_address>0xa805</run_address>
         <size>0x161</size>
         <input_file_ref idref="fl-de"/>
      </object_component>
      <object_component id="oc-2aa">
         <name>.debug_info</name>
         <load_address>0xa966</load_address>
         <run_address>0xa966</run_address>
         <size>0x3e4</size>
         <input_file_ref idref="fl-df"/>
      </object_component>
      <object_component id="oc-2d2">
         <name>.debug_info</name>
         <load_address>0xad4a</load_address>
         <run_address>0xad4a</run_address>
         <size>0x164</size>
         <input_file_ref idref="fl-df"/>
      </object_component>
      <object_component id="oc-de">
         <name>.debug_info</name>
         <load_address>0xaeae</load_address>
         <run_address>0xaeae</run_address>
         <size>0x2ac</size>
         <input_file_ref idref="fl-df"/>
      </object_component>
      <object_component id="oc-1c2">
         <name>.debug_info</name>
         <load_address>0xb15a</load_address>
         <run_address>0xb15a</run_address>
         <size>0x2bc</size>
         <input_file_ref idref="fl-df"/>
      </object_component>
      <object_component id="oc-1c8">
         <name>.debug_info</name>
         <load_address>0xb416</load_address>
         <run_address>0xb416</run_address>
         <size>0x31f</size>
         <input_file_ref idref="fl-df"/>
      </object_component>
      <object_component id="oc-174">
         <name>.debug_info</name>
         <load_address>0xb735</load_address>
         <run_address>0xb735</run_address>
         <size>0x29b</size>
         <input_file_ref idref="fl-df"/>
      </object_component>
      <object_component id="oc-156">
         <name>.debug_info</name>
         <load_address>0xb9d0</load_address>
         <run_address>0xb9d0</run_address>
         <size>0x299</size>
         <input_file_ref idref="fl-df"/>
      </object_component>
      <object_component id="oc-126">
         <name>.debug_info</name>
         <load_address>0xbc69</load_address>
         <run_address>0xbc69</run_address>
         <size>0x299</size>
         <input_file_ref idref="fl-df"/>
      </object_component>
      <object_component id="oc-1bc">
         <name>.debug_info</name>
         <load_address>0xbf02</load_address>
         <run_address>0xbf02</run_address>
         <size>0x2c0</size>
         <input_file_ref idref="fl-df"/>
      </object_component>
      <object_component id="oc-240">
         <name>.debug_info</name>
         <load_address>0xc1c2</load_address>
         <run_address>0xc1c2</run_address>
         <size>0x284</size>
         <input_file_ref idref="fl-df"/>
      </object_component>
      <object_component id="oc-12c">
         <name>.debug_info</name>
         <load_address>0xc446</load_address>
         <run_address>0xc446</run_address>
         <size>0x289</size>
         <input_file_ref idref="fl-df"/>
      </object_component>
      <object_component id="oc-394">
         <name>.debug_info</name>
         <load_address>0xc6cf</load_address>
         <run_address>0xc6cf</run_address>
         <size>0x26b</size>
         <input_file_ref idref="fl-df"/>
      </object_component>
      <object_component id="oc-384">
         <name>.debug_info</name>
         <load_address>0xc93a</load_address>
         <run_address>0xc93a</run_address>
         <size>0x297</size>
         <input_file_ref idref="fl-df"/>
      </object_component>
      <object_component id="oc-38f">
         <name>.debug_info</name>
         <load_address>0xcbd1</load_address>
         <run_address>0xcbd1</run_address>
         <size>0xef</size>
         <input_file_ref idref="fl-df"/>
      </object_component>
      <object_component id="oc-294">
         <name>.debug_info</name>
         <load_address>0xccc0</load_address>
         <run_address>0xccc0</run_address>
         <size>0xbb</size>
         <input_file_ref idref="fl-df"/>
      </object_component>
      <object_component id="oc-2c2">
         <name>.debug_info</name>
         <load_address>0xcd7b</load_address>
         <run_address>0xcd7b</run_address>
         <size>0x3b7</size>
         <input_file_ref idref="fl-e0"/>
      </object_component>
      <object_component id="oc-2bf">
         <name>.debug_info</name>
         <load_address>0xd132</load_address>
         <run_address>0xd132</run_address>
         <size>0x157</size>
         <input_file_ref idref="fl-e0"/>
      </object_component>
      <object_component id="oc-2c4">
         <name>.debug_info</name>
         <load_address>0xd289</load_address>
         <run_address>0xd289</run_address>
         <size>0x15b</size>
         <input_file_ref idref="fl-e0"/>
      </object_component>
      <object_component id="oc-3ae">
         <name>.debug_info</name>
         <load_address>0xd3e4</load_address>
         <run_address>0xd3e4</run_address>
         <size>0x160</size>
         <input_file_ref idref="fl-e0"/>
      </object_component>
      <object_component id="oc-2b8">
         <name>.debug_info</name>
         <load_address>0xd544</load_address>
         <run_address>0xd544</run_address>
         <size>0x2ca</size>
         <input_file_ref idref="fl-e0"/>
      </object_component>
      <object_component id="oc-105">
         <name>.debug_info</name>
         <load_address>0xd80e</load_address>
         <run_address>0xd80e</run_address>
         <size>0x2d2</size>
         <input_file_ref idref="fl-e0"/>
      </object_component>
      <object_component id="oc-111">
         <name>.debug_info</name>
         <load_address>0xdae0</load_address>
         <run_address>0xdae0</run_address>
         <size>0x247</size>
         <input_file_ref idref="fl-e0"/>
      </object_component>
      <object_component id="oc-10b">
         <name>.debug_info</name>
         <load_address>0xdd27</load_address>
         <run_address>0xdd27</run_address>
         <size>0x271</size>
         <input_file_ref idref="fl-e0"/>
      </object_component>
      <object_component id="oc-2d6">
         <name>.debug_info</name>
         <load_address>0xdf98</load_address>
         <run_address>0xdf98</run_address>
         <size>0x396</size>
         <input_file_ref idref="fl-e1"/>
      </object_component>
      <object_component id="oc-141">
         <name>.debug_info</name>
         <load_address>0xe32e</load_address>
         <run_address>0xe32e</run_address>
         <size>0x2ff</size>
         <input_file_ref idref="fl-e1"/>
      </object_component>
      <object_component id="oc-147">
         <name>.debug_info</name>
         <load_address>0xe62d</load_address>
         <run_address>0xe62d</run_address>
         <size>0x2cd</size>
         <input_file_ref idref="fl-e1"/>
      </object_component>
      <object_component id="oc-135">
         <name>.debug_info</name>
         <load_address>0xe8fa</load_address>
         <run_address>0xe8fa</run_address>
         <size>0x2bf</size>
         <input_file_ref idref="fl-e1"/>
      </object_component>
      <object_component id="oc-13b">
         <name>.debug_info</name>
         <load_address>0xebb9</load_address>
         <run_address>0xebb9</run_address>
         <size>0x289</size>
         <input_file_ref idref="fl-e1"/>
      </object_component>
      <object_component id="oc-14d">
         <name>.debug_info</name>
         <load_address>0xee42</load_address>
         <run_address>0xee42</run_address>
         <size>0x27f</size>
         <input_file_ref idref="fl-e1"/>
      </object_component>
      <object_component id="oc-1dd">
         <name>.debug_info</name>
         <load_address>0xf0c1</load_address>
         <run_address>0xf0c1</run_address>
         <size>0x281</size>
         <input_file_ref idref="fl-e1"/>
      </object_component>
      <object_component id="oc-12f">
         <name>.debug_info</name>
         <load_address>0xf342</load_address>
         <run_address>0xf342</run_address>
         <size>0x2bc</size>
         <input_file_ref idref="fl-e1"/>
      </object_component>
      <object_component id="oc-2de">
         <name>.debug_info</name>
         <load_address>0xf5fe</load_address>
         <run_address>0xf5fe</run_address>
         <size>0x391</size>
         <input_file_ref idref="fl-e2"/>
      </object_component>
      <object_component id="oc-16b">
         <name>.debug_info</name>
         <load_address>0xf98f</load_address>
         <run_address>0xf98f</run_address>
         <size>0x294</size>
         <input_file_ref idref="fl-e2"/>
      </object_component>
      <object_component id="oc-20d">
         <name>.debug_info</name>
         <load_address>0xfc23</load_address>
         <run_address>0xfc23</run_address>
         <size>0x256</size>
         <input_file_ref idref="fl-e2"/>
      </object_component>
      <object_component id="oc-160">
         <name>.debug_info</name>
         <load_address>0xfe79</load_address>
         <run_address>0xfe79</run_address>
         <size>0x295</size>
         <input_file_ref idref="fl-e2"/>
      </object_component>
      <object_component id="oc-165">
         <name>.debug_info</name>
         <load_address>0x1010e</load_address>
         <run_address>0x1010e</run_address>
         <size>0x248</size>
         <input_file_ref idref="fl-e2"/>
      </object_component>
      <object_component id="oc-159">
         <name>.debug_info</name>
         <load_address>0x10356</load_address>
         <run_address>0x10356</run_address>
         <size>0x2d6</size>
         <input_file_ref idref="fl-e2"/>
      </object_component>
      <object_component id="oc-299">
         <name>.debug_info</name>
         <load_address>0x1062c</load_address>
         <run_address>0x1062c</run_address>
         <size>0x441</size>
         <input_file_ref idref="fl-e3"/>
      </object_component>
      <object_component id="oc-2e6">
         <name>.debug_info</name>
         <load_address>0x10a6d</load_address>
         <run_address>0x10a6d</run_address>
         <size>0x156</size>
         <input_file_ref idref="fl-e3"/>
      </object_component>
      <object_component id="oc-2f3">
         <name>.debug_info</name>
         <load_address>0x10bc3</load_address>
         <run_address>0x10bc3</run_address>
         <size>0x28c</size>
         <input_file_ref idref="fl-e3"/>
      </object_component>
      <object_component id="oc-e2">
         <name>.debug_info</name>
         <load_address>0x10e4f</load_address>
         <run_address>0x10e4f</run_address>
         <size>0x286</size>
         <input_file_ref idref="fl-e3"/>
      </object_component>
      <object_component id="oc-11e">
         <name>.debug_info</name>
         <load_address>0x110d5</load_address>
         <run_address>0x110d5</run_address>
         <size>0x26c</size>
         <input_file_ref idref="fl-e3"/>
      </object_component>
      <object_component id="oc-ca">
         <name>.debug_info</name>
         <load_address>0x11341</load_address>
         <run_address>0x11341</run_address>
         <size>0x2e4</size>
         <input_file_ref idref="fl-e3"/>
      </object_component>
      <object_component id="oc-17e">
         <name>.debug_info</name>
         <load_address>0x11625</load_address>
         <run_address>0x11625</run_address>
         <size>0x2be</size>
         <input_file_ref idref="fl-e3"/>
      </object_component>
      <object_component id="oc-38b">
         <name>.debug_info</name>
         <load_address>0x118e3</load_address>
         <run_address>0x118e3</run_address>
         <size>0x51</size>
         <input_file_ref idref="fl-e3"/>
      </object_component>
      <object_component id="oc-2ad">
         <name>.debug_info</name>
         <load_address>0x11934</load_address>
         <run_address>0x11934</run_address>
         <size>0x3c7</size>
         <input_file_ref idref="fl-e4"/>
      </object_component>
      <object_component id="oc-3a7">
         <name>.debug_info</name>
         <load_address>0x11cfb</load_address>
         <run_address>0x11cfb</run_address>
         <size>0x163</size>
         <input_file_ref idref="fl-e4"/>
      </object_component>
      <object_component id="oc-3aa">
         <name>.debug_info</name>
         <load_address>0x11e5e</load_address>
         <run_address>0x11e5e</run_address>
         <size>0x175</size>
         <input_file_ref idref="fl-e4"/>
      </object_component>
      <object_component id="oc-ed">
         <name>.debug_info</name>
         <load_address>0x11fd3</load_address>
         <run_address>0x11fd3</run_address>
         <size>0x2cb</size>
         <input_file_ref idref="fl-e4"/>
      </object_component>
      <object_component id="oc-f3">
         <name>.debug_info</name>
         <load_address>0x1229e</load_address>
         <run_address>0x1229e</run_address>
         <size>0x2c3</size>
         <input_file_ref idref="fl-e4"/>
      </object_component>
      <object_component id="oc-2b1">
         <name>.debug_info</name>
         <load_address>0x12561</load_address>
         <run_address>0x12561</run_address>
         <size>0x2f4</size>
         <input_file_ref idref="fl-e4"/>
      </object_component>
      <object_component id="oc-201">
         <name>.debug_info</name>
         <load_address>0x12855</load_address>
         <run_address>0x12855</run_address>
         <size>0x28d</size>
         <input_file_ref idref="fl-e4"/>
      </object_component>
      <object_component id="oc-f9">
         <name>.debug_info</name>
         <load_address>0x12ae2</load_address>
         <run_address>0x12ae2</run_address>
         <size>0x2ed</size>
         <input_file_ref idref="fl-e4"/>
      </object_component>
      <object_component id="oc-ff">
         <name>.debug_info</name>
         <load_address>0x12dcf</load_address>
         <run_address>0x12dcf</run_address>
         <size>0x29d</size>
         <input_file_ref idref="fl-e4"/>
      </object_component>
      <object_component id="oc-207">
         <name>.debug_info</name>
         <load_address>0x1306c</load_address>
         <run_address>0x1306c</run_address>
         <size>0x29b</size>
         <input_file_ref idref="fl-e4"/>
      </object_component>
      <object_component id="oc-117">
         <name>.debug_info</name>
         <load_address>0x13307</load_address>
         <run_address>0x13307</run_address>
         <size>0x288</size>
         <input_file_ref idref="fl-e4"/>
      </object_component>
      <object_component id="oc-e7">
         <name>.debug_info</name>
         <load_address>0x1358f</load_address>
         <run_address>0x1358f</run_address>
         <size>0x295</size>
         <input_file_ref idref="fl-e4"/>
      </object_component>
      <object_component id="oc-2e4">
         <name>.debug_info</name>
         <load_address>0x13824</load_address>
         <run_address>0x13824</run_address>
         <size>0x3cb</size>
         <input_file_ref idref="fl-e5"/>
      </object_component>
      <object_component id="oc-3d8">
         <name>.debug_info</name>
         <load_address>0x13bef</load_address>
         <run_address>0x13bef</run_address>
         <size>0x160</size>
         <input_file_ref idref="fl-e5"/>
      </object_component>
      <object_component id="oc-3db">
         <name>.debug_info</name>
         <load_address>0x13d4f</load_address>
         <run_address>0x13d4f</run_address>
         <size>0x172</size>
         <input_file_ref idref="fl-e5"/>
      </object_component>
      <object_component id="oc-31e">
         <name>.debug_info</name>
         <load_address>0x13ec1</load_address>
         <run_address>0x13ec1</run_address>
         <size>0x287</size>
         <input_file_ref idref="fl-e5"/>
      </object_component>
      <object_component id="oc-213">
         <name>.debug_info</name>
         <load_address>0x14148</load_address>
         <run_address>0x14148</run_address>
         <size>0x288</size>
         <input_file_ref idref="fl-e5"/>
      </object_component>
      <object_component id="oc-1a1">
         <name>.debug_info</name>
         <load_address>0x143d0</load_address>
[...]
      </symbol>
      <symbol id="sm-377">
         <name>pid_theta</name>
         <value>0x20000530</value>
      </symbol>
      <symbol id="sm-378">
         <name>pid_b</name>
         <value>0x200004d0</value>
      </symbol>
      <symbol id="sm-379">
         <name>pid_x1</name>
         <value>0x20000560</value>
      </symbol>
      <symbol id="sm-37a">
         <name>pid_x2</name>
         <value>0x20000590</value>
      </symbol>
      <symbol id="sm-37b">
         <name>pid_pos</name>
         <value>0x20000500</value>
      </symbol>
      <symbol id="sm-37c">
         <name>pid</name>
         <value>0x20000604</value>
      </symbol>
      <symbol id="sm-37d">
         <name>PID_pos_update</name>
         <value>0x1ed1</value>
         <object_component_ref idref="oc-ce"/>
      </symbol>
      <symbol id="sm-37e">
         <name>PID_theta_update</name>
         <value>0x1d0d</value>
         <object_component_ref idref="oc-ce"/>
      </symbol>
      <symbol id="sm-37f">
         <name>PID_init</name>
         <value>0x1835</value>
         <object_component_ref idref="oc-ce"/>
      </symbol>
      <symbol id="sm-380">
         <name>PID_x_update</name>
         <value>0x19cd</value>
         <object_component_ref idref="oc-ce"/>
      </symbol>
      <symbol id="sm-381">
         <name>PID_para</name>
         <value>0x1fd9</value>
         <object_component_ref idref="oc-ce"/>
      </symbol>
      <symbol id="sm-382">
         <name>PID_b_update</name>
         <value>0x1e11</value>
         <object_component_ref idref="oc-ce"/>
      </symbol>
      <symbol id="sm-383">
         <name>PID_speed_update</name>
         <value>0x1bdd</value>
         <object_component_ref idref="oc-ce"/>
      </symbol>
      <symbol id="sm-39f">
         <name>ResetISR</name>
         <value>0x3f85</value>
         <object_component_ref idref="oc-27"/>
      </symbol>
      <symbol id="sm-3a0">
         <name>g_pfnVectors</name>
         <value>0x0</value>
         <object_component_ref idref="oc-12"/>
      </symbol>
      <symbol id="sm-410">
         <name>UARTgetc</name>
         <value>0x21fd</value>
         <object_component_ref idref="oc-188"/>
      </symbol>
      <symbol id="sm-411">
         <name>UARTgets</name>
         <value>0x2143</value>
         <object_component_ref idref="oc-188"/>
      </symbol>
      <symbol id="sm-412">
         <name>UARTStdioConfig</name>
         <value>0x20ad</value>
         <object_component_ref idref="oc-188"/>
      </symbol>
      <symbol id="sm-413">
         <name>UARTwrite</name>
         <value>0x20f3</value>
         <object_component_ref idref="oc-188"/>
      </symbol>
      <symbol id="sm-414">
         <name>UARTprintf</name>
         <value>0x251f</value>
         <object_component_ref idref="oc-188"/>
      </symbol>
      <symbol id="sm-415">
         <name>UARTvprintf</name>
         <value>0x2225</value>
         <object_component_ref idref="oc-188"/>
      </symbol>
      <symbol id="sm-42c">
         <name>__aeabi_dsub</name>
         <value>0x2d89</value>
         <object_component_ref idref="oc-1e7"/>
      </symbol>
      <symbol id="sm-42d">
         <name>__aeabi_dadd</name>
         <value>0x2d93</value>
         <object_component_ref idref="oc-1e7"/>
      </symbol>
      <symbol id="sm-44f">
         <name>__aeabi_cdcmpeq</name>
         <value>0x3699</value>
         <object_component_ref idref="oc-1d7"/>
      </symbol>
      <symbol id="sm-450">
         <name>__aeabi_cdcmple</name>
         <value>0x3699</value>
         <object_component_ref idref="oc-1d7"/>
      </symbol>
      <symbol id="sm-451">
         <name>__aeabi_cdrcmple</name>
         <value>0x371f</value>
         <object_component_ref idref="oc-1d2"/>
      </symbol>
      <symbol id="sm-45c">
         <name>__aeabi_dmul</name>
         <value>0x340d</value>
         <object_component_ref idref="oc-1ec"/>
      </symbol>
      <symbol id="sm-468">
         <name>__aeabi_d2f</name>
         <value>0x381f</value>
         <object_component_ref idref="oc-1f1"/>
      </symbol>
      <symbol id="sm-472">
         <name>__aeabi_d2uiz</name>
         <value>0x3ae1</value>
         <object_component_ref idref="oc-1fb"/>
      </symbol>
      <symbol id="sm-47d">
         <name>__aeabi_f2d</name>
         <value>0x3bdd</value>
         <object_component_ref idref="oc-1cd"/>
      </symbol>
      <symbol id="sm-487">
         <name>__aeabi_i2d</name>
         <value>0x3cb1</value>
         <object_component_ref idref="oc-1e2"/>
      </symbol>
      <symbol id="sm-491">
         <name>__aeabi_ui2d</name>
         <value>0x3d75</value>
         <object_component_ref idref="oc-1f6"/>
      </symbol>
      <symbol id="sm-4a0">
         <name>__aeabi_memset</name>
         <value>0x37a7</value>
         <object_component_ref idref="oc-8f"/>
      </symbol>
      <symbol id="sm-4a1">
         <name>memset</name>
         <value>0x37ad</value>
         <object_component_ref idref="oc-8f"/>
      </symbol>
      <symbol id="sm-4a2">
         <name>__aeabi_memset8</name>
         <value>0x37a7</value>
         <object_component_ref idref="oc-8f"/>
      </symbol>
      <symbol id="sm-4a3">
         <name>__aeabi_memset4</name>
         <value>0x37a7</value>
         <object_component_ref idref="oc-8f"/>
      </symbol>
      <symbol id="sm-4a4">
         <name>__aeabi_memclr8</name>
         <value>0x37a5</value>
         <object_component_ref idref="oc-8f"/>
      </symbol>
      <symbol id="sm-4a5">
         <name>__aeabi_memclr4</name>
         <value>0x37a5</value>
         <object_component_ref idref="oc-8f"/>
      </symbol>
      <symbol id="sm-4a6">
         <name>__aeabi_memclr</name>
         <value>0x37a5</value>
         <object_component_ref idref="oc-8f"/>
      </symbol>
      <symbol id="sm-4b5">
         <name>__aeabi_uidivmod</name>
         <value>0x3b65</value>
         <object_component_ref idref="oc-30b"/>
      </symbol>
      <symbol id="sm-4b6">
         <name>__aeabi_uidiv</name>
         <value>0x3b65</value>
         <object_component_ref idref="oc-30b"/>
      </symbol>
      <symbol id="sm-4c8">
         <name>__TI_zero_init</name>
         <value>0x3f79</value>
         <object_component_ref idref="oc-4d"/>
      </symbol>
      <symbol id="sm-4df">
         <name>__TI_decompress_none</name>
         <value>0x3f47</value>
         <object_component_ref idref="oc-1b"/>
      </symbol>
      <symbol id="sm-502">
         <name>__TI_decompress_lzss</name>
         <value>0x38f5</value>
         <object_component_ref idref="oc-15"/>
      </symbol>
      <symbol id="sm-511">
         <name>strcmp</name>
         <value>0x3e17</value>
         <object_component_ref idref="oc-224"/>
      </symbol>
      <symbol id="sm-571">
         <name>strtold</name>
         <value>0x2555</value>
         <object_component_ref idref="oc-236"/>
      </symbol>
      <symbol id="sm-572">
         <name>strtod</name>
         <value>0x2555</value>
         <object_component_ref idref="oc-236"/>
      </symbol>
      <symbol id="sm-585">
         <name>__stack</name>
         <value>0x20000270</value>
         <object_component_ref idref="oc-24"/>
      </symbol>
      <symbol id="sm-586">
         <name>_c_int00_noargs</name>
         <value>0x3c7d</value>
         <object_component_ref idref="oc-59"/>
      </symbol>
      <symbol id="sm-59c">
         <name>__aeabi_errno_addr</name>
         <value>0x3ff1</value>
         <object_component_ref idref="oc-345"/>
      </symbol>
      <symbol id="sm-59d">
         <name>errno</name>
         <value>0x200006b0</value>
         <object_component_ref idref="oc-3e1"/>
      </symbol>
      <symbol id="sm-5c4">
         <name>scalbn</name>
         <value>0x32fd</value>
         <object_component_ref idref="oc-34b"/>
      </symbol>
      <symbol id="sm-5c5">
         <name>scalbnl</name>
         <value>0x32fd</value>
         <object_component_ref idref="oc-34b"/>
      </symbol>
      <symbol id="sm-5c6">
         <name>ldexpl</name>
         <value>0x32fd</value>
         <object_component_ref idref="oc-34b"/>
      </symbol>
      <symbol id="sm-5c7">
         <name>ldexp</name>
         <value>0x32fd</value>
         <object_component_ref idref="oc-34b"/>
      </symbol>
      <symbol id="sm-5d1">
         <name>__aeabi_idiv0</name>
         <value>0x2f3f</value>
         <object_component_ref idref="oc-3cc"/>
      </symbol>
      <symbol id="sm-5d2">
         <name>__aeabi_ldiv0</name>
         <value>0x2f3f</value>
         <object_component_ref idref="oc-3cc"/>
      </symbol>
      <symbol id="sm-5e6">
         <name>__aeabi_ddiv</name>
         <value>0x30ad</value>
         <object_component_ref idref="oc-340"/>
      </symbol>
      <symbol id="sm-601">
         <name>memcpy</name>
         <value>0x35fd</value>
         <object_component_ref idref="oc-3b"/>
      </symbol>
      <symbol id="sm-602">
         <name>__aeabi_memcpy</name>
         <value>0x35fd</value>
         <object_component_ref idref="oc-3b"/>
      </symbol>
      <symbol id="sm-603">
         <name>__aeabi_memcpy8</name>
         <value>0x35fd</value>
         <object_component_ref idref="oc-3b"/>
      </symbol>
      <symbol id="sm-604">
         <name>__aeabi_memcpy4</name>
         <value>0x35fd</value>
         <object_component_ref idref="oc-3b"/>
      </symbol>
      <symbol id="sm-62c">
         <name>__TI_auto_init_nobinit_nopinit</name>
         <value>0x3a9d</value>
         <object_component_ref idref="oc-259"/>
      </symbol>
      <symbol id="sm-636">
         <name>_system_pre_init</name>
         <value>0x4027</value>
         <object_component_ref idref="oc-95"/>
      </symbol>
      <symbol id="sm-642">
         <name>C$$EXIT</name>
         <value>0x402b</value>
         <object_component_ref idref="oc-24d"/>
      </symbol>
      <symbol id="sm-643">
         <name>abort</name>
         <value>0x402b</value>
         <object_component_ref idref="oc-24d"/>
      </symbol>
      <symbol id="sm-650">
         <name>_ctypes_</name>
         <value>0x4030</value>
         <object_component_ref idref="oc-351"/>
      </symbol>
      <symbol id="sm-65a">
         <name>copysign</name>
         <value>0x3dcd</value>
         <object_component_ref idref="oc-3e6"/>
      </symbol>
      <symbol id="sm-65b">
         <name>copysignl</name>
         <value>0x3dcd</value>
         <object_component_ref idref="oc-3e6"/>
      </symbol>
      <symbol id="sm-6d1">
         <name>GPIOPinTypePWM</name>
         <value>0x3e2f</value>
         <object_component_ref idref="oc-122"/>
      </symbol>
      <symbol id="sm-6d2">
         <name>GPIOPinConfigure</name>
         <value>0x39bd</value>
         <object_component_ref idref="oc-128"/>
      </symbol>
      <symbol id="sm-6d3">
         <name>GPIOPinTypeUART</name>
         <value>0x3e5b</value>
         <object_component_ref idref="oc-170"/>
      </symbol>
      <symbol id="sm-6d4">
         <name>GPIOPinTypeGPIOOutput</name>
         <value>0x3db3</value>
         <object_component_ref idref="oc-1b8"/>
      </symbol>
      <symbol id="sm-6d5">
         <name>GPIOPinRead</name>
         <value>0x3ff9</value>
         <object_component_ref idref="oc-23c"/>
      </symbol>
      <symbol id="sm-6d6">
         <name>GPIODirModeSet</name>
         <value>0x3cdf</value>
         <object_component_ref idref="oc-1be"/>
      </symbol>
      <symbol id="sm-6d7">
         <name>GPIOPinTypeQEI</name>
         <value>0x3e45</value>
         <object_component_ref idref="oc-152"/>
      </symbol>
      <symbol id="sm-6d8">
         <name>GPIOPinWrite</name>
         <value>0x3fff</value>
         <object_component_ref idref="oc-da"/>
      </symbol>
      <symbol id="sm-6d9">
         <name>GPIOPadConfigSet</name>
         <value>0x2f41</value>
         <object_component_ref idref="oc-1c4"/>
      </symbol>
      <symbol id="sm-724">
         <name>IntPrioritySet</name>
         <value>0x3d0d</value>
         <object_component_ref idref="oc-104"/>
      </symbol>
      <symbol id="sm-725">
         <name>IntEnable</name>
         <value>0x388d</value>
         <object_component_ref idref="oc-10a"/>
      </symbol>
      <symbol id="sm-726">
         <name>IntRegister</name>
         <value>0x3c15</value>
         <object_component_ref idref="oc-2b6"/>
      </symbol>
      <symbol id="sm-727">
         <name>g_pfnRAMVectors</name>
         <value>0x20000000</value>
         <object_component_ref idref="oc-3ad"/>
      </symbol>
      <symbol id="sm-728">
         <name>IntMasterEnable</name>
         <value>0x3ee1</value>
         <object_component_ref idref="oc-110"/>
      </symbol>
      <symbol id="sm-765">
         <name>PWMGenPeriodSet</name>
         <value>0x3ef1</value>
         <object_component_ref idref="oc-134"/>
      </symbol>
      <symbol id="sm-766">
         <name>PWMGenDisable</name>
         <value>0x3f61</value>
         <object_component_ref idref="oc-1dc"/>
      </symbol>
      <symbol id="sm-767">
         <name>PWMPulseWidthSet</name>
         <value>0x3d95</value>
         <object_component_ref idref="oc-140"/>
      </symbol>
      <symbol id="sm-768">
         <name>PWMGenPeriodGet</name>
         <value>0x3e99</value>
         <object_component_ref idref="oc-13a"/>
      </symbol>
      <symbol id="sm-769">
         <name>PWMOutputState</name>
         <value>0x3eab</value>
         <object_component_ref idref="oc-146"/>
      </symbol>
      <symbol id="sm-76a">
         <name>PWMGenEnable</name>
         <value>0x3f6d</value>
         <object_component_ref idref="oc-14c"/>
      </symbol>
      <symbol id="sm-76b">
         <name>PWMGenConfigure</name>
         <value>0x3d31</value>
         <object_component_ref idref="oc-12e"/>
      </symbol>
      <symbol id="sm-798">
         <name>QEIPositionGet</name>
         <value>0x4017</value>
         <object_component_ref idref="oc-20c"/>
      </symbol>
      <symbol id="sm-799">
         <name>QEIIntDisable</name>
         <value>0x3f9b</value>
         <object_component_ref idref="oc-15e"/>
      </symbol>
      <symbol id="sm-79a">
         <name>QEIEnable</name>
         <value>0x3f91</value>
         <object_component_ref idref="oc-164"/>
      </symbol>
      <symbol id="sm-79b">
         <name>QEIPositionSet</name>
         <value>0x401b</value>
         <object_component_ref idref="oc-16a"/>
      </symbol>
      <symbol id="sm-79c">
         <name>QEIConfigure</name>
         <value>0x3f01</value>
         <object_component_ref idref="oc-158"/>
      </symbol>
      <symbol id="sm-804">
         <name>SysCtlPeripheralPresent</name>
         <value>0x3ba5</value>
         <object_component_ref idref="oc-2f0"/>
      </symbol>
      <symbol id="sm-805">
         <name>SysCtlClockSet</name>
         <value>0x3509</value>
         <object_component_ref idref="oc-c8"/>
      </symbol>
      <symbol id="sm-806">
         <name>SysCtlDelay</name>
         <value>0x4005</value>
         <object_component_ref idref="oc-292"/>
      </symbol>
      <symbol id="sm-807">
         <name>SysCtlPeripheralEnable</name>
         <value>0x3c49</value>
         <object_component_ref idref="oc-e0"/>
      </symbol>
      <symbol id="sm-808">
         <name>SysCtlClockGet</name>
         <value>0x31e5</value>
         <object_component_ref idref="oc-17c"/>
      </symbol>
      <symbol id="sm-809">
         <name>SysCtlPWMClockSet</name>
         <value>0x3e71</value>
         <object_component_ref idref="oc-11c"/>
      </symbol>
      <symbol id="sm-874">
         <name>TimerLoadSet</name>
         <value>0x3ebd</value>
         <object_component_ref idref="oc-f2"/>
      </symbol>
      <symbol id="sm-875">
         <name>TimerIntRegister</name>
         <value>0x3de7</value>
         <object_component_ref idref="oc-f8"/>
      </symbol>
      <symbol id="sm-876">
         <name>TimerEnable</name>
         <value>0x3f0f</value>
         <object_component_ref idref="oc-116"/>
      </symbol>
      <symbol id="sm-877">
         <name>TimerIntStatus</name>
         <value>0x3fa5</value>
         <object_component_ref idref="oc-200"/>
      </symbol>
      <symbol id="sm-878">
         <name>TimerPrescaleSet</name>
         <value>0x3ecf</value>
         <object_component_ref idref="oc-ec"/>
      </symbol>
      <symbol id="sm-879">
         <name>TimerIntEnable</name>
         <value>0x3fe1</value>
         <object_component_ref idref="oc-fe"/>
      </symbol>
      <symbol id="sm-87a">
         <name>TimerConfigure</name>
         <value>0x395d</value>
         <object_component_ref idref="oc-e6"/>
      </symbol>
      <symbol id="sm-87b">
         <name>TimerIntClear</name>
         <value>0x401f</value>
         <object_component_ref idref="oc-206"/>
      </symbol>
      <symbol id="sm-925">
         <name>UARTCharPutNonBlocking</name>
         <value>0x3f2b</value>
         <object_component_ref idref="oc-21e"/>
      </symbol>
      <symbol id="sm-926">
         <name>UARTFIFODisable</name>
         <value>0x3fc3</value>
         <object_component_ref idref="oc-194"/>
      </symbol>
      <symbol id="sm-927">
         <name>UARTConfigSetExpClk</name>
         <value>0x3a55</value>
         <object_component_ref idref="oc-182"/>
      </symbol>
      <symbol id="sm-928">
         <name>UARTDisable</name>
         <value>0x3d55</value>
         <object_component_ref idref="oc-2e9"/>
      </symbol>
      <symbol id="sm-929">
         <name>UARTIntEnable</name>
         <value>0x3fe9</value>
         <object_component_ref idref="oc-1a6"/>
      </symbol>
      <symbol id="sm-92a">
         <name>UARTCharsAvail</name>
         <value>0x3f39</value>
         <object_component_ref idref="oc-230"/>
      </symbol>
      <symbol id="sm-92b">
         <name>UARTCharGetNonBlocking</name>
         <value>0x3f1d</value>
         <object_component_ref idref="oc-218"/>
      </symbol>
      <symbol id="sm-92c">
         <name>UARTClockSourceSet</name>
         <value>0x400b</value>
         <object_component_ref idref="oc-176"/>
      </symbol>
      <symbol id="sm-92d">
         <name>UARTCharPut</name>
         <value>0x3fb9</value>
         <object_component_ref idref="oc-2f6"/>
      </symbol>
      <symbol id="sm-92e">
         <name>UARTEnable</name>
         <value>0x3e85</value>
         <object_component_ref idref="oc-1b2"/>
      </symbol>
      <symbol id="sm-92f">
         <name>UARTFIFOEnable</name>
         <value>0x3fcd</value>
         <object_component_ref idref="oc-18e"/>
      </symbol>
      <symbol id="sm-930">
         <name>UARTIntClear</name>
         <value>0x4023</value>
         <object_component_ref idref="oc-1ac"/>
      </symbol>
      <symbol id="sm-931">
         <name>UARTIntStatus</name>
         <value>0x3fd7</value>
         <object_component_ref idref="oc-212"/>
      </symbol>
      <symbol id="sm-932">
         <name>UARTCharGet</name>
         <value>0x3faf</value>
         <object_component_ref idref="oc-2fc"/>
      </symbol>
      <symbol id="sm-933">
         <name>UARTFIFOLevelSet</name>
         <value>0x4011</value>
         <object_component_ref idref="oc-19a"/>
      </symbol>
      <symbol id="sm-934">
         <name>UARTIntRegister</name>
         <value>0x3dff</value>
         <object_component_ref idref="oc-1a0"/>
      </symbol>
      <symbol id="sm-93e">
         <name>CPUcpsie</name>
         <value>0x3f55</value>
         <object_component_ref idref="oc-2c7"/>
      </symbol>
      <symbol id="sm-93f">
         <name>__TI_static_base__</name>
         <value>0x0</value>
      </symbol>
      <symbol id="sm-942">
         <name>__mpu_init</name>
         <value>0x0</value>
      </symbol>
      <symbol id="sm-943">
         <name>_system_post_cinit</name>
         <value>0x0</value>
      </symbol>
   </symbol_table>
   <title>Link successful</title>
</link_info>
