******************************************************************************
                  TI ARM Linker PC v20.2.7                     
******************************************************************************
>> Linked Wed Jun 28 21:24:15 2023

OUTPUT FILE NAME:   <Car_drugs.out>
ENTRY POINT SYMBOL: "_c_int00_noargs"  address: 000039bd


MEMORY CONFIGURATION

         name            origin    length      used     unused   attr    fill
----------------------  --------  ---------  --------  --------  ----  --------
  FLASH                 00000000   00040000  000042ee  0003bd12  R  X
  SRAM                  20000000   00008000  0000065a  000079a6  RW X


SEGMENT ALLOCATION MAP

run origin  load origin   length   init length attrs members
----------  ----------- ---------- ----------- ----- -------
00000000    00000000    000042f0   000042f0    r-x
  00000000    00000000    0000026c   0000026c    r-- .intvecs
  0000026c    0000026c    00003afa   00003afa    r-x .text
  00003d68    00003d68    00000520   00000520    r-- .const
  00004288    00004288    00000068   00000068    r-- .cinit
20000000    20000000    00000660   00000000    rw-
  20000000    20000000    0000026c   00000000    rw- .vtable
  20000270    20000270    00000200   00000000    rw- .stack
  20000470    20000470    0000016a   00000000    rw- .bss
  200005dc    200005dc    00000084   00000000    rw- .data


SECTION ALLOCATION MAP

 output                                  attributes/
section   page    origin      length       input sections
--------  ----  ----------  ----------   ----------------
.intvecs   0    00000000    0000026c     
                  00000000    0000026c     tm4c123gh6pm_startup_ccs.obj (.intvecs)

.text      0    0000026c    00003afa     
                  0000026c    00000aac     main.obj (.text)
                  00000d18    0000078c     pid.obj (.text)
                  000014a4    00000534     hand_hand.obj (.text)
                  000019d8    000004a8     uartstdio.obj (.text)
                  00001e80    00000460     rtsv7M4_T_le_v4SPD16_eabi.lib : strtod.c.obj (.text:strtod)
                  000022e0    000003d4     my_uart.obj (.text)
                  000026b4    000003c8     rtsv7M4_T_le_v4SPD16_eabi.lib : strtof.c.obj (.text:strtof)
                  00002a7c    000001b6                                   : fd_add_t2.asm.obj (.text)
                  00002c32    00000002                                   : div0.asm.obj (.text)
                  00002c34    0000016c     driverlib.lib : gpio.obj (.text:GPIOPadConfigSet)
                  00002da0    00000136     rtsv7M4_T_le_v4SPD16_eabi.lib : fd_div_t2.asm.obj (.text)
                  00002ed6    00000002     --HOLE-- [fill = 0]
                  00002ed8    00000118     driverlib.lib : sysctl.obj (.text:SysCtlClockGet)
                  00002ff0    00000110     rtsv7M4_T_le_v4SPD16_eabi.lib : s_scalbn.c.obj (.text:scalbn)
                  00003100    000000fc                                   : fd_mul_t2.asm.obj (.text)
                  000031fc    000000f4     driverlib.lib : sysctl.obj (.text:SysCtlClockSet)
                  000032f0    000000d0     rtsv7M4_T_le_v4SPD16_eabi.lib : s_scalbnf.c.obj (.text:scalbnf)
                  000033c0    0000009c                                   : memcpy_t2.asm.obj (.text)
                  0000345c    00000086                                   : fd_cmp_t2.asm.obj (.text:__aeabi_cdcmple)
                  000034e2    0000007a                                   : memset_t2.asm.obj (.text)
                  0000355c    0000006e                                   : fd_tos_t2.asm.obj (.text)
                  000035ca    00000002     --HOLE-- [fill = 0]
                  000035cc    00000068     driverlib.lib : interrupt.obj (.text:IntEnable)
                  00003634    00000068     rtsv7M4_T_le_v4SPD16_eabi.lib : copy_decompress_lzss.c.obj (.text:decompress:lzss:__TI_decompress_lzss)
                  0000369c    00000060     driverlib.lib : timer.obj (.text:TimerConfigure)
                  000036fc    0000004c                   : gpio.obj (.text:GPIOPinConfigure)
                  00003748    0000004c                   : timer.obj (.text:_TimerIntNumberGet)
                  00003794    00000046                   : uart.obj (.text:UARTConfigSetExpClk)
                  000037da    00000002     --HOLE-- [fill = 0]
                  000037dc    00000044     rtsv7M4_T_le_v4SPD16_eabi.lib : autoinit.c.obj (.text:__TI_auto_init_nobinit_nopinit:__TI_auto_init_nobinit_nopinit)
                  00003820    00000044                                   : fd_tou_t2.asm.obj (.text)
                  00003864    00000040     driverlib.lib : uart.obj (.text:_UARTIntNumberGet)
                  000038a4    00000040     rtsv7M4_T_le_v4SPD16_eabi.lib : u_divt2.asm.obj (.text)
                  000038e4    00000038     driverlib.lib : sysctl.obj (.text:SysCtlPeripheralPresent)
                  0000391c    00000038     rtsv7M4_T_le_v4SPD16_eabi.lib : fs_tod_t2.asm.obj (.text)
                  00003954    00000034     driverlib.lib : interrupt.obj (.text:IntRegister)
                  00003988    00000034                   : sysctl.obj (.text:SysCtlPeripheralEnable)
                  000039bc    00000034     rtsv7M4_T_le_v4SPD16_eabi.lib : boot_cortex_m.c.obj (.text:_c_int00_noargs:_c_int00_noargs)
                  000039f0    0000002c     driverlib.lib : gpio.obj (.text:GPIODirModeSet)
                  00003a1c    00000024                   : interrupt.obj (.text:IntPrioritySet)
                  00003a40    00000022                   : pwm.obj (.text:PWMGenConfigure)
                  00003a62    00000002     --HOLE-- [fill = 0]
                  00003a64    00000020                   : uart.obj (.text:UARTDisable)
                  00003a84    00000020     rtsv7M4_T_le_v4SPD16_eabi.lib : u_tofd_t2.asm.obj (.text)
                  00003aa4    0000001e     driverlib.lib : pwm.obj (.text:PWMPulseWidthSet)
                  00003ac2    0000001c     rtsv7M4_T_le_v4SPD16_eabi.lib : copy_zero_init.c.obj (.text:decompress:ZI:__TI_zero_init_nomemset:__TI_zero_init_nomemset)
                  00003ade    0000001a     driverlib.lib : gpio.obj (.text:GPIOPinTypeGPIOOutput)
                  00003af8    0000001a     rtsv7M4_T_le_v4SPD16_eabi.lib : s_copysign.c.obj (.text:copysign)
                  00003b12    00000018     driverlib.lib : timer.obj (.text:TimerIntRegister)
                  00003b2a    00000018                   : uart.obj (.text:UARTIntRegister)
                  00003b42    00000018     rtsv7M4_T_le_v4SPD16_eabi.lib : s_copysignf.c.obj (.text:copysignf)
                  00003b5a    00000018                                   : strcmp.c.obj (.text:strcmp)
                  00003b72    00000016     driverlib.lib : gpio.obj (.text:GPIOPinTypePWM)
                  00003b88    00000016                   : gpio.obj (.text:GPIOPinTypeQEI)
                  00003b9e    00000016                   : gpio.obj (.text:GPIOPinTypeUART)
                  00003bb4    00000014                   : sysctl.obj (.text:SysCtlPWMClockSet)
                  00003bc8    00000014                   : uart.obj (.text:UARTEnable)
                  00003bdc    00000012                   : pwm.obj (.text:PWMGenPeriodGet)
                  00003bee    00000012                   : pwm.obj (.text:PWMOutputState)
                  00003c00    00000012                   : timer.obj (.text:TimerLoadSet)
                  00003c12    00000012                   : timer.obj (.text:TimerPrescaleSet)
                  00003c24    00000010                   : interrupt.obj (.text:IntMasterEnable)
                  00003c34    00000010                   : pwm.obj (.text:PWMGenPeriodSet)
                  00003c44    0000000e                   : qei.obj (.text:QEIConfigure)
                  00003c52    0000000e                   : timer.obj (.text:TimerEnable)
                  00003c60    0000000e                   : uart.obj (.text:UARTCharGetNonBlocking)
                  00003c6e    0000000e                   : uart.obj (.text:UARTCharPutNonBlocking)
                  00003c7c    0000000e                   : uart.obj (.text:UARTCharsAvail)
                  00003c8a    0000000e     rtsv7M4_T_le_v4SPD16_eabi.lib : copy_decompress_none.c.obj (.text:decompress:none:__TI_decompress_none)
                  00003c98    0000000c     driverlib.lib : cpu.obj (.text:CPUcpsie)
                  00003ca4    0000000c                   : pwm.obj (.text:PWMGenDisable)
                  00003cb0    0000000c                   : pwm.obj (.text:PWMGenEnable)
                  00003cbc    0000000c     tm4c123gh6pm_startup_ccs.obj (.text)
                  00003cc8    0000000a     driverlib.lib : qei.obj (.text:QEIEnable)
                  00003cd2    0000000a                   : qei.obj (.text:QEIIntDisable)
                  00003cdc    0000000a                   : timer.obj (.text:TimerIntStatus)
                  00003ce6    0000000a                   : uart.obj (.text:UARTCharGet)
                  00003cf0    0000000a                   : uart.obj (.text:UARTCharPut)
                  00003cfa    0000000a                   : uart.obj (.text:UARTFIFODisable)
                  00003d04    0000000a                   : uart.obj (.text:UARTFIFOEnable)
                  00003d0e    0000000a                   : uart.obj (.text:UARTIntStatus)
                  00003d18    00000008                   : timer.obj (.text:TimerIntEnable)
                  00003d20    00000008                   : uart.obj (.text:UARTIntEnable)
                  00003d28    00000008     rtsv7M4_T_le_v4SPD16_eabi.lib : errno.c.obj (.text:__aeabi_errno_addr)
                  00003d30    00000006     driverlib.lib : gpio.obj (.text:GPIOPinRead)
                  00003d36    00000006                   : gpio.obj (.text:GPIOPinWrite)
                  00003d3c    00000006                   : sysctl.obj (.text:SysCtlDelay)
                  00003d42    00000006                   : uart.obj (.text:UARTClockSourceSet)
                  00003d48    00000006                   : uart.obj (.text:UARTFIFOLevelSet)
                  00003d4e    00000004                   : qei.obj (.text:QEIPositionGet)
                  00003d52    00000004                   : qei.obj (.text:QEIPositionSet)
                  00003d56    00000004                   : timer.obj (.text:TimerIntClear)
                  00003d5a    00000004                   : uart.obj (.text:UARTIntClear)
                  00003d5e    00000004     rtsv7M4_T_le_v4SPD16_eabi.lib : pre_init.c.obj (.text:_system_pre_init)
                  00003d62    00000004                                   : exit.c.obj (.text:abort:abort)

.const     0    00003d68    00000520     
                  00003d68    00000101     rtsv7M4_T_le_v4SPD16_eabi.lib : ctype.c.obj (.const:.string:_ctypes_)
                  00003e69    00000003     --HOLE-- [fill = 0]
                  00003e6c    00000004     uartstdio.obj (.const)
                  00003e70    000000c8     rtsv7M4_T_le_v4SPD16_eabi.lib : strtod.c.obj (.const:$O1$$)
                  00003f38    0000009c     driverlib.lib : interrupt.obj (.const:g_pui32Regs)
                  00003fd4    00000090                   : gpio.obj (.const:g_pui32GPIOBaseAddrs)
                  00004064    0000006c                   : sysctl.obj (.const:g_pui32Xtals)
                  000040d0    00000060                   : timer.obj (.const:g_ppui32TimerIntMap)
                  00004130    00000058     rtsv7M4_T_le_v4SPD16_eabi.lib : strtof.c.obj (.const:$O1$$)
                  00004188    00000040     driverlib.lib : timer.obj (.const:g_ppui32TimerIntMapSnowflake)
                  000041c8    00000040                   : uart.obj (.const:g_ppui32UARTIntMap)
                  00004208    00000040                   : uart.obj (.const:g_ppui32UARTIntMapSnowflake)
                  00004248    00000014                   : interrupt.obj (.const:g_pui32EnRegs)
                  0000425c    00000012     uartstdio.obj (.const:.string)
                  0000426e    00000002     --HOLE-- [fill = 0]
                  00004270    0000000c     uartstdio.obj (.const:g_ui32UARTBase)
                  0000427c    0000000c     uartstdio.obj (.const:g_ui32UARTPeriph)

.cinit     0    00004288    00000068     
                  00004288    0000002d     (.cinit..data.load) [load image, compression = lzss]
                  000042b5    00000003     --HOLE-- [fill = 0]
                  000042b8    0000000c     (__TI_handler_table)
                  000042c4    00000004     --HOLE-- [fill = 0]
                  000042c8    00000008     (.cinit..bss.load) [load image, compression = zero_init]
                  000042d0    00000008     (.cinit..vtable.load) [load image, compression = zero_init]
                  000042d8    00000018     (__TI_cinit_table)

.init_array 
*          0    00000000    00000000     UNINITIALIZED

.vtable    0    20000000    0000026c     UNINITIALIZED
                  20000000    0000026c     driverlib.lib : interrupt.obj (.vtable)

.bss       0    20000470    0000016a     UNINITIALIZED
                  20000470    00000030     (.common:pid1_v)
                  200004a0    00000030     (.common:pid2_v)
                  200004d0    00000030     (.common:pid_b)
                  20000500    00000030     (.common:pid_theta)
                  20000530    00000030     (.common:pid_x1)
                  20000560    00000030     (.common:pid_x2)
                  20000590    00000020     (.common:rData1)
                  200005b0    00000020     (.common:rData5)
                  200005d0    00000004     (.common:endptr)
                  200005d4    00000004     (.common:pid)
                  200005d8    00000001     (.common:rx_buf1)
                  200005d9    00000001     (.common:rx_buf5)

.data      0    200005dc    00000084     UNINITIALIZED
                  200005dc    0000005c     main.obj (.data)
                  20000638    00000010     hand_hand.obj (.data)
                  20000648    0000000a     hand_hand.obj (.data:route)
                  20000652    00000002     --HOLE--
                  20000654    00000005     uartstdio.obj (.data)
                  20000659    00000003     --HOLE--
                  2000065c    00000004     rtsv7M4_T_le_v4SPD16_eabi.lib : errno.c.obj (.data)

.stack     0    20000270    00000200     UNINITIALIZED
                  20000270    00000004     rtsv7M4_T_le_v4SPD16_eabi.lib : boot_cortex_m.c.obj (.stack)
                  20000274    000001fc     --HOLE--

__llvm_prf_cnts 
*          0    20000000    00000000     UNINITIALIZED

MODULE SUMMARY

       Module                         code    ro data   rw data
       ------                         ----    -------   -------
    .\
       main.obj                       2732    0         162    
       pid.obj                        1932    0         292    
       hand_hand.obj                  1332    0         26     
       uartstdio.obj                  1192    46        5      
       my_uart.obj                    980     0         0      
       tm4c123gh6pm_startup_ccs.obj   12      620       0      
    +--+------------------------------+-------+---------+---------+
       Total:                         8180    666       485    
                                                               
    D:/TivaWare/driverlib/ccs/Debug/driverlib.lib
       interrupt.obj                  208     176       620    
       sysctl.obj                     658     108       0      
       gpio.obj                       588     144       0      
       uart.obj                       326     128       0      
       timer.obj                      268     160       0      
       pwm.obj                        140     0         0      
       qei.obj                        42      0         0      
       cpu.obj                        12      0         0      
    +--+------------------------------+-------+---------+---------+
       Total:                         2242    716       620    
                                                               
    D:\CCS12.3.0\ccs\tools\compiler\ti-cgt-arm_20.2.7.LTS\lib\rtsv7M4_T_le_v4SPD16_eabi.lib
       strtod.c.obj                   1120    200       0      
       strtof.c.obj                   968     88        0      
       fd_add_t2.asm.obj              438     0         0      
       fd_div_t2.asm.obj              310     0         0      
       s_scalbn.c.obj                 272     0         0      
       ctype.c.obj                    0       257       0      
       fd_mul_t2.asm.obj              252     0         0      
       s_scalbnf.c.obj                208     0         0      
       memcpy_t2.asm.obj              156     0         0      
       fd_cmp_t2.asm.obj              134     0         0      
       memset_t2.asm.obj              122     0         0      
       fd_tos_t2.asm.obj              110     0         0      
       copy_decompress_lzss.c.obj     104     0         0      
       autoinit.c.obj                 68      0         0      
       fd_tou_t2.asm.obj              68      0         0      
       u_divt2.asm.obj                64      0         0      
       fs_tod_t2.asm.obj              56      0         0      
       boot_cortex_m.c.obj            52      0         0      
       u_tofd_t2.asm.obj              32      0         0      
       copy_zero_init.c.obj           28      0         0      
       s_copysign.c.obj               26      0         0      
       s_copysignf.c.obj              24      0         0      
       strcmp.c.obj                   24      0         0      
       copy_decompress_none.c.obj     14      0         0      
       errno.c.obj                    8       0         4      
       exit.c.obj                     4       0         0      
       pre_init.c.obj                 4       0         0      
       div0.asm.obj                   2       0         0      
    +--+------------------------------+-------+---------+---------+
       Total:                         4668    545       4      
                                                               
       Stack:                         0       0         512    
       Linker Generated:              0       97        0      
    +--+------------------------------+-------+---------+---------+
       Grand Total:                   15090   2024      1621   


LINKER GENERATED COPY TABLES

__TI_cinit_table @ 000042d8 records: 3, size/record: 8, table size: 24
	.data: load addr=00004288, load size=0000002d bytes, run addr=200005dc, run size=00000084 bytes, compression=lzss
	.bss: load addr=000042c8, load size=00000008 bytes, run addr=20000470, run size=0000016a bytes, compression=zero_init
	.vtable: load addr=000042d0, load size=00000008 bytes, run addr=20000000, run size=0000026c bytes, compression=zero_init


LINKER GENERATED HANDLER TABLE

__TI_handler_table @ 000042b8 records: 3, size/record: 4, table size: 12
	index: 0, handler: __TI_zero_init
	index: 1, handler: __TI_decompress_lzss
	index: 2, handler: __TI_decompress_none


GLOBAL SYMBOLS: SORTED ALPHABETICALLY BY Name 

address   name                          
-------   ----                          
00003d63  C$$EXIT                       
00003c99  CPUcpsie                      
000039f1  GPIODirModeSet                
00002c35  GPIOPadConfigSet              
000036fd  GPIOPinConfigure              
00003d31  GPIOPinRead                   
00003adf  GPIOPinTypeGPIOOutput         
00003b73  GPIOPinTypePWM                
00003b89  GPIOPinTypeQEI                
00003b9f  GPIOPinTypeUART               
00003d37  GPIOPinWrite                  
00000615  GPIO_init                     
000022e1  Get_Data                      
000035cd  IntEnable                     
00003c25  IntMasterEnable               
00003a1d  IntPrioritySet                
00003955  IntRegister                   
2000061f  LED_flag                      
000012ab  PID_b_update                  
00000d19  PID_init                      
000013bd  PID_para                      
0000100d  PID_speed_update              
000011ad  PID_theta_update              
00000e87  PID_x_update                  
00003a41  PWMGenConfigure               
00003ca5  PWMGenDisable                 
00003cb1  PWMGenEnable                  
00003bdd  PWMGenPeriodGet               
00003c35  PWMGenPeriodSet               
00003bef  PWMOutputState                
00003aa5  PWMPulseWidthSet              
000003b7  PWM_init                      
00003c45  QEIConfigure                  
00003cc9  QEIEnable                     
00003cd3  QEIIntDisable                 
00003d4f  QEIPositionGet                
00003d53  QEIPositionSet                
00000469  QEI_init                      
00003cbd  ResetISR                      
00001501  StatusDeal                    
000014a5  StatusReset                   
00002ed9  SysCtlClockGet                
000031fd  SysCtlClockSet                
00003d3d  SysCtlDelay                   
00003bb5  SysCtlPWMClockSet             
00003989  SysCtlPeripheralEnable        
000038e5  SysCtlPeripheralPresent       
00000363  Sysint_init                   
0000083d  TIMER0_IRQHandler             
0000369d  TimerConfigure                
00003c53  TimerEnable                   
00003d57  TimerIntClear                 
00003d19  TimerIntEnable                
00003b13  TimerIntRegister              
00003cdd  TimerIntStatus                
00003c01  TimerLoadSet                  
00003c13  TimerPrescaleSet              
00000ab9  UART1_Handler                 
00000bbd  UART5_Handler                 
00003ce7  UARTCharGet                   
00003c61  UARTCharGetNonBlocking        
00003cf1  UARTCharPut                   
00003c6f  UARTCharPutNonBlocking        
00003c7d  UARTCharsAvail                
00003d43  UARTClockSourceSet            
00003795  UARTConfigSetExpClk           
00003a65  UARTDisable                   
00003bc9  UARTEnable                    
00003cfb  UARTFIFODisable               
00003d05  UARTFIFOEnable                
00003d49  UARTFIFOLevelSet              
00003d5b  UARTIntClear                  
00003d21  UARTIntEnable                 
00003b2b  UARTIntRegister               
00003d0f  UARTIntStatus                 
000019d9  UARTStdioConfig               
00001b29  UARTgetc                      
00001a6f  UARTgets                      
00001e4b  UARTprintf                    
00001b51  UARTvprintf                   
00001a1f  UARTwrite                     
000024f5  USART_PID_Adjust              
00000521  USART_init                    
000006a1  Wheel_set                     
20000470  __STACK_END                   
00000200  __STACK_SIZE                  
20000470  __STACK_TOP                   
000042d8  __TI_CINIT_Base               
000042f0  __TI_CINIT_Limit              
000042b8  __TI_Handler_Table_Base       
000042c4  __TI_Handler_Table_Limit      
000037dd  __TI_auto_init_nobinit_nopinit
00003635  __TI_decompress_lzss          
00003c8b  __TI_decompress_none          
ffffffff  __TI_pprof_out_hndl           
ffffffff  __TI_prof_data_size           
ffffffff  __TI_prof_data_start          
00000000  __TI_static_base__            
00003ac3  __TI_zero_init_nomemset       
0000345d  __aeabi_cdcmpeq               
0000345d  __aeabi_cdcmple               
0000355d  __aeabi_d2f                   
00003821  __aeabi_d2uiz                 
00002a87  __aeabi_dadd                  
00002da1  __aeabi_ddiv                  
00003101  __aeabi_dmul                  
00002a7d  __aeabi_dsub                  
00003d29  __aeabi_errno_addr            
0000391d  __aeabi_f2d                   
00002c33  __aeabi_idiv0                 
00002c33  __aeabi_ldiv0                 
000034e3  __aeabi_memclr                
000034e3  __aeabi_memclr4               
000034e3  __aeabi_memclr8               
000033c1  __aeabi_memcpy                
000033c1  __aeabi_memcpy4               
000033c1  __aeabi_memcpy8               
000034e5  __aeabi_memset                
000034e5  __aeabi_memset4               
000034e5  __aeabi_memset8               
00003a85  __aeabi_ui2d                  
000038a5  __aeabi_uidiv                 
000038a5  __aeabi_uidivmod              
ffffffff  __binit__                     
ffffffff  __c_args__                    
UNDEFED   __mpu_init                    
20000270  __stack                       
20000000  __start___llvm_prf_cnts       
20000000  __stop___llvm_prf_cnts        
000039bd  _c_int00_noargs               
00003d68  _ctypes_                      
UNDEFED   _system_post_cinit            
00003d5f  _system_pre_init              
00003d63  abort                         
200005ec  b                             
200005e4  b_pid_flag                    
20000604  b_speed                       
ffffffff  binit                         
00003af9  copysign                      
00003b43  copysignf                     
00003af9  copysignl                     
200005d0  endptr                        
2000065c  errno                         
20000000  g_pfnRAMVectors               
00000000  g_pfnVectors                  
00002ff1  ldexp                         
000032f1  ldexpf                        
00002ff1  ldexpl                        
0000026d  main                          
000033c1  memcpy                        
000034eb  memset                        
20000646  next_q                        
200005d4  pid                           
20000470  pid1_v                        
200004a0  pid2_v                        
200004d0  pid_b                         
20000500  pid_theta                     
20000530  pid_x1                        
20000560  pid_x2                        
20000620  question                      
20000590  rData1                        
200005b0  rData5                        
20000611  rDataCount1                   
20000610  rDataCount5                   
20000618  rDataFlag1                    
20000614  rDataFlag5                    
20000640  recognize_flag                
20000648  route                         
2000061c  route_flag                    
2000063c  route_len                     
200005d8  rx_buf1                       
200005d9  rx_buf5                       
00002ff1  scalbn                        
000032f1  scalbnf                       
00002ff1  scalbnl                       
200005f0  setspeed                      
200005e8  setspeed_flag                 
20000608  speed1                        
2000060c  speed2                        
20000638  status_hand                   
20000647  stop_count                    
00003b5b  strcmp                        
00001e81  strtod                        
000026b5  strtof                        
00001e81  strtold                       
20000645  target_flag                   
20000644  task_flag                     
2000061d  test_flag                     
200005fc  theta                         
200005e0  theta_pid_flag                
20000600  theta_speed                   
20000641  turn_route_flag               
20000643  turn_task_flag                
2000061e  uart_flag                     
200005dc  x_pid_flag                    
200005f4  x_set1                        
200005f8  x_set2                        
20000642  x_task_flag                   


GLOBAL SYMBOLS: SORTED BY Symbol Address 

address   name                          
-------   ----                          
00000000  __TI_static_base__            
00000000  g_pfnVectors                  
00000200  __STACK_SIZE                  
0000026d  main                          
00000363  Sysint_init                   
000003b7  PWM_init                      
00000469  QEI_init                      
00000521  USART_init                    
00000615  GPIO_init                     
000006a1  Wheel_set                     
0000083d  TIMER0_IRQHandler             
00000ab9  UART1_Handler                 
00000bbd  UART5_Handler                 
00000d19  PID_init                      
00000e87  PID_x_update                  
0000100d  PID_speed_update              
000011ad  PID_theta_update              
000012ab  PID_b_update                  
000013bd  PID_para                      
000014a5  StatusReset                   
00001501  StatusDeal                    
000019d9  UARTStdioConfig               
00001a1f  UARTwrite                     
00001a6f  UARTgets                      
00001b29  UARTgetc                      
00001b51  UARTvprintf                   
00001e4b  UARTprintf                    
00001e81  strtod                        
00001e81  strtold                       
000022e1  Get_Data                      
000024f5  USART_PID_Adjust              
000026b5  strtof                        
00002a7d  __aeabi_dsub                  
00002a87  __aeabi_dadd                  
00002c33  __aeabi_idiv0                 
00002c33  __aeabi_ldiv0                 
00002c35  GPIOPadConfigSet              
00002da1  __aeabi_ddiv                  
00002ed9  SysCtlClockGet                
00002ff1  ldexp                         
00002ff1  ldexpl                        
00002ff1  scalbn                        
00002ff1  scalbnl                       
00003101  __aeabi_dmul                  
000031fd  SysCtlClockSet                
000032f1  ldexpf                        
000032f1  scalbnf                       
000033c1  __aeabi_memcpy                
000033c1  __aeabi_memcpy4               
000033c1  __aeabi_memcpy8               
000033c1  memcpy                        
0000345d  __aeabi_cdcmpeq               
0000345d  __aeabi_cdcmple               
000034e3  __aeabi_memclr                
000034e3  __aeabi_memclr4               
000034e3  __aeabi_memclr8               
000034e5  __aeabi_memset                
000034e5  __aeabi_memset4               
000034e5  __aeabi_memset8               
000034eb  memset                        
0000355d  __aeabi_d2f                   
000035cd  IntEnable                     
00003635  __TI_decompress_lzss          
0000369d  TimerConfigure                
000036fd  GPIOPinConfigure              
00003795  UARTConfigSetExpClk           
000037dd  __TI_auto_init_nobinit_nopinit
00003821  __aeabi_d2uiz                 
000038a5  __aeabi_uidiv                 
000038a5  __aeabi_uidivmod              
000038e5  SysCtlPeripheralPresent       
0000391d  __aeabi_f2d                   
00003955  IntRegister                   
00003989  SysCtlPeripheralEnable        
000039bd  _c_int00_noargs               
000039f1  GPIODirModeSet                
00003a1d  IntPrioritySet                
00003a41  PWMGenConfigure               
00003a65  UARTDisable                   
00003a85  __aeabi_ui2d                  
00003aa5  PWMPulseWidthSet              
00003ac3  __TI_zero_init_nomemset       
00003adf  GPIOPinTypeGPIOOutput         
00003af9  copysign                      
00003af9  copysignl                     
00003b13  TimerIntRegister              
00003b2b  UARTIntRegister               
00003b43  copysignf                     
00003b5b  strcmp                        
00003b73  GPIOPinTypePWM                
00003b89  GPIOPinTypeQEI                
00003b9f  GPIOPinTypeUART               
00003bb5  SysCtlPWMClockSet             
00003bc9  UARTEnable                    
00003bdd  PWMGenPeriodGet               
00003bef  PWMOutputState                
00003c01  TimerLoadSet                  
00003c13  TimerPrescaleSet              
00003c25  IntMasterEnable               
00003c35  PWMGenPeriodSet               
00003c45  QEIConfigure                  
00003c53  TimerEnable                   
00003c61  UARTCharGetNonBlocking        
00003c6f  UARTCharPutNonBlocking        
00003c7d  UARTCharsAvail                
00003c8b  __TI_decompress_none          
00003c99  CPUcpsie                      
00003ca5  PWMGenDisable                 
00003cb1  PWMGenEnable                  
00003cbd  ResetISR                      
00003cc9  QEIEnable                     
00003cd3  QEIIntDisable                 
00003cdd  TimerIntStatus                
00003ce7  UARTCharGet                   
00003cf1  UARTCharPut                   
00003cfb  UARTFIFODisable               
00003d05  UARTFIFOEnable                
00003d0f  UARTIntStatus                 
00003d19  TimerIntEnable                
00003d21  UARTIntEnable                 
00003d29  __aeabi_errno_addr            
00003d31  GPIOPinRead                   
00003d37  GPIOPinWrite                  
00003d3d  SysCtlDelay                   
00003d43  UARTClockSourceSet            
00003d49  UARTFIFOLevelSet              
00003d4f  QEIPositionGet                
00003d53  QEIPositionSet                
00003d57  TimerIntClear                 
00003d5b  UARTIntClear                  
00003d5f  _system_pre_init              
00003d63  C$$EXIT                       
00003d63  abort                         
00003d68  _ctypes_                      
000042b8  __TI_Handler_Table_Base       
000042c4  __TI_Handler_Table_Limit      
000042d8  __TI_CINIT_Base               
000042f0  __TI_CINIT_Limit              
20000000  __start___llvm_prf_cnts       
20000000  __stop___llvm_prf_cnts        
20000000  g_pfnRAMVectors               
20000270  __stack                       
20000470  __STACK_END                   
20000470  __STACK_TOP                   
20000470  pid1_v                        
200004a0  pid2_v                        
200004d0  pid_b                         
20000500  pid_theta                     
20000530  pid_x1                        
20000560  pid_x2                        
20000590  rData1                        
200005b0  rData5                        
200005d0  endptr                        
200005d4  pid                           
200005d8  rx_buf1                       
200005d9  rx_buf5                       
200005dc  x_pid_flag                    
200005e0  theta_pid_flag                
200005e4  b_pid_flag                    
200005e8  setspeed_flag                 
200005ec  b                             
200005f0  setspeed                      
200005f4  x_set1                        
200005f8  x_set2                        
200005fc  theta                         
20000600  theta_speed                   
20000604  b_speed                       
20000608  speed1                        
2000060c  speed2                        
20000610  rDataCount5                   
20000611  rDataCount1                   
20000614  rDataFlag5                    
20000618  rDataFlag1                    
2000061c  route_flag                    
2000061d  test_flag                     
2000061e  uart_flag                     
2000061f  LED_flag                      
20000620  question                      
20000638  status_hand                   
2000063c  route_len                     
20000640  recognize_flag                
20000641  turn_route_flag               
20000642  x_task_flag                   
20000643  turn_task_flag                
20000644  task_flag                     
20000645  target_flag                   
20000646  next_q                        
20000647  stop_count                    
20000648  route                         
2000065c  errno                         
ffffffff  __TI_pprof_out_hndl           
ffffffff  __TI_prof_data_size           
ffffffff  __TI_prof_data_start          
ffffffff  __binit__                     
ffffffff  __c_args__                    
ffffffff  binit                         
UNDEFED   __mpu_init                    
UNDEFED   _system_post_cinit            

[198 symbols]
