******************************************************************************
                  TI ARM Linker PC v20.2.7                     
******************************************************************************
>> Linked Thu Jun 29 19:25:08 2023

OUTPUT FILE NAME:   <Car_drugs.out>
ENTRY POINT SYMBOL: "_c_int00_noargs"  address: 00003a15


MEMORY CONFIGURATION

         name            origin    length      used     unused   attr    fill
----------------------  --------  ---------  --------  --------  ----  --------
  FLASH                 00000000   00040000  0000433e  0003bcc2  R  X
  SRAM                  20000000   00008000  0000065a  000079a6  RW X


SEGMENT ALLOCATION MAP

run origin  load origin   length   init length attrs members
----------  ----------- ---------- ----------- ----- -------
00000000    00000000    00004340   00004340    r-x
  00000000    00000000    0000026c   0000026c    r-- .intvecs
  0000026c    0000026c    00003b52   00003b52    r-x .text
  00003dc0    00003dc0    00000520   00000520    r-- .const
  000042e0    000042e0    00000060   00000060    r-- .cinit
20000000    20000000    00000660   00000000    rw-
  20000000    20000000    0000026c   00000000    rw- .vtable
  20000270    20000270    00000200   00000000    rw- .stack
  20000470    20000470    0000016a   00000000    rw- .bss
  200005dc    200005dc    00000084   00000000    rw- .data


SECTION ALLOCATION MAP

 output                                  attributes/
section   page    origin      length       input sections
--------  ----  ----------  ----------   ----------------
.intvecs   0    00000000    0000026c     
                  00000000    0000026c     tm4c123gh6pm_startup_ccs.obj (.intvecs)

.text      0    0000026c    00003b52     
                  0000026c    00000ab0     main.obj (.text)
                  00000d1c    0000078c     pid.obj (.text)
                  000014a8    00000588     hand_hand.obj (.text)
                  00001a30    000004a8     uartstdio.obj (.text)
                  00001ed8    00000460     rtsv7M4_T_le_v4SPD16_eabi.lib : strtod.c.obj (.text:strtod)
                  00002338    000003d4     my_uart.obj (.text)
                  0000270c    000003c8     rtsv7M4_T_le_v4SPD16_eabi.lib : strtof.c.obj (.text:strtof)
                  00002ad4    000001b6                                   : fd_add_t2.asm.obj (.text)
                  00002c8a    00000002                                   : div0.asm.obj (.text)
                  00002c8c    0000016c     driverlib.lib : gpio.obj (.text:GPIOPadConfigSet)
                  00002df8    00000136     rtsv7M4_T_le_v4SPD16_eabi.lib : fd_div_t2.asm.obj (.text)
                  00002f2e    00000002     --HOLE-- [fill = 0]
                  00002f30    00000118     driverlib.lib : sysctl.obj (.text:SysCtlClockGet)
                  00003048    00000110     rtsv7M4_T_le_v4SPD16_eabi.lib : s_scalbn.c.obj (.text:scalbn)
                  00003158    000000fc                                   : fd_mul_t2.asm.obj (.text)
                  00003254    000000f4     driverlib.lib : sysctl.obj (.text:SysCtlClockSet)
                  00003348    000000d0     rtsv7M4_T_le_v4SPD16_eabi.lib : s_scalbnf.c.obj (.text:scalbnf)
                  00003418    0000009c                                   : memcpy_t2.asm.obj (.text)
                  000034b4    00000086                                   : fd_cmp_t2.asm.obj (.text:__aeabi_cdcmple)
                  0000353a    0000007a                                   : memset_t2.asm.obj (.text)
                  000035b4    0000006e                                   : fd_tos_t2.asm.obj (.text)
                  00003622    00000002     --HOLE-- [fill = 0]
                  00003624    00000068     driverlib.lib : interrupt.obj (.text:IntEnable)
                  0000368c    00000068     rtsv7M4_T_le_v4SPD16_eabi.lib : copy_decompress_lzss.c.obj (.text:decompress:lzss:__TI_decompress_lzss)
                  000036f4    00000060     driverlib.lib : timer.obj (.text:TimerConfigure)
                  00003754    0000004c                   : gpio.obj (.text:GPIOPinConfigure)
                  000037a0    0000004c                   : timer.obj (.text:_TimerIntNumberGet)
                  000037ec    00000046                   : uart.obj (.text:UARTConfigSetExpClk)
                  00003832    00000002     --HOLE-- [fill = 0]
                  00003834    00000044     rtsv7M4_T_le_v4SPD16_eabi.lib : autoinit.c.obj (.text:__TI_auto_init_nobinit_nopinit:__TI_auto_init_nobinit_nopinit)
                  00003878    00000044                                   : fd_tou_t2.asm.obj (.text)
                  000038bc    00000040     driverlib.lib : uart.obj (.text:_UARTIntNumberGet)
                  000038fc    00000040     rtsv7M4_T_le_v4SPD16_eabi.lib : u_divt2.asm.obj (.text)
                  0000393c    00000038     driverlib.lib : sysctl.obj (.text:SysCtlPeripheralPresent)
                  00003974    00000038     rtsv7M4_T_le_v4SPD16_eabi.lib : fs_tod_t2.asm.obj (.text)
                  000039ac    00000034     driverlib.lib : interrupt.obj (.text:IntRegister)
                  000039e0    00000034                   : sysctl.obj (.text:SysCtlPeripheralEnable)
                  00003a14    00000034     rtsv7M4_T_le_v4SPD16_eabi.lib : boot_cortex_m.c.obj (.text:_c_int00_noargs:_c_int00_noargs)
                  00003a48    0000002c     driverlib.lib : gpio.obj (.text:GPIODirModeSet)
                  00003a74    00000024                   : interrupt.obj (.text:IntPrioritySet)
                  00003a98    00000022                   : pwm.obj (.text:PWMGenConfigure)
                  00003aba    00000002     --HOLE-- [fill = 0]
                  00003abc    00000020                   : uart.obj (.text:UARTDisable)
                  00003adc    00000020     rtsv7M4_T_le_v4SPD16_eabi.lib : u_tofd_t2.asm.obj (.text)
                  00003afc    0000001e     driverlib.lib : pwm.obj (.text:PWMPulseWidthSet)
                  00003b1a    0000001c     rtsv7M4_T_le_v4SPD16_eabi.lib : copy_zero_init.c.obj (.text:decompress:ZI:__TI_zero_init_nomemset:__TI_zero_init_nomemset)
                  00003b36    0000001a     driverlib.lib : gpio.obj (.text:GPIOPinTypeGPIOOutput)
                  00003b50    0000001a     rtsv7M4_T_le_v4SPD16_eabi.lib : s_copysign.c.obj (.text:copysign)
                  00003b6a    00000018     driverlib.lib : timer.obj (.text:TimerIntRegister)
                  00003b82    00000018                   : uart.obj (.text:UARTIntRegister)
                  00003b9a    00000018     rtsv7M4_T_le_v4SPD16_eabi.lib : s_copysignf.c.obj (.text:copysignf)
                  00003bb2    00000018                                   : strcmp.c.obj (.text:strcmp)
                  00003bca    00000016     driverlib.lib : gpio.obj (.text:GPIOPinTypePWM)
                  00003be0    00000016                   : gpio.obj (.text:GPIOPinTypeQEI)
                  00003bf6    00000016                   : gpio.obj (.text:GPIOPinTypeUART)
                  00003c0c    00000014                   : sysctl.obj (.text:SysCtlPWMClockSet)
                  00003c20    00000014                   : uart.obj (.text:UARTEnable)
                  00003c34    00000012                   : pwm.obj (.text:PWMGenPeriodGet)
                  00003c46    00000012                   : pwm.obj (.text:PWMOutputState)
                  00003c58    00000012                   : timer.obj (.text:TimerLoadSet)
                  00003c6a    00000012                   : timer.obj (.text:TimerPrescaleSet)
                  00003c7c    00000010                   : interrupt.obj (.text:IntMasterEnable)
                  00003c8c    00000010                   : pwm.obj (.text:PWMGenPeriodSet)
                  00003c9c    0000000e                   : qei.obj (.text:QEIConfigure)
                  00003caa    0000000e                   : timer.obj (.text:TimerEnable)
                  00003cb8    0000000e                   : uart.obj (.text:UARTCharGetNonBlocking)
                  00003cc6    0000000e                   : uart.obj (.text:UARTCharPutNonBlocking)
                  00003cd4    0000000e                   : uart.obj (.text:UARTCharsAvail)
                  00003ce2    0000000e     rtsv7M4_T_le_v4SPD16_eabi.lib : copy_decompress_none.c.obj (.text:decompress:none:__TI_decompress_none)
                  00003cf0    0000000c     driverlib.lib : cpu.obj (.text:CPUcpsie)
                  00003cfc    0000000c                   : pwm.obj (.text:PWMGenDisable)
                  00003d08    0000000c                   : pwm.obj (.text:PWMGenEnable)
                  00003d14    0000000c     tm4c123gh6pm_startup_ccs.obj (.text)
                  00003d20    0000000a     driverlib.lib : qei.obj (.text:QEIEnable)
                  00003d2a    0000000a                   : qei.obj (.text:QEIIntDisable)
                  00003d34    0000000a                   : timer.obj (.text:TimerIntStatus)
                  00003d3e    0000000a                   : uart.obj (.text:UARTCharGet)
                  00003d48    0000000a                   : uart.obj (.text:UARTCharPut)
                  00003d52    0000000a                   : uart.obj (.text:UARTFIFODisable)
                  00003d5c    0000000a                   : uart.obj (.text:UARTFIFOEnable)
                  00003d66    0000000a                   : uart.obj (.text:UARTIntStatus)
                  00003d70    00000008                   : timer.obj (.text:TimerIntEnable)
                  00003d78    00000008                   : uart.obj (.text:UARTIntEnable)
                  00003d80    00000008     rtsv7M4_T_le_v4SPD16_eabi.lib : errno.c.obj (.text:__aeabi_errno_addr)
                  00003d88    00000006     driverlib.lib : gpio.obj (.text:GPIOPinRead)
                  00003d8e    00000006                   : gpio.obj (.text:GPIOPinWrite)
                  00003d94    00000006                   : sysctl.obj (.text:SysCtlDelay)
                  00003d9a    00000006                   : uart.obj (.text:UARTClockSourceSet)
                  00003da0    00000006                   : uart.obj (.text:UARTFIFOLevelSet)
                  00003da6    00000004                   : qei.obj (.text:QEIPositionGet)
                  00003daa    00000004                   : qei.obj (.text:QEIPositionSet)
                  00003dae    00000004                   : timer.obj (.text:TimerIntClear)
                  00003db2    00000004                   : uart.obj (.text:UARTIntClear)
                  00003db6    00000004     rtsv7M4_T_le_v4SPD16_eabi.lib : pre_init.c.obj (.text:_system_pre_init)
                  00003dba    00000004                                   : exit.c.obj (.text:abort:abort)

.const     0    00003dc0    00000520     
                  00003dc0    00000101     rtsv7M4_T_le_v4SPD16_eabi.lib : ctype.c.obj (.const:.string:_ctypes_)
                  00003ec1    00000003     --HOLE-- [fill = 0]
                  00003ec4    00000004     uartstdio.obj (.const)
                  00003ec8    000000c8     rtsv7M4_T_le_v4SPD16_eabi.lib : strtod.c.obj (.const:$O1$$)
                  00003f90    0000009c     driverlib.lib : interrupt.obj (.const:g_pui32Regs)
                  0000402c    00000090                   : gpio.obj (.const:g_pui32GPIOBaseAddrs)
                  000040bc    0000006c                   : sysctl.obj (.const:g_pui32Xtals)
                  00004128    00000060                   : timer.obj (.const:g_ppui32TimerIntMap)
                  00004188    00000058     rtsv7M4_T_le_v4SPD16_eabi.lib : strtof.c.obj (.const:$O1$$)
                  000041e0    00000040     driverlib.lib : timer.obj (.const:g_ppui32TimerIntMapSnowflake)
                  00004220    00000040                   : uart.obj (.const:g_ppui32UARTIntMap)
                  00004260    00000040                   : uart.obj (.const:g_ppui32UARTIntMapSnowflake)
                  000042a0    00000014                   : interrupt.obj (.const:g_pui32EnRegs)
                  000042b4    00000012     uartstdio.obj (.const:.string)
                  000042c6    00000002     --HOLE-- [fill = 0]
                  000042c8    0000000c     uartstdio.obj (.const:g_ui32UARTBase)
                  000042d4    0000000c     uartstdio.obj (.const:g_ui32UARTPeriph)

.cinit     0    000042e0    00000060     
                  000042e0    0000002c     (.cinit..data.load) [load image, compression = lzss]
                  0000430c    0000000c     (__TI_handler_table)
                  00004318    00000008     (.cinit..bss.load) [load image, compression = zero_init]
                  00004320    00000008     (.cinit..vtable.load) [load image, compression = zero_init]
                  00004328    00000018     (__TI_cinit_table)

.init_array 
*          0    00000000    00000000     UNINITIALIZED

.vtable    0    20000000    0000026c     UNINITIALIZED
                  20000000    0000026c     driverlib.lib : interrupt.obj (.vtable)

.bss       0    20000470    0000016a     UNINITIALIZED
                  20000470    00000030     (.common:pid1_v)
                  200004a0    00000030     (.common:pid2_v)
                  200004d0    00000030     (.common:pid_b)
                  20000500    00000030     (.common:pid_theta)
                  20000530    00000030     (.common:pid_x1)
                  20000560    00000030     (.common:pid_x2)
                  20000590    00000020     (.common:rData1)
                  200005b0    00000020     (.common:rData5)
                  200005d0    00000004     (.common:endptr)
                  200005d4    00000004     (.common:pid)
                  200005d8    00000001     (.common:rx_buf1)
                  200005d9    00000001     (.common:rx_buf5)

.data      0    200005dc    00000084     UNINITIALIZED
                  200005dc    00000058     main.obj (.data)
                  20000634    00000015     hand_hand.obj (.data)
                  20000649    0000000a     hand_hand.obj (.data:route)
                  20000653    00000001     --HOLE--
                  20000654    00000005     uartstdio.obj (.data)
                  20000659    00000003     --HOLE--
                  2000065c    00000004     rtsv7M4_T_le_v4SPD16_eabi.lib : errno.c.obj (.data)

.stack     0    20000270    00000200     UNINITIALIZED
                  20000270    00000004     rtsv7M4_T_le_v4SPD16_eabi.lib : boot_cortex_m.c.obj (.stack)
                  20000274    000001fc     --HOLE--

__llvm_prf_cnts 
*          0    20000000    00000000     UNINITIALIZED

MODULE SUMMARY

       Module                         code    ro data   rw data
       ------                         ----    -------   -------
    .\
       main.obj                       2736    0         158    
       pid.obj                        1932    0         292    
       hand_hand.obj                  1416    0         31     
       uartstdio.obj                  1192    46        5      
       my_uart.obj                    980     0         0      
       tm4c123gh6pm_startup_ccs.obj   12      620       0      
    +--+------------------------------+-------+---------+---------+
       Total:                         8268    666       486    
                                                               
    D:/TivaWare/driverlib/ccs/Debug/driverlib.lib
       interrupt.obj                  208     176       620    
       sysctl.obj                     658     108       0      
       gpio.obj                       588     144       0      
       uart.obj                       326     128       0      
       timer.obj                      268     160       0      
       pwm.obj                        140     0         0      
       qei.obj                        42      0         0      
       cpu.obj                        12      0         0      
    +--+------------------------------+-------+---------+---------+
       Total:                         2242    716       620    
                                                               
    D:\CCS12.3.0\ccs\tools\compiler\ti-cgt-arm_20.2.7.LTS\lib\rtsv7M4_T_le_v4SPD16_eabi.lib
       strtod.c.obj                   1120    200       0      
       strtof.c.obj                   968     88        0      
       fd_add_t2.asm.obj              438     0         0      
       fd_div_t2.asm.obj              310     0         0      
       s_scalbn.c.obj                 272     0         0      
       ctype.c.obj                    0       257       0      
       fd_mul_t2.asm.obj              252     0         0      
       s_scalbnf.c.obj                208     0         0      
       memcpy_t2.asm.obj              156     0         0      
       fd_cmp_t2.asm.obj              134     0         0      
       memset_t2.asm.obj              122     0         0      
       fd_tos_t2.asm.obj              110     0         0      
       copy_decompress_lzss.c.obj     104     0         0      
       autoinit.c.obj                 68      0         0      
       fd_tou_t2.asm.obj              68      0         0      
       u_divt2.asm.obj                64      0         0      
       fs_tod_t2.asm.obj              56      0         0      
       boot_cortex_m.c.obj            52      0         0      
       u_tofd_t2.asm.obj              32      0         0      
       copy_zero_init.c.obj           28      0         0      
       s_copysign.c.obj               26      0         0      
       s_copysignf.c.obj              24      0         0      
       strcmp.c.obj                   24      0         0      
       copy_decompress_none.c.obj     14      0         0      
       errno.c.obj                    8       0         4      
       exit.c.obj                     4       0         0      
       pre_init.c.obj                 4       0         0      
       div0.asm.obj                   2       0         0      
    +--+------------------------------+-------+---------+---------+
       Total:                         4668    545       4      
                                                               
       Stack:                         0       0         512    
       Linker Generated:              0       96        0      
    +--+------------------------------+-------+---------+---------+
       Grand Total:                   15178   2023      1622   


LINKER GENERATED COPY TABLES

__TI_cinit_table @ 00004328 records: 3, size/record: 8, table size: 24
	.data: load addr=000042e0, load size=0000002c bytes, run addr=200005dc, run size=00000084 bytes, compression=lzss
	.bss: load addr=00004318, load size=00000008 bytes, run addr=20000470, run size=0000016a bytes, compression=zero_init
	.vtable: load addr=00004320, load size=00000008 bytes, run addr=20000000, run size=0000026c bytes, compression=zero_init


LINKER GENERATED HANDLER TABLE

__TI_handler_table @ 0000430c records: 3, size/record: 4, table size: 12
	index: 0, handler: __TI_zero_init
	index: 1, handler: __TI_decompress_lzss
	index: 2, handler: __TI_decompress_none


GLOBAL SYMBOLS: SORTED ALPHABETICALLY BY Name 

address   name                          
-------   ----                          
00003dbb  C$$EXIT                       
00003cf1  CPUcpsie                      
00003a49  GPIODirModeSet                
00002c8d  GPIOPadConfigSet              
00003755  GPIOPinConfigure              
00003d89  GPIOPinRead                   
00003b37  GPIOPinTypeGPIOOutput         
00003bcb  GPIOPinTypePWM                
00003be1  GPIOPinTypeQEI                
00003bf7  GPIOPinTypeUART               
00003d8f  GPIOPinWrite                  
000005bb  GPIO_init                     
00002339  Get_Data                      
00003625  IntEnable                     
00003c7d  IntMasterEnable               
00003a75  IntPrioritySet                
000039ad  IntRegister                   
2000061e  LED_flag                      
000012af  PID_b_update                  
00000d1d  PID_init                      
000013c1  PID_para                      
00001011  PID_speed_update              
000011b1  PID_theta_update              
00000e8b  PID_x_update                  
00003a99  PWMGenConfigure               
00003cfd  PWMGenDisable                 
00003d09  PWMGenEnable                  
00003c35  PWMGenPeriodGet               
00003c8d  PWMGenPeriodSet               
00003c47  PWMOutputState                
00003afd  PWMPulseWidthSet              
00000371  PWM_init                      
00003c9d  QEIConfigure                  
00003d21  QEIEnable                     
00003d2b  QEIIntDisable                 
00003da7  QEIPositionGet                
00003dab  QEIPositionSet                
00000423  QEI_init                      
00003d15  ResetISR                      
0000150d  StatusDeal                    
000014a9  StatusReset                   
00002f31  SysCtlClockGet                
00003255  SysCtlClockSet                
00003d95  SysCtlDelay                   
00003c0d  SysCtlPWMClockSet             
000039e1  SysCtlPeripheralEnable        
0000393d  SysCtlPeripheralPresent       
0000031d  Sysint_init                   
00000819  TIMER0_IRQHandler             
000036f5  TimerConfigure                
00003cab  TimerEnable                   
00003daf  TimerIntClear                 
00003d71  TimerIntEnable                
00003b6b  TimerIntRegister              
00003d35  TimerIntStatus                
00003c59  TimerLoadSet                  
00003c6b  TimerPrescaleSet              
00000ae9  UART1_Handler                 
00000bd5  UART5_Handler                 
00003d3f  UARTCharGet                   
00003cb9  UARTCharGetNonBlocking        
00003d49  UARTCharPut                   
00003cc7  UARTCharPutNonBlocking        
00003cd5  UARTCharsAvail                
00003d9b  UARTClockSourceSet            
000037ed  UARTConfigSetExpClk           
00003abd  UARTDisable                   
00003c21  UARTEnable                    
00003d53  UARTFIFODisable               
00003d5d  UARTFIFOEnable                
00003da1  UARTFIFOLevelSet              
00003db3  UARTIntClear                  
00003d79  UARTIntEnable                 
00003b83  UARTIntRegister               
00003d67  UARTIntStatus                 
00001a31  UARTStdioConfig               
00001b81  UARTgetc                      
00001ac7  UARTgets                      
00001ea3  UARTprintf                    
00001ba9  UARTvprintf                   
00001a77  UARTwrite                     
0000254d  USART_PID_Adjust              
000004d5  USART_init                    
0000063d  Wheel_set                     
20000470  __STACK_END                   
00000200  __STACK_SIZE                  
20000470  __STACK_TOP                   
00004328  __TI_CINIT_Base               
00004340  __TI_CINIT_Limit              
0000430c  __TI_Handler_Table_Base       
00004318  __TI_Handler_Table_Limit      
00003835  __TI_auto_init_nobinit_nopinit
0000368d  __TI_decompress_lzss          
00003ce3  __TI_decompress_none          
ffffffff  __TI_pprof_out_hndl           
ffffffff  __TI_prof_data_size           
ffffffff  __TI_prof_data_start          
00000000  __TI_static_base__            
00003b1b  __TI_zero_init_nomemset       
000034b5  __aeabi_cdcmpeq               
000034b5  __aeabi_cdcmple               
000035b5  __aeabi_d2f                   
00003879  __aeabi_d2uiz                 
00002adf  __aeabi_dadd                  
00002df9  __aeabi_ddiv                  
00003159  __aeabi_dmul                  
00002ad5  __aeabi_dsub                  
00003d81  __aeabi_errno_addr            
00003975  __aeabi_f2d                   
00002c8b  __aeabi_idiv0                 
00002c8b  __aeabi_ldiv0                 
0000353b  __aeabi_memclr                
0000353b  __aeabi_memclr4               
0000353b  __aeabi_memclr8               
00003419  __aeabi_memcpy                
00003419  __aeabi_memcpy4               
00003419  __aeabi_memcpy8               
0000353d  __aeabi_memset                
0000353d  __aeabi_memset4               
0000353d  __aeabi_memset8               
00003add  __aeabi_ui2d                  
000038fd  __aeabi_uidiv                 
000038fd  __aeabi_uidivmod              
ffffffff  __binit__                     
ffffffff  __c_args__                    
UNDEFED   __mpu_init                    
20000270  __stack                       
20000000  __start___llvm_prf_cnts       
20000000  __stop___llvm_prf_cnts        
00003a15  _c_int00_noargs               
00003dc0  _ctypes_                      
UNDEFED   _system_post_cinit            
00003db7  _system_pre_init              
00003dbb  abort                         
200005ec  b                             
200005e4  b_pid_flag                    
20000604  b_speed                       
ffffffff  binit                         
00003b51  copysign                      
00003b9b  copysignf                     
00003b51  copysignl                     
200005d0  endptr                        
2000065c  errno                         
20000000  g_pfnRAMVectors               
00000000  g_pfnVectors                  
00003049  ldexp                         
00003349  ldexpf                        
00003049  ldexpl                        
0000026d  main                          
00003419  memcpy                        
00003543  memset                        
20000642  next_q                        
200005d4  pid                           
20000470  pid1_v                        
200004a0  pid2_v                        
200004d0  pid_b                         
20000500  pid_theta                     
20000530  pid_x1                        
20000560  pid_x2                        
2000061f  question                      
20000590  rData1                        
200005b0  rData5                        
20000611  rDataCount1                   
20000610  rDataCount5                   
20000618  rDataFlag1                    
20000614  rDataFlag5                    
2000063c  recognize_flag                
20000649  route                         
2000061c  route_flag                    
20000638  route_len                     
200005d8  rx_buf1                       
200005d9  rx_buf5                       
00003049  scalbn                        
00003349  scalbnf                       
00003049  scalbnl                       
200005f0  setspeed                      
200005e8  setspeed_flag                 
20000608  speed1                        
2000060c  speed2                        
20000634  status_hand                   
20000644  stop_count                    
00003bb3  strcmp                        
00001ed9  strtod                        
0000270d  strtof                        
00001ed9  strtold                       
20000641  target                        
20000640  task_flag                     
2000061d  test_flag                     
200005fc  theta                         
200005e0  theta_pid_flag                
20000600  theta_speed                   
20000648  turn_flag                     
2000063d  turn_route_flag               
2000063f  turn_task_flag                
200005dc  x_pid_flag                    
200005f4  x_set1                        
200005f8  x_set2                        
2000063e  x_task_flag                   


GLOBAL SYMBOLS: SORTED BY Symbol Address 

address   name                          
-------   ----                          
00000000  __TI_static_base__            
00000000  g_pfnVectors                  
00000200  __STACK_SIZE                  
0000026d  main                          
0000031d  Sysint_init                   
00000371  PWM_init                      
00000423  QEI_init                      
000004d5  USART_init                    
000005bb  GPIO_init                     
0000063d  Wheel_set                     
00000819  TIMER0_IRQHandler             
00000ae9  UART1_Handler                 
00000bd5  UART5_Handler                 
00000d1d  PID_init                      
00000e8b  PID_x_update                  
00001011  PID_speed_update              
000011b1  PID_theta_update              
000012af  PID_b_update                  
000013c1  PID_para                      
000014a9  StatusReset                   
0000150d  StatusDeal                    
00001a31  UARTStdioConfig               
00001a77  UARTwrite                     
00001ac7  UARTgets                      
00001b81  UARTgetc                      
00001ba9  UARTvprintf                   
00001ea3  UARTprintf                    
00001ed9  strtod                        
00001ed9  strtold                       
00002339  Get_Data                      
0000254d  USART_PID_Adjust              
0000270d  strtof                        
00002ad5  __aeabi_dsub                  
00002adf  __aeabi_dadd                  
00002c8b  __aeabi_idiv0                 
00002c8b  __aeabi_ldiv0                 
00002c8d  GPIOPadConfigSet              
00002df9  __aeabi_ddiv                  
00002f31  SysCtlClockGet                
00003049  ldexp                         
00003049  ldexpl                        
00003049  scalbn                        
00003049  scalbnl                       
00003159  __aeabi_dmul                  
00003255  SysCtlClockSet                
00003349  ldexpf                        
00003349  scalbnf                       
00003419  __aeabi_memcpy                
00003419  __aeabi_memcpy4               
00003419  __aeabi_memcpy8               
00003419  memcpy                        
000034b5  __aeabi_cdcmpeq               
000034b5  __aeabi_cdcmple               
0000353b  __aeabi_memclr                
0000353b  __aeabi_memclr4               
0000353b  __aeabi_memclr8               
0000353d  __aeabi_memset                
0000353d  __aeabi_memset4               
0000353d  __aeabi_memset8               
00003543  memset                        
000035b5  __aeabi_d2f                   
00003625  IntEnable                     
0000368d  __TI_decompress_lzss          
000036f5  TimerConfigure                
00003755  GPIOPinConfigure              
000037ed  UARTConfigSetExpClk           
00003835  __TI_auto_init_nobinit_nopinit
00003879  __aeabi_d2uiz                 
000038fd  __aeabi_uidiv                 
000038fd  __aeabi_uidivmod              
0000393d  SysCtlPeripheralPresent       
00003975  __aeabi_f2d                   
000039ad  IntRegister                   
000039e1  SysCtlPeripheralEnable        
00003a15  _c_int00_noargs               
00003a49  GPIODirModeSet                
00003a75  IntPrioritySet                
00003a99  PWMGenConfigure               
00003abd  UARTDisable                   
00003add  __aeabi_ui2d                  
00003afd  PWMPulseWidthSet              
00003b1b  __TI_zero_init_nomemset       
00003b37  GPIOPinTypeGPIOOutput         
00003b51  copysign                      
00003b51  copysignl                     
00003b6b  TimerIntRegister              
00003b83  UARTIntRegister               
00003b9b  copysignf                     
00003bb3  strcmp                        
00003bcb  GPIOPinTypePWM                
00003be1  GPIOPinTypeQEI                
00003bf7  GPIOPinTypeUART               
00003c0d  SysCtlPWMClockSet             
00003c21  UARTEnable                    
00003c35  PWMGenPeriodGet               
00003c47  PWMOutputState                
00003c59  TimerLoadSet                  
00003c6b  TimerPrescaleSet              
00003c7d  IntMasterEnable               
00003c8d  PWMGenPeriodSet               
00003c9d  QEIConfigure                  
00003cab  TimerEnable                   
00003cb9  UARTCharGetNonBlocking        
00003cc7  UARTCharPutNonBlocking        
00003cd5  UARTCharsAvail                
00003ce3  __TI_decompress_none          
00003cf1  CPUcpsie                      
00003cfd  PWMGenDisable                 
00003d09  PWMGenEnable                  
00003d15  ResetISR                      
00003d21  QEIEnable                     
00003d2b  QEIIntDisable                 
00003d35  TimerIntStatus                
00003d3f  UARTCharGet                   
00003d49  UARTCharPut                   
00003d53  UARTFIFODisable               
00003d5d  UARTFIFOEnable                
00003d67  UARTIntStatus                 
00003d71  TimerIntEnable                
00003d79  UARTIntEnable                 
00003d81  __aeabi_errno_addr            
00003d89  GPIOPinRead                   
00003d8f  GPIOPinWrite                  
00003d95  SysCtlDelay                   
00003d9b  UARTClockSourceSet            
00003da1  UARTFIFOLevelSet              
00003da7  QEIPositionGet                
00003dab  QEIPositionSet                
00003daf  TimerIntClear                 
00003db3  UARTIntClear                  
00003db7  _system_pre_init              
00003dbb  C$$EXIT                       
00003dbb  abort                         
00003dc0  _ctypes_                      
0000430c  __TI_Handler_Table_Base       
00004318  __TI_Handler_Table_Limit      
00004328  __TI_CINIT_Base               
00004340  __TI_CINIT_Limit              
20000000  __start___llvm_prf_cnts       
20000000  __stop___llvm_prf_cnts        
20000000  g_pfnRAMVectors               
20000270  __stack                       
20000470  __STACK_END                   
20000470  __STACK_TOP                   
20000470  pid1_v                        
200004a0  pid2_v                        
200004d0  pid_b                         
20000500  pid_theta                     
20000530  pid_x1                        
20000560  pid_x2                        
20000590  rData1                        
200005b0  rData5                        
200005d0  endptr                        
200005d4  pid                           
200005d8  rx_buf1                       
200005d9  rx_buf5                       
200005dc  x_pid_flag                    
200005e0  theta_pid_flag                
200005e4  b_pid_flag                    
200005e8  setspeed_flag                 
200005ec  b                             
200005f0  setspeed                      
200005f4  x_set1                        
200005f8  x_set2                        
200005fc  theta                         
20000600  theta_speed                   
20000604  b_speed                       
20000608  speed1                        
2000060c  speed2                        
20000610  rDataCount5                   
20000611  rDataCount1                   
20000614  rDataFlag5                    
20000618  rDataFlag1                    
2000061c  route_flag                    
2000061d  test_flag                     
2000061e  LED_flag                      
2000061f  question                      
20000634  status_hand                   
20000638  route_len                     
2000063c  recognize_flag                
2000063d  turn_route_flag               
2000063e  x_task_flag                   
2000063f  turn_task_flag                
20000640  task_flag                     
20000641  target                        
20000642  next_q                        
20000644  stop_count                    
20000648  turn_flag                     
20000649  route                         
2000065c  errno                         
ffffffff  __TI_pprof_out_hndl           
ffffffff  __TI_prof_data_size           
ffffffff  __TI_prof_data_start          
ffffffff  __binit__                     
ffffffff  __c_args__                    
ffffffff  binit                         
UNDEFED   __mpu_init                    
UNDEFED   _system_post_cinit            

[198 symbols]
