******************************************************************************
                  TI ARM Linker PC v20.2.7                     
******************************************************************************
>> Linked Mon Jul  3 21:17:08 2023

OUTPUT FILE NAME:   <Car_drugs.out>
ENTRY POINT SYMBOL: "_c_int00_noargs"  address: 000041fd


MEMORY CONFIGURATION

         name            origin    length      used     unused   attr    fill
----------------------  --------  ---------  --------  --------  ----  --------
  FLASH                 00000000   00040000  00004b68  0003b498  R  X
  SRAM                  20000000   00008000  0000068a  00007976  RW X


SEGMENT ALLOCATION MAP

run origin  load origin   length   init length attrs members
----------  ----------- ---------- ----------- ----- -------
00000000    00000000    00004b68   00004b68    r-x
  00000000    00000000    0000026c   0000026c    r-- .intvecs
  0000026c    0000026c    00004364   00004364    r-x .text
  000045d0    000045d0    00000520   00000520    r-- .const
  00004af0    00004af0    00000078   00000078    r-- .cinit
20000000    20000000    00000690   00000000    rw-
  20000000    20000000    0000026c   00000000    rw- .vtable
  20000270    20000270    00000200   00000000    rw- .stack
  20000470    20000470    0000016a   00000000    rw- .bss
  200005dc    200005dc    000000b4   00000000    rw- .data


SECTION ALLOCATION MAP

 output                                  attributes/
section   page    origin      length       input sections
--------  ----  ----------  ----------   ----------------
.intvecs   0    00000000    0000026c     
                  00000000    0000026c     tm4c123gh6pm_startup_ccs.obj (.intvecs)

.text      0    0000026c    00004364     
                  0000026c    00000d54     main.obj (.text)
                  00000fc0    000009b8     hand_hand.obj (.text)
                  00001978    0000081c     pid.obj (.text)
                  00002194    000004a8     uartstdio.obj (.text)
                  0000263c    00000460     rtsv7M4_T_le_v4SPD16_eabi.lib : strtod.c.obj (.text:strtod)
                  00002a9c    000003d4     my_uart.obj (.text)
                  00002e70    000003c8     rtsv7M4_T_le_v4SPD16_eabi.lib : strtof.c.obj (.text:strtof)
                  00003238    000001b6                                   : fd_add_t2.asm.obj (.text)
                  000033ee    00000002                                   : div0.asm.obj (.text)
                  000033f0    0000016c     driverlib.lib : gpio.obj (.text:GPIOPadConfigSet)
                  0000355c    00000136     rtsv7M4_T_le_v4SPD16_eabi.lib : fd_div_t2.asm.obj (.text)
                  00003692    00000002     --HOLE-- [fill = 0]
                  00003694    00000118     driverlib.lib : sysctl.obj (.text:SysCtlClockGet)
                  000037ac    00000110     rtsv7M4_T_le_v4SPD16_eabi.lib : s_scalbn.c.obj (.text:scalbn)
                  000038bc    000000fc                                   : fd_mul_t2.asm.obj (.text)
                  000039b8    000000f4     driverlib.lib : sysctl.obj (.text:SysCtlClockSet)
                  00003aac    000000d0     rtsv7M4_T_le_v4SPD16_eabi.lib : s_scalbnf.c.obj (.text:scalbnf)
                  00003b7c    0000009c                                   : memcpy_t2.asm.obj (.text)
                  00003c18    00000086                                   : fd_cmp_t2.asm.obj (.text:__aeabi_cdcmple)
                  00003c9e    00000086                                   : fd_cmp_t2.asm.obj (.text:__aeabi_cdrcmple)
                  00003d24    0000007a                                   : memset_t2.asm.obj (.text)
                  00003d9e    0000006e                                   : fd_tos_t2.asm.obj (.text)
                  00003e0c    00000068     driverlib.lib : interrupt.obj (.text:IntEnable)
                  00003e74    00000068     rtsv7M4_T_le_v4SPD16_eabi.lib : copy_decompress_lzss.c.obj (.text:decompress:lzss:__TI_decompress_lzss)
                  00003edc    00000060     driverlib.lib : timer.obj (.text:TimerConfigure)
                  00003f3c    0000004c                   : gpio.obj (.text:GPIOPinConfigure)
                  00003f88    0000004c                   : timer.obj (.text:_TimerIntNumberGet)
                  00003fd4    00000046                   : uart.obj (.text:UARTConfigSetExpClk)
                  0000401a    00000002     --HOLE-- [fill = 0]
                  0000401c    00000044     rtsv7M4_T_le_v4SPD16_eabi.lib : autoinit.c.obj (.text:__TI_auto_init_nobinit_nopinit:__TI_auto_init_nobinit_nopinit)
                  00004060    00000044                                   : fd_tou_t2.asm.obj (.text)
                  000040a4    00000040     driverlib.lib : uart.obj (.text:_UARTIntNumberGet)
                  000040e4    00000040     rtsv7M4_T_le_v4SPD16_eabi.lib : u_divt2.asm.obj (.text)
                  00004124    00000038     driverlib.lib : sysctl.obj (.text:SysCtlPeripheralPresent)
                  0000415c    00000038     rtsv7M4_T_le_v4SPD16_eabi.lib : fs_tod_t2.asm.obj (.text)
                  00004194    00000034     driverlib.lib : interrupt.obj (.text:IntRegister)
                  000041c8    00000034                   : sysctl.obj (.text:SysCtlPeripheralEnable)
                  000041fc    00000034     rtsv7M4_T_le_v4SPD16_eabi.lib : boot_cortex_m.c.obj (.text:_c_int00_noargs:_c_int00_noargs)
                  00004230    0000002e                                   : i_tofd_t2.asm.obj (.text)
                  0000425e    0000002c     driverlib.lib : gpio.obj (.text:GPIODirModeSet)
                  0000428a    00000002     --HOLE-- [fill = 0]
                  0000428c    00000024                   : interrupt.obj (.text:IntPrioritySet)
                  000042b0    00000022                   : pwm.obj (.text:PWMGenConfigure)
                  000042d2    00000002     --HOLE-- [fill = 0]
                  000042d4    00000020                   : uart.obj (.text:UARTDisable)
                  000042f4    00000020     rtsv7M4_T_le_v4SPD16_eabi.lib : u_tofd_t2.asm.obj (.text)
                  00004314    0000001e     driverlib.lib : pwm.obj (.text:PWMPulseWidthSet)
                  00004332    0000001c     rtsv7M4_T_le_v4SPD16_eabi.lib : copy_zero_init.c.obj (.text:decompress:ZI:__TI_zero_init_nomemset:__TI_zero_init_nomemset)
                  0000434e    0000001a     driverlib.lib : gpio.obj (.text:GPIOPinTypeGPIOOutput)
                  00004368    0000001a     rtsv7M4_T_le_v4SPD16_eabi.lib : s_copysign.c.obj (.text:copysign)
                  00004382    00000018     driverlib.lib : timer.obj (.text:TimerIntRegister)
                  0000439a    00000018                   : uart.obj (.text:UARTIntRegister)
                  000043b2    00000018     rtsv7M4_T_le_v4SPD16_eabi.lib : s_copysignf.c.obj (.text:copysignf)
                  000043ca    00000018                                   : strcmp.c.obj (.text:strcmp)
                  000043e2    00000016     driverlib.lib : gpio.obj (.text:GPIOPinTypePWM)
                  000043f8    00000016                   : gpio.obj (.text:GPIOPinTypeQEI)
                  0000440e    00000016                   : gpio.obj (.text:GPIOPinTypeUART)
                  00004424    00000014                   : sysctl.obj (.text:SysCtlPWMClockSet)
                  00004438    00000014                   : uart.obj (.text:UARTEnable)
                  0000444c    00000012                   : pwm.obj (.text:PWMGenPeriodGet)
                  0000445e    00000012                   : pwm.obj (.text:PWMOutputState)
                  00004470    00000012                   : timer.obj (.text:TimerLoadSet)
                  00004482    00000012                   : timer.obj (.text:TimerPrescaleSet)
                  00004494    00000010                   : interrupt.obj (.text:IntMasterEnable)
                  000044a4    00000010                   : pwm.obj (.text:PWMGenPeriodSet)
                  000044b4    0000000e                   : qei.obj (.text:QEIConfigure)
                  000044c2    0000000e                   : timer.obj (.text:TimerEnable)
                  000044d0    0000000e                   : uart.obj (.text:UARTCharGetNonBlocking)
                  000044de    0000000e                   : uart.obj (.text:UARTCharPutNonBlocking)
                  000044ec    0000000e                   : uart.obj (.text:UARTCharsAvail)
                  000044fa    0000000e     rtsv7M4_T_le_v4SPD16_eabi.lib : copy_decompress_none.c.obj (.text:decompress:none:__TI_decompress_none)
                  00004508    0000000c     driverlib.lib : cpu.obj (.text:CPUcpsie)
                  00004514    0000000c                   : pwm.obj (.text:PWMGenDisable)
                  00004520    0000000c                   : pwm.obj (.text:PWMGenEnable)
                  0000452c    0000000c     tm4c123gh6pm_startup_ccs.obj (.text)
                  00004538    0000000a     driverlib.lib : qei.obj (.text:QEIEnable)
                  00004542    0000000a                   : qei.obj (.text:QEIIntDisable)
                  0000454c    0000000a                   : timer.obj (.text:TimerIntStatus)
                  00004556    0000000a                   : uart.obj (.text:UARTCharGet)
                  00004560    0000000a                   : uart.obj (.text:UARTCharPut)
                  0000456a    0000000a                   : uart.obj (.text:UARTFIFODisable)
                  00004574    0000000a                   : uart.obj (.text:UARTFIFOEnable)
                  0000457e    0000000a                   : uart.obj (.text:UARTIntStatus)
                  00004588    00000008                   : timer.obj (.text:TimerIntEnable)
                  00004590    00000008                   : uart.obj (.text:UARTIntEnable)
                  00004598    00000008     rtsv7M4_T_le_v4SPD16_eabi.lib : errno.c.obj (.text:__aeabi_errno_addr)
                  000045a0    00000006     driverlib.lib : gpio.obj (.text:GPIOPinWrite)
                  000045a6    00000006                   : sysctl.obj (.text:SysCtlDelay)
                  000045ac    00000006                   : uart.obj (.text:UARTClockSourceSet)
                  000045b2    00000006                   : uart.obj (.text:UARTFIFOLevelSet)
                  000045b8    00000004                   : qei.obj (.text:QEIPositionGet)
                  000045bc    00000004                   : qei.obj (.text:QEIPositionSet)
                  000045c0    00000004                   : timer.obj (.text:TimerIntClear)
                  000045c4    00000004                   : uart.obj (.text:UARTIntClear)
                  000045c8    00000004     rtsv7M4_T_le_v4SPD16_eabi.lib : pre_init.c.obj (.text:_system_pre_init)
                  000045cc    00000004                                   : exit.c.obj (.text:abort:abort)

.const     0    000045d0    00000520     
                  000045d0    00000101     rtsv7M4_T_le_v4SPD16_eabi.lib : ctype.c.obj (.const:.string:_ctypes_)
                  000046d1    00000003     --HOLE-- [fill = 0]
                  000046d4    00000004     uartstdio.obj (.const)
                  000046d8    000000c8     rtsv7M4_T_le_v4SPD16_eabi.lib : strtod.c.obj (.const:$O1$$)
                  000047a0    0000009c     driverlib.lib : interrupt.obj (.const:g_pui32Regs)
                  0000483c    00000090                   : gpio.obj (.const:g_pui32GPIOBaseAddrs)
                  000048cc    0000006c                   : sysctl.obj (.const:g_pui32Xtals)
                  00004938    00000060                   : timer.obj (.const:g_ppui32TimerIntMap)
                  00004998    00000058     rtsv7M4_T_le_v4SPD16_eabi.lib : strtof.c.obj (.const:$O1$$)
                  000049f0    00000040     driverlib.lib : timer.obj (.const:g_ppui32TimerIntMapSnowflake)
                  00004a30    00000040                   : uart.obj (.const:g_ppui32UARTIntMap)
                  00004a70    00000040                   : uart.obj (.const:g_ppui32UARTIntMapSnowflake)
                  00004ab0    00000014                   : interrupt.obj (.const:g_pui32EnRegs)
                  00004ac4    00000012     uartstdio.obj (.const:.string)
                  00004ad6    00000002     --HOLE-- [fill = 0]
                  00004ad8    0000000c     uartstdio.obj (.const:g_ui32UARTBase)
                  00004ae4    0000000c     uartstdio.obj (.const:g_ui32UARTPeriph)

.cinit     0    00004af0    00000078     
                  00004af0    0000003f     (.cinit..data.load) [load image, compression = lzss]
                  00004b2f    00000001     --HOLE-- [fill = 0]
                  00004b30    0000000c     (__TI_handler_table)
                  00004b3c    00000004     --HOLE-- [fill = 0]
                  00004b40    00000008     (.cinit..bss.load) [load image, compression = zero_init]
                  00004b48    00000008     (.cinit..vtable.load) [load image, compression = zero_init]
                  00004b50    00000018     (__TI_cinit_table)

.init_array 
*          0    00000000    00000000     UNINITIALIZED

.vtable    0    20000000    0000026c     UNINITIALIZED
                  20000000    0000026c     driverlib.lib : interrupt.obj (.vtable)

.bss       0    20000470    0000016a     UNINITIALIZED
                  20000470    00000030     (.common:pid1_v)
                  200004a0    00000030     (.common:pid2_v)
                  200004d0    00000030     (.common:pid_b)
                  20000500    00000030     (.common:pid_theta)
                  20000530    00000030     (.common:pid_x1)
                  20000560    00000030     (.common:pid_x2)
                  20000590    00000020     (.common:rData1)
                  200005b0    00000020     (.common:rData5)
                  200005d0    00000004     (.common:endptr)
                  200005d4    00000004     (.common:pid)
                  200005d8    00000001     (.common:rx_buf1)
                  200005d9    00000001     (.common:rx_buf5)

.data      0    200005dc    000000b4     UNINITIALIZED
                  200005dc    00000080     main.obj (.data)
                  2000065c    0000001c     hand_hand.obj (.data)
                  20000678    0000000a     hand_hand.obj (.data:route)
                  20000682    00000002     --HOLE--
                  20000684    00000005     uartstdio.obj (.data)
                  20000689    00000003     --HOLE--
                  2000068c    00000004     rtsv7M4_T_le_v4SPD16_eabi.lib : errno.c.obj (.data)

.stack     0    20000270    00000200     UNINITIALIZED
                  20000270    00000004     rtsv7M4_T_le_v4SPD16_eabi.lib : boot_cortex_m.c.obj (.stack)
                  20000274    000001fc     --HOLE--

__llvm_prf_cnts 
*          0    20000000    00000000     UNINITIALIZED

MODULE SUMMARY

       Module                         code    ro data   rw data
       ------                         ----    -------   -------
    .\
       main.obj                       3412    0         198    
       hand_hand.obj                  2488    0         38     
       pid.obj                        2076    0         292    
       uartstdio.obj                  1192    46        5      
       my_uart.obj                    980     0         0      
       tm4c123gh6pm_startup_ccs.obj   12      620       0      
    +--+------------------------------+-------+---------+---------+
       Total:                         10160   666       533    
                                                               
    D:/TivaWare/driverlib/ccs/Debug/driverlib.lib
       interrupt.obj                  208     176       620    
       sysctl.obj                     658     108       0      
       gpio.obj                       582     144       0      
       uart.obj                       326     128       0      
       timer.obj                      268     160       0      
       pwm.obj                        140     0         0      
       qei.obj                        42      0         0      
       cpu.obj                        12      0         0      
    +--+------------------------------+-------+---------+---------+
       Total:                         2236    716       620    
                                                               
    D:\CCS12.3.0\ccs\tools\compiler\ti-cgt-arm_20.2.7.LTS\lib\rtsv7M4_T_le_v4SPD16_eabi.lib
       strtod.c.obj                   1120    200       0      
       strtof.c.obj                   968     88        0      
       fd_add_t2.asm.obj              438     0         0      
       fd_div_t2.asm.obj              310     0         0      
       s_scalbn.c.obj                 272     0         0      
       fd_cmp_t2.asm.obj              268     0         0      
       ctype.c.obj                    0       257       0      
       fd_mul_t2.asm.obj              252     0         0      
       s_scalbnf.c.obj                208     0         0      
       memcpy_t2.asm.obj              156     0         0      
       memset_t2.asm.obj              122     0         0      
       fd_tos_t2.asm.obj              110     0         0      
       copy_decompress_lzss.c.obj     104     0         0      
       autoinit.c.obj                 68      0         0      
       fd_tou_t2.asm.obj              68      0         0      
       u_divt2.asm.obj                64      0         0      
       fs_tod_t2.asm.obj              56      0         0      
       boot_cortex_m.c.obj            52      0         0      
       i_tofd_t2.asm.obj              46      0         0      
       u_tofd_t2.asm.obj              32      0         0      
       copy_zero_init.c.obj           28      0         0      
       s_copysign.c.obj               26      0         0      
       s_copysignf.c.obj              24      0         0      
       strcmp.c.obj                   24      0         0      
       copy_decompress_none.c.obj     14      0         0      
       errno.c.obj                    8       0         4      
       exit.c.obj                     4       0         0      
       pre_init.c.obj                 4       0         0      
       div0.asm.obj                   2       0         0      
    +--+------------------------------+-------+---------+---------+
       Total:                         4848    545       4      
                                                               
       Stack:                         0       0         512    
       Linker Generated:              0       115       0      
    +--+------------------------------+-------+---------+---------+
       Grand Total:                   17244   2042      1669   


LINKER GENERATED COPY TABLES

__TI_cinit_table @ 00004b50 records: 3, size/record: 8, table size: 24
	.data: load addr=00004af0, load size=0000003f bytes, run addr=200005dc, run size=000000b4 bytes, compression=lzss
	.bss: load addr=00004b40, load size=00000008 bytes, run addr=20000470, run size=0000016a bytes, compression=zero_init
	.vtable: load addr=00004b48, load size=00000008 bytes, run addr=20000000, run size=0000026c bytes, compression=zero_init


LINKER GENERATED HANDLER TABLE

__TI_handler_table @ 00004b30 records: 3, size/record: 4, table size: 12
	index: 0, handler: __TI_zero_init
	index: 1, handler: __TI_decompress_lzss
	index: 2, handler: __TI_decompress_none


GLOBAL SYMBOLS: SORTED ALPHABETICALLY BY Name 

address   name                          
-------   ----                          
000045cd  C$$EXIT                       
00004509  CPUcpsie                      
0000425f  GPIODirModeSet                
000033f1  GPIOPadConfigSet              
00003f3d  GPIOPinConfigure              
0000434f  GPIOPinTypeGPIOOutput         
000043e3  GPIOPinTypePWM                
000043f9  GPIOPinTypeQEI                
0000440f  GPIOPinTypeUART               
000045a1  GPIOPinWrite                  
0000059f  GPIO_init                     
00002a9d  Get_Data                      
00003e0d  IntEnable                     
00004495  IntMasterEnable               
0000428d  IntPrioritySet                
00004195  IntRegister                   
20000622  LED_flag                      
00001f95  PID_b_update                  
00001979  PID_init                      
0000204d  PID_para                      
000020cb  PID_reset                     
00001d7d  PID_speed_update              
00001e91  PID_theta_update              
00001ad7  PID_x_update                  
000042b1  PWMGenConfigure               
00004515  PWMGenDisable                 
00004521  PWMGenEnable                  
0000444d  PWMGenPeriodGet               
000044a5  PWMGenPeriodSet               
0000445f  PWMOutputState                
00004315  PWMPulseWidthSet              
00000355  PWM_init                      
000044b5  QEIConfigure                  
00004539  QEIEnable                     
00004543  QEIIntDisable                 
000045b9  QEIPositionGet                
000045bd  QEIPositionSet                
00000407  QEI_init                      
0000452d  ResetISR                      
00001055  StatusDeal                    
00000fc1  StatusReset                   
00003695  SysCtlClockGet                
000039b9  SysCtlClockSet                
000045a7  SysCtlDelay                   
00004425  SysCtlPWMClockSet             
000041c9  SysCtlPeripheralEnable        
00004125  SysCtlPeripheralPresent       
00000301  Sysint_init                   
00000869  TIMER0_IRQHandler             
00003edd  TimerConfigure                
000044c3  TimerEnable                   
000045c1  TimerIntClear                 
00004589  TimerIntEnable                
00004383  TimerIntRegister              
0000454d  TimerIntStatus                
00004471  TimerLoadSet                  
00004483  TimerPrescaleSet              
00000c95  UART1_Handler                 
00000d65  UART5_Handler                 
00004557  UARTCharGet                   
000044d1  UARTCharGetNonBlocking        
00004561  UARTCharPut                   
000044df  UARTCharPutNonBlocking        
000044ed  UARTCharsAvail                
000045ad  UARTClockSourceSet            
00003fd5  UARTConfigSetExpClk           
000042d5  UARTDisable                   
00004439  UARTEnable                    
0000456b  UARTFIFODisable               
00004575  UARTFIFOEnable                
000045b3  UARTFIFOLevelSet              
000045c5  UARTIntClear                  
00004591  UARTIntEnable                 
0000439b  UARTIntRegister               
0000457f  UARTIntStatus                 
00002195  UARTStdioConfig               
000022e5  UARTgetc                      
0000222b  UARTgets                      
00002607  UARTprintf                    
0000230d  UARTvprintf                   
000021db  UARTwrite                     
00002cb1  USART_PID_Adjust              
000004b9  USART_init                    
00000661  Wheel_set                     
20000470  __STACK_END                   
00000200  __STACK_SIZE                  
20000470  __STACK_TOP                   
00004b50  __TI_CINIT_Base               
00004b68  __TI_CINIT_Limit              
00004b30  __TI_Handler_Table_Base       
00004b3c  __TI_Handler_Table_Limit      
0000401d  __TI_auto_init_nobinit_nopinit
00003e75  __TI_decompress_lzss          
000044fb  __TI_decompress_none          
ffffffff  __TI_pprof_out_hndl           
ffffffff  __TI_prof_data_size           
ffffffff  __TI_prof_data_start          
00000000  __TI_static_base__            
00004333  __TI_zero_init_nomemset       
00003c19  __aeabi_cdcmpeq               
00003c19  __aeabi_cdcmple               
00003c9f  __aeabi_cdrcmple              
00003d9f  __aeabi_d2f                   
00004061  __aeabi_d2uiz                 
00003243  __aeabi_dadd                  
0000355d  __aeabi_ddiv                  
000038bd  __aeabi_dmul                  
00003239  __aeabi_dsub                  
00004599  __aeabi_errno_addr            
0000415d  __aeabi_f2d                   
00004231  __aeabi_i2d                   
000033ef  __aeabi_idiv0                 
000033ef  __aeabi_ldiv0                 
00003d25  __aeabi_memclr                
00003d25  __aeabi_memclr4               
00003d25  __aeabi_memclr8               
00003b7d  __aeabi_memcpy                
00003b7d  __aeabi_memcpy4               
00003b7d  __aeabi_memcpy8               
00003d27  __aeabi_memset                
00003d27  __aeabi_memset4               
00003d27  __aeabi_memset8               
000042f5  __aeabi_ui2d                  
000040e5  __aeabi_uidiv                 
000040e5  __aeabi_uidivmod              
ffffffff  __binit__                     
ffffffff  __c_args__                    
UNDEFED   __mpu_init                    
20000270  __stack                       
20000000  __start___llvm_prf_cnts       
20000000  __stop___llvm_prf_cnts        
000041fd  _c_int00_noargs               
000045d0  _ctypes_                      
UNDEFED   _system_post_cinit            
000045c9  _system_pre_init              
000045cd  abort                         
200005f0  b                             
200005e4  b_pid_flag                    
20000608  b_speed                       
ffffffff  binit                         
00004369  copysign                      
000043b3  copysignf                     
00004369  copysignl                     
20000671  cross_flag                    
2000062c  data_flag                     
200005d0  endptr                        
2000068c  errno                         
00000eb1  f_char_printf                 
20000000  g_pfnRAMVectors               
00000000  g_pfnVectors                  
20000630  keep_flag                     
000037ad  ldexp                         
00003aad  ldexpf                        
000037ad  ldexpl                        
0000026d  main                          
00003b7d  memcpy                        
00003d2d  memset                        
2000066a  next_q                        
200005d4  pid                           
20000470  pid1_v                        
200004a0  pid2_v                        
200004d0  pid_b                         
200005ec  pid_flag                      
2000062d  pid_reset_flag                
20000500  pid_theta                     
20000530  pid_x1                        
20000560  pid_x2                        
20000634  question                      
20000590  rData1                        
200005b0  rData5                        
20000615  rDataCount1                   
20000614  rDataCount5                   
2000061c  rDataFlag1                    
20000618  rDataFlag5                    
20000664  recognize_flag                
20000678  route                         
20000620  route_flag                    
20000660  route_len                     
200005d8  rx_buf1                       
200005d9  rx_buf5                       
000037ad  scalbn                        
00003aad  scalbnf                       
000037ad  scalbnl                       
200005f4  setspeed                      
200005e8  setspeed_flag                 
2000060c  speed1                        
20000610  speed2                        
2000065c  status_hand                   
2000066c  stop_count                    
20000674  stop_judge                    
000043cb  strcmp                        
0000263d  strtod                        
00002e71  strtof                        
0000263d  strtold                       
20000669  target                        
20000668  task_flag                     
20000621  test_flag                     
20000600  theta                         
200005e0  theta_pid_flag                
20000604  theta_speed                   
20000670  turn_flag                     
20000665  turn_route_flag               
20000667  turn_task_flag                
20000624  uart_flag                     
20000638  x_last1                       
2000063c  x_last2                       
20000628  x_last_flag                   
200005dc  x_pid_flag                    
200005f8  x_set1                        
200005fc  x_set2                        
20000666  x_task_flag                   


GLOBAL SYMBOLS: SORTED BY Symbol Address 

address   name                          
-------   ----                          
00000000  __TI_static_base__            
00000000  g_pfnVectors                  
00000200  __STACK_SIZE                  
0000026d  main                          
00000301  Sysint_init                   
00000355  PWM_init                      
00000407  QEI_init                      
000004b9  USART_init                    
0000059f  GPIO_init                     
00000661  Wheel_set                     
00000869  TIMER0_IRQHandler             
00000c95  UART1_Handler                 
00000d65  UART5_Handler                 
00000eb1  f_char_printf                 
00000fc1  StatusReset                   
00001055  StatusDeal                    
00001979  PID_init                      
00001ad7  PID_x_update                  
00001d7d  PID_speed_update              
00001e91  PID_theta_update              
00001f95  PID_b_update                  
0000204d  PID_para                      
000020cb  PID_reset                     
00002195  UARTStdioConfig               
000021db  UARTwrite                     
0000222b  UARTgets                      
000022e5  UARTgetc                      
0000230d  UARTvprintf                   
00002607  UARTprintf                    
0000263d  strtod                        
0000263d  strtold                       
00002a9d  Get_Data                      
00002cb1  USART_PID_Adjust              
00002e71  strtof                        
00003239  __aeabi_dsub                  
00003243  __aeabi_dadd                  
000033ef  __aeabi_idiv0                 
000033ef  __aeabi_ldiv0                 
000033f1  GPIOPadConfigSet              
0000355d  __aeabi_ddiv                  
00003695  SysCtlClockGet                
000037ad  ldexp                         
000037ad  ldexpl                        
000037ad  scalbn                        
000037ad  scalbnl                       
000038bd  __aeabi_dmul                  
000039b9  SysCtlClockSet                
00003aad  ldexpf                        
00003aad  scalbnf                       
00003b7d  __aeabi_memcpy                
00003b7d  __aeabi_memcpy4               
00003b7d  __aeabi_memcpy8               
00003b7d  memcpy                        
00003c19  __aeabi_cdcmpeq               
00003c19  __aeabi_cdcmple               
00003c9f  __aeabi_cdrcmple              
00003d25  __aeabi_memclr                
00003d25  __aeabi_memclr4               
00003d25  __aeabi_memclr8               
00003d27  __aeabi_memset                
00003d27  __aeabi_memset4               
00003d27  __aeabi_memset8               
00003d2d  memset                        
00003d9f  __aeabi_d2f                   
00003e0d  IntEnable                     
00003e75  __TI_decompress_lzss          
00003edd  TimerConfigure                
00003f3d  GPIOPinConfigure              
00003fd5  UARTConfigSetExpClk           
0000401d  __TI_auto_init_nobinit_nopinit
00004061  __aeabi_d2uiz                 
000040e5  __aeabi_uidiv                 
000040e5  __aeabi_uidivmod              
00004125  SysCtlPeripheralPresent       
0000415d  __aeabi_f2d                   
00004195  IntRegister                   
000041c9  SysCtlPeripheralEnable        
000041fd  _c_int00_noargs               
00004231  __aeabi_i2d                   
0000425f  GPIODirModeSet                
0000428d  IntPrioritySet                
000042b1  PWMGenConfigure               
000042d5  UARTDisable                   
000042f5  __aeabi_ui2d                  
00004315  PWMPulseWidthSet              
00004333  __TI_zero_init_nomemset       
0000434f  GPIOPinTypeGPIOOutput         
00004369  copysign                      
00004369  copysignl                     
00004383  TimerIntRegister              
0000439b  UARTIntRegister               
000043b3  copysignf                     
000043cb  strcmp                        
000043e3  GPIOPinTypePWM                
000043f9  GPIOPinTypeQEI                
0000440f  GPIOPinTypeUART               
00004425  SysCtlPWMClockSet             
00004439  UARTEnable                    
0000444d  PWMGenPeriodGet               
0000445f  PWMOutputState                
00004471  TimerLoadSet                  
00004483  TimerPrescaleSet              
00004495  IntMasterEnable               
000044a5  PWMGenPeriodSet               
000044b5  QEIConfigure                  
000044c3  TimerEnable                   
000044d1  UARTCharGetNonBlocking        
000044df  UARTCharPutNonBlocking        
000044ed  UARTCharsAvail                
000044fb  __TI_decompress_none          
00004509  CPUcpsie                      
00004515  PWMGenDisable                 
00004521  PWMGenEnable                  
0000452d  ResetISR                      
00004539  QEIEnable                     
00004543  QEIIntDisable                 
0000454d  TimerIntStatus                
00004557  UARTCharGet                   
00004561  UARTCharPut                   
0000456b  UARTFIFODisable               
00004575  UARTFIFOEnable                
0000457f  UARTIntStatus                 
00004589  TimerIntEnable                
00004591  UARTIntEnable                 
00004599  __aeabi_errno_addr            
000045a1  GPIOPinWrite                  
000045a7  SysCtlDelay                   
000045ad  UARTClockSourceSet            
000045b3  UARTFIFOLevelSet              
000045b9  QEIPositionGet                
000045bd  QEIPositionSet                
000045c1  TimerIntClear                 
000045c5  UARTIntClear                  
000045c9  _system_pre_init              
000045cd  C$$EXIT                       
000045cd  abort                         
000045d0  _ctypes_                      
00004b30  __TI_Handler_Table_Base       
00004b3c  __TI_Handler_Table_Limit      
00004b50  __TI_CINIT_Base               
00004b68  __TI_CINIT_Limit              
20000000  __start___llvm_prf_cnts       
20000000  __stop___llvm_prf_cnts        
20000000  g_pfnRAMVectors               
20000270  __stack                       
20000470  __STACK_END                   
20000470  __STACK_TOP                   
20000470  pid1_v                        
200004a0  pid2_v                        
200004d0  pid_b                         
20000500  pid_theta                     
20000530  pid_x1                        
20000560  pid_x2                        
20000590  rData1                        
200005b0  rData5                        
200005d0  endptr                        
200005d4  pid                           
200005d8  rx_buf1                       
200005d9  rx_buf5                       
200005dc  x_pid_flag                    
200005e0  theta_pid_flag                
200005e4  b_pid_flag                    
200005e8  setspeed_flag                 
200005ec  pid_flag                      
200005f0  b                             
200005f4  setspeed                      
200005f8  x_set1                        
200005fc  x_set2                        
20000600  theta                         
20000604  theta_speed                   
20000608  b_speed                       
2000060c  speed1                        
20000610  speed2                        
20000614  rDataCount5                   
20000615  rDataCount1                   
20000618  rDataFlag5                    
2000061c  rDataFlag1                    
20000620  route_flag                    
20000621  test_flag                     
20000622  LED_flag                      
20000624  uart_flag                     
20000628  x_last_flag                   
2000062c  data_flag                     
2000062d  pid_reset_flag                
20000630  keep_flag                     
20000634  question                      
20000638  x_last1                       
2000063c  x_last2                       
2000065c  status_hand                   
20000660  route_len                     
20000664  recognize_flag                
20000665  turn_route_flag               
20000666  x_task_flag                   
20000667  turn_task_flag                
20000668  task_flag                     
20000669  target                        
2000066a  next_q                        
2000066c  stop_count                    
20000670  turn_flag                     
20000671  cross_flag                    
20000674  stop_judge                    
20000678  route                         
2000068c  errno                         
ffffffff  __TI_pprof_out_hndl           
ffffffff  __TI_prof_data_size           
ffffffff  __TI_prof_data_start          
ffffffff  __binit__                     
ffffffff  __c_args__                    
ffffffff  binit                         
UNDEFED   __mpu_init                    
UNDEFED   _system_post_cinit            

[211 symbols]
