******************************************************************************
                  TI ARM Linker PC v20.2.7                     
******************************************************************************
>> Linked Wed Jul  5 21:41:54 2023

OUTPUT FILE NAME:   <Car_drugs.out>
ENTRY POINT SYMBOL: "_c_int00_noargs"  address: 00003c7d


MEMORY CONFIGURATION

         name            origin    length      used     unused   attr    fill
----------------------  --------  ---------  --------  --------  ----  --------
  FLASH                 00000000   00040000  00004566  0003ba9a  R  X
  SRAM                  20000000   00008000  000006ae  00007952  RW X


SEGMENT ALLOCATION MAP

run origin  load origin   length   init length attrs members
----------  ----------- ---------- ----------- ----- -------
00000000    00000000    00004568   00004568    r-x
  00000000    00000000    0000026c   0000026c    r-- .intvecs
  0000026c    0000026c    00003dc2   00003dc2    r-x .text
  00004030    00004030    000004c8   000004c8    r-- .const
  000044f8    000044f8    00000070   00000070    r-- .cinit
20000000    20000000    000006b4   00000000    rw-
  20000000    20000000    0000026c   00000000    rw- .vtable
  20000270    20000270    00000200   00000000    rw- .stack
  20000470    20000470    0000019a   00000000    rw- .bss
  2000060c    2000060c    000000a8   00000000    rw- .data


SECTION ALLOCATION MAP

 output                                  attributes/
section   page    origin      length       input sections
--------  ----  ----------  ----------   ----------------
.intvecs   0    00000000    0000026c     
                  00000000    0000026c     tm4c123gh6pm_startup_ccs.obj (.intvecs)

.text      0    0000026c    00003dc2     
                  0000026c    00000c9c     main.obj (.text)
                  00000f08    0000092c     hand_hand.obj (.text)
                  00001834    00000878     pid.obj (.text)
                  000020ac    000004a8     uartstdio.obj (.text)
                  00002554    00000460     rtsv7M4_T_le_v4SPD16_eabi.lib : strtod.c.obj (.text:strtod)
                  000029b4    000003d4     my_uart.obj (.text)
                  00002d88    000001b6     rtsv7M4_T_le_v4SPD16_eabi.lib : fd_add_t2.asm.obj (.text)
                  00002f3e    00000002                                   : div0.asm.obj (.text)
                  00002f40    0000016c     driverlib.lib : gpio.obj (.text:GPIOPadConfigSet)
                  000030ac    00000136     rtsv7M4_T_le_v4SPD16_eabi.lib : fd_div_t2.asm.obj (.text)
                  000031e2    00000002     --HOLE-- [fill = 0]
                  000031e4    00000118     driverlib.lib : sysctl.obj (.text:SysCtlClockGet)
                  000032fc    00000110     rtsv7M4_T_le_v4SPD16_eabi.lib : s_scalbn.c.obj (.text:scalbn)
                  0000340c    000000fc                                   : fd_mul_t2.asm.obj (.text)
                  00003508    000000f4     driverlib.lib : sysctl.obj (.text:SysCtlClockSet)
                  000035fc    0000009c     rtsv7M4_T_le_v4SPD16_eabi.lib : memcpy_t2.asm.obj (.text)
                  00003698    00000086                                   : fd_cmp_t2.asm.obj (.text:__aeabi_cdcmple)
                  0000371e    00000086                                   : fd_cmp_t2.asm.obj (.text:__aeabi_cdrcmple)
                  000037a4    0000007a                                   : memset_t2.asm.obj (.text)
                  0000381e    0000006e                                   : fd_tos_t2.asm.obj (.text)
                  0000388c    00000068     driverlib.lib : interrupt.obj (.text:IntEnable)
                  000038f4    00000068     rtsv7M4_T_le_v4SPD16_eabi.lib : copy_decompress_lzss.c.obj (.text:decompress:lzss:__TI_decompress_lzss)
                  0000395c    00000060     driverlib.lib : timer.obj (.text:TimerConfigure)
                  000039bc    0000004c                   : gpio.obj (.text:GPIOPinConfigure)
                  00003a08    0000004c                   : timer.obj (.text:_TimerIntNumberGet)
                  00003a54    00000046                   : uart.obj (.text:UARTConfigSetExpClk)
                  00003a9a    00000002     --HOLE-- [fill = 0]
                  00003a9c    00000044     rtsv7M4_T_le_v4SPD16_eabi.lib : autoinit.c.obj (.text:__TI_auto_init_nobinit_nopinit:__TI_auto_init_nobinit_nopinit)
                  00003ae0    00000044                                   : fd_tou_t2.asm.obj (.text)
                  00003b24    00000040     driverlib.lib : uart.obj (.text:_UARTIntNumberGet)
                  00003b64    00000040     rtsv7M4_T_le_v4SPD16_eabi.lib : u_divt2.asm.obj (.text)
                  00003ba4    00000038     driverlib.lib : sysctl.obj (.text:SysCtlPeripheralPresent)
                  00003bdc    00000038     rtsv7M4_T_le_v4SPD16_eabi.lib : fs_tod_t2.asm.obj (.text)
                  00003c14    00000034     driverlib.lib : interrupt.obj (.text:IntRegister)
                  00003c48    00000034                   : sysctl.obj (.text:SysCtlPeripheralEnable)
                  00003c7c    00000034     rtsv7M4_T_le_v4SPD16_eabi.lib : boot_cortex_m.c.obj (.text:_c_int00_noargs:_c_int00_noargs)
                  00003cb0    0000002e                                   : i_tofd_t2.asm.obj (.text)
                  00003cde    0000002c     driverlib.lib : gpio.obj (.text:GPIODirModeSet)
                  00003d0a    00000002     --HOLE-- [fill = 0]
                  00003d0c    00000024                   : interrupt.obj (.text:IntPrioritySet)
                  00003d30    00000022                   : pwm.obj (.text:PWMGenConfigure)
                  00003d52    00000002     --HOLE-- [fill = 0]
                  00003d54    00000020                   : uart.obj (.text:UARTDisable)
                  00003d74    00000020     rtsv7M4_T_le_v4SPD16_eabi.lib : u_tofd_t2.asm.obj (.text)
                  00003d94    0000001e     driverlib.lib : pwm.obj (.text:PWMPulseWidthSet)
                  00003db2    0000001a                   : gpio.obj (.text:GPIOPinTypeGPIOOutput)
                  00003dcc    0000001a     rtsv7M4_T_le_v4SPD16_eabi.lib : s_copysign.c.obj (.text:copysign)
                  00003de6    00000018     driverlib.lib : timer.obj (.text:TimerIntRegister)
                  00003dfe    00000018                   : uart.obj (.text:UARTIntRegister)
                  00003e16    00000018     rtsv7M4_T_le_v4SPD16_eabi.lib : strcmp.c.obj (.text:strcmp)
                  00003e2e    00000016     driverlib.lib : gpio.obj (.text:GPIOPinTypePWM)
                  00003e44    00000016                   : gpio.obj (.text:GPIOPinTypeQEI)
                  00003e5a    00000016                   : gpio.obj (.text:GPIOPinTypeUART)
                  00003e70    00000014                   : sysctl.obj (.text:SysCtlPWMClockSet)
                  00003e84    00000014                   : uart.obj (.text:UARTEnable)
                  00003e98    00000012                   : pwm.obj (.text:PWMGenPeriodGet)
                  00003eaa    00000012                   : pwm.obj (.text:PWMOutputState)
                  00003ebc    00000012                   : timer.obj (.text:TimerLoadSet)
                  00003ece    00000012                   : timer.obj (.text:TimerPrescaleSet)
                  00003ee0    00000010                   : interrupt.obj (.text:IntMasterEnable)
                  00003ef0    00000010                   : pwm.obj (.text:PWMGenPeriodSet)
                  00003f00    0000000e                   : qei.obj (.text:QEIConfigure)
                  00003f0e    0000000e                   : timer.obj (.text:TimerEnable)
                  00003f1c    0000000e                   : uart.obj (.text:UARTCharGetNonBlocking)
                  00003f2a    0000000e                   : uart.obj (.text:UARTCharPutNonBlocking)
                  00003f38    0000000e                   : uart.obj (.text:UARTCharsAvail)
                  00003f46    0000000e     rtsv7M4_T_le_v4SPD16_eabi.lib : copy_decompress_none.c.obj (.text:decompress:none:__TI_decompress_none)
                  00003f54    0000000c     driverlib.lib : cpu.obj (.text:CPUcpsie)
                  00003f60    0000000c                   : pwm.obj (.text:PWMGenDisable)
                  00003f6c    0000000c                   : pwm.obj (.text:PWMGenEnable)
                  00003f78    0000000c     rtsv7M4_T_le_v4SPD16_eabi.lib : copy_zero_init.c.obj (.text:decompress:ZI:__TI_zero_init)
                  00003f84    0000000c     tm4c123gh6pm_startup_ccs.obj (.text)
                  00003f90    0000000a     driverlib.lib : qei.obj (.text:QEIEnable)
                  00003f9a    0000000a                   : qei.obj (.text:QEIIntDisable)
                  00003fa4    0000000a                   : timer.obj (.text:TimerIntStatus)
                  00003fae    0000000a                   : uart.obj (.text:UARTCharGet)
                  00003fb8    0000000a                   : uart.obj (.text:UARTCharPut)
                  00003fc2    0000000a                   : uart.obj (.text:UARTFIFODisable)
                  00003fcc    0000000a                   : uart.obj (.text:UARTFIFOEnable)
                  00003fd6    0000000a                   : uart.obj (.text:UARTIntStatus)
                  00003fe0    00000008                   : timer.obj (.text:TimerIntEnable)
                  00003fe8    00000008                   : uart.obj (.text:UARTIntEnable)
                  00003ff0    00000008     rtsv7M4_T_le_v4SPD16_eabi.lib : errno.c.obj (.text:__aeabi_errno_addr)
                  00003ff8    00000006     driverlib.lib : gpio.obj (.text:GPIOPinRead)
                  00003ffe    00000006                   : gpio.obj (.text:GPIOPinWrite)
                  00004004    00000006                   : sysctl.obj (.text:SysCtlDelay)
                  0000400a    00000006                   : uart.obj (.text:UARTClockSourceSet)
                  00004010    00000006                   : uart.obj (.text:UARTFIFOLevelSet)
                  00004016    00000004                   : qei.obj (.text:QEIPositionGet)
                  0000401a    00000004                   : qei.obj (.text:QEIPositionSet)
                  0000401e    00000004                   : timer.obj (.text:TimerIntClear)
                  00004022    00000004                   : uart.obj (.text:UARTIntClear)
                  00004026    00000004     rtsv7M4_T_le_v4SPD16_eabi.lib : pre_init.c.obj (.text:_system_pre_init)
                  0000402a    00000004                                   : exit.c.obj (.text:abort:abort)

.const     0    00004030    000004c8     
                  00004030    00000101     rtsv7M4_T_le_v4SPD16_eabi.lib : ctype.c.obj (.const:.string:_ctypes_)
                  00004131    00000003     --HOLE-- [fill = 0]
                  00004134    00000004     uartstdio.obj (.const)
                  00004138    000000c8     rtsv7M4_T_le_v4SPD16_eabi.lib : strtod.c.obj (.const:$O1$$)
                  00004200    0000009c     driverlib.lib : interrupt.obj (.const:g_pui32Regs)
                  0000429c    00000090                   : gpio.obj (.const:g_pui32GPIOBaseAddrs)
                  0000432c    0000006c                   : sysctl.obj (.const:g_pui32Xtals)
                  00004398    00000060                   : timer.obj (.const:g_ppui32TimerIntMap)
                  000043f8    00000040                   : timer.obj (.const:g_ppui32TimerIntMapSnowflake)
                  00004438    00000040                   : uart.obj (.const:g_ppui32UARTIntMap)
                  00004478    00000040                   : uart.obj (.const:g_ppui32UARTIntMapSnowflake)
                  000044b8    00000014                   : interrupt.obj (.const:g_pui32EnRegs)
                  000044cc    00000012     uartstdio.obj (.const:.string)
                  000044de    00000002     --HOLE-- [fill = 0]
                  000044e0    0000000c     uartstdio.obj (.const:g_ui32UARTBase)
                  000044ec    0000000c     uartstdio.obj (.const:g_ui32UARTPeriph)

.cinit     0    000044f8    00000070     
                  000044f8    00000035     (.cinit..data.load) [load image, compression = lzss]
                  0000452d    00000003     --HOLE-- [fill = 0]
                  00004530    0000000c     (__TI_handler_table)
                  0000453c    00000004     --HOLE-- [fill = 0]
                  00004540    00000008     (.cinit..bss.load) [load image, compression = zero_init]
                  00004548    00000008     (.cinit..vtable.load) [load image, compression = zero_init]
                  00004550    00000018     (__TI_cinit_table)

.init_array 
*          0    00000000    00000000     UNINITIALIZED

.vtable    0    20000000    0000026c     UNINITIALIZED
                  20000000    0000026c     driverlib.lib : interrupt.obj (.vtable)

.bss       0    20000470    0000019a     UNINITIALIZED
                  20000470    00000030     (.common:pid1_v)
                  200004a0    00000030     (.common:pid2_v)
                  200004d0    00000030     (.common:pid_b)
                  20000500    00000030     (.common:pid_pos)
                  20000530    00000030     (.common:pid_theta)
                  20000560    00000030     (.common:pid_x1)
                  20000590    00000030     (.common:pid_x2)
                  200005c0    00000020     (.common:rData1)
                  200005e0    00000020     (.common:rData5)
                  20000600    00000004     (.common:endptr)
                  20000604    00000004     (.common:pid)
                  20000608    00000001     (.common:rx_buf1)
                  20000609    00000001     (.common:rx_buf5)

.data      0    2000060c    000000a8     UNINITIALIZED
                  2000060c    00000074     main.obj (.data)
                  20000680    0000001c     hand_hand.obj (.data)
                  2000069c    0000000a     hand_hand.obj (.data:route)
                  200006a6    00000002     --HOLE--
                  200006a8    00000005     uartstdio.obj (.data)
                  200006ad    00000003     --HOLE--
                  200006b0    00000004     rtsv7M4_T_le_v4SPD16_eabi.lib : errno.c.obj (.data)

.stack     0    20000270    00000200     UNINITIALIZED
                  20000270    00000004     rtsv7M4_T_le_v4SPD16_eabi.lib : boot_cortex_m.c.obj (.stack)
                  20000274    000001fc     --HOLE--

__llvm_prf_cnts 
*          0    20000000    00000000     UNINITIALIZED

MODULE SUMMARY

       Module                         code    ro data   rw data
       ------                         ----    -------   -------
    .\
       main.obj                       3228    0         186    
       pid.obj                        2168    0         340    
       hand_hand.obj                  2348    0         38     
       uartstdio.obj                  1192    46        5      
       my_uart.obj                    980     0         0      
       tm4c123gh6pm_startup_ccs.obj   12      620       0      
    +--+------------------------------+-------+---------+---------+
       Total:                         9928    666       569    
                                                               
    D:/TivaWare/driverlib/ccs/Debug/driverlib.lib
       interrupt.obj                  208     176       620    
       sysctl.obj                     658     108       0      
       gpio.obj                       588     144       0      
       uart.obj                       326     128       0      
       timer.obj                      268     160       0      
       pwm.obj                        140     0         0      
       qei.obj                        42      0         0      
       cpu.obj                        12      0         0      
    +--+------------------------------+-------+---------+---------+
       Total:                         2242    716       620    
                                                               
    D:\CCS12.3.0\ccs\tools\compiler\ti-cgt-arm_20.2.7.LTS\lib\rtsv7M4_T_le_v4SPD16_eabi.lib
       strtod.c.obj                   1120    200       0      
       fd_add_t2.asm.obj              438     0         0      
       fd_div_t2.asm.obj              310     0         0      
       s_scalbn.c.obj                 272     0         0      
       fd_cmp_t2.asm.obj              268     0         0      
       ctype.c.obj                    0       257       0      
       fd_mul_t2.asm.obj              252     0         0      
       memcpy_t2.asm.obj              156     0         0      
       memset_t2.asm.obj              122     0         0      
       fd_tos_t2.asm.obj              110     0         0      
       copy_decompress_lzss.c.obj     104     0         0      
       autoinit.c.obj                 68      0         0      
       fd_tou_t2.asm.obj              68      0         0      
       u_divt2.asm.obj                64      0         0      
       fs_tod_t2.asm.obj              56      0         0      
       boot_cortex_m.c.obj            52      0         0      
       i_tofd_t2.asm.obj              46      0         0      
       u_tofd_t2.asm.obj              32      0         0      
       s_copysign.c.obj               26      0         0      
       strcmp.c.obj                   24      0         0      
       copy_decompress_none.c.obj     14      0         0      
       copy_zero_init.c.obj           12      0         0      
       errno.c.obj                    8       0         4      
       exit.c.obj                     4       0         0      
       pre_init.c.obj                 4       0         0      
       div0.asm.obj                   2       0         0      
    +--+------------------------------+-------+---------+---------+
       Total:                         3632    457       4      
                                                               
       Stack:                         0       0         512    
       Linker Generated:              0       105       0      
    +--+------------------------------+-------+---------+---------+
       Grand Total:                   15802   1944      1705   


LINKER GENERATED COPY TABLES

__TI_cinit_table @ 00004550 records: 3, size/record: 8, table size: 24
	.data: load addr=000044f8, load size=00000035 bytes, run addr=2000060c, run size=000000a8 bytes, compression=lzss
	.bss: load addr=00004540, load size=00000008 bytes, run addr=20000470, run size=0000019a bytes, compression=zero_init
	.vtable: load addr=00004548, load size=00000008 bytes, run addr=20000000, run size=0000026c bytes, compression=zero_init


LINKER GENERATED HANDLER TABLE

__TI_handler_table @ 00004530 records: 3, size/record: 4, table size: 12
	index: 0, handler: __TI_zero_init
	index: 1, handler: __TI_decompress_lzss
	index: 2, handler: __TI_decompress_none


GLOBAL SYMBOLS: SORTED ALPHABETICALLY BY Name 

address   name                          
-------   ----                          
0000402b  C$$EXIT                       
00003f55  CPUcpsie                      
00000e77  Drug_Read                     
00003cdf  GPIODirModeSet                
00002f41  GPIOPadConfigSet              
000039bd  GPIOPinConfigure              
00003ff9  GPIOPinRead                   
00003db3  GPIOPinTypeGPIOOutput         
00003e2f  GPIOPinTypePWM                
00003e45  GPIOPinTypeQEI                
00003e5b  GPIOPinTypeUART               
00003fff  GPIOPinWrite                  
000005a5  GPIO_init                     
000029b5  Get_Data                      
0000388d  IntEnable                     
00003ee1  IntMasterEnable               
00003d0d  IntPrioritySet                
00003c15  IntRegister                   
20000646  LED_flag                      
00001e11  PID_b_update                  
00001835  PID_init                      
00001fd9  PID_para                      
00001ed1  PID_pos_update                
00001bdd  PID_speed_update              
00001d0d  PID_theta_update              
000019cd  PID_x_update                  
00003d31  PWMGenConfigure               
00003f61  PWMGenDisable                 
00003f6d  PWMGenEnable                  
00003e99  PWMGenPeriodGet               
00003ef1  PWMGenPeriodSet               
00003eab  PWMOutputState                
00003d95  PWMPulseWidthSet              
0000035b  PWM_init                      
00003f01  QEIConfigure                  
00003f91  QEIEnable                     
00003f9b  QEIIntDisable                 
00004017  QEIPositionGet                
0000401b  QEIPositionSet                
0000040d  QEI_init                      
00003f85  ResetISR                      
00000f99  StatusDeal                    
00000f09  StatusReset                   
000031e5  SysCtlClockGet                
00003509  SysCtlClockSet                
00004005  SysCtlDelay                   
00003e71  SysCtlPWMClockSet             
00003c49  SysCtlPeripheralEnable        
00003ba5  SysCtlPeripheralPresent       
00000307  Sysint_init                   
00000889  TIMER0_IRQHandler             
0000395d  TimerConfigure                
00003f0f  TimerEnable                   
0000401f  TimerIntClear                 
00003fe1  TimerIntEnable                
00003de7  TimerIntRegister              
00003fa5  TimerIntStatus                
00003ebd  TimerLoadSet                  
00003ecf  TimerPrescaleSet              
00000be1  UART1_Handler                 
00000cb5  UART5_Handler                 
00003faf  UARTCharGet                   
00003f1d  UARTCharGetNonBlocking        
00003fb9  UARTCharPut                   
00003f2b  UARTCharPutNonBlocking        
00003f39  UARTCharsAvail                
0000400b  UARTClockSourceSet            
00003a55  UARTConfigSetExpClk           
00003d55  UARTDisable                   
00003e85  UARTEnable                    
00003fc3  UARTFIFODisable               
00003fcd  UARTFIFOEnable                
00004011  UARTFIFOLevelSet              
00004023  UARTIntClear                  
00003fe9  UARTIntEnable                 
00003dff  UARTIntRegister               
00003fd7  UARTIntStatus                 
000020ad  UARTStdioConfig               
000021fd  UARTgetc                      
00002143  UARTgets                      
0000251f  UARTprintf                    
00002225  UARTvprintf                   
000020f3  UARTwrite                     
00002bc9  USART_PID_Adjust              
000004bf  USART_init                    
0000067d  Wheel_set                     
20000470  __STACK_END                   
00000200  __STACK_SIZE                  
20000470  __STACK_TOP                   
00004550  __TI_CINIT_Base               
00004568  __TI_CINIT_Limit              
00004530  __TI_Handler_Table_Base       
0000453c  __TI_Handler_Table_Limit      
00003a9d  __TI_auto_init_nobinit_nopinit
000038f5  __TI_decompress_lzss          
00003f47  __TI_decompress_none          
ffffffff  __TI_pprof_out_hndl           
ffffffff  __TI_prof_data_size           
ffffffff  __TI_prof_data_start          
00000000  __TI_static_base__            
00003f79  __TI_zero_init                
00003699  __aeabi_cdcmpeq               
00003699  __aeabi_cdcmple               
0000371f  __aeabi_cdrcmple              
0000381f  __aeabi_d2f                   
00003ae1  __aeabi_d2uiz                 
00002d93  __aeabi_dadd                  
000030ad  __aeabi_ddiv                  
0000340d  __aeabi_dmul                  
00002d89  __aeabi_dsub                  
00003ff1  __aeabi_errno_addr            
00003bdd  __aeabi_f2d                   
00003cb1  __aeabi_i2d                   
00002f3f  __aeabi_idiv0                 
00002f3f  __aeabi_ldiv0                 
000037a5  __aeabi_memclr                
000037a5  __aeabi_memclr4               
000037a5  __aeabi_memclr8               
000035fd  __aeabi_memcpy                
000035fd  __aeabi_memcpy4               
000035fd  __aeabi_memcpy8               
000037a7  __aeabi_memset                
000037a7  __aeabi_memset4               
000037a7  __aeabi_memset8               
00003d75  __aeabi_ui2d                  
00003b65  __aeabi_uidiv                 
00003b65  __aeabi_uidivmod              
ffffffff  __binit__                     
ffffffff  __c_args__                    
UNDEFED   __mpu_init                    
20000270  __stack                       
20000000  __start___llvm_prf_cnts       
20000000  __stop___llvm_prf_cnts        
00003c7d  _c_int00_noargs               
00004030  _ctypes_                      
UNDEFED   _system_post_cinit            
00004027  _system_pre_init              
0000402b  abort                         
ffffffff  binit                         
00003dcd  copysign                      
00003dcd  copysignl                     
20000695  cross_flag                    
20000650  data_flag                     
20000600  endptr                        
200006b0  errno                         
00000de3  f_char_printf                 
20000000  g_pfnRAMVectors               
00000000  g_pfnVectors                  
000032fd  ldexp                         
000032fd  ldexpl                        
0000026d  main                          
000035fd  memcpy                        
000037ad  memset                        
2000068e  next_q                        
20000604  pid                           
20000470  pid1_v                        
200004a0  pid2_v                        
200004d0  pid_b                         
20000618  pid_flag                      
20000500  pid_pos                       
20000651  pid_reset_flag                
20000530  pid_theta                     
20000560  pid_x1                        
20000590  pid_x2                        
20000628  pos                           
20000610  pos_pid_flag                  
2000062c  pos_speed                     
20000653  question                      
200005c0  rData1                        
200005e0  rData5                        
20000639  rDataCount1                   
20000638  rDataCount5                   
20000640  rDataFlag1                    
2000063c  rDataFlag5                    
20000688  recognize_flag                
2000069c  route                         
20000644  route_flag                    
20000684  route_len                     
20000608  rx_buf1                       
20000609  rx_buf5                       
000032fd  scalbn                        
000032fd  scalbnl                       
2000061c  setspeed                      
20000614  setspeed_flag                 
20000630  speed1                        
20000634  speed2                        
20000680  status_hand                   
20000690  stop_count                    
20000698  stop_judge                    
00003e17  strcmp                        
00002555  strtod                        
00002555  strtold                       
2000068d  target                        
2000068c  task_flag                     
20000645  test_flag                     
20000652  time_count                    
20000694  turn_flag                     
20000689  turn_route_flag               
2000068b  turn_task_flag                
20000648  uart_flag                     
20000654  x_last1                       
20000658  x_last2                       
2000064c  x_last_flag                   
2000060c  x_pid_flag                    
20000620  x_set1                        
20000624  x_set2                        
2000068a  x_task_flag                   


GLOBAL SYMBOLS: SORTED BY Symbol Address 

address   name                          
-------   ----                          
00000000  __TI_static_base__            
00000000  g_pfnVectors                  
00000200  __STACK_SIZE                  
0000026d  main                          
00000307  Sysint_init                   
0000035b  PWM_init                      
0000040d  QEI_init                      
000004bf  USART_init                    
000005a5  GPIO_init                     
0000067d  Wheel_set                     
00000889  TIMER0_IRQHandler             
00000be1  UART1_Handler                 
00000cb5  UART5_Handler                 
00000de3  f_char_printf                 
00000e77  Drug_Read                     
00000f09  StatusReset                   
00000f99  StatusDeal                    
00001835  PID_init                      
000019cd  PID_x_update                  
00001bdd  PID_speed_update              
00001d0d  PID_theta_update              
00001e11  PID_b_update                  
00001ed1  PID_pos_update                
00001fd9  PID_para                      
000020ad  UARTStdioConfig               
000020f3  UARTwrite                     
00002143  UARTgets                      
000021fd  UARTgetc                      
00002225  UARTvprintf                   
0000251f  UARTprintf                    
00002555  strtod                        
00002555  strtold                       
000029b5  Get_Data                      
00002bc9  USART_PID_Adjust              
00002d89  __aeabi_dsub                  
00002d93  __aeabi_dadd                  
00002f3f  __aeabi_idiv0                 
00002f3f  __aeabi_ldiv0                 
00002f41  GPIOPadConfigSet              
000030ad  __aeabi_ddiv                  
000031e5  SysCtlClockGet                
000032fd  ldexp                         
000032fd  ldexpl                        
000032fd  scalbn                        
000032fd  scalbnl                       
0000340d  __aeabi_dmul                  
00003509  SysCtlClockSet                
000035fd  __aeabi_memcpy                
000035fd  __aeabi_memcpy4               
000035fd  __aeabi_memcpy8               
000035fd  memcpy                        
00003699  __aeabi_cdcmpeq               
00003699  __aeabi_cdcmple               
0000371f  __aeabi_cdrcmple              
000037a5  __aeabi_memclr                
000037a5  __aeabi_memclr4               
000037a5  __aeabi_memclr8               
000037a7  __aeabi_memset                
000037a7  __aeabi_memset4               
000037a7  __aeabi_memset8               
000037ad  memset                        
0000381f  __aeabi_d2f                   
0000388d  IntEnable                     
000038f5  __TI_decompress_lzss          
0000395d  TimerConfigure                
000039bd  GPIOPinConfigure              
00003a55  UARTConfigSetExpClk           
00003a9d  __TI_auto_init_nobinit_nopinit
00003ae1  __aeabi_d2uiz                 
00003b65  __aeabi_uidiv                 
00003b65  __aeabi_uidivmod              
00003ba5  SysCtlPeripheralPresent       
00003bdd  __aeabi_f2d                   
00003c15  IntRegister                   
00003c49  SysCtlPeripheralEnable        
00003c7d  _c_int00_noargs               
00003cb1  __aeabi_i2d                   
00003cdf  GPIODirModeSet                
00003d0d  IntPrioritySet                
00003d31  PWMGenConfigure               
00003d55  UARTDisable                   
00003d75  __aeabi_ui2d                  
00003d95  PWMPulseWidthSet              
00003db3  GPIOPinTypeGPIOOutput         
00003dcd  copysign                      
00003dcd  copysignl                     
00003de7  TimerIntRegister              
00003dff  UARTIntRegister               
00003e17  strcmp                        
00003e2f  GPIOPinTypePWM                
00003e45  GPIOPinTypeQEI                
00003e5b  GPIOPinTypeUART               
00003e71  SysCtlPWMClockSet             
00003e85  UARTEnable                    
00003e99  PWMGenPeriodGet               
00003eab  PWMOutputState                
00003ebd  TimerLoadSet                  
00003ecf  TimerPrescaleSet              
00003ee1  IntMasterEnable               
00003ef1  PWMGenPeriodSet               
00003f01  QEIConfigure                  
00003f0f  TimerEnable                   
00003f1d  UARTCharGetNonBlocking        
00003f2b  UARTCharPutNonBlocking        
00003f39  UARTCharsAvail                
00003f47  __TI_decompress_none          
00003f55  CPUcpsie                      
00003f61  PWMGenDisable                 
00003f6d  PWMGenEnable                  
00003f79  __TI_zero_init                
00003f85  ResetISR                      
00003f91  QEIEnable                     
00003f9b  QEIIntDisable                 
00003fa5  TimerIntStatus                
00003faf  UARTCharGet                   
00003fb9  UARTCharPut                   
00003fc3  UARTFIFODisable               
00003fcd  UARTFIFOEnable                
00003fd7  UARTIntStatus                 
00003fe1  TimerIntEnable                
00003fe9  UARTIntEnable                 
00003ff1  __aeabi_errno_addr            
00003ff9  GPIOPinRead                   
00003fff  GPIOPinWrite                  
00004005  SysCtlDelay                   
0000400b  UARTClockSourceSet            
00004011  UARTFIFOLevelSet              
00004017  QEIPositionGet                
0000401b  QEIPositionSet                
0000401f  TimerIntClear                 
00004023  UARTIntClear                  
00004027  _system_pre_init              
0000402b  C$$EXIT                       
0000402b  abort                         
00004030  _ctypes_                      
00004530  __TI_Handler_Table_Base       
0000453c  __TI_Handler_Table_Limit      
00004550  __TI_CINIT_Base               
00004568  __TI_CINIT_Limit              
20000000  __start___llvm_prf_cnts       
20000000  __stop___llvm_prf_cnts        
20000000  g_pfnRAMVectors               
20000270  __stack                       
20000470  __STACK_END                   
20000470  __STACK_TOP                   
20000470  pid1_v                        
200004a0  pid2_v                        
200004d0  pid_b                         
20000500  pid_pos                       
20000530  pid_theta                     
20000560  pid_x1                        
20000590  pid_x2                        
200005c0  rData1                        
200005e0  rData5                        
20000600  endptr                        
20000604  pid                           
20000608  rx_buf1                       
20000609  rx_buf5                       
2000060c  x_pid_flag                    
20000610  pos_pid_flag                  
20000614  setspeed_flag                 
20000618  pid_flag                      
2000061c  setspeed                      
20000620  x_set1                        
20000624  x_set2                        
20000628  pos                           
2000062c  pos_speed                     
20000630  speed1                        
20000634  speed2                        
20000638  rDataCount5                   
20000639  rDataCount1                   
2000063c  rDataFlag5                    
20000640  rDataFlag1                    
20000644  route_flag                    
20000645  test_flag                     
20000646  LED_flag                      
20000648  uart_flag                     
2000064c  x_last_flag                   
20000650  data_flag                     
20000651  pid_reset_flag                
20000652  time_count                    
20000653  question                      
20000654  x_last1                       
20000658  x_last2                       
20000680  status_hand                   
20000684  route_len                     
20000688  recognize_flag                
20000689  turn_route_flag               
2000068a  x_task_flag                   
2000068b  turn_task_flag                
2000068c  task_flag                     
2000068d  target                        
2000068e  next_q                        
20000690  stop_count                    
20000694  turn_flag                     
20000695  cross_flag                    
20000698  stop_judge                    
2000069c  route                         
200006b0  errno                         
ffffffff  __TI_pprof_out_hndl           
ffffffff  __TI_prof_data_size           
ffffffff  __TI_prof_data_start          
ffffffff  __binit__                     
ffffffff  __c_args__                    
ffffffff  binit                         
UNDEFED   __mpu_init                    
UNDEFED   _system_post_cinit            

[207 symbols]
