******************************************************************************
                  TI ARM Linker PC v20.2.7                     
******************************************************************************
>> Linked Fri Jul  7 21:19:32 2023

OUTPUT FILE NAME:   <Car_drugs.out>
ENTRY POINT SYMBOL: "_c_int00_noargs"  address: 00003ff1


MEMORY CONFIGURATION

         name            origin    length      used     unused   attr    fill
----------------------  --------  ---------  --------  --------  ----  --------
  FLASH                 00000000   00040000  000048da  0003b726  R  X
  SRAM                  20000000   00008000  000006b2  0000794e  RW X


SEGMENT ALLOCATION MAP

run origin  load origin   length   init length attrs members
----------  ----------- ---------- ----------- ----- -------
00000000    00000000    000048e0   000048e0    r-x
  00000000    00000000    0000026c   0000026c    r-- .intvecs
  0000026c    0000026c    00004136   00004136    r-x .text
  000043a8    000043a8    000004c8   000004c8    r-- .const
  00004870    00004870    00000070   00000070    r-- .cinit
20000000    20000000    000006b8   00000000    rw-
  20000000    20000000    0000026c   00000000    rw- .vtable
  20000270    20000270    00000200   00000000    rw- .stack
  20000470    20000470    0000019a   00000000    rw- .bss
  2000060c    2000060c    000000ac   00000000    rw- .data


SECTION ALLOCATION MAP

 output                                  attributes/
section   page    origin      length       input sections
--------  ----  ----------  ----------   ----------------
.intvecs   0    00000000    0000026c     
                  00000000    0000026c     tm4c123gh6pm_startup_ccs.obj (.intvecs)

.text      0    0000026c    00004136     
                  0000026c    00000e10     main.obj (.text)
                  0000107c    00000b2c     hand_hand.obj (.text)
                  00001ba8    00000878     pid.obj (.text)
                  00002420    000004a8     uartstdio.obj (.text)
                  000028c8    00000460     rtsv7M4_T_le_v4SPD16_eabi.lib : strtod.c.obj (.text:strtod)
                  00002d28    000003d4     my_uart.obj (.text)
                  000030fc    000001b6     rtsv7M4_T_le_v4SPD16_eabi.lib : fd_add_t2.asm.obj (.text)
                  000032b2    00000002                                   : div0.asm.obj (.text)
                  000032b4    0000016c     driverlib.lib : gpio.obj (.text:GPIOPadConfigSet)
                  00003420    00000136     rtsv7M4_T_le_v4SPD16_eabi.lib : fd_div_t2.asm.obj (.text)
                  00003556    00000002     --HOLE-- [fill = 0]
                  00003558    00000118     driverlib.lib : sysctl.obj (.text:SysCtlClockGet)
                  00003670    00000110     rtsv7M4_T_le_v4SPD16_eabi.lib : s_scalbn.c.obj (.text:scalbn)
                  00003780    000000fc                                   : fd_mul_t2.asm.obj (.text)
                  0000387c    000000f4     driverlib.lib : sysctl.obj (.text:SysCtlClockSet)
                  00003970    0000009c     rtsv7M4_T_le_v4SPD16_eabi.lib : memcpy_t2.asm.obj (.text)
                  00003a0c    00000086                                   : fd_cmp_t2.asm.obj (.text:__aeabi_cdcmple)
                  00003a92    00000086                                   : fd_cmp_t2.asm.obj (.text:__aeabi_cdrcmple)
                  00003b18    0000007a                                   : memset_t2.asm.obj (.text)
                  00003b92    0000006e                                   : fd_tos_t2.asm.obj (.text)
                  00003c00    00000068     driverlib.lib : interrupt.obj (.text:IntEnable)
                  00003c68    00000068     rtsv7M4_T_le_v4SPD16_eabi.lib : copy_decompress_lzss.c.obj (.text:decompress:lzss:__TI_decompress_lzss)
                  00003cd0    00000060     driverlib.lib : timer.obj (.text:TimerConfigure)
                  00003d30    0000004c                   : gpio.obj (.text:GPIOPinConfigure)
                  00003d7c    0000004c                   : timer.obj (.text:_TimerIntNumberGet)
                  00003dc8    00000046                   : uart.obj (.text:UARTConfigSetExpClk)
                  00003e0e    00000002     --HOLE-- [fill = 0]
                  00003e10    00000044     rtsv7M4_T_le_v4SPD16_eabi.lib : autoinit.c.obj (.text:__TI_auto_init_nobinit_nopinit:__TI_auto_init_nobinit_nopinit)
                  00003e54    00000044                                   : fd_tou_t2.asm.obj (.text)
                  00003e98    00000040     driverlib.lib : uart.obj (.text:_UARTIntNumberGet)
                  00003ed8    00000040     rtsv7M4_T_le_v4SPD16_eabi.lib : u_divt2.asm.obj (.text)
                  00003f18    00000038     driverlib.lib : sysctl.obj (.text:SysCtlPeripheralPresent)
                  00003f50    00000038     rtsv7M4_T_le_v4SPD16_eabi.lib : fs_tod_t2.asm.obj (.text)
                  00003f88    00000034     driverlib.lib : interrupt.obj (.text:IntRegister)
                  00003fbc    00000034                   : sysctl.obj (.text:SysCtlPeripheralEnable)
                  00003ff0    00000034     rtsv7M4_T_le_v4SPD16_eabi.lib : boot_cortex_m.c.obj (.text:_c_int00_noargs:_c_int00_noargs)
                  00004024    0000002e                                   : i_tofd_t2.asm.obj (.text)
                  00004052    0000002c     driverlib.lib : gpio.obj (.text:GPIODirModeSet)
                  0000407e    00000002     --HOLE-- [fill = 0]
                  00004080    00000024                   : interrupt.obj (.text:IntPrioritySet)
                  000040a4    00000022                   : pwm.obj (.text:PWMGenConfigure)
                  000040c6    00000002     --HOLE-- [fill = 0]
                  000040c8    00000020                   : uart.obj (.text:UARTDisable)
                  000040e8    00000020     rtsv7M4_T_le_v4SPD16_eabi.lib : u_tofd_t2.asm.obj (.text)
                  00004108    0000001e     driverlib.lib : pwm.obj (.text:PWMPulseWidthSet)
                  00004126    0000001a                   : gpio.obj (.text:GPIOPinTypeGPIOOutput)
                  00004140    0000001a     rtsv7M4_T_le_v4SPD16_eabi.lib : s_copysign.c.obj (.text:copysign)
                  0000415a    00000018     driverlib.lib : timer.obj (.text:TimerIntRegister)
                  00004172    00000018                   : uart.obj (.text:UARTIntRegister)
                  0000418a    00000018     rtsv7M4_T_le_v4SPD16_eabi.lib : strcmp.c.obj (.text:strcmp)
                  000041a2    00000016     driverlib.lib : gpio.obj (.text:GPIOPinTypePWM)
                  000041b8    00000016                   : gpio.obj (.text:GPIOPinTypeQEI)
                  000041ce    00000016                   : gpio.obj (.text:GPIOPinTypeUART)
                  000041e4    00000014                   : sysctl.obj (.text:SysCtlPWMClockSet)
                  000041f8    00000014                   : uart.obj (.text:UARTEnable)
                  0000420c    00000012                   : pwm.obj (.text:PWMGenPeriodGet)
                  0000421e    00000012                   : pwm.obj (.text:PWMOutputState)
                  00004230    00000012                   : timer.obj (.text:TimerLoadSet)
                  00004242    00000012                   : timer.obj (.text:TimerPrescaleSet)
                  00004254    00000010                   : interrupt.obj (.text:IntMasterEnable)
                  00004264    00000010                   : pwm.obj (.text:PWMGenPeriodSet)
                  00004274    0000000e                   : qei.obj (.text:QEIConfigure)
                  00004282    0000000e                   : timer.obj (.text:TimerEnable)
                  00004290    0000000e                   : uart.obj (.text:UARTCharGetNonBlocking)
                  0000429e    0000000e                   : uart.obj (.text:UARTCharPutNonBlocking)
                  000042ac    0000000e                   : uart.obj (.text:UARTCharsAvail)
                  000042ba    0000000e     rtsv7M4_T_le_v4SPD16_eabi.lib : copy_decompress_none.c.obj (.text:decompress:none:__TI_decompress_none)
                  000042c8    0000000c     driverlib.lib : cpu.obj (.text:CPUcpsie)
                  000042d4    0000000c                   : pwm.obj (.text:PWMGenDisable)
                  000042e0    0000000c                   : pwm.obj (.text:PWMGenEnable)
                  000042ec    0000000c     rtsv7M4_T_le_v4SPD16_eabi.lib : copy_zero_init.c.obj (.text:decompress:ZI:__TI_zero_init)
                  000042f8    0000000c     tm4c123gh6pm_startup_ccs.obj (.text)
                  00004304    0000000a     driverlib.lib : qei.obj (.text:QEIEnable)
                  0000430e    0000000a                   : qei.obj (.text:QEIIntDisable)
                  00004318    0000000a                   : timer.obj (.text:TimerIntStatus)
                  00004322    0000000a                   : uart.obj (.text:UARTCharGet)
                  0000432c    0000000a                   : uart.obj (.text:UARTCharPut)
                  00004336    0000000a                   : uart.obj (.text:UARTFIFODisable)
                  00004340    0000000a                   : uart.obj (.text:UARTFIFOEnable)
                  0000434a    0000000a                   : uart.obj (.text:UARTIntStatus)
                  00004354    00000008                   : timer.obj (.text:TimerIntEnable)
                  0000435c    00000008                   : uart.obj (.text:UARTIntEnable)
                  00004364    00000008     rtsv7M4_T_le_v4SPD16_eabi.lib : errno.c.obj (.text:__aeabi_errno_addr)
                  0000436c    00000006     driverlib.lib : gpio.obj (.text:GPIOPinRead)
                  00004372    00000006                   : gpio.obj (.text:GPIOPinWrite)
                  00004378    00000006                   : sysctl.obj (.text:SysCtlDelay)
                  0000437e    00000006                   : uart.obj (.text:UARTClockSourceSet)
                  00004384    00000006                   : uart.obj (.text:UARTFIFOLevelSet)
                  0000438a    00000004                   : qei.obj (.text:QEIPositionGet)
                  0000438e    00000004                   : qei.obj (.text:QEIPositionSet)
                  00004392    00000004                   : timer.obj (.text:TimerIntClear)
                  00004396    00000004                   : uart.obj (.text:UARTIntClear)
                  0000439a    00000004     rtsv7M4_T_le_v4SPD16_eabi.lib : pre_init.c.obj (.text:_system_pre_init)
                  0000439e    00000004                                   : exit.c.obj (.text:abort:abort)

.const     0    000043a8    000004c8     
                  000043a8    00000101     rtsv7M4_T_le_v4SPD16_eabi.lib : ctype.c.obj (.const:.string:_ctypes_)
                  000044a9    00000003     --HOLE-- [fill = 0]
                  000044ac    00000004     uartstdio.obj (.const)
                  000044b0    000000c8     rtsv7M4_T_le_v4SPD16_eabi.lib : strtod.c.obj (.const:$O1$$)
                  00004578    0000009c     driverlib.lib : interrupt.obj (.const:g_pui32Regs)
                  00004614    00000090                   : gpio.obj (.const:g_pui32GPIOBaseAddrs)
                  000046a4    0000006c                   : sysctl.obj (.const:g_pui32Xtals)
                  00004710    00000060                   : timer.obj (.const:g_ppui32TimerIntMap)
                  00004770    00000040                   : timer.obj (.const:g_ppui32TimerIntMapSnowflake)
                  000047b0    00000040                   : uart.obj (.const:g_ppui32UARTIntMap)
                  000047f0    00000040                   : uart.obj (.const:g_ppui32UARTIntMapSnowflake)
                  00004830    00000014                   : interrupt.obj (.const:g_pui32EnRegs)
                  00004844    00000012     uartstdio.obj (.const:.string)
                  00004856    00000002     --HOLE-- [fill = 0]
                  00004858    0000000c     uartstdio.obj (.const:g_ui32UARTBase)
                  00004864    0000000c     uartstdio.obj (.const:g_ui32UARTPeriph)

.cinit     0    00004870    00000070     
                  00004870    00000035     (.cinit..data.load) [load image, compression = lzss]
                  000048a5    00000003     --HOLE-- [fill = 0]
                  000048a8    0000000c     (__TI_handler_table)
                  000048b4    00000004     --HOLE-- [fill = 0]
                  000048b8    00000008     (.cinit..bss.load) [load image, compression = zero_init]
                  000048c0    00000008     (.cinit..vtable.load) [load image, compression = zero_init]
                  000048c8    00000018     (__TI_cinit_table)

.init_array 
*          0    00000000    00000000     UNINITIALIZED

.vtable    0    20000000    0000026c     UNINITIALIZED
                  20000000    0000026c     driverlib.lib : interrupt.obj (.vtable)

.bss       0    20000470    0000019a     UNINITIALIZED
                  20000470    00000030     (.common:pid1_v)
                  200004a0    00000030     (.common:pid2_v)
                  200004d0    00000030     (.common:pid_b)
                  20000500    00000030     (.common:pid_pos)
                  20000530    00000030     (.common:pid_theta)
                  20000560    00000030     (.common:pid_x1)
                  20000590    00000030     (.common:pid_x2)
                  200005c0    00000020     (.common:rData1)
                  200005e0    00000020     (.common:rData5)
                  20000600    00000004     (.common:endptr)
                  20000604    00000004     (.common:pid)
                  20000608    00000001     (.common:rx_buf1)
                  20000609    00000001     (.common:rx_buf5)

.data      0    2000060c    000000ac     UNINITIALIZED
                  2000060c    00000078     main.obj (.data)
                  20000684    0000001e     hand_hand.obj (.data)
                  200006a2    0000000a     hand_hand.obj (.data:route)
                  200006ac    00000005     uartstdio.obj (.data)
                  200006b1    00000003     --HOLE--
                  200006b4    00000004     rtsv7M4_T_le_v4SPD16_eabi.lib : errno.c.obj (.data)

.stack     0    20000270    00000200     UNINITIALIZED
                  20000270    00000004     rtsv7M4_T_le_v4SPD16_eabi.lib : boot_cortex_m.c.obj (.stack)
                  20000274    000001fc     --HOLE--

__llvm_prf_cnts 
*          0    20000000    00000000     UNINITIALIZED

MODULE SUMMARY

       Module                         code    ro data   rw data
       ------                         ----    -------   -------
    .\
       main.obj                       3600    0         190    
       hand_hand.obj                  2860    0         40     
       pid.obj                        2168    0         340    
       uartstdio.obj                  1192    46        5      
       my_uart.obj                    980     0         0      
       tm4c123gh6pm_startup_ccs.obj   12      620       0      
    +--+------------------------------+-------+---------+---------+
       Total:                         10812   666       575    
                                                               
    D:/TivaWare/driverlib/ccs/Debug/driverlib.lib
       interrupt.obj                  208     176       620    
       sysctl.obj                     658     108       0      
       gpio.obj                       588     144       0      
       uart.obj                       326     128       0      
       timer.obj                      268     160       0      
       pwm.obj                        140     0         0      
       qei.obj                        42      0         0      
       cpu.obj                        12      0         0      
    +--+------------------------------+-------+---------+---------+
       Total:                         2242    716       620    
                                                               
    D:\CCS12.3.0\ccs\tools\compiler\ti-cgt-arm_20.2.7.LTS\lib\rtsv7M4_T_le_v4SPD16_eabi.lib
       strtod.c.obj                   1120    200       0      
       fd_add_t2.asm.obj              438     0         0      
       fd_div_t2.asm.obj              310     0         0      
       s_scalbn.c.obj                 272     0         0      
       fd_cmp_t2.asm.obj              268     0         0      
       ctype.c.obj                    0       257       0      
       fd_mul_t2.asm.obj              252     0         0      
       memcpy_t2.asm.obj              156     0         0      
       memset_t2.asm.obj              122     0         0      
       fd_tos_t2.asm.obj              110     0         0      
       copy_decompress_lzss.c.obj     104     0         0      
       autoinit.c.obj                 68      0         0      
       fd_tou_t2.asm.obj              68      0         0      
       u_divt2.asm.obj                64      0         0      
       fs_tod_t2.asm.obj              56      0         0      
       boot_cortex_m.c.obj            52      0         0      
       i_tofd_t2.asm.obj              46      0         0      
       u_tofd_t2.asm.obj              32      0         0      
       s_copysign.c.obj               26      0         0      
       strcmp.c.obj                   24      0         0      
       copy_decompress_none.c.obj     14      0         0      
       copy_zero_init.c.obj           12      0         0      
       errno.c.obj                    8       0         4      
       exit.c.obj                     4       0         0      
       pre_init.c.obj                 4       0         0      
       div0.asm.obj                   2       0         0      
    +--+------------------------------+-------+---------+---------+
       Total:                         3632    457       4      
                                                               
       Stack:                         0       0         512    
       Linker Generated:              0       105       0      
    +--+------------------------------+-------+---------+---------+
       Grand Total:                   16686   1944      1711   


LINKER GENERATED COPY TABLES

__TI_cinit_table @ 000048c8 records: 3, size/record: 8, table size: 24
	.data: load addr=00004870, load size=00000035 bytes, run addr=2000060c, run size=000000ac bytes, compression=lzss
	.bss: load addr=000048b8, load size=00000008 bytes, run addr=20000470, run size=0000019a bytes, compression=zero_init
	.vtable: load addr=000048c0, load size=00000008 bytes, run addr=20000000, run size=0000026c bytes, compression=zero_init


LINKER GENERATED HANDLER TABLE

__TI_handler_table @ 000048a8 records: 3, size/record: 4, table size: 12
	index: 0, handler: __TI_zero_init
	index: 1, handler: __TI_decompress_lzss
	index: 2, handler: __TI_decompress_none


GLOBAL SYMBOLS: SORTED ALPHABETICALLY BY Name 

address   name                          
-------   ----                          
0000439f  C$$EXIT                       
000042c9  CPUcpsie                      
00000fb5  Drug_Read                     
00004053  GPIODirModeSet                
000032b5  GPIOPadConfigSet              
00003d31  GPIOPinConfigure              
0000436d  GPIOPinRead                   
00004127  GPIOPinTypeGPIOOutput         
000041a3  GPIOPinTypePWM                
000041b9  GPIOPinTypeQEI                
000041cf  GPIOPinTypeUART               
00004373  GPIOPinWrite                  
000005ed  GPIO_init                     
00002d29  Get_Data                      
00003c01  IntEnable                     
00004255  IntMasterEnable               
00004081  IntPrioritySet                
00003f89  IntRegister                   
20000646  LED_flag                      
00002185  PID_b_update                  
00001ba9  PID_init                      
0000234d  PID_para                      
00002245  PID_pos_update                
00001f4d  PID_speed_update              
00002081  PID_theta_update              
00001d45  PID_x_update                  
000040a5  PWMGenConfigure               
000042d5  PWMGenDisable                 
000042e1  PWMGenEnable                  
0000420d  PWMGenPeriodGet               
00004265  PWMGenPeriodSet               
0000421f  PWMOutputState                
00004109  PWMPulseWidthSet              
00000395  PWM_init                      
00004275  QEIConfigure                  
00004305  QEIEnable                     
0000430f  QEIIntDisable                 
0000438b  QEIPositionGet                
0000438f  QEIPositionSet                
00000447  QEI_init                      
00000fcb  Question_Read                 
000042f9  ResetISR                      
0000112d  StatusDeal                    
0000107d  StatusReset                   
00003559  SysCtlClockGet                
0000387d  SysCtlClockSet                
00004379  SysCtlDelay                   
000041e5  SysCtlPWMClockSet             
00003fbd  SysCtlPeripheralEnable        
00003f19  SysCtlPeripheralPresent       
00000341  Sysint_init                   
000008f9  TIMER0_IRQHandler             
00003cd1  TimerConfigure                
00004283  TimerEnable                   
00004393  TimerIntClear                 
00004355  TimerIntEnable                
0000415b  TimerIntRegister              
00004319  TimerIntStatus                
00004231  TimerLoadSet                  
00004243  TimerPrescaleSet              
00000c61  UART1_Handler                 
00000d41  UART5_Handler                 
00004323  UARTCharGet                   
00004291  UARTCharGetNonBlocking        
0000432d  UARTCharPut                   
0000429f  UARTCharPutNonBlocking        
000042ad  UARTCharsAvail                
0000437f  UARTClockSourceSet            
00003dc9  UARTConfigSetExpClk           
000040c9  UARTDisable                   
000041f9  UARTEnable                    
00004337  UARTFIFODisable               
00004341  UARTFIFOEnable                
00004385  UARTFIFOLevelSet              
00004397  UARTIntClear                  
0000435d  UARTIntEnable                 
00004173  UARTIntRegister               
0000434b  UARTIntStatus                 
00002421  UARTStdioConfig               
00002571  UARTgetc                      
000024b7  UARTgets                      
00002893  UARTprintf                    
00002599  UARTvprintf                   
00002467  UARTwrite                     
00002f3d  USART_PID_Adjust              
000004f9  USART_init                    
0000070d  Wheel_set                     
20000470  __STACK_END                   
00000200  __STACK_SIZE                  
20000470  __STACK_TOP                   
000048c8  __TI_CINIT_Base               
000048e0  __TI_CINIT_Limit              
000048a8  __TI_Handler_Table_Base       
000048b4  __TI_Handler_Table_Limit      
00003e11  __TI_auto_init_nobinit_nopinit
00003c69  __TI_decompress_lzss          
000042bb  __TI_decompress_none          
ffffffff  __TI_pprof_out_hndl           
ffffffff  __TI_prof_data_size           
ffffffff  __TI_prof_data_start          
00000000  __TI_static_base__            
000042ed  __TI_zero_init                
00003a0d  __aeabi_cdcmpeq               
00003a0d  __aeabi_cdcmple               
00003a93  __aeabi_cdrcmple              
00003b93  __aeabi_d2f                   
00003e55  __aeabi_d2uiz                 
00003107  __aeabi_dadd                  
00003421  __aeabi_ddiv                  
00003781  __aeabi_dmul                  
000030fd  __aeabi_dsub                  
00004365  __aeabi_errno_addr            
00003f51  __aeabi_f2d                   
00004025  __aeabi_i2d                   
000032b3  __aeabi_idiv0                 
000032b3  __aeabi_ldiv0                 
00003b19  __aeabi_memclr                
00003b19  __aeabi_memclr4               
00003b19  __aeabi_memclr8               
00003971  __aeabi_memcpy                
00003971  __aeabi_memcpy4               
00003971  __aeabi_memcpy8               
00003b1b  __aeabi_memset                
00003b1b  __aeabi_memset4               
00003b1b  __aeabi_memset8               
000040e9  __aeabi_ui2d                  
00003ed9  __aeabi_uidiv                 
00003ed9  __aeabi_uidivmod              
ffffffff  __binit__                     
ffffffff  __c_args__                    
UNDEFED   __mpu_init                    
20000270  __stack                       
20000000  __start___llvm_prf_cnts       
20000000  __stop___llvm_prf_cnts        
00003ff1  _c_int00_noargs               
000043a8  _ctypes_                      
UNDEFED   _system_post_cinit            
0000439b  _system_pre_init              
0000439f  abort                         
ffffffff  binit                         
00004141  copysign                      
00004141  copysignl                     
20000699  cross                         
20000650  data_flag                     
20000600  endptr                        
200006b4  errno                         
00000f15  f_char_printf                 
20000000  g_pfnRAMVectors               
00000000  g_pfnVectors                  
200006a0  home_flag                     
20000653  keep                          
00003671  ldexp                         
00003671  ldexpl                        
0000026d  main                          
00003971  memcpy                        
00003b21  memset                        
200006a1  message_flag                  
20000693  next_q                        
20000604  pid                           
20000470  pid1_v                        
200004a0  pid2_v                        
200004d0  pid_b                         
20000618  pid_flag                      
20000500  pid_pos                       
20000651  pid_reset_flag                
20000530  pid_theta                     
20000560  pid_x1                        
20000590  pid_x2                        
20000628  pos                           
20000610  pos_pid_flag                  
2000062c  pos_speed                     
20000654  question                      
200005c0  rData1                        
200005e0  rData5                        
20000639  rDataCount1                   
20000638  rDataCount5                   
20000640  rDataFlag1                    
2000063c  rDataFlag5                    
2000068c  recognize_flag                
200006a2  route                         
20000644  route_flag                    
20000688  route_len                     
20000608  rx_buf1                       
20000609  rx_buf5                       
00003671  scalbn                        
00003671  scalbnl                       
2000061c  setspeed                      
20000614  setspeed_flag                 
20000630  speed1                        
20000634  speed2                        
20000684  status_hand                   
20000694  stop_count                    
2000069c  stop_judge                    
0000418b  strcmp                        
000028c9  strtod                        
000028c9  strtold                       
20000691  target1                       
20000692  target2                       
20000690  task_flag                     
20000645  test_flag                     
20000652  time_count                    
20000698  turn_flag                     
2000068d  turn_route_flag               
2000068f  turn_task_flag                
20000648  uart_flag                     
20000658  x_last1                       
2000065c  x_last2                       
2000064c  x_last_flag                   
2000060c  x_pid_flag                    
20000620  x_set1                        
20000624  x_set2                        
2000068e  x_task_flag                   


GLOBAL SYMBOLS: SORTED BY Symbol Address 

address   name                          
-------   ----                          
00000000  __TI_static_base__            
00000000  g_pfnVectors                  
00000200  __STACK_SIZE                  
0000026d  main                          
00000341  Sysint_init                   
00000395  PWM_init                      
00000447  QEI_init                      
000004f9  USART_init                    
000005ed  GPIO_init                     
0000070d  Wheel_set                     
000008f9  TIMER0_IRQHandler             
00000c61  UART1_Handler                 
00000d41  UART5_Handler                 
00000f15  f_char_printf                 
00000fb5  Drug_Read                     
00000fcb  Question_Read                 
0000107d  StatusReset                   
0000112d  StatusDeal                    
00001ba9  PID_init                      
00001d45  PID_x_update                  
00001f4d  PID_speed_update              
00002081  PID_theta_update              
00002185  PID_b_update                  
00002245  PID_pos_update                
0000234d  PID_para                      
00002421  UARTStdioConfig               
00002467  UARTwrite                     
000024b7  UARTgets                      
00002571  UARTgetc                      
00002599  UARTvprintf                   
00002893  UARTprintf                    
000028c9  strtod                        
000028c9  strtold                       
00002d29  Get_Data                      
00002f3d  USART_PID_Adjust              
000030fd  __aeabi_dsub                  
00003107  __aeabi_dadd                  
000032b3  __aeabi_idiv0                 
000032b3  __aeabi_ldiv0                 
000032b5  GPIOPadConfigSet              
00003421  __aeabi_ddiv                  
00003559  SysCtlClockGet                
00003671  ldexp                         
00003671  ldexpl                        
00003671  scalbn                        
00003671  scalbnl                       
00003781  __aeabi_dmul                  
0000387d  SysCtlClockSet                
00003971  __aeabi_memcpy                
00003971  __aeabi_memcpy4               
00003971  __aeabi_memcpy8               
00003971  memcpy                        
00003a0d  __aeabi_cdcmpeq               
00003a0d  __aeabi_cdcmple               
00003a93  __aeabi_cdrcmple              
00003b19  __aeabi_memclr                
00003b19  __aeabi_memclr4               
00003b19  __aeabi_memclr8               
00003b1b  __aeabi_memset                
00003b1b  __aeabi_memset4               
00003b1b  __aeabi_memset8               
00003b21  memset                        
00003b93  __aeabi_d2f                   
00003c01  IntEnable                     
00003c69  __TI_decompress_lzss          
00003cd1  TimerConfigure                
00003d31  GPIOPinConfigure              
00003dc9  UARTConfigSetExpClk           
00003e11  __TI_auto_init_nobinit_nopinit
00003e55  __aeabi_d2uiz                 
00003ed9  __aeabi_uidiv                 
00003ed9  __aeabi_uidivmod              
00003f19  SysCtlPeripheralPresent       
00003f51  __aeabi_f2d                   
00003f89  IntRegister                   
00003fbd  SysCtlPeripheralEnable        
00003ff1  _c_int00_noargs               
00004025  __aeabi_i2d                   
00004053  GPIODirModeSet                
00004081  IntPrioritySet                
000040a5  PWMGenConfigure               
000040c9  UARTDisable                   
000040e9  __aeabi_ui2d                  
00004109  PWMPulseWidthSet              
00004127  GPIOPinTypeGPIOOutput         
00004141  copysign                      
00004141  copysignl                     
0000415b  TimerIntRegister              
00004173  UARTIntRegister               
0000418b  strcmp                        
000041a3  GPIOPinTypePWM                
000041b9  GPIOPinTypeQEI                
000041cf  GPIOPinTypeUART               
000041e5  SysCtlPWMClockSet             
000041f9  UARTEnable                    
0000420d  PWMGenPeriodGet               
0000421f  PWMOutputState                
00004231  TimerLoadSet                  
00004243  TimerPrescaleSet              
00004255  IntMasterEnable               
00004265  PWMGenPeriodSet               
00004275  QEIConfigure                  
00004283  TimerEnable                   
00004291  UARTCharGetNonBlocking        
0000429f  UARTCharPutNonBlocking        
000042ad  UARTCharsAvail                
000042bb  __TI_decompress_none          
000042c9  CPUcpsie                      
000042d5  PWMGenDisable                 
000042e1  PWMGenEnable                  
000042ed  __TI_zero_init                
000042f9  ResetISR                      
00004305  QEIEnable                     
0000430f  QEIIntDisable                 
00004319  TimerIntStatus                
00004323  UARTCharGet                   
0000432d  UARTCharPut                   
00004337  UARTFIFODisable               
00004341  UARTFIFOEnable                
0000434b  UARTIntStatus                 
00004355  TimerIntEnable                
0000435d  UARTIntEnable                 
00004365  __aeabi_errno_addr            
0000436d  GPIOPinRead                   
00004373  GPIOPinWrite                  
00004379  SysCtlDelay                   
0000437f  UARTClockSourceSet            
00004385  UARTFIFOLevelSet              
0000438b  QEIPositionGet                
0000438f  QEIPositionSet                
00004393  TimerIntClear                 
00004397  UARTIntClear                  
0000439b  _system_pre_init              
0000439f  C$$EXIT                       
0000439f  abort                         
000043a8  _ctypes_                      
000048a8  __TI_Handler_Table_Base       
000048b4  __TI_Handler_Table_Limit      
000048c8  __TI_CINIT_Base               
000048e0  __TI_CINIT_Limit              
20000000  __start___llvm_prf_cnts       
20000000  __stop___llvm_prf_cnts        
20000000  g_pfnRAMVectors               
20000270  __stack                       
20000470  __STACK_END                   
20000470  __STACK_TOP                   
20000470  pid1_v                        
200004a0  pid2_v                        
200004d0  pid_b                         
20000500  pid_pos                       
20000530  pid_theta                     
20000560  pid_x1                        
20000590  pid_x2                        
200005c0  rData1                        
200005e0  rData5                        
20000600  endptr                        
20000604  pid                           
20000608  rx_buf1                       
20000609  rx_buf5                       
2000060c  x_pid_flag                    
20000610  pos_pid_flag                  
20000614  setspeed_flag                 
20000618  pid_flag                      
2000061c  setspeed                      
20000620  x_set1                        
20000624  x_set2                        
20000628  pos                           
2000062c  pos_speed                     
20000630  speed1                        
20000634  speed2                        
20000638  rDataCount5                   
20000639  rDataCount1                   
2000063c  rDataFlag5                    
20000640  rDataFlag1                    
20000644  route_flag                    
20000645  test_flag                     
20000646  LED_flag                      
20000648  uart_flag                     
2000064c  x_last_flag                   
20000650  data_flag                     
20000651  pid_reset_flag                
20000652  time_count                    
20000653  keep                          
20000654  question                      
20000658  x_last1                       
2000065c  x_last2                       
20000684  status_hand                   
20000688  route_len                     
2000068c  recognize_flag                
2000068d  turn_route_flag               
2000068e  x_task_flag                   
2000068f  turn_task_flag                
20000690  task_flag                     
20000691  target1                       
20000692  target2                       
20000693  next_q                        
20000694  stop_count                    
20000698  turn_flag                     
20000699  cross                         
2000069c  stop_judge                    
200006a0  home_flag                     
200006a1  message_flag                  
200006a2  route                         
200006b4  errno                         
ffffffff  __TI_pprof_out_hndl           
ffffffff  __TI_prof_data_size           
ffffffff  __TI_prof_data_start          
ffffffff  __binit__                     
ffffffff  __c_args__                    
ffffffff  binit                         
UNDEFED   __mpu_init                    
UNDEFED   _system_post_cinit            

[212 symbols]
