******************************************************************************
                  TI ARM Linker PC v20.2.7                     
******************************************************************************
>> Linked Mon Jun 26 09:55:46 2023

OUTPUT FILE NAME:   <Car_drugs.out>
ENTRY POINT SYMBOL: "_c_int00_noargs"  address: 000038ad


MEMORY CONFIGURATION

         name            origin    length      used     unused   attr    fill
----------------------  --------  ---------  --------  --------  ----  --------
  FLASH                 00000000   00040000  000041fe  0003be02  R  X
  SRAM                  20000000   00008000  00000652  000079ae  RW X


SEGMENT ALLOCATION MAP

run origin  load origin   length   init length attrs members
----------  ----------- ---------- ----------- ----- -------
00000000    00000000    00004200   00004200    r-x
  00000000    00000000    0000026c   0000026c    r-- .intvecs
  0000026c    0000026c    00003a1a   00003a1a    r-x .text
  00003c88    00003c88    00000520   00000520    r-- .const
  000041a8    000041a8    00000058   00000058    r-- .cinit
20000000    20000000    00000658   00000000    rw-
  20000000    20000000    0000026c   00000000    rw- .vtable
  20000270    20000270    00000200   00000000    rw- .stack
  20000470    20000470    0000016a   00000000    rw- .bss
  200005dc    200005dc    0000007c   00000000    rw- .data


SECTION ALLOCATION MAP

 output                                  attributes/
section   page    origin      length       input sections
--------  ----  ----------  ----------   ----------------
.intvecs   0    00000000    0000026c     
                  00000000    0000026c     tm4c123gh6pm_startup_ccs.obj (.intvecs)

.text      0    0000026c    00003a1a     
                  0000026c    00000a84     main.obj (.text)
                  00000cf0    000007a4     pid.obj (.text)
                  00001494    000004a8     uartstdio.obj (.text)
                  0000193c    00000460     rtsv7M4_T_le_v4SPD16_eabi.lib : strtod.c.obj (.text:strtod)
                  00001d9c    00000434     hand_hand.obj (.text)
                  000021d0    000003d4     my_uart.obj (.text)
                  000025a4    000003c8     rtsv7M4_T_le_v4SPD16_eabi.lib : strtof.c.obj (.text:strtof)
                  0000296c    000001b6                                   : fd_add_t2.asm.obj (.text)
                  00002b22    00000002                                   : div0.asm.obj (.text)
                  00002b24    0000016c     driverlib.lib : gpio.obj (.text:GPIOPadConfigSet)
                  00002c90    00000136     rtsv7M4_T_le_v4SPD16_eabi.lib : fd_div_t2.asm.obj (.text)
                  00002dc6    00000002     --HOLE-- [fill = 0]
                  00002dc8    00000118     driverlib.lib : sysctl.obj (.text:SysCtlClockGet)
                  00002ee0    00000110     rtsv7M4_T_le_v4SPD16_eabi.lib : s_scalbn.c.obj (.text:scalbn)
                  00002ff0    000000fc                                   : fd_mul_t2.asm.obj (.text)
                  000030ec    000000f4     driverlib.lib : sysctl.obj (.text:SysCtlClockSet)
                  000031e0    000000d0     rtsv7M4_T_le_v4SPD16_eabi.lib : s_scalbnf.c.obj (.text:scalbnf)
                  000032b0    0000009c                                   : memcpy_t2.asm.obj (.text)
                  0000334c    00000086                                   : fd_cmp_t2.asm.obj (.text:__aeabi_cdcmple)
                  000033d2    0000007a                                   : memset_t2.asm.obj (.text)
                  0000344c    0000006e                                   : fd_tos_t2.asm.obj (.text)
                  000034ba    00000002     --HOLE-- [fill = 0]
                  000034bc    00000068     driverlib.lib : interrupt.obj (.text:IntEnable)
                  00003524    00000068     rtsv7M4_T_le_v4SPD16_eabi.lib : copy_decompress_lzss.c.obj (.text:decompress:lzss:__TI_decompress_lzss)
                  0000358c    00000060     driverlib.lib : timer.obj (.text:TimerConfigure)
                  000035ec    0000004c                   : gpio.obj (.text:GPIOPinConfigure)
                  00003638    0000004c                   : timer.obj (.text:_TimerIntNumberGet)
                  00003684    00000046                   : uart.obj (.text:UARTConfigSetExpClk)
                  000036ca    00000002     --HOLE-- [fill = 0]
                  000036cc    00000044     rtsv7M4_T_le_v4SPD16_eabi.lib : autoinit.c.obj (.text:__TI_auto_init_nobinit_nopinit:__TI_auto_init_nobinit_nopinit)
                  00003710    00000044                                   : fd_tou_t2.asm.obj (.text)
                  00003754    00000040     driverlib.lib : uart.obj (.text:_UARTIntNumberGet)
                  00003794    00000040     rtsv7M4_T_le_v4SPD16_eabi.lib : u_divt2.asm.obj (.text)
                  000037d4    00000038     driverlib.lib : sysctl.obj (.text:SysCtlPeripheralPresent)
                  0000380c    00000038     rtsv7M4_T_le_v4SPD16_eabi.lib : fs_tod_t2.asm.obj (.text)
                  00003844    00000034     driverlib.lib : interrupt.obj (.text:IntRegister)
                  00003878    00000034                   : sysctl.obj (.text:SysCtlPeripheralEnable)
                  000038ac    00000034     rtsv7M4_T_le_v4SPD16_eabi.lib : boot_cortex_m.c.obj (.text:_c_int00_noargs:_c_int00_noargs)
                  000038e0    0000002e                                   : i_tofd_t2.asm.obj (.text)
                  0000390e    0000002c     driverlib.lib : gpio.obj (.text:GPIODirModeSet)
                  0000393a    00000002     --HOLE-- [fill = 0]
                  0000393c    00000024                   : interrupt.obj (.text:IntPrioritySet)
                  00003960    00000022                   : pwm.obj (.text:PWMGenConfigure)
                  00003982    00000002     --HOLE-- [fill = 0]
                  00003984    00000020                   : uart.obj (.text:UARTDisable)
                  000039a4    00000020     rtsv7M4_T_le_v4SPD16_eabi.lib : u_tofd_t2.asm.obj (.text)
                  000039c4    0000001e     driverlib.lib : pwm.obj (.text:PWMPulseWidthSet)
                  000039e2    0000001c     rtsv7M4_T_le_v4SPD16_eabi.lib : copy_zero_init.c.obj (.text:decompress:ZI:__TI_zero_init_nomemset:__TI_zero_init_nomemset)
                  000039fe    0000001a     driverlib.lib : gpio.obj (.text:GPIOPinTypeGPIOOutput)
                  00003a18    0000001a     rtsv7M4_T_le_v4SPD16_eabi.lib : s_copysign.c.obj (.text:copysign)
                  00003a32    00000018     driverlib.lib : timer.obj (.text:TimerIntRegister)
                  00003a4a    00000018                   : uart.obj (.text:UARTIntRegister)
                  00003a62    00000018     rtsv7M4_T_le_v4SPD16_eabi.lib : s_copysignf.c.obj (.text:copysignf)
                  00003a7a    00000018                                   : strcmp.c.obj (.text:strcmp)
                  00003a92    00000016     driverlib.lib : gpio.obj (.text:GPIOPinTypePWM)
                  00003aa8    00000016                   : gpio.obj (.text:GPIOPinTypeQEI)
                  00003abe    00000016                   : gpio.obj (.text:GPIOPinTypeUART)
                  00003ad4    00000014                   : sysctl.obj (.text:SysCtlPWMClockSet)
                  00003ae8    00000014                   : uart.obj (.text:UARTEnable)
                  00003afc    00000012                   : pwm.obj (.text:PWMGenPeriodGet)
                  00003b0e    00000012                   : pwm.obj (.text:PWMOutputState)
                  00003b20    00000012                   : timer.obj (.text:TimerLoadSet)
                  00003b32    00000012                   : timer.obj (.text:TimerPrescaleSet)
                  00003b44    00000010                   : interrupt.obj (.text:IntMasterEnable)
                  00003b54    00000010                   : pwm.obj (.text:PWMGenPeriodSet)
                  00003b64    0000000e                   : qei.obj (.text:QEIConfigure)
                  00003b72    0000000e                   : timer.obj (.text:TimerEnable)
                  00003b80    0000000e                   : uart.obj (.text:UARTCharGetNonBlocking)
                  00003b8e    0000000e                   : uart.obj (.text:UARTCharPutNonBlocking)
                  00003b9c    0000000e                   : uart.obj (.text:UARTCharsAvail)
                  00003baa    0000000e     rtsv7M4_T_le_v4SPD16_eabi.lib : copy_decompress_none.c.obj (.text:decompress:none:__TI_decompress_none)
                  00003bb8    0000000c     driverlib.lib : cpu.obj (.text:CPUcpsie)
                  00003bc4    0000000c                   : pwm.obj (.text:PWMGenDisable)
                  00003bd0    0000000c                   : pwm.obj (.text:PWMGenEnable)
                  00003bdc    0000000c     tm4c123gh6pm_startup_ccs.obj (.text)
                  00003be8    0000000a     driverlib.lib : qei.obj (.text:QEIEnable)
                  00003bf2    0000000a                   : qei.obj (.text:QEIIntDisable)
                  00003bfc    0000000a                   : timer.obj (.text:TimerIntStatus)
                  00003c06    0000000a                   : uart.obj (.text:UARTCharGet)
                  00003c10    0000000a                   : uart.obj (.text:UARTCharPut)
                  00003c1a    0000000a                   : uart.obj (.text:UARTFIFODisable)
                  00003c24    0000000a                   : uart.obj (.text:UARTFIFOEnable)
                  00003c2e    0000000a                   : uart.obj (.text:UARTIntStatus)
                  00003c38    00000008                   : timer.obj (.text:TimerIntEnable)
                  00003c40    00000008                   : uart.obj (.text:UARTIntEnable)
                  00003c48    00000008     rtsv7M4_T_le_v4SPD16_eabi.lib : errno.c.obj (.text:__aeabi_errno_addr)
                  00003c50    00000006     driverlib.lib : gpio.obj (.text:GPIOPinRead)
                  00003c56    00000006                   : gpio.obj (.text:GPIOPinWrite)
                  00003c5c    00000006                   : sysctl.obj (.text:SysCtlDelay)
                  00003c62    00000006                   : uart.obj (.text:UARTClockSourceSet)
                  00003c68    00000006                   : uart.obj (.text:UARTFIFOLevelSet)
                  00003c6e    00000004                   : qei.obj (.text:QEIPositionGet)
                  00003c72    00000004                   : qei.obj (.text:QEIPositionSet)
                  00003c76    00000004                   : timer.obj (.text:TimerIntClear)
                  00003c7a    00000004                   : uart.obj (.text:UARTIntClear)
                  00003c7e    00000004     rtsv7M4_T_le_v4SPD16_eabi.lib : pre_init.c.obj (.text:_system_pre_init)
                  00003c82    00000004                                   : exit.c.obj (.text:abort:abort)

.const     0    00003c88    00000520     
                  00003c88    00000101     rtsv7M4_T_le_v4SPD16_eabi.lib : ctype.c.obj (.const:.string:_ctypes_)
                  00003d89    00000003     --HOLE-- [fill = 0]
                  00003d8c    00000004     uartstdio.obj (.const)
                  00003d90    000000c8     rtsv7M4_T_le_v4SPD16_eabi.lib : strtod.c.obj (.const:$O1$$)
                  00003e58    0000009c     driverlib.lib : interrupt.obj (.const:g_pui32Regs)
                  00003ef4    00000090                   : gpio.obj (.const:g_pui32GPIOBaseAddrs)
                  00003f84    0000006c                   : sysctl.obj (.const:g_pui32Xtals)
                  00003ff0    00000060                   : timer.obj (.const:g_ppui32TimerIntMap)
                  00004050    00000058     rtsv7M4_T_le_v4SPD16_eabi.lib : strtof.c.obj (.const:$O1$$)
                  000040a8    00000040     driverlib.lib : timer.obj (.const:g_ppui32TimerIntMapSnowflake)
                  000040e8    00000040                   : uart.obj (.const:g_ppui32UARTIntMap)
                  00004128    00000040                   : uart.obj (.const:g_ppui32UARTIntMapSnowflake)
                  00004168    00000014                   : interrupt.obj (.const:g_pui32EnRegs)
                  0000417c    00000012     uartstdio.obj (.const:.string)
                  0000418e    00000002     --HOLE-- [fill = 0]
                  00004190    0000000c     uartstdio.obj (.const:g_ui32UARTBase)
                  0000419c    0000000c     uartstdio.obj (.const:g_ui32UARTPeriph)

.cinit     0    000041a8    00000058     
                  000041a8    00000023     (.cinit..data.load) [load image, compression = lzss]
                  000041cb    00000001     --HOLE-- [fill = 0]
                  000041cc    0000000c     (__TI_handler_table)
                  000041d8    00000008     (.cinit..bss.load) [load image, compression = zero_init]
                  000041e0    00000008     (.cinit..vtable.load) [load image, compression = zero_init]
                  000041e8    00000018     (__TI_cinit_table)

.init_array 
*          0    00000000    00000000     UNINITIALIZED

.vtable    0    20000000    0000026c     UNINITIALIZED
                  20000000    0000026c     driverlib.lib : interrupt.obj (.vtable)

.bss       0    20000470    0000016a     UNINITIALIZED
                  20000470    00000030     (.common:pid1_v)
                  200004a0    00000030     (.common:pid2_v)
                  200004d0    00000030     (.common:pid_b)
                  20000500    00000030     (.common:pid_theta)
                  20000530    00000030     (.common:pid_x1)
                  20000560    00000030     (.common:pid_x2)
                  20000590    00000020     (.common:rData1)
                  200005b0    00000020     (.common:rData5)
                  200005d0    00000004     (.common:endptr)
                  200005d4    00000004     (.common:pid)
                  200005d8    00000001     (.common:rx_buf1)
                  200005d9    00000001     (.common:rx_buf5)

.data      0    200005dc    0000007c     UNINITIALIZED
                  200005dc    00000058     main.obj (.data)
                  20000634    0000000e     hand_hand.obj (.data)
                  20000642    0000000a     hand_hand.obj (.data:route)
                  2000064c    00000005     uartstdio.obj (.data)
                  20000651    00000003     --HOLE--
                  20000654    00000004     rtsv7M4_T_le_v4SPD16_eabi.lib : errno.c.obj (.data)

.stack     0    20000270    00000200     UNINITIALIZED
                  20000270    00000004     rtsv7M4_T_le_v4SPD16_eabi.lib : boot_cortex_m.c.obj (.stack)
                  20000274    000001fc     --HOLE--

__llvm_prf_cnts 
*          0    20000000    00000000     UNINITIALIZED

MODULE SUMMARY

       Module                         code    ro data   rw data
       ------                         ----    -------   -------
    .\
       main.obj                       2692    0         158    
       pid.obj                        1956    0         292    
       uartstdio.obj                  1192    46        5      
       hand_hand.obj                  1076    0         24     
       my_uart.obj                    980     0         0      
       tm4c123gh6pm_startup_ccs.obj   12      620       0      
    +--+------------------------------+-------+---------+---------+
       Total:                         7908    666       479    
                                                               
    D:/TivaWare/driverlib/ccs/Debug/driverlib.lib
       interrupt.obj                  208     176       620    
       sysctl.obj                     658     108       0      
       gpio.obj                       588     144       0      
       uart.obj                       326     128       0      
       timer.obj                      268     160       0      
       pwm.obj                        140     0         0      
       qei.obj                        42      0         0      
       cpu.obj                        12      0         0      
    +--+------------------------------+-------+---------+---------+
       Total:                         2242    716       620    
                                                               
    D:\CCS12.3.0\ccs\tools\compiler\ti-cgt-arm_20.2.7.LTS\lib\rtsv7M4_T_le_v4SPD16_eabi.lib
       strtod.c.obj                   1120    200       0      
       strtof.c.obj                   968     88        0      
       fd_add_t2.asm.obj              438     0         0      
       fd_div_t2.asm.obj              310     0         0      
       s_scalbn.c.obj                 272     0         0      
       ctype.c.obj                    0       257       0      
       fd_mul_t2.asm.obj              252     0         0      
       s_scalbnf.c.obj                208     0         0      
       memcpy_t2.asm.obj              156     0         0      
       fd_cmp_t2.asm.obj              134     0         0      
       memset_t2.asm.obj              122     0         0      
       fd_tos_t2.asm.obj              110     0         0      
       copy_decompress_lzss.c.obj     104     0         0      
       autoinit.c.obj                 68      0         0      
       fd_tou_t2.asm.obj              68      0         0      
       u_divt2.asm.obj                64      0         0      
       fs_tod_t2.asm.obj              56      0         0      
       boot_cortex_m.c.obj            52      0         0      
       i_tofd_t2.asm.obj              46      0         0      
       u_tofd_t2.asm.obj              32      0         0      
       copy_zero_init.c.obj           28      0         0      
       s_copysign.c.obj               26      0         0      
       s_copysignf.c.obj              24      0         0      
       strcmp.c.obj                   24      0         0      
       copy_decompress_none.c.obj     14      0         0      
       errno.c.obj                    8       0         4      
       exit.c.obj                     4       0         0      
       pre_init.c.obj                 4       0         0      
       div0.asm.obj                   2       0         0      
    +--+------------------------------+-------+---------+---------+
       Total:                         4714    545       4      
                                                               
       Stack:                         0       0         512    
       Linker Generated:              0       87        0      
    +--+------------------------------+-------+---------+---------+
       Grand Total:                   14864   2014      1615   


LINKER GENERATED COPY TABLES

__TI_cinit_table @ 000041e8 records: 3, size/record: 8, table size: 24
	.data: load addr=000041a8, load size=00000023 bytes, run addr=200005dc, run size=0000007c bytes, compression=lzss
	.bss: load addr=000041d8, load size=00000008 bytes, run addr=20000470, run size=0000016a bytes, compression=zero_init
	.vtable: load addr=000041e0, load size=00000008 bytes, run addr=20000000, run size=0000026c bytes, compression=zero_init


LINKER GENERATED HANDLER TABLE

__TI_handler_table @ 000041cc records: 3, size/record: 4, table size: 12
	index: 0, handler: __TI_zero_init
	index: 1, handler: __TI_decompress_lzss
	index: 2, handler: __TI_decompress_none


GLOBAL SYMBOLS: SORTED ALPHABETICALLY BY Name 

address   name                          
-------   ----                          
00003c83  C$$EXIT                       
00003bb9  CPUcpsie                      
0000390f  GPIODirModeSet                
00002b25  GPIOPadConfigSet              
000035ed  GPIOPinConfigure              
00003c51  GPIOPinRead                   
000039ff  GPIOPinTypeGPIOOutput         
00003a93  GPIOPinTypePWM                
00003aa9  GPIOPinTypeQEI                
00003abf  GPIOPinTypeUART               
00003c57  GPIOPinWrite                  
000006b1  GPIO_init                     
000021d1  Get_Data                      
000034bd  IntEnable                     
00003b45  IntMasterEnable               
0000393d  IntPrioritySet                
00003845  IntRegister                   
2000061f  LED_flag                      
00001295  PID_b_update                  
00000cf1  PID_init                      
000013af  PID_para                      
0000100d  PID_speed_update              
00001189  PID_theta_update              
00000e5f  PID_x_update                  
00003961  PWMGenConfigure               
00003bc5  PWMGenDisable                 
00003bd1  PWMGenEnable                  
00003afd  PWMGenPeriodGet               
00003b55  PWMGenPeriodSet               
00003b0f  PWMOutputState                
000039c5  PWMPulseWidthSet              
00000431  PWM_init                      
00003b65  QEIConfigure                  
00003be9  QEIEnable                     
00003bf3  QEIIntDisable                 
00003c6f  QEIPositionGet                
00003c73  QEIPositionSet                
000004e3  QEI_init                      
00003bdd  ResetISR                      
00001ddb  StatusDeal                    
00001d9d  StatusReset                   
00002dc9  SysCtlClockGet                
000030ed  SysCtlClockSet                
00003c5d  SysCtlDelay                   
00003ad5  SysCtlPWMClockSet             
00003879  SysCtlPeripheralEnable        
000037d5  SysCtlPeripheralPresent       
000003dd  Sysint_init                   
000008b5  TIMER0_IRQHandler             
0000358d  TimerConfigure                
00003b73  TimerEnable                   
00003c77  TimerIntClear                 
00003c39  TimerIntEnable                
00003a33  TimerIntRegister              
00003bfd  TimerIntStatus                
00003b21  TimerLoadSet                  
00003b33  TimerPrescaleSet              
00000ad9  UART1_Handler                 
00000b91  UART5_Handler                 
00003c07  UARTCharGet                   
00003b81  UARTCharGetNonBlocking        
00003c11  UARTCharPut                   
00003b8f  UARTCharPutNonBlocking        
00003b9d  UARTCharsAvail                
00003c63  UARTClockSourceSet            
00003685  UARTConfigSetExpClk           
00003985  UARTDisable                   
00003ae9  UARTEnable                    
00003c1b  UARTFIFODisable               
00003c25  UARTFIFOEnable                
00003c69  UARTFIFOLevelSet              
00003c7b  UARTIntClear                  
00003c41  UARTIntEnable                 
00003a4b  UARTIntRegister               
00003c2f  UARTIntStatus                 
00001495  UARTStdioConfig               
000015e5  UARTgetc                      
0000152b  UARTgets                      
00001907  UARTprintf                    
0000160d  UARTvprintf                   
000014db  UARTwrite                     
000023e5  USART_PID_Adjust              
000005b1  USART_init                    
00000721  Wheel_set                     
20000470  __STACK_END                   
00000200  __STACK_SIZE                  
20000470  __STACK_TOP                   
000041e8  __TI_CINIT_Base               
00004200  __TI_CINIT_Limit              
000041cc  __TI_Handler_Table_Base       
000041d8  __TI_Handler_Table_Limit      
000036cd  __TI_auto_init_nobinit_nopinit
00003525  __TI_decompress_lzss          
00003bab  __TI_decompress_none          
ffffffff  __TI_pprof_out_hndl           
ffffffff  __TI_prof_data_size           
ffffffff  __TI_prof_data_start          
00000000  __TI_static_base__            
000039e3  __TI_zero_init_nomemset       
0000334d  __aeabi_cdcmpeq               
0000334d  __aeabi_cdcmple               
0000344d  __aeabi_d2f                   
00003711  __aeabi_d2uiz                 
00002977  __aeabi_dadd                  
00002c91  __aeabi_ddiv                  
00002ff1  __aeabi_dmul                  
0000296d  __aeabi_dsub                  
00003c49  __aeabi_errno_addr            
0000380d  __aeabi_f2d                   
000038e1  __aeabi_i2d                   
00002b23  __aeabi_idiv0                 
00002b23  __aeabi_ldiv0                 
000033d3  __aeabi_memclr                
000033d3  __aeabi_memclr4               
000033d3  __aeabi_memclr8               
000032b1  __aeabi_memcpy                
000032b1  __aeabi_memcpy4               
000032b1  __aeabi_memcpy8               
000033d5  __aeabi_memset                
000033d5  __aeabi_memset4               
000033d5  __aeabi_memset8               
000039a5  __aeabi_ui2d                  
00003795  __aeabi_uidiv                 
00003795  __aeabi_uidivmod              
ffffffff  __binit__                     
ffffffff  __c_args__                    
UNDEFED   __mpu_init                    
20000270  __stack                       
20000000  __start___llvm_prf_cnts       
20000000  __stop___llvm_prf_cnts        
000038ad  _c_int00_noargs               
00003c88  _ctypes_                      
UNDEFED   _system_post_cinit            
00003c7f  _system_pre_init              
00003c83  abort                         
200005ec  b                             
200005e4  b_pid_flag                    
20000604  b_speed                       
ffffffff  binit                         
00003a19  copysign                      
00003a63  copysignf                     
00003a19  copysignl                     
200005d0  endptr                        
20000654  errno                         
20000000  g_pfnRAMVectors               
00000000  g_pfnVectors                  
00002ee1  ldexp                         
000031e1  ldexpf                        
00002ee1  ldexpl                        
0000026d  main                          
000032b1  memcpy                        
000033db  memset                        
200005d4  pid                           
20000470  pid1_v                        
200004a0  pid2_v                        
200004d0  pid_b                         
20000500  pid_theta                     
20000530  pid_x1                        
20000560  pid_x2                        
20000590  rData1                        
200005b0  rData5                        
20000611  rDataCount1                   
20000610  rDataCount5                   
20000618  rDataFlag1                    
20000614  rDataFlag5                    
2000063c  recognize_flag                
20000642  route                         
2000061c  route_flag                    
20000638  route_len                     
200005d8  rx_buf1                       
200005d9  rx_buf5                       
00002ee1  scalbn                        
000031e1  scalbnf                       
00002ee1  scalbnl                       
200005f0  setspeed                      
200005e8  setspeed_flag                 
20000608  speed1                        
2000060c  speed2                        
20000634  status_hand                   
00003a7b  strcmp                        
0000193d  strtod                        
000025a5  strtof                        
0000193d  strtold                       
20000641  target_flag                   
20000640  task_flag                     
2000061d  test_flag                     
200005fc  theta                         
200005e0  theta_pid_flag                
20000600  theta_speed                   
2000063d  turn_route_flag               
2000063f  turn_task_flag                
2000061e  uart_flag                     
200005dc  x_pid_flag                    
200005f4  x_set1                        
200005f8  x_set2                        
2000063e  x_task_flag                   


GLOBAL SYMBOLS: SORTED BY Symbol Address 

address   name                          
-------   ----                          
00000000  __TI_static_base__            
00000000  g_pfnVectors                  
00000200  __STACK_SIZE                  
0000026d  main                          
000003dd  Sysint_init                   
00000431  PWM_init                      
000004e3  QEI_init                      
000005b1  USART_init                    
000006b1  GPIO_init                     
00000721  Wheel_set                     
000008b5  TIMER0_IRQHandler             
00000ad9  UART1_Handler                 
00000b91  UART5_Handler                 
00000cf1  PID_init                      
00000e5f  PID_x_update                  
0000100d  PID_speed_update              
00001189  PID_theta_update              
00001295  PID_b_update                  
000013af  PID_para                      
00001495  UARTStdioConfig               
000014db  UARTwrite                     
0000152b  UARTgets                      
000015e5  UARTgetc                      
0000160d  UARTvprintf                   
00001907  UARTprintf                    
0000193d  strtod                        
0000193d  strtold                       
00001d9d  StatusReset                   
00001ddb  StatusDeal                    
000021d1  Get_Data                      
000023e5  USART_PID_Adjust              
000025a5  strtof                        
0000296d  __aeabi_dsub                  
00002977  __aeabi_dadd                  
00002b23  __aeabi_idiv0                 
00002b23  __aeabi_ldiv0                 
00002b25  GPIOPadConfigSet              
00002c91  __aeabi_ddiv                  
00002dc9  SysCtlClockGet                
00002ee1  ldexp                         
00002ee1  ldexpl                        
00002ee1  scalbn                        
00002ee1  scalbnl                       
00002ff1  __aeabi_dmul                  
000030ed  SysCtlClockSet                
000031e1  ldexpf                        
000031e1  scalbnf                       
000032b1  __aeabi_memcpy                
000032b1  __aeabi_memcpy4               
000032b1  __aeabi_memcpy8               
000032b1  memcpy                        
0000334d  __aeabi_cdcmpeq               
0000334d  __aeabi_cdcmple               
000033d3  __aeabi_memclr                
000033d3  __aeabi_memclr4               
000033d3  __aeabi_memclr8               
000033d5  __aeabi_memset                
000033d5  __aeabi_memset4               
000033d5  __aeabi_memset8               
000033db  memset                        
0000344d  __aeabi_d2f                   
000034bd  IntEnable                     
00003525  __TI_decompress_lzss          
0000358d  TimerConfigure                
000035ed  GPIOPinConfigure              
00003685  UARTConfigSetExpClk           
000036cd  __TI_auto_init_nobinit_nopinit
00003711  __aeabi_d2uiz                 
00003795  __aeabi_uidiv                 
00003795  __aeabi_uidivmod              
000037d5  SysCtlPeripheralPresent       
0000380d  __aeabi_f2d                   
00003845  IntRegister                   
00003879  SysCtlPeripheralEnable        
000038ad  _c_int00_noargs               
000038e1  __aeabi_i2d                   
0000390f  GPIODirModeSet                
0000393d  IntPrioritySet                
00003961  PWMGenConfigure               
00003985  UARTDisable                   
000039a5  __aeabi_ui2d                  
000039c5  PWMPulseWidthSet              
000039e3  __TI_zero_init_nomemset       
000039ff  GPIOPinTypeGPIOOutput         
00003a19  copysign                      
00003a19  copysignl                     
00003a33  TimerIntRegister              
00003a4b  UARTIntRegister               
00003a63  copysignf                     
00003a7b  strcmp                        
00003a93  GPIOPinTypePWM                
00003aa9  GPIOPinTypeQEI                
00003abf  GPIOPinTypeUART               
00003ad5  SysCtlPWMClockSet             
00003ae9  UARTEnable                    
00003afd  PWMGenPeriodGet               
00003b0f  PWMOutputState                
00003b21  TimerLoadSet                  
00003b33  TimerPrescaleSet              
00003b45  IntMasterEnable               
00003b55  PWMGenPeriodSet               
00003b65  QEIConfigure                  
00003b73  TimerEnable                   
00003b81  UARTCharGetNonBlocking        
00003b8f  UARTCharPutNonBlocking        
00003b9d  UARTCharsAvail                
00003bab  __TI_decompress_none          
00003bb9  CPUcpsie                      
00003bc5  PWMGenDisable                 
00003bd1  PWMGenEnable                  
00003bdd  ResetISR                      
00003be9  QEIEnable                     
00003bf3  QEIIntDisable                 
00003bfd  TimerIntStatus                
00003c07  UARTCharGet                   
00003c11  UARTCharPut                   
00003c1b  UARTFIFODisable               
00003c25  UARTFIFOEnable                
00003c2f  UARTIntStatus                 
00003c39  TimerIntEnable                
00003c41  UARTIntEnable                 
00003c49  __aeabi_errno_addr            
00003c51  GPIOPinRead                   
00003c57  GPIOPinWrite                  
00003c5d  SysCtlDelay                   
00003c63  UARTClockSourceSet            
00003c69  UARTFIFOLevelSet              
00003c6f  QEIPositionGet                
00003c73  QEIPositionSet                
00003c77  TimerIntClear                 
00003c7b  UARTIntClear                  
00003c7f  _system_pre_init              
00003c83  C$$EXIT                       
00003c83  abort                         
00003c88  _ctypes_                      
000041cc  __TI_Handler_Table_Base       
000041d8  __TI_Handler_Table_Limit      
000041e8  __TI_CINIT_Base               
00004200  __TI_CINIT_Limit              
20000000  __start___llvm_prf_cnts       
20000000  __stop___llvm_prf_cnts        
20000000  g_pfnRAMVectors               
20000270  __stack                       
20000470  __STACK_END                   
20000470  __STACK_TOP                   
20000470  pid1_v                        
200004a0  pid2_v                        
200004d0  pid_b                         
20000500  pid_theta                     
20000530  pid_x1                        
20000560  pid_x2                        
20000590  rData1                        
200005b0  rData5                        
200005d0  endptr                        
200005d4  pid                           
200005d8  rx_buf1                       
200005d9  rx_buf5                       
200005dc  x_pid_flag                    
200005e0  theta_pid_flag                
200005e4  b_pid_flag                    
200005e8  setspeed_flag                 
200005ec  b                             
200005f0  setspeed                      
200005f4  x_set1                        
200005f8  x_set2                        
200005fc  theta                         
20000600  theta_speed                   
20000604  b_speed                       
20000608  speed1                        
2000060c  speed2                        
20000610  rDataCount5                   
20000611  rDataCount1                   
20000614  rDataFlag5                    
20000618  rDataFlag1                    
2000061c  route_flag                    
2000061d  test_flag                     
2000061e  uart_flag                     
2000061f  LED_flag                      
20000634  status_hand                   
20000638  route_len                     
2000063c  recognize_flag                
2000063d  turn_route_flag               
2000063e  x_task_flag                   
2000063f  turn_task_flag                
20000640  task_flag                     
20000641  target_flag                   
20000642  route                         
20000654  errno                         
ffffffff  __TI_pprof_out_hndl           
ffffffff  __TI_prof_data_size           
ffffffff  __TI_prof_data_start          
ffffffff  __binit__                     
ffffffff  __c_args__                    
ffffffff  binit                         
UNDEFED   __mpu_init                    
UNDEFED   _system_post_cinit            

[196 symbols]
