******************************************************************************
                  TI ARM Linker PC v20.2.7                     
******************************************************************************
>> Linked Tue Jun 27 14:48:53 2023

OUTPUT FILE NAME:   <Car_drugs.out>
ENTRY POINT SYMBOL: "_c_int00_noargs"  address: 0000387d


MEMORY CONFIGURATION

         name            origin    length      used     unused   attr    fill
----------------------  --------  ---------  --------  --------  ----  --------
  FLASH                 00000000   00040000  000041a6  0003be5a  R  X
  SRAM                  20000000   00008000  00000652  000079ae  RW X


SEGMENT ALLOCATION MAP

run origin  load origin   length   init length attrs members
----------  ----------- ---------- ----------- ----- -------
00000000    00000000    000041a8   000041a8    r-x
  00000000    00000000    0000026c   0000026c    r-- .intvecs
  0000026c    0000026c    000039ba   000039ba    r-x .text
  00003c28    00003c28    00000520   00000520    r-- .const
  00004148    00004148    00000060   00000060    r-- .cinit
20000000    20000000    00000658   00000000    rw-
  20000000    20000000    0000026c   00000000    rw- .vtable
  20000270    20000270    00000200   00000000    rw- .stack
  20000470    20000470    0000016a   00000000    rw- .bss
  200005dc    200005dc    0000007c   00000000    rw- .data


SECTION ALLOCATION MAP

 output                                  attributes/
section   page    origin      length       input sections
--------  ----  ----------  ----------   ----------------
.intvecs   0    00000000    0000026c     
                  00000000    0000026c     tm4c123gh6pm_startup_ccs.obj (.intvecs)

.text      0    0000026c    000039ba     
                  0000026c    00000a64     main.obj (.text)
                  00000cd0    0000078c     pid.obj (.text)
                  0000145c    000004a8     uartstdio.obj (.text)
                  00001904    00000460     rtsv7M4_T_le_v4SPD16_eabi.lib : strtod.c.obj (.text:strtod)
                  00001d64    0000043c     hand_hand.obj (.text)
                  000021a0    000003d4     my_uart.obj (.text)
                  00002574    000003c8     rtsv7M4_T_le_v4SPD16_eabi.lib : strtof.c.obj (.text:strtof)
                  0000293c    000001b6                                   : fd_add_t2.asm.obj (.text)
                  00002af2    00000002                                   : div0.asm.obj (.text)
                  00002af4    0000016c     driverlib.lib : gpio.obj (.text:GPIOPadConfigSet)
                  00002c60    00000136     rtsv7M4_T_le_v4SPD16_eabi.lib : fd_div_t2.asm.obj (.text)
                  00002d96    00000002     --HOLE-- [fill = 0]
                  00002d98    00000118     driverlib.lib : sysctl.obj (.text:SysCtlClockGet)
                  00002eb0    00000110     rtsv7M4_T_le_v4SPD16_eabi.lib : s_scalbn.c.obj (.text:scalbn)
                  00002fc0    000000fc                                   : fd_mul_t2.asm.obj (.text)
                  000030bc    000000f4     driverlib.lib : sysctl.obj (.text:SysCtlClockSet)
                  000031b0    000000d0     rtsv7M4_T_le_v4SPD16_eabi.lib : s_scalbnf.c.obj (.text:scalbnf)
                  00003280    0000009c                                   : memcpy_t2.asm.obj (.text)
                  0000331c    00000086                                   : fd_cmp_t2.asm.obj (.text:__aeabi_cdcmple)
                  000033a2    0000007a                                   : memset_t2.asm.obj (.text)
                  0000341c    0000006e                                   : fd_tos_t2.asm.obj (.text)
                  0000348a    00000002     --HOLE-- [fill = 0]
                  0000348c    00000068     driverlib.lib : interrupt.obj (.text:IntEnable)
                  000034f4    00000068     rtsv7M4_T_le_v4SPD16_eabi.lib : copy_decompress_lzss.c.obj (.text:decompress:lzss:__TI_decompress_lzss)
                  0000355c    00000060     driverlib.lib : timer.obj (.text:TimerConfigure)
                  000035bc    0000004c                   : gpio.obj (.text:GPIOPinConfigure)
                  00003608    0000004c                   : timer.obj (.text:_TimerIntNumberGet)
                  00003654    00000046                   : uart.obj (.text:UARTConfigSetExpClk)
                  0000369a    00000002     --HOLE-- [fill = 0]
                  0000369c    00000044     rtsv7M4_T_le_v4SPD16_eabi.lib : autoinit.c.obj (.text:__TI_auto_init_nobinit_nopinit:__TI_auto_init_nobinit_nopinit)
                  000036e0    00000044                                   : fd_tou_t2.asm.obj (.text)
                  00003724    00000040     driverlib.lib : uart.obj (.text:_UARTIntNumberGet)
                  00003764    00000040     rtsv7M4_T_le_v4SPD16_eabi.lib : u_divt2.asm.obj (.text)
                  000037a4    00000038     driverlib.lib : sysctl.obj (.text:SysCtlPeripheralPresent)
                  000037dc    00000038     rtsv7M4_T_le_v4SPD16_eabi.lib : fs_tod_t2.asm.obj (.text)
                  00003814    00000034     driverlib.lib : interrupt.obj (.text:IntRegister)
                  00003848    00000034                   : sysctl.obj (.text:SysCtlPeripheralEnable)
                  0000387c    00000034     rtsv7M4_T_le_v4SPD16_eabi.lib : boot_cortex_m.c.obj (.text:_c_int00_noargs:_c_int00_noargs)
                  000038b0    0000002c     driverlib.lib : gpio.obj (.text:GPIODirModeSet)
                  000038dc    00000024                   : interrupt.obj (.text:IntPrioritySet)
                  00003900    00000022                   : pwm.obj (.text:PWMGenConfigure)
                  00003922    00000002     --HOLE-- [fill = 0]
                  00003924    00000020                   : uart.obj (.text:UARTDisable)
                  00003944    00000020     rtsv7M4_T_le_v4SPD16_eabi.lib : u_tofd_t2.asm.obj (.text)
                  00003964    0000001e     driverlib.lib : pwm.obj (.text:PWMPulseWidthSet)
                  00003982    0000001c     rtsv7M4_T_le_v4SPD16_eabi.lib : copy_zero_init.c.obj (.text:decompress:ZI:__TI_zero_init_nomemset:__TI_zero_init_nomemset)
                  0000399e    0000001a     driverlib.lib : gpio.obj (.text:GPIOPinTypeGPIOOutput)
                  000039b8    0000001a     rtsv7M4_T_le_v4SPD16_eabi.lib : s_copysign.c.obj (.text:copysign)
                  000039d2    00000018     driverlib.lib : timer.obj (.text:TimerIntRegister)
                  000039ea    00000018                   : uart.obj (.text:UARTIntRegister)
                  00003a02    00000018     rtsv7M4_T_le_v4SPD16_eabi.lib : s_copysignf.c.obj (.text:copysignf)
                  00003a1a    00000018                                   : strcmp.c.obj (.text:strcmp)
                  00003a32    00000016     driverlib.lib : gpio.obj (.text:GPIOPinTypePWM)
                  00003a48    00000016                   : gpio.obj (.text:GPIOPinTypeQEI)
                  00003a5e    00000016                   : gpio.obj (.text:GPIOPinTypeUART)
                  00003a74    00000014                   : sysctl.obj (.text:SysCtlPWMClockSet)
                  00003a88    00000014                   : uart.obj (.text:UARTEnable)
                  00003a9c    00000012                   : pwm.obj (.text:PWMGenPeriodGet)
                  00003aae    00000012                   : pwm.obj (.text:PWMOutputState)
                  00003ac0    00000012                   : timer.obj (.text:TimerLoadSet)
                  00003ad2    00000012                   : timer.obj (.text:TimerPrescaleSet)
                  00003ae4    00000010                   : interrupt.obj (.text:IntMasterEnable)
                  00003af4    00000010                   : pwm.obj (.text:PWMGenPeriodSet)
                  00003b04    0000000e                   : qei.obj (.text:QEIConfigure)
                  00003b12    0000000e                   : timer.obj (.text:TimerEnable)
                  00003b20    0000000e                   : uart.obj (.text:UARTCharGetNonBlocking)
                  00003b2e    0000000e                   : uart.obj (.text:UARTCharPutNonBlocking)
                  00003b3c    0000000e                   : uart.obj (.text:UARTCharsAvail)
                  00003b4a    0000000e     rtsv7M4_T_le_v4SPD16_eabi.lib : copy_decompress_none.c.obj (.text:decompress:none:__TI_decompress_none)
                  00003b58    0000000c     driverlib.lib : cpu.obj (.text:CPUcpsie)
                  00003b64    0000000c                   : pwm.obj (.text:PWMGenDisable)
                  00003b70    0000000c                   : pwm.obj (.text:PWMGenEnable)
                  00003b7c    0000000c     tm4c123gh6pm_startup_ccs.obj (.text)
                  00003b88    0000000a     driverlib.lib : qei.obj (.text:QEIEnable)
                  00003b92    0000000a                   : qei.obj (.text:QEIIntDisable)
                  00003b9c    0000000a                   : timer.obj (.text:TimerIntStatus)
                  00003ba6    0000000a                   : uart.obj (.text:UARTCharGet)
                  00003bb0    0000000a                   : uart.obj (.text:UARTCharPut)
                  00003bba    0000000a                   : uart.obj (.text:UARTFIFODisable)
                  00003bc4    0000000a                   : uart.obj (.text:UARTFIFOEnable)
                  00003bce    0000000a                   : uart.obj (.text:UARTIntStatus)
                  00003bd8    00000008                   : timer.obj (.text:TimerIntEnable)
                  00003be0    00000008                   : uart.obj (.text:UARTIntEnable)
                  00003be8    00000008     rtsv7M4_T_le_v4SPD16_eabi.lib : errno.c.obj (.text:__aeabi_errno_addr)
                  00003bf0    00000006     driverlib.lib : gpio.obj (.text:GPIOPinRead)
                  00003bf6    00000006                   : gpio.obj (.text:GPIOPinWrite)
                  00003bfc    00000006                   : sysctl.obj (.text:SysCtlDelay)
                  00003c02    00000006                   : uart.obj (.text:UARTClockSourceSet)
                  00003c08    00000006                   : uart.obj (.text:UARTFIFOLevelSet)
                  00003c0e    00000004                   : qei.obj (.text:QEIPositionGet)
                  00003c12    00000004                   : qei.obj (.text:QEIPositionSet)
                  00003c16    00000004                   : timer.obj (.text:TimerIntClear)
                  00003c1a    00000004                   : uart.obj (.text:UARTIntClear)
                  00003c1e    00000004     rtsv7M4_T_le_v4SPD16_eabi.lib : pre_init.c.obj (.text:_system_pre_init)
                  00003c22    00000004                                   : exit.c.obj (.text:abort:abort)

.const     0    00003c28    00000520     
                  00003c28    00000101     rtsv7M4_T_le_v4SPD16_eabi.lib : ctype.c.obj (.const:.string:_ctypes_)
                  00003d29    00000003     --HOLE-- [fill = 0]
                  00003d2c    00000004     uartstdio.obj (.const)
                  00003d30    000000c8     rtsv7M4_T_le_v4SPD16_eabi.lib : strtod.c.obj (.const:$O1$$)
                  00003df8    0000009c     driverlib.lib : interrupt.obj (.const:g_pui32Regs)
                  00003e94    00000090                   : gpio.obj (.const:g_pui32GPIOBaseAddrs)
                  00003f24    0000006c                   : sysctl.obj (.const:g_pui32Xtals)
                  00003f90    00000060                   : timer.obj (.const:g_ppui32TimerIntMap)
                  00003ff0    00000058     rtsv7M4_T_le_v4SPD16_eabi.lib : strtof.c.obj (.const:$O1$$)
                  00004048    00000040     driverlib.lib : timer.obj (.const:g_ppui32TimerIntMapSnowflake)
                  00004088    00000040                   : uart.obj (.const:g_ppui32UARTIntMap)
                  000040c8    00000040                   : uart.obj (.const:g_ppui32UARTIntMapSnowflake)
                  00004108    00000014                   : interrupt.obj (.const:g_pui32EnRegs)
                  0000411c    00000012     uartstdio.obj (.const:.string)
                  0000412e    00000002     --HOLE-- [fill = 0]
                  00004130    0000000c     uartstdio.obj (.const:g_ui32UARTBase)
                  0000413c    0000000c     uartstdio.obj (.const:g_ui32UARTPeriph)

.cinit     0    00004148    00000060     
                  00004148    00000027     (.cinit..data.load) [load image, compression = lzss]
                  0000416f    00000001     --HOLE-- [fill = 0]
                  00004170    0000000c     (__TI_handler_table)
                  0000417c    00000004     --HOLE-- [fill = 0]
                  00004180    00000008     (.cinit..bss.load) [load image, compression = zero_init]
                  00004188    00000008     (.cinit..vtable.load) [load image, compression = zero_init]
                  00004190    00000018     (__TI_cinit_table)

.init_array 
*          0    00000000    00000000     UNINITIALIZED

.vtable    0    20000000    0000026c     UNINITIALIZED
                  20000000    0000026c     driverlib.lib : interrupt.obj (.vtable)

.bss       0    20000470    0000016a     UNINITIALIZED
                  20000470    00000030     (.common:pid1_v)
                  200004a0    00000030     (.common:pid2_v)
                  200004d0    00000030     (.common:pid_b)
                  20000500    00000030     (.common:pid_theta)
                  20000530    00000030     (.common:pid_x1)
                  20000560    00000030     (.common:pid_x2)
                  20000590    00000020     (.common:rData1)
                  200005b0    00000020     (.common:rData5)
                  200005d0    00000004     (.common:endptr)
                  200005d4    00000004     (.common:pid)
                  200005d8    00000001     (.common:rx_buf1)
                  200005d9    00000001     (.common:rx_buf5)

.data      0    200005dc    0000007c     UNINITIALIZED
                  200005dc    00000058     main.obj (.data)
                  20000634    0000000e     hand_hand.obj (.data)
                  20000642    0000000a     hand_hand.obj (.data:route)
                  2000064c    00000005     uartstdio.obj (.data)
                  20000651    00000003     --HOLE--
                  20000654    00000004     rtsv7M4_T_le_v4SPD16_eabi.lib : errno.c.obj (.data)

.stack     0    20000270    00000200     UNINITIALIZED
                  20000270    00000004     rtsv7M4_T_le_v4SPD16_eabi.lib : boot_cortex_m.c.obj (.stack)
                  20000274    000001fc     --HOLE--

__llvm_prf_cnts 
*          0    20000000    00000000     UNINITIALIZED

MODULE SUMMARY

       Module                         code    ro data   rw data
       ------                         ----    -------   -------
    .\
       main.obj                       2660    0         158    
       pid.obj                        1932    0         292    
       uartstdio.obj                  1192    46        5      
       hand_hand.obj                  1084    0         24     
       my_uart.obj                    980     0         0      
       tm4c123gh6pm_startup_ccs.obj   12      620       0      
    +--+------------------------------+-------+---------+---------+
       Total:                         7860    666       479    
                                                               
    D:/TivaWare/driverlib/ccs/Debug/driverlib.lib
       interrupt.obj                  208     176       620    
       sysctl.obj                     658     108       0      
       gpio.obj                       588     144       0      
       uart.obj                       326     128       0      
       timer.obj                      268     160       0      
       pwm.obj                        140     0         0      
       qei.obj                        42      0         0      
       cpu.obj                        12      0         0      
    +--+------------------------------+-------+---------+---------+
       Total:                         2242    716       620    
                                                               
    D:\CCS12.3.0\ccs\tools\compiler\ti-cgt-arm_20.2.7.LTS\lib\rtsv7M4_T_le_v4SPD16_eabi.lib
       strtod.c.obj                   1120    200       0      
       strtof.c.obj                   968     88        0      
       fd_add_t2.asm.obj              438     0         0      
       fd_div_t2.asm.obj              310     0         0      
       s_scalbn.c.obj                 272     0         0      
       ctype.c.obj                    0       257       0      
       fd_mul_t2.asm.obj              252     0         0      
       s_scalbnf.c.obj                208     0         0      
       memcpy_t2.asm.obj              156     0         0      
       fd_cmp_t2.asm.obj              134     0         0      
       memset_t2.asm.obj              122     0         0      
       fd_tos_t2.asm.obj              110     0         0      
       copy_decompress_lzss.c.obj     104     0         0      
       autoinit.c.obj                 68      0         0      
       fd_tou_t2.asm.obj              68      0         0      
       u_divt2.asm.obj                64      0         0      
       fs_tod_t2.asm.obj              56      0         0      
       boot_cortex_m.c.obj            52      0         0      
       u_tofd_t2.asm.obj              32      0         0      
       copy_zero_init.c.obj           28      0         0      
       s_copysign.c.obj               26      0         0      
       s_copysignf.c.obj              24      0         0      
       strcmp.c.obj                   24      0         0      
       copy_decompress_none.c.obj     14      0         0      
       errno.c.obj                    8       0         4      
       exit.c.obj                     4       0         0      
       pre_init.c.obj                 4       0         0      
       div0.asm.obj                   2       0         0      
    +--+------------------------------+-------+---------+---------+
       Total:                         4668    545       4      
                                                               
       Stack:                         0       0         512    
       Linker Generated:              0       91        0      
    +--+------------------------------+-------+---------+---------+
       Grand Total:                   14770   2018      1615   


LINKER GENERATED COPY TABLES

__TI_cinit_table @ 00004190 records: 3, size/record: 8, table size: 24
	.data: load addr=00004148, load size=00000027 bytes, run addr=200005dc, run size=0000007c bytes, compression=lzss
	.bss: load addr=00004180, load size=00000008 bytes, run addr=20000470, run size=0000016a bytes, compression=zero_init
	.vtable: load addr=00004188, load size=00000008 bytes, run addr=20000000, run size=0000026c bytes, compression=zero_init


LINKER GENERATED HANDLER TABLE

__TI_handler_table @ 00004170 records: 3, size/record: 4, table size: 12
	index: 0, handler: __TI_zero_init
	index: 1, handler: __TI_decompress_lzss
	index: 2, handler: __TI_decompress_none


GLOBAL SYMBOLS: SORTED ALPHABETICALLY BY Name 

address   name                          
-------   ----                          
00003c23  C$$EXIT                       
00003b59  CPUcpsie                      
000038b1  GPIODirModeSet                
00002af5  GPIOPadConfigSet              
000035bd  GPIOPinConfigure              
00003bf1  GPIOPinRead                   
0000399f  GPIOPinTypeGPIOOutput         
00003a33  GPIOPinTypePWM                
00003a49  GPIOPinTypeQEI                
00003a5f  GPIOPinTypeUART               
00003bf7  GPIOPinWrite                  
00000615  GPIO_init                     
000021a1  Get_Data                      
0000348d  IntEnable                     
00003ae5  IntMasterEnable               
000038dd  IntPrioritySet                
00003815  IntRegister                   
2000061f  LED_flag                      
00001263  PID_b_update                  
00000cd1  PID_init                      
00001375  PID_para                      
00000fc5  PID_speed_update              
00001165  PID_theta_update              
00000e3f  PID_x_update                  
00003901  PWMGenConfigure               
00003b65  PWMGenDisable                 
00003b71  PWMGenEnable                  
00003a9d  PWMGenPeriodGet               
00003af5  PWMGenPeriodSet               
00003aaf  PWMOutputState                
00003965  PWMPulseWidthSet              
000003bb  PWM_init                      
00003b05  QEIConfigure                  
00003b89  QEIEnable                     
00003b93  QEIIntDisable                 
00003c0f  QEIPositionGet                
00003c13  QEIPositionSet                
0000046d  QEI_init                      
00003b7d  ResetISR                      
00001dab  StatusDeal                    
00001d65  StatusReset                   
00002d99  SysCtlClockGet                
000030bd  SysCtlClockSet                
00003bfd  SysCtlDelay                   
00003a75  SysCtlPWMClockSet             
00003849  SysCtlPeripheralEnable        
000037a5  SysCtlPeripheralPresent       
00000367  Sysint_init                   
00000839  TIMER0_IRQHandler             
0000355d  TimerConfigure                
00003b13  TimerEnable                   
00003c17  TimerIntClear                 
00003bd9  TimerIntEnable                
000039d3  TimerIntRegister              
00003b9d  TimerIntStatus                
00003ac1  TimerLoadSet                  
00003ad3  TimerPrescaleSet              
00000aad  UART1_Handler                 
00000b89  UART5_Handler                 
00003ba7  UARTCharGet                   
00003b21  UARTCharGetNonBlocking        
00003bb1  UARTCharPut                   
00003b2f  UARTCharPutNonBlocking        
00003b3d  UARTCharsAvail                
00003c03  UARTClockSourceSet            
00003655  UARTConfigSetExpClk           
00003925  UARTDisable                   
00003a89  UARTEnable                    
00003bbb  UARTFIFODisable               
00003bc5  UARTFIFOEnable                
00003c09  UARTFIFOLevelSet              
00003c1b  UARTIntClear                  
00003be1  UARTIntEnable                 
000039eb  UARTIntRegister               
00003bcf  UARTIntStatus                 
0000145d  UARTStdioConfig               
000015ad  UARTgetc                      
000014f3  UARTgets                      
000018cf  UARTprintf                    
000015d5  UARTvprintf                   
000014a3  UARTwrite                     
000023b5  USART_PID_Adjust              
0000051f  USART_init                    
0000069d  Wheel_set                     
20000470  __STACK_END                   
00000200  __STACK_SIZE                  
20000470  __STACK_TOP                   
00004190  __TI_CINIT_Base               
000041a8  __TI_CINIT_Limit              
00004170  __TI_Handler_Table_Base       
0000417c  __TI_Handler_Table_Limit      
0000369d  __TI_auto_init_nobinit_nopinit
000034f5  __TI_decompress_lzss          
00003b4b  __TI_decompress_none          
ffffffff  __TI_pprof_out_hndl           
ffffffff  __TI_prof_data_size           
ffffffff  __TI_prof_data_start          
00000000  __TI_static_base__            
00003983  __TI_zero_init_nomemset       
0000331d  __aeabi_cdcmpeq               
0000331d  __aeabi_cdcmple               
0000341d  __aeabi_d2f                   
000036e1  __aeabi_d2uiz                 
00002947  __aeabi_dadd                  
00002c61  __aeabi_ddiv                  
00002fc1  __aeabi_dmul                  
0000293d  __aeabi_dsub                  
00003be9  __aeabi_errno_addr            
000037dd  __aeabi_f2d                   
00002af3  __aeabi_idiv0                 
00002af3  __aeabi_ldiv0                 
000033a3  __aeabi_memclr                
000033a3  __aeabi_memclr4               
000033a3  __aeabi_memclr8               
00003281  __aeabi_memcpy                
00003281  __aeabi_memcpy4               
00003281  __aeabi_memcpy8               
000033a5  __aeabi_memset                
000033a5  __aeabi_memset4               
000033a5  __aeabi_memset8               
00003945  __aeabi_ui2d                  
00003765  __aeabi_uidiv                 
00003765  __aeabi_uidivmod              
ffffffff  __binit__                     
ffffffff  __c_args__                    
UNDEFED   __mpu_init                    
20000270  __stack                       
20000000  __start___llvm_prf_cnts       
20000000  __stop___llvm_prf_cnts        
0000387d  _c_int00_noargs               
00003c28  _ctypes_                      
UNDEFED   _system_post_cinit            
00003c1f  _system_pre_init              
00003c23  abort                         
200005ec  b                             
200005e4  b_pid_flag                    
20000604  b_speed                       
ffffffff  binit                         
000039b9  copysign                      
00003a03  copysignf                     
000039b9  copysignl                     
200005d0  endptr                        
20000654  errno                         
20000000  g_pfnRAMVectors               
00000000  g_pfnVectors                  
00002eb1  ldexp                         
000031b1  ldexpf                        
00002eb1  ldexpl                        
0000026d  main                          
00003281  memcpy                        
000033ab  memset                        
200005d4  pid                           
20000470  pid1_v                        
200004a0  pid2_v                        
200004d0  pid_b                         
20000500  pid_theta                     
20000530  pid_x1                        
20000560  pid_x2                        
20000590  rData1                        
200005b0  rData5                        
20000611  rDataCount1                   
20000610  rDataCount5                   
20000618  rDataFlag1                    
20000614  rDataFlag5                    
2000063c  recognize_flag                
20000642  route                         
2000061c  route_flag                    
20000638  route_len                     
200005d8  rx_buf1                       
200005d9  rx_buf5                       
00002eb1  scalbn                        
000031b1  scalbnf                       
00002eb1  scalbnl                       
200005f0  setspeed                      
200005e8  setspeed_flag                 
20000608  speed1                        
2000060c  speed2                        
20000634  status_hand                   
00003a1b  strcmp                        
00001905  strtod                        
00002575  strtof                        
00001905  strtold                       
20000641  target_flag                   
20000640  task_flag                     
2000061d  test_flag                     
200005fc  theta                         
200005e0  theta_pid_flag                
20000600  theta_speed                   
2000063d  turn_route_flag               
2000063f  turn_task_flag                
2000061e  uart_flag                     
200005dc  x_pid_flag                    
200005f4  x_set1                        
200005f8  x_set2                        
2000063e  x_task_flag                   


GLOBAL SYMBOLS: SORTED BY Symbol Address 

address   name                          
-------   ----                          
00000000  __TI_static_base__            
00000000  g_pfnVectors                  
00000200  __STACK_SIZE                  
0000026d  main                          
00000367  Sysint_init                   
000003bb  PWM_init                      
0000046d  QEI_init                      
0000051f  USART_init                    
00000615  GPIO_init                     
0000069d  Wheel_set                     
00000839  TIMER0_IRQHandler             
00000aad  UART1_Handler                 
00000b89  UART5_Handler                 
00000cd1  PID_init                      
00000e3f  PID_x_update                  
00000fc5  PID_speed_update              
00001165  PID_theta_update              
00001263  PID_b_update                  
00001375  PID_para                      
0000145d  UARTStdioConfig               
000014a3  UARTwrite                     
000014f3  UARTgets                      
000015ad  UARTgetc                      
000015d5  UARTvprintf                   
000018cf  UARTprintf                    
00001905  strtod                        
00001905  strtold                       
00001d65  StatusReset                   
00001dab  StatusDeal                    
000021a1  Get_Data                      
000023b5  USART_PID_Adjust              
00002575  strtof                        
0000293d  __aeabi_dsub                  
00002947  __aeabi_dadd                  
00002af3  __aeabi_idiv0                 
00002af3  __aeabi_ldiv0                 
00002af5  GPIOPadConfigSet              
00002c61  __aeabi_ddiv                  
00002d99  SysCtlClockGet                
00002eb1  ldexp                         
00002eb1  ldexpl                        
00002eb1  scalbn                        
00002eb1  scalbnl                       
00002fc1  __aeabi_dmul                  
000030bd  SysCtlClockSet                
000031b1  ldexpf                        
000031b1  scalbnf                       
00003281  __aeabi_memcpy                
00003281  __aeabi_memcpy4               
00003281  __aeabi_memcpy8               
00003281  memcpy                        
0000331d  __aeabi_cdcmpeq               
0000331d  __aeabi_cdcmple               
000033a3  __aeabi_memclr                
000033a3  __aeabi_memclr4               
000033a3  __aeabi_memclr8               
000033a5  __aeabi_memset                
000033a5  __aeabi_memset4               
000033a5  __aeabi_memset8               
000033ab  memset                        
0000341d  __aeabi_d2f                   
0000348d  IntEnable                     
000034f5  __TI_decompress_lzss          
0000355d  TimerConfigure                
000035bd  GPIOPinConfigure              
00003655  UARTConfigSetExpClk           
0000369d  __TI_auto_init_nobinit_nopinit
000036e1  __aeabi_d2uiz                 
00003765  __aeabi_uidiv                 
00003765  __aeabi_uidivmod              
000037a5  SysCtlPeripheralPresent       
000037dd  __aeabi_f2d                   
00003815  IntRegister                   
00003849  SysCtlPeripheralEnable        
0000387d  _c_int00_noargs               
000038b1  GPIODirModeSet                
000038dd  IntPrioritySet                
00003901  PWMGenConfigure               
00003925  UARTDisable                   
00003945  __aeabi_ui2d                  
00003965  PWMPulseWidthSet              
00003983  __TI_zero_init_nomemset       
0000399f  GPIOPinTypeGPIOOutput         
000039b9  copysign                      
000039b9  copysignl                     
000039d3  TimerIntRegister              
000039eb  UARTIntRegister               
00003a03  copysignf                     
00003a1b  strcmp                        
00003a33  GPIOPinTypePWM                
00003a49  GPIOPinTypeQEI                
00003a5f  GPIOPinTypeUART               
00003a75  SysCtlPWMClockSet             
00003a89  UARTEnable                    
00003a9d  PWMGenPeriodGet               
00003aaf  PWMOutputState                
00003ac1  TimerLoadSet                  
00003ad3  TimerPrescaleSet              
00003ae5  IntMasterEnable               
00003af5  PWMGenPeriodSet               
00003b05  QEIConfigure                  
00003b13  TimerEnable                   
00003b21  UARTCharGetNonBlocking        
00003b2f  UARTCharPutNonBlocking        
00003b3d  UARTCharsAvail                
00003b4b  __TI_decompress_none          
00003b59  CPUcpsie                      
00003b65  PWMGenDisable                 
00003b71  PWMGenEnable                  
00003b7d  ResetISR                      
00003b89  QEIEnable                     
00003b93  QEIIntDisable                 
00003b9d  TimerIntStatus                
00003ba7  UARTCharGet                   
00003bb1  UARTCharPut                   
00003bbb  UARTFIFODisable               
00003bc5  UARTFIFOEnable                
00003bcf  UARTIntStatus                 
00003bd9  TimerIntEnable                
00003be1  UARTIntEnable                 
00003be9  __aeabi_errno_addr            
00003bf1  GPIOPinRead                   
00003bf7  GPIOPinWrite                  
00003bfd  SysCtlDelay                   
00003c03  UARTClockSourceSet            
00003c09  UARTFIFOLevelSet              
00003c0f  QEIPositionGet                
00003c13  QEIPositionSet                
00003c17  TimerIntClear                 
00003c1b  UARTIntClear                  
00003c1f  _system_pre_init              
00003c23  C$$EXIT                       
00003c23  abort                         
00003c28  _ctypes_                      
00004170  __TI_Handler_Table_Base       
0000417c  __TI_Handler_Table_Limit      
00004190  __TI_CINIT_Base               
000041a8  __TI_CINIT_Limit              
20000000  __start___llvm_prf_cnts       
20000000  __stop___llvm_prf_cnts        
20000000  g_pfnRAMVectors               
20000270  __stack                       
20000470  __STACK_END                   
20000470  __STACK_TOP                   
20000470  pid1_v                        
200004a0  pid2_v                        
200004d0  pid_b                         
20000500  pid_theta                     
20000530  pid_x1                        
20000560  pid_x2                        
20000590  rData1                        
200005b0  rData5                        
200005d0  endptr                        
200005d4  pid                           
200005d8  rx_buf1                       
200005d9  rx_buf5                       
200005dc  x_pid_flag                    
200005e0  theta_pid_flag                
200005e4  b_pid_flag                    
200005e8  setspeed_flag                 
200005ec  b                             
200005f0  setspeed                      
200005f4  x_set1                        
200005f8  x_set2                        
200005fc  theta                         
20000600  theta_speed                   
20000604  b_speed                       
20000608  speed1                        
2000060c  speed2                        
20000610  rDataCount5                   
20000611  rDataCount1                   
20000614  rDataFlag5                    
20000618  rDataFlag1                    
2000061c  route_flag                    
2000061d  test_flag                     
2000061e  uart_flag                     
2000061f  LED_flag                      
20000634  status_hand                   
20000638  route_len                     
2000063c  recognize_flag                
2000063d  turn_route_flag               
2000063e  x_task_flag                   
2000063f  turn_task_flag                
20000640  task_flag                     
20000641  target_flag                   
20000642  route                         
20000654  errno                         
ffffffff  __TI_pprof_out_hndl           
ffffffff  __TI_prof_data_size           
ffffffff  __TI_prof_data_start          
ffffffff  __binit__                     
ffffffff  __c_args__                    
ffffffff  binit                         
UNDEFED   __mpu_init                    
UNDEFED   _system_post_cinit            

[195 symbols]
