<?xml version="1.0" encoding="ISO-8859-1" ?>
<link_info>
   <banner>TI ARM Linker PC v20.2.7.LTS</banner>
   <copyright>Copyright (c) 1996-2018 Texas Instruments Incorporated</copyright>
   <link_time>0x64a810e4</link_time>
   <link_errors>0x0</link_errors>
   <output_file>Car_drugs.out</output_file>
   <entry_point>
      <name>_c_int00_noargs</name>
      <address>0x3ff1</address>
   </entry_point>
   <input_file_list>
      <input_file id="fl-2">
         <path>.\</path>
         <kind>object</kind>
         <file>hand_hand.obj</file>
         <name>hand_hand.obj</name>
      </input_file>
      <input_file id="fl-3">
         <path>.\</path>
         <kind>object</kind>
         <file>main.obj</file>
         <name>main.obj</name>
      </input_file>
      <input_file id="fl-4">
         <path>.\</path>
         <kind>object</kind>
         <file>my_uart.obj</file>
         <name>my_uart.obj</name>
      </input_file>
      <input_file id="fl-5">
         <path>.\</path>
         <kind>object</kind>
         <file>pid.obj</file>
         <name>pid.obj</name>
      </input_file>
      <input_file id="fl-6">
         <path>.\</path>
         <kind>object</kind>
         <file>tm4c123gh6pm_startup_ccs.obj</file>
         <name>tm4c123gh6pm_startup_ccs.obj</name>
      </input_file>
      <input_file id="fl-7">
         <path>.\</path>
         <kind>object</kind>
         <file>uartstdio.obj</file>
         <name>uartstdio.obj</name>
      </input_file>
      <input_file id="fl-c">
         <kind>object</kind>
         <file>&lt;internal&gt;</file>
         <name>&lt;internal&gt;</name>
      </input_file>
      <input_file id="fl-c2">
         <path>D:\CCS12.3.0\ccs\tools\compiler\ti-cgt-arm_20.2.7.LTS\lib\</path>
         <kind>archive</kind>
         <file>rtsv7M4_T_le_v4SPD16_eabi.lib</file>
         <name>fd_add_t2.asm.obj</name>
      </input_file>
      <input_file id="fl-c3">
         <path>D:\CCS12.3.0\ccs\tools\compiler\ti-cgt-arm_20.2.7.LTS\lib\</path>
         <kind>archive</kind>
         <file>rtsv7M4_T_le_v4SPD16_eabi.lib</file>
         <name>fd_cmp_t2.asm.obj</name>
      </input_file>
      <input_file id="fl-c4">
         <path>D:\CCS12.3.0\ccs\tools\compiler\ti-cgt-arm_20.2.7.LTS\lib\</path>
         <kind>archive</kind>
         <file>rtsv7M4_T_le_v4SPD16_eabi.lib</file>
         <name>fd_div_t2.asm.obj</name>
      </input_file>
      <input_file id="fl-c5">
         <path>D:\CCS12.3.0\ccs\tools\compiler\ti-cgt-arm_20.2.7.LTS\lib\</path>
         <kind>archive</kind>
         <file>rtsv7M4_T_le_v4SPD16_eabi.lib</file>
         <name>fd_mul_t2.asm.obj</name>
      </input_file>
      <input_file id="fl-c6">
         <path>D:\CCS12.3.0\ccs\tools\compiler\ti-cgt-arm_20.2.7.LTS\lib\</path>
         <kind>archive</kind>
         <file>rtsv7M4_T_le_v4SPD16_eabi.lib</file>
         <name>fd_tos_t2.asm.obj</name>
      </input_file>
      <input_file id="fl-c7">
         <path>D:\CCS12.3.0\ccs\tools\compiler\ti-cgt-arm_20.2.7.LTS\lib\</path>
         <kind>archive</kind>
         <file>rtsv7M4_T_le_v4SPD16_eabi.lib</file>
         <name>fd_tou_t2.asm.obj</name>
      </input_file>
      <input_file id="fl-c8">
         <path>D:\CCS12.3.0\ccs\tools\compiler\ti-cgt-arm_20.2.7.LTS\lib\</path>
         <kind>archive</kind>
         <file>rtsv7M4_T_le_v4SPD16_eabi.lib</file>
         <name>fs_tod_t2.asm.obj</name>
      </input_file>
      <input_file id="fl-c9">
         <path>D:\CCS12.3.0\ccs\tools\compiler\ti-cgt-arm_20.2.7.LTS\lib\</path>
         <kind>archive</kind>
         <file>rtsv7M4_T_le_v4SPD16_eabi.lib</file>
         <name>i_tofd_t2.asm.obj</name>
      </input_file>
      <input_file id="fl-ca">
         <path>D:\CCS12.3.0\ccs\tools\compiler\ti-cgt-arm_20.2.7.LTS\lib\</path>
         <kind>archive</kind>
         <file>rtsv7M4_T_le_v4SPD16_eabi.lib</file>
         <name>u_tofd_t2.asm.obj</name>
      </input_file>
      <input_file id="fl-cb">
         <path>D:\CCS12.3.0\ccs\tools\compiler\ti-cgt-arm_20.2.7.LTS\lib\</path>
         <kind>archive</kind>
         <file>rtsv7M4_T_le_v4SPD16_eabi.lib</file>
         <name>memset_t2.asm.obj</name>
      </input_file>
      <input_file id="fl-cc">
         <path>D:\CCS12.3.0\ccs\tools\compiler\ti-cgt-arm_20.2.7.LTS\lib\</path>
         <kind>archive</kind>
         <file>rtsv7M4_T_le_v4SPD16_eabi.lib</file>
         <name>u_divt2.asm.obj</name>
      </input_file>
      <input_file id="fl-cd">
         <path>D:\CCS12.3.0\ccs\tools\compiler\ti-cgt-arm_20.2.7.LTS\lib\</path>
         <kind>archive</kind>
         <file>rtsv7M4_T_le_v4SPD16_eabi.lib</file>
         <name>copy_zero_init.c.obj</name>
      </input_file>
      <input_file id="fl-ce">
         <path>D:\CCS12.3.0\ccs\tools\compiler\ti-cgt-arm_20.2.7.LTS\lib\</path>
         <kind>archive</kind>
         <file>rtsv7M4_T_le_v4SPD16_eabi.lib</file>
         <name>copy_decompress_none.c.obj</name>
      </input_file>
      <input_file id="fl-cf">
         <path>D:\CCS12.3.0\ccs\tools\compiler\ti-cgt-arm_20.2.7.LTS\lib\</path>
         <kind>archive</kind>
         <file>rtsv7M4_T_le_v4SPD16_eabi.lib</file>
         <name>copy_decompress_lzss.c.obj</name>
      </input_file>
      <input_file id="fl-d0">
         <path>D:\CCS12.3.0\ccs\tools\compiler\ti-cgt-arm_20.2.7.LTS\lib\</path>
         <kind>archive</kind>
         <file>rtsv7M4_T_le_v4SPD16_eabi.lib</file>
         <name>strcmp.c.obj</name>
      </input_file>
      <input_file id="fl-d1">
         <path>D:\CCS12.3.0\ccs\tools\compiler\ti-cgt-arm_20.2.7.LTS\lib\</path>
         <kind>archive</kind>
         <file>rtsv7M4_T_le_v4SPD16_eabi.lib</file>
         <name>strtod.c.obj</name>
      </input_file>
      <input_file id="fl-d2">
         <path>D:\CCS12.3.0\ccs\tools\compiler\ti-cgt-arm_20.2.7.LTS\lib\</path>
         <kind>archive</kind>
         <file>rtsv7M4_T_le_v4SPD16_eabi.lib</file>
         <name>boot_cortex_m.c.obj</name>
      </input_file>
      <input_file id="fl-d3">
         <path>D:\CCS12.3.0\ccs\tools\compiler\ti-cgt-arm_20.2.7.LTS\lib\</path>
         <kind>archive</kind>
         <file>rtsv7M4_T_le_v4SPD16_eabi.lib</file>
         <name>errno.c.obj</name>
      </input_file>
      <input_file id="fl-d4">
         <path>D:\CCS12.3.0\ccs\tools\compiler\ti-cgt-arm_20.2.7.LTS\lib\</path>
         <kind>archive</kind>
         <file>rtsv7M4_T_le_v4SPD16_eabi.lib</file>
         <name>s_scalbn.c.obj</name>
      </input_file>
      <input_file id="fl-d5">
         <path>D:\CCS12.3.0\ccs\tools\compiler\ti-cgt-arm_20.2.7.LTS\lib\</path>
         <kind>archive</kind>
         <file>rtsv7M4_T_le_v4SPD16_eabi.lib</file>
         <name>div0.asm.obj</name>
      </input_file>
      <input_file id="fl-d6">
         <path>D:\CCS12.3.0\ccs\tools\compiler\ti-cgt-arm_20.2.7.LTS\lib\</path>
         <kind>archive</kind>
         <file>rtsv7M4_T_le_v4SPD16_eabi.lib</file>
         <name>memcpy_t2.asm.obj</name>
      </input_file>
      <input_file id="fl-d7">
         <path>D:\CCS12.3.0\ccs\tools\compiler\ti-cgt-arm_20.2.7.LTS\lib\</path>
         <kind>archive</kind>
         <file>rtsv7M4_T_le_v4SPD16_eabi.lib</file>
         <name>autoinit.c.obj</name>
      </input_file>
      <input_file id="fl-d8">
         <path>D:\CCS12.3.0\ccs\tools\compiler\ti-cgt-arm_20.2.7.LTS\lib\</path>
         <kind>archive</kind>
         <file>rtsv7M4_T_le_v4SPD16_eabi.lib</file>
         <name>pre_init.c.obj</name>
      </input_file>
      <input_file id="fl-d9">
         <path>D:\CCS12.3.0\ccs\tools\compiler\ti-cgt-arm_20.2.7.LTS\lib\</path>
         <kind>archive</kind>
         <file>rtsv7M4_T_le_v4SPD16_eabi.lib</file>
         <name>cpy_tbl.c.obj</name>
      </input_file>
      <input_file id="fl-da">
         <path>D:\CCS12.3.0\ccs\tools\compiler\ti-cgt-arm_20.2.7.LTS\lib\</path>
         <kind>archive</kind>
         <file>rtsv7M4_T_le_v4SPD16_eabi.lib</file>
         <name>exit.c.obj</name>
      </input_file>
      <input_file id="fl-db">
         <path>D:\CCS12.3.0\ccs\tools\compiler\ti-cgt-arm_20.2.7.LTS\lib\</path>
         <kind>archive</kind>
         <file>rtsv7M4_T_le_v4SPD16_eabi.lib</file>
         <name>_lock.c.obj</name>
      </input_file>
      <input_file id="fl-dc">
         <path>D:\CCS12.3.0\ccs\tools\compiler\ti-cgt-arm_20.2.7.LTS\lib\</path>
         <kind>archive</kind>
         <file>rtsv7M4_T_le_v4SPD16_eabi.lib</file>
         <name>args_main.c.obj</name>
      </input_file>
      <input_file id="fl-dd">
         <path>D:\CCS12.3.0\ccs\tools\compiler\ti-cgt-arm_20.2.7.LTS\lib\</path>
         <kind>archive</kind>
         <file>rtsv7M4_T_le_v4SPD16_eabi.lib</file>
         <name>ctype.c.obj</name>
      </input_file>
      <input_file id="fl-de">
         <path>D:\CCS12.3.0\ccs\tools\compiler\ti-cgt-arm_20.2.7.LTS\lib\</path>
         <kind>archive</kind>
         <file>rtsv7M4_T_le_v4SPD16_eabi.lib</file>
         <name>s_copysign.c.obj</name>
      </input_file>
      <input_file id="fl-df">
         <path>D:\TivaWare\driverlib\ccs\Debug\</path>
         <kind>archive</kind>
         <file>driverlib.lib</file>
         <name>gpio.obj</name>
      </input_file>
      <input_file id="fl-e0">
         <path>D:\TivaWare\driverlib\ccs\Debug\</path>
         <kind>archive</kind>
         <file>driverlib.lib</file>
         <name>interrupt.obj</name>
      </input_file>
      <input_file id="fl-e1">
         <path>D:\TivaWare\driverlib\ccs\Debug\</path>
         <kind>archive</kind>
         <file>driverlib.lib</file>
         <name>pwm.obj</name>
      </input_file>
      <input_file id="fl-e2">
         <path>D:\TivaWare\driverlib\ccs\Debug\</path>
         <kind>archive</kind>
         <file>driverlib.lib</file>
         <name>qei.obj</name>
      </input_file>
      <input_file id="fl-e3">
         <path>D:\TivaWare\driverlib\ccs\Debug\</path>
         <kind>archive</kind>
         <file>driverlib.lib</file>
         <name>sysctl.obj</name>
      </input_file>
      <input_file id="fl-e4">
         <path>D:\TivaWare\driverlib\ccs\Debug\</path>
         <kind>archive</kind>
         <file>driverlib.lib</file>
         <name>timer.obj</name>
      </input_file>
      <input_file id="fl-e5">
         <path>D:\TivaWare\driverlib\ccs\Debug\</path>
         <kind>archive</kind>
         <file>driverlib.lib</file>
         <name>uart.obj</name>
      </input_file>
      <input_file id="fl-e6">
         <path>D:\TivaWare\driverlib\ccs\Debug\</path>
         <kind>archive</kind>
         <file>driverlib.lib</file>
         <name>cpu.obj</name>
      </input_file>
   </input_file_list>
   <object_component_list>
      <object_component id="oc-12">
         <name>.intvecs</name>
         <load_address>0x0</load_address>
         <run_address>0x0</run_address>
         <size>0x26c</size>
         <input_file_ref idref="fl-6"/>
      </object_component>
      <object_component id="oc-9b">
         <name>.text</name>
         <load_address>0x26c</load_address>
         <run_address>0x26c</run_address>
         <size>0xe10</size>
         <input_file_ref idref="fl-3"/>
      </object_component>
      <object_component id="oc-d4">
         <name>.text</name>
         <load_address>0x107c</load_address>
         <run_address>0x107c</run_address>
         <size>0xb2c</size>
         <input_file_ref idref="fl-2"/>
      </object_component>
      <object_component id="oc-ce">
         <name>.text</name>
         <load_address>0x1ba8</load_address>
         <run_address>0x1ba8</run_address>
         <size>0x878</size>
         <input_file_ref idref="fl-5"/>
      </object_component>
      <object_component id="oc-fb">
         <name>.text</name>
         <load_address>0x2420</load_address>
         <run_address>0x2420</run_address>
         <size>0x4a8</size>
         <input_file_ref idref="fl-7"/>
      </object_component>
      <object_component id="oc-23c">
         <name>.text:strtod</name>
         <load_address>0x28c8</load_address>
         <run_address>0x28c8</run_address>
         <size>0x460</size>
         <input_file_ref idref="fl-d1"/>
      </object_component>
      <object_component id="oc-230">
         <name>.text</name>
         <load_address>0x2d28</load_address>
         <run_address>0x2d28</run_address>
         <size>0x3d4</size>
         <input_file_ref idref="fl-4"/>
      </object_component>
      <object_component id="oc-202">
         <name>.text</name>
         <load_address>0x30fc</load_address>
         <run_address>0x30fc</run_address>
         <size>0x1b6</size>
         <input_file_ref idref="fl-c2"/>
      </object_component>
      <object_component id="oc-3b0">
         <name>.text</name>
         <load_address>0x32b2</load_address>
         <run_address>0x32b2</run_address>
         <size>0x2</size>
         <input_file_ref idref="fl-d5"/>
      </object_component>
      <object_component id="oc-1e2">
         <name>.text:GPIOPadConfigSet</name>
         <load_address>0x32b4</load_address>
         <run_address>0x32b4</run_address>
         <size>0x16c</size>
         <input_file_ref idref="fl-df"/>
      </object_component>
      <object_component id="oc-ea">
         <name>.text</name>
         <load_address>0x3420</load_address>
         <run_address>0x3420</run_address>
         <size>0x136</size>
         <input_file_ref idref="fl-c4"/>
      </object_component>
      <object_component id="oc-da">
         <name>.text:SysCtlClockGet</name>
         <load_address>0x3558</load_address>
         <run_address>0x3558</run_address>
         <size>0x118</size>
         <input_file_ref idref="fl-e3"/>
      </object_component>
      <object_component id="oc-34c">
         <name>.text:scalbn</name>
         <load_address>0x3670</load_address>
         <run_address>0x3670</run_address>
         <size>0x110</size>
         <input_file_ref idref="fl-d4"/>
      </object_component>
      <object_component id="oc-e5">
         <name>.text</name>
         <load_address>0x3780</load_address>
         <run_address>0x3780</run_address>
         <size>0xfc</size>
         <input_file_ref idref="fl-c5"/>
      </object_component>
      <object_component id="oc-c8">
         <name>.text:SysCtlClockSet</name>
         <load_address>0x387c</load_address>
         <run_address>0x387c</run_address>
         <size>0xf4</size>
         <input_file_ref idref="fl-e3"/>
      </object_component>
      <object_component id="oc-3b">
         <name>.text</name>
         <load_address>0x3970</load_address>
         <run_address>0x3970</run_address>
         <size>0x9c</size>
         <input_file_ref idref="fl-d6"/>
      </object_component>
      <object_component id="oc-1f2">
         <name>.text:__aeabi_cdcmple</name>
         <load_address>0x3a0c</load_address>
         <run_address>0x3a0c</run_address>
         <size>0x86</size>
         <input_file_ref idref="fl-c3"/>
      </object_component>
      <object_component id="oc-1ed">
         <name>.text:__aeabi_cdrcmple</name>
         <load_address>0x3a92</load_address>
         <run_address>0x3a92</run_address>
         <size>0x86</size>
         <input_file_ref idref="fl-c3"/>
      </object_component>
      <object_component id="oc-8f">
         <name>.text</name>
         <load_address>0x3b18</load_address>
         <run_address>0x3b18</run_address>
         <size>0x7a</size>
         <input_file_ref idref="fl-cb"/>
      </object_component>
      <object_component id="oc-207">
         <name>.text</name>
         <load_address>0x3b92</load_address>
         <run_address>0x3b92</run_address>
         <size>0x6e</size>
         <input_file_ref idref="fl-c6"/>
      </object_component>
      <object_component id="oc-131">
         <name>.text:IntEnable</name>
         <load_address>0x3c00</load_address>
         <run_address>0x3c00</run_address>
         <size>0x68</size>
         <input_file_ref idref="fl-e0"/>
      </object_component>
      <object_component id="oc-15">
         <name>.text:decompress:lzss:__TI_decompress_lzss</name>
         <load_address>0x3c68</load_address>
         <run_address>0x3c68</run_address>
         <size>0x68</size>
         <input_file_ref idref="fl-cf"/>
      </object_component>
      <object_component id="oc-10d">
         <name>.text:TimerConfigure</name>
         <load_address>0x3cd0</load_address>
         <run_address>0x3cd0</run_address>
         <size>0x60</size>
         <input_file_ref idref="fl-e4"/>
      </object_component>
      <object_component id="oc-14f">
         <name>.text:GPIOPinConfigure</name>
         <load_address>0x3d30</load_address>
         <run_address>0x3d30</run_address>
         <size>0x4c</size>
         <input_file_ref idref="fl-df"/>
      </object_component>
      <object_component id="oc-2e9">
         <name>.text:_TimerIntNumberGet</name>
         <load_address>0x3d7c</load_address>
         <run_address>0x3d7c</run_address>
         <size>0x4c</size>
         <input_file_ref idref="fl-e4"/>
      </object_component>
      <object_component id="oc-1a3">
         <name>.text:UARTConfigSetExpClk</name>
         <load_address>0x3dc8</load_address>
         <run_address>0x3dc8</run_address>
         <size>0x46</size>
         <input_file_ref idref="fl-e5"/>
      </object_component>
      <object_component id="oc-25f">
         <name>.text:__TI_auto_init_nobinit_nopinit:__TI_auto_init_nobinit_nopinit</name>
         <load_address>0x3e10</load_address>
         <run_address>0x3e10</run_address>
         <size>0x44</size>
         <input_file_ref idref="fl-d7"/>
      </object_component>
      <object_component id="oc-ef">
         <name>.text</name>
         <load_address>0x3e54</load_address>
         <run_address>0x3e54</run_address>
         <size>0x44</size>
         <input_file_ref idref="fl-c7"/>
      </object_component>
      <object_component id="oc-327">
         <name>.text:_UARTIntNumberGet</name>
         <load_address>0x3e98</load_address>
         <run_address>0x3e98</run_address>
         <size>0x40</size>
         <input_file_ref idref="fl-e5"/>
      </object_component>
      <object_component id="oc-2d3">
         <name>.text</name>
         <load_address>0x3ed8</load_address>
         <run_address>0x3ed8</run_address>
         <size>0x40</size>
         <input_file_ref idref="fl-cc"/>
      </object_component>
      <object_component id="oc-2b8">
         <name>.text:SysCtlPeripheralPresent</name>
         <load_address>0x3f18</load_address>
         <run_address>0x3f18</run_address>
         <size>0x38</size>
         <input_file_ref idref="fl-e3"/>
      </object_component>
      <object_component id="oc-1e8">
         <name>.text</name>
         <load_address>0x3f50</load_address>
         <run_address>0x3f50</run_address>
         <size>0x38</size>
         <input_file_ref idref="fl-c8"/>
      </object_component>
      <object_component id="oc-2ef">
         <name>.text:IntRegister</name>
         <load_address>0x3f88</load_address>
         <run_address>0x3f88</run_address>
         <size>0x34</size>
         <input_file_ref idref="fl-e0"/>
      </object_component>
      <object_component id="oc-107">
         <name>.text:SysCtlPeripheralEnable</name>
         <load_address>0x3fbc</load_address>
         <run_address>0x3fbc</run_address>
         <size>0x34</size>
         <input_file_ref idref="fl-e3"/>
      </object_component>
      <object_component id="oc-59">
         <name>.text:_c_int00_noargs:_c_int00_noargs</name>
         <load_address>0x3ff0</load_address>
         <run_address>0x3ff0</run_address>
         <size>0x34</size>
         <input_file_ref idref="fl-d2"/>
      </object_component>
      <object_component id="oc-1fd">
         <name>.text</name>
         <load_address>0x4024</load_address>
         <run_address>0x4024</run_address>
         <size>0x2e</size>
         <input_file_ref idref="fl-c9"/>
      </object_component>
      <object_component id="oc-1dc">
         <name>.text:GPIODirModeSet</name>
         <load_address>0x4052</load_address>
         <run_address>0x4052</run_address>
         <size>0x2c</size>
         <input_file_ref idref="fl-df"/>
      </object_component>
      <object_component id="oc-12b">
         <name>.text:IntPrioritySet</name>
         <load_address>0x4080</load_address>
         <run_address>0x4080</run_address>
         <size>0x24</size>
         <input_file_ref idref="fl-e0"/>
      </object_component>
      <object_component id="oc-155">
         <name>.text:PWMGenConfigure</name>
         <load_address>0x40a4</load_address>
         <run_address>0x40a4</run_address>
         <size>0x22</size>
         <input_file_ref idref="fl-e1"/>
      </object_component>
      <object_component id="oc-31d">
         <name>.text:UARTDisable</name>
         <load_address>0x40c8</load_address>
         <run_address>0x40c8</run_address>
         <size>0x20</size>
         <input_file_ref idref="fl-e5"/>
      </object_component>
      <object_component id="oc-e0">
         <name>.text</name>
         <load_address>0x40e8</load_address>
         <run_address>0x40e8</run_address>
         <size>0x20</size>
         <input_file_ref idref="fl-ca"/>
      </object_component>
      <object_component id="oc-167">
         <name>.text:PWMPulseWidthSet</name>
         <load_address>0x4108</load_address>
         <run_address>0x4108</run_address>
         <size>0x1e</size>
         <input_file_ref idref="fl-e1"/>
      </object_component>
      <object_component id="oc-1d6">
         <name>.text:GPIOPinTypeGPIOOutput</name>
         <load_address>0x4126</load_address>
         <run_address>0x4126</run_address>
         <size>0x1a</size>
         <input_file_ref idref="fl-df"/>
      </object_component>
      <object_component id="oc-3e6">
         <name>.text:copysign</name>
         <load_address>0x4140</load_address>
         <run_address>0x4140</run_address>
         <size>0x1a</size>
         <input_file_ref idref="fl-de"/>
      </object_component>
      <object_component id="oc-11f">
         <name>.text:TimerIntRegister</name>
         <load_address>0x415a</load_address>
         <run_address>0x415a</run_address>
         <size>0x18</size>
         <input_file_ref idref="fl-e4"/>
      </object_component>
      <object_component id="oc-1bb">
         <name>.text:UARTIntRegister</name>
         <load_address>0x4172</load_address>
         <run_address>0x4172</run_address>
         <size>0x18</size>
         <input_file_ref idref="fl-e5"/>
      </object_component>
      <object_component id="oc-22a">
         <name>.text:strcmp</name>
         <load_address>0x418a</load_address>
         <run_address>0x418a</run_address>
         <size>0x18</size>
         <input_file_ref idref="fl-d0"/>
      </object_component>
      <object_component id="oc-149">
         <name>.text:GPIOPinTypePWM</name>
         <load_address>0x41a2</load_address>
         <run_address>0x41a2</run_address>
         <size>0x16</size>
         <input_file_ref idref="fl-df"/>
      </object_component>
      <object_component id="oc-179">
         <name>.text:GPIOPinTypeQEI</name>
         <load_address>0x41b8</load_address>
         <run_address>0x41b8</run_address>
         <size>0x16</size>
         <input_file_ref idref="fl-df"/>
      </object_component>
      <object_component id="oc-197">
         <name>.text:GPIOPinTypeUART</name>
         <load_address>0x41ce</load_address>
         <run_address>0x41ce</run_address>
         <size>0x16</size>
         <input_file_ref idref="fl-df"/>
      </object_component>
      <object_component id="oc-143">
         <name>.text:SysCtlPWMClockSet</name>
         <load_address>0x41e4</load_address>
         <run_address>0x41e4</run_address>
         <size>0x14</size>
         <input_file_ref idref="fl-e3"/>
      </object_component>
      <object_component id="oc-1cd">
         <name>.text:UARTEnable</name>
         <load_address>0x41f8</load_address>
         <run_address>0x41f8</run_address>
         <size>0x14</size>
         <input_file_ref idref="fl-e5"/>
      </object_component>
      <object_component id="oc-161">
         <name>.text:PWMGenPeriodGet</name>
         <load_address>0x420c</load_address>
         <run_address>0x420c</run_address>
         <size>0x12</size>
         <input_file_ref idref="fl-e1"/>
      </object_component>
      <object_component id="oc-16d">
         <name>.text:PWMOutputState</name>
         <load_address>0x421e</load_address>
         <run_address>0x421e</run_address>
         <size>0x12</size>
         <input_file_ref idref="fl-e1"/>
      </object_component>
      <object_component id="oc-119">
         <name>.text:TimerLoadSet</name>
         <load_address>0x4230</load_address>
         <run_address>0x4230</run_address>
         <size>0x12</size>
         <input_file_ref idref="fl-e4"/>
      </object_component>
      <object_component id="oc-113">
         <name>.text:TimerPrescaleSet</name>
         <load_address>0x4242</load_address>
         <run_address>0x4242</run_address>
         <size>0x12</size>
         <input_file_ref idref="fl-e4"/>
      </object_component>
      <object_component id="oc-137">
         <name>.text:IntMasterEnable</name>
         <load_address>0x4254</load_address>
         <run_address>0x4254</run_address>
         <size>0x10</size>
         <input_file_ref idref="fl-e0"/>
      </object_component>
      <object_component id="oc-15b">
         <name>.text:PWMGenPeriodSet</name>
         <load_address>0x4264</load_address>
         <run_address>0x4264</run_address>
         <size>0x10</size>
         <input_file_ref idref="fl-e1"/>
      </object_component>
      <object_component id="oc-17f">
         <name>.text:QEIConfigure</name>
         <load_address>0x4274</load_address>
         <run_address>0x4274</run_address>
         <size>0xe</size>
         <input_file_ref idref="fl-e2"/>
      </object_component>
      <object_component id="oc-13d">
         <name>.text:TimerEnable</name>
         <load_address>0x4282</load_address>
         <run_address>0x4282</run_address>
         <size>0xe</size>
         <input_file_ref idref="fl-e4"/>
      </object_component>
      <object_component id="oc-224">
         <name>.text:UARTCharGetNonBlocking</name>
         <load_address>0x4290</load_address>
         <run_address>0x4290</run_address>
         <size>0xe</size>
         <input_file_ref idref="fl-e5"/>
      </object_component>
      <object_component id="oc-f5">
         <name>.text:UARTCharPutNonBlocking</name>
         <load_address>0x429e</load_address>
         <run_address>0x429e</run_address>
         <size>0xe</size>
         <input_file_ref idref="fl-e5"/>
      </object_component>
      <object_component id="oc-236">
         <name>.text:UARTCharsAvail</name>
         <load_address>0x42ac</load_address>
         <run_address>0x42ac</run_address>
         <size>0xe</size>
         <input_file_ref idref="fl-e5"/>
      </object_component>
      <object_component id="oc-1b">
         <name>.text:decompress:none:__TI_decompress_none</name>
         <load_address>0x42ba</load_address>
         <run_address>0x42ba</run_address>
         <size>0xe</size>
         <input_file_ref idref="fl-ce"/>
      </object_component>
      <object_component id="oc-300">
         <name>.text:CPUcpsie</name>
         <load_address>0x42c8</load_address>
         <run_address>0x42c8</run_address>
         <size>0xc</size>
         <input_file_ref idref="fl-e6"/>
      </object_component>
      <object_component id="oc-1f7">
         <name>.text:PWMGenDisable</name>
         <load_address>0x42d4</load_address>
         <run_address>0x42d4</run_address>
         <size>0xc</size>
         <input_file_ref idref="fl-e1"/>
      </object_component>
      <object_component id="oc-173">
         <name>.text:PWMGenEnable</name>
         <load_address>0x42e0</load_address>
         <run_address>0x42e0</run_address>
         <size>0xc</size>
         <input_file_ref idref="fl-e1"/>
      </object_component>
      <object_component id="oc-4d">
         <name>.text:decompress:ZI:__TI_zero_init</name>
         <load_address>0x42ec</load_address>
         <run_address>0x42ec</run_address>
         <size>0xc</size>
         <input_file_ref idref="fl-cd"/>
      </object_component>
      <object_component id="oc-27">
         <name>.text</name>
         <load_address>0x42f8</load_address>
         <run_address>0x42f8</run_address>
         <size>0xc</size>
         <input_file_ref idref="fl-6"/>
      </object_component>
      <object_component id="oc-18b">
         <name>.text:QEIEnable</name>
         <load_address>0x4304</load_address>
         <run_address>0x4304</run_address>
         <size>0xa</size>
         <input_file_ref idref="fl-e2"/>
      </object_component>
      <object_component id="oc-185">
         <name>.text:QEIIntDisable</name>
         <load_address>0x430e</load_address>
         <run_address>0x430e</run_address>
         <size>0xa</size>
         <input_file_ref idref="fl-e2"/>
      </object_component>
      <object_component id="oc-20c">
         <name>.text:TimerIntStatus</name>
         <load_address>0x4318</load_address>
         <run_address>0x4318</run_address>
         <size>0xa</size>
         <input_file_ref idref="fl-e4"/>
      </object_component>
      <object_component id="oc-2c4">
         <name>.text:UARTCharGet</name>
         <load_address>0x4322</load_address>
         <run_address>0x4322</run_address>
         <size>0xa</size>
         <input_file_ref idref="fl-e5"/>
      </object_component>
      <object_component id="oc-2be">
         <name>.text:UARTCharPut</name>
         <load_address>0x432c</load_address>
         <run_address>0x432c</run_address>
         <size>0xa</size>
         <input_file_ref idref="fl-e5"/>
      </object_component>
      <object_component id="oc-1af">
         <name>.text:UARTFIFODisable</name>
         <load_address>0x4336</load_address>
         <run_address>0x4336</run_address>
         <size>0xa</size>
         <input_file_ref idref="fl-e5"/>
      </object_component>
      <object_component id="oc-1a9">
         <name>.text:UARTFIFOEnable</name>
         <load_address>0x4340</load_address>
         <run_address>0x4340</run_address>
         <size>0xa</size>
         <input_file_ref idref="fl-e5"/>
      </object_component>
      <object_component id="oc-21e">
         <name>.text:UARTIntStatus</name>
         <load_address>0x434a</load_address>
         <run_address>0x434a</run_address>
         <size>0xa</size>
         <input_file_ref idref="fl-e5"/>
      </object_component>
      <object_component id="oc-125">
         <name>.text:TimerIntEnable</name>
         <load_address>0x4354</load_address>
         <run_address>0x4354</run_address>
         <size>0x8</size>
         <input_file_ref idref="fl-e4"/>
      </object_component>
      <object_component id="oc-1c1">
         <name>.text:UARTIntEnable</name>
         <load_address>0x435c</load_address>
         <run_address>0x435c</run_address>
         <size>0x8</size>
         <input_file_ref idref="fl-e5"/>
      </object_component>
      <object_component id="oc-346">
         <name>.text:__aeabi_errno_addr</name>
         <load_address>0x4364</load_address>
         <run_address>0x4364</run_address>
         <size>0x8</size>
         <input_file_ref idref="fl-d3"/>
      </object_component>
      <object_component id="oc-246">
         <name>.text:GPIOPinRead</name>
         <load_address>0x436c</load_address>
         <run_address>0x436c</run_address>
         <size>0x6</size>
         <input_file_ref idref="fl-df"/>
      </object_component>
      <object_component id="oc-101">
         <name>.text:GPIOPinWrite</name>
         <load_address>0x4372</load_address>
         <run_address>0x4372</run_address>
         <size>0x6</size>
         <input_file_ref idref="fl-df"/>
      </object_component>
      <object_component id="oc-f4">
         <name>.text:SysCtlDelay</name>
         <load_address>0x4378</load_address>
         <run_address>0x4378</run_address>
         <size>0x6</size>
         <input_file_ref idref="fl-e3"/>
      </object_component>
      <object_component id="oc-19d">
         <name>.text:UARTClockSourceSet</name>
         <load_address>0x437e</load_address>
         <run_address>0x437e</run_address>
         <size>0x6</size>
         <input_file_ref idref="fl-e5"/>
      </object_component>
      <object_component id="oc-1b5">
         <name>.text:UARTFIFOLevelSet</name>
         <load_address>0x4384</load_address>
         <run_address>0x4384</run_address>
         <size>0x6</size>
         <input_file_ref idref="fl-e5"/>
      </object_component>
      <object_component id="oc-218">
         <name>.text:QEIPositionGet</name>
         <load_address>0x438a</load_address>
         <run_address>0x438a</run_address>
         <size>0x4</size>
         <input_file_ref idref="fl-e2"/>
      </object_component>
      <object_component id="oc-191">
         <name>.text:QEIPositionSet</name>
         <load_address>0x438e</load_address>
         <run_address>0x438e</run_address>
         <size>0x4</size>
         <input_file_ref idref="fl-e2"/>
      </object_component>
      <object_component id="oc-212">
         <name>.text:TimerIntClear</name>
         <load_address>0x4392</load_address>
         <run_address>0x4392</run_address>
         <size>0x4</size>
         <input_file_ref idref="fl-e4"/>
      </object_component>
      <object_component id="oc-1c7">
         <name>.text:UARTIntClear</name>
         <load_address>0x4396</load_address>
         <run_address>0x4396</run_address>
         <size>0x4</size>
         <input_file_ref idref="fl-e5"/>
      </object_component>
      <object_component id="oc-95">
         <name>.text:_system_pre_init</name>
         <load_address>0x439a</load_address>
         <run_address>0x439a</run_address>
         <size>0x4</size>
         <input_file_ref idref="fl-d8"/>
      </object_component>
      <object_component id="oc-253">
         <name>.text:abort:abort</name>
         <load_address>0x439e</load_address>
         <run_address>0x439e</run_address>
         <size>0x4</size>
         <input_file_ref idref="fl-da"/>
      </object_component>
      <object_component id="oc-352">
         <name>.const:.string:_ctypes_</name>
         <load_address>0x43a8</load_address>
         <run_address>0x43a8</run_address>
         <size>0x101</size>
         <input_file_ref idref="fl-dd"/>
      </object_component>
      <object_component id="oc-2d8">
         <name>.const</name>
         <load_address>0x44ac</load_address>
         <run_address>0x44ac</run_address>
         <size>0x4</size>
         <input_file_ref idref="fl-7"/>
      </object_component>
      <object_component id="oc-355">
         <name>.const:$O1$$</name>
         <load_address>0x44b0</load_address>
         <run_address>0x44b0</run_address>
         <size>0xc8</size>
         <input_file_ref idref="fl-d1"/>
      </object_component>
      <object_component id="oc-2f7">
         <name>.const:g_pui32Regs</name>
         <load_address>0x4578</load_address>
         <run_address>0x4578</run_address>
         <size>0x9c</size>
         <input_file_ref idref="fl-e0"/>
      </object_component>
      <object_component id="oc-30a">
         <name>.const:g_pui32GPIOBaseAddrs</name>
         <load_address>0x4614</load_address>
         <run_address>0x4614</run_address>
         <size>0x90</size>
         <input_file_ref idref="fl-df"/>
      </object_component>
      <object_component id="oc-2ae">
         <name>.const:g_pui32Xtals</name>
         <load_address>0x46a4</load_address>
         <run_address>0x46a4</run_address>
         <size>0x6c</size>
         <input_file_ref idref="fl-e3"/>
      </object_component>
      <object_component id="oc-3bf">
         <name>.const:g_ppui32TimerIntMap</name>
         <load_address>0x4710</load_address>
         <run_address>0x4710</run_address>
         <size>0x60</size>
         <input_file_ref idref="fl-e4"/>
      </object_component>
      <object_component id="oc-3c2">
         <name>.const:g_ppui32TimerIntMapSnowflake</name>
         <load_address>0x4770</load_address>
         <run_address>0x4770</run_address>
         <size>0x40</size>
         <input_file_ref idref="fl-e4"/>
      </object_component>
      <object_component id="oc-3d8">
         <name>.const:g_ppui32UARTIntMap</name>
         <load_address>0x47b0</load_address>
         <run_address>0x47b0</run_address>
         <size>0x40</size>
         <input_file_ref idref="fl-e5"/>
      </object_component>
      <object_component id="oc-3db">
         <name>.const:g_ppui32UARTIntMapSnowflake</name>
         <load_address>0x47f0</load_address>
         <run_address>0x47f0</run_address>
         <size>0x40</size>
         <input_file_ref idref="fl-e5"/>
      </object_component>
      <object_component id="oc-2fc">
         <name>.const:g_pui32EnRegs</name>
         <load_address>0x4830</load_address>
         <run_address>0x4830</run_address>
         <size>0x14</size>
         <input_file_ref idref="fl-e0"/>
      </object_component>
      <object_component id="oc-3b6">
         <name>.const:.string</name>
         <load_address>0x4844</load_address>
         <run_address>0x4844</run_address>
         <size>0x12</size>
         <input_file_ref idref="fl-7"/>
      </object_component>
      <object_component id="oc-2d0">
         <name>.const:g_ui32UARTBase</name>
         <load_address>0x4858</load_address>
         <run_address>0x4858</run_address>
         <size>0xc</size>
         <input_file_ref idref="fl-7"/>
      </object_component>
      <object_component id="oc-2ca">
         <name>.const:g_ui32UARTPeriph</name>
         <load_address>0x4864</load_address>
         <run_address>0x4864</run_address>
         <size>0xc</size>
         <input_file_ref idref="fl-7"/>
      </object_component>
      <object_component id="oc-46f">
         <name>.cinit..data.load</name>
         <load_address>0x4870</load_address>
         <run_address>0x4870</run_address>
         <size>0x35</size>
      </object_component>
      <object_component id="oc-46c">
         <name>__TI_handler_table</name>
         <load_address>0x48a8</load_address>
         <run_address>0x48a8</run_address>
         <size>0xc</size>
      </object_component>
      <object_component id="oc-470">
         <name>.cinit..bss.load</name>
         <load_address>0x48b8</load_address>
         <run_address>0x48b8</run_address>
         <size>0x8</size>
      </object_component>
      <object_component id="oc-46e">
         <name>.cinit..vtable.load</name>
         <load_address>0x48c0</load_address>
         <run_address>0x48c0</run_address>
         <size>0x8</size>
      </object_component>
      <object_component id="oc-46d">
         <name>__TI_cinit_table</name>
         <load_address>0x48c8</load_address>
         <run_address>0x48c8</run_address>
         <size>0x18</size>
      </object_component>
      <object_component id="oc-3c6">
         <name>.vtable</name>
         <uninitialized>true</uninitialized>
         <run_address>0x20000000</run_address>
         <size>0x26c</size>
         <input_file_ref idref="fl-e0"/>
      </object_component>
      <object_component id="oc-24e">
         <name>.data</name>
         <load_address>0x20000684</load_address>
         <run_address>0x20000684</run_address>
         <size>0x1e</size>
         <input_file_ref idref="fl-2"/>
      </object_component>
      <object_component id="oc-2aa">
         <name>.data:route</name>
         <load_address>0x200006a2</load_address>
         <run_address>0x200006a2</run_address>
         <size>0xa</size>
         <input_file_ref idref="fl-2"/>
      </object_component>
      <object_component id="oc-1d3">
         <name>.data</name>
         <load_address>0x2000060c</load_address>
         <run_address>0x2000060c</run_address>
         <size>0x78</size>
         <input_file_ref idref="fl-3"/>
      </object_component>
      <object_component id="oc-2cd">
         <name>.data</name>
         <load_address>0x200006ac</load_address>
         <run_address>0x200006ac</run_address>
         <size>0x5</size>
         <input_file_ref idref="fl-7"/>
      </object_component>
      <object_component id="oc-3e1">
         <name>.data</name>
         <load_address>0x200006b4</load_address>
         <run_address>0x200006b4</run_address>
         <size>0x4</size>
         <input_file_ref idref="fl-d3"/>
      </object_component>
      <object_component id="oc-24c">
         <name>.common:rx_buf5</name>
         <uninitialized>true</uninitialized>
         <run_address>0x20000609</run_address>
         <size>0x1</size>
      </object_component>
      <object_component id="oc-242">
         <name>.common:rx_buf1</name>
         <uninitialized>true</uninitialized>
         <run_address>0x20000608</run_address>
         <size>0x1</size>
      </object_component>
      <object_component id="oc-24d">
         <name>.common:rData5</name>
         <uninitialized>true</uninitialized>
         <run_address>0x200005e0</run_address>
         <size>0x20</size>
      </object_component>
      <object_component id="oc-245">
         <name>.common:rData1</name>
         <uninitialized>true</uninitialized>
         <run_address>0x200005c0</run_address>
         <size>0x20</size>
      </object_component>
      <object_component id="oc-251">
         <name>.common:endptr</name>
         <uninitialized>true</uninitialized>
         <run_address>0x20000600</run_address>
         <size>0x4</size>
      </object_component>
      <object_component id="oc-29f">
         <name>.common:pid1_v</name>
         <uninitialized>true</uninitialized>
         <run_address>0x20000470</run_address>
         <size>0x30</size>
      </object_component>
      <object_component id="oc-2a2">
         <name>.common:pid2_v</name>
         <uninitialized>true</uninitialized>
         <run_address>0x200004a0</run_address>
         <size>0x30</size>
      </object_component>
      <object_component id="oc-2a5">
         <name>.common:pid_theta</name>
         <uninitialized>true</uninitialized>
         <run_address>0x20000530</run_address>
         <size>0x30</size>
      </object_component>
      <object_component id="oc-2a6">
         <name>.common:pid_b</name>
         <uninitialized>true</uninitialized>
         <run_address>0x200004d0</run_address>
         <size>0x30</size>
      </object_component>
      <object_component id="oc-2a3">
         <name>.common:pid_x1</name>
         <uninitialized>true</uninitialized>
         <run_address>0x20000560</run_address>
         <size>0x30</size>
      </object_component>
      <object_component id="oc-2a4">
         <name>.common:pid_x2</name>
         <uninitialized>true</uninitialized>
         <run_address>0x20000590</run_address>
         <size>0x30</size>
      </object_component>
      <object_component id="oc-2a7">
         <name>.common:pid_pos</name>
         <uninitialized>true</uninitialized>
         <run_address>0x20000500</run_address>
         <size>0x30</size>
      </object_component>
      <object_component id="oc-2a8">
         <name>.common:pid</name>
         <uninitialized>true</uninitialized>
         <run_address>0x20000604</run_address>
         <size>0x4</size>
      </object_component>
      <object_component id="oc-24">
         <name>.stack</name>
         <uninitialized>true</uninitialized>
         <run_address>0x20000270</run_address>
         <size>0x4</size>
         <input_file_ref idref="fl-d2"/>
      </object_component>
      <object_component id="oc-472">
         <name>.stack</name>
         <uninitialized>true</uninitialized>
         <run_address>0x20000270</run_address>
         <size>0x0</size>
      </object_component>
      <object_component id="oc-b7">
         <name>.debug_info</name>
         <load_address>0x0</load_address>
         <run_address>0x0</run_address>
         <size>0x59c</size>
         <input_file_ref idref="fl-2"/>
      </object_component>
      <object_component id="oc-24f">
         <name>.debug_info</name>
         <load_address>0x59c</load_address>
         <run_address>0x59c</run_address>
         <size>0x2f0</size>
         <input_file_ref idref="fl-2"/>
      </object_component>
      <object_component id="oc-2ab">
         <name>.debug_info</name>
         <load_address>0x88c</load_address>
         <run_address>0x88c</run_address>
         <size>0xbf</size>
         <input_file_ref idref="fl-2"/>
      </object_component>
      <object_component id="oc-d7">
         <name>.debug_info</name>
         <load_address>0x94b</load_address>
         <run_address>0x94b</run_address>
         <size>0x4aa</size>
         <input_file_ref idref="fl-2"/>
      </object_component>
      <object_component id="oc-70">
         <name>.debug_info</name>
         <load_address>0xdf5</load_address>
         <run_address>0xdf5</run_address>
         <size>0x26b</size>
         <input_file_ref idref="fl-2"/>
      </object_component>
      <object_component id="oc-b2">
         <name>.debug_info</name>
         <load_address>0x1060</load_address>
         <run_address>0x1060</run_address>
         <size>0x8b</size>
         <input_file_ref idref="fl-2"/>
      </object_component>
      <object_component id="oc-ad">
         <name>.debug_info</name>
         <load_address>0x10eb</load_address>
         <run_address>0x10eb</run_address>
         <size>0x2a4</size>
         <input_file_ref idref="fl-2"/>
      </object_component>
      <object_component id="oc-75">
         <name>.debug_info</name>
         <load_address>0x138f</load_address>
         <run_address>0x138f</run_address>
         <size>0xbb</size>
         <input_file_ref idref="fl-2"/>
      </object_component>
      <object_component id="oc-bf">
         <name>.debug_info</name>
         <load_address>0x144a</load_address>
         <run_address>0x144a</run_address>
         <size>0x2c</size>
         <input_file_ref idref="fl-2"/>
      </object_component>
      <object_component id="oc-2dd">
         <name>.debug_info</name>
         <load_address>0x1476</load_address>
         <run_address>0x1476</run_address>
         <size>0x2c</size>
         <input_file_ref idref="fl-2"/>
      </object_component>
      <object_component id="oc-293">
         <name>.debug_info</name>
         <load_address>0x14a2</load_address>
         <run_address>0x14a2</run_address>
         <size>0x35</size>
         <input_file_ref idref="fl-2"/>
      </object_component>
      <object_component id="oc-243">
         <name>.debug_info</name>
         <load_address>0x14d7</load_address>
         <run_address>0x14d7</run_address>
         <size>0xff1</size>
         <input_file_ref idref="fl-3"/>
      </object_component>
      <object_component id="oc-1d4">
         <name>.debug_info</name>
         <load_address>0x24c8</load_address>
         <run_address>0x24c8</run_address>
         <size>0x440</size>
         <input_file_ref idref="fl-3"/>
      </object_component>
      <object_component id="oc-9f">
         <name>.debug_info</name>
         <load_address>0x2908</load_address>
         <run_address>0x2908</run_address>
         <size>0x1751</size>
         <input_file_ref idref="fl-3"/>
      </object_component>
      <object_component id="oc-35d">
         <name>.debug_info</name>
         <load_address>0x4059</load_address>
         <run_address>0x4059</run_address>
         <size>0x110</size>
         <input_file_ref idref="fl-3"/>
      </object_component>
      <object_component id="oc-231">
         <name>.debug_info</name>
         <load_address>0x4169</load_address>
         <run_address>0x4169</run_address>
         <size>0x2e7</size>
         <input_file_ref idref="fl-4"/>
      </object_component>
      <object_component id="oc-36">
         <name>.debug_info</name>
         <load_address>0x4450</load_address>
         <run_address>0x4450</run_address>
         <size>0x84</size>
         <input_file_ref idref="fl-4"/>
      </object_component>
      <object_component id="oc-2a0">
         <name>.debug_info</name>
         <load_address>0x44d4</load_address>
         <run_address>0x44d4</run_address>
         <size>0x344</size>
         <input_file_ref idref="fl-5"/>
      </object_component>
      <object_component id="oc-cf">
         <name>.debug_info</name>
         <load_address>0x4818</load_address>
         <run_address>0x4818</run_address>
         <size>0x4c3</size>
         <input_file_ref idref="fl-5"/>
      </object_component>
      <object_component id="oc-39c">
         <name>.debug_info</name>
         <load_address>0x4cdb</load_address>
         <run_address>0x4cdb</run_address>
         <size>0x11d</size>
         <input_file_ref idref="fl-5"/>
      </object_component>
      <object_component id="oc-2f">
         <name>.debug_info</name>
         <load_address>0x4df8</load_address>
         <run_address>0x4df8</run_address>
         <size>0x29d</size>
         <input_file_ref idref="fl-6"/>
      </object_component>
      <object_component id="oc-13">
         <name>.debug_info</name>
         <load_address>0x5095</load_address>
         <run_address>0x5095</run_address>
         <size>0xdc</size>
         <input_file_ref idref="fl-6"/>
      </object_component>
      <object_component id="oc-2a">
         <name>.debug_info</name>
         <load_address>0x5171</load_address>
         <run_address>0x5171</run_address>
         <size>0x258</size>
         <input_file_ref idref="fl-6"/>
      </object_component>
      <object_component id="oc-2dc">
         <name>.debug_info</name>
         <load_address>0x53c9</load_address>
         <run_address>0x53c9</run_address>
         <size>0x3d1</size>
         <input_file_ref idref="fl-7"/>
      </object_component>
      <object_component id="oc-2ce">
         <name>.debug_info</name>
         <load_address>0x579a</load_address>
         <run_address>0x579a</run_address>
         <size>0xc8</size>
         <input_file_ref idref="fl-7"/>
      </object_component>
      <object_component id="oc-2d9">
         <name>.debug_info</name>
         <load_address>0x5862</load_address>
         <run_address>0x5862</run_address>
         <size>0xc2</size>
         <input_file_ref idref="fl-7"/>
      </object_component>
      <object_component id="oc-2d1">
         <name>.debug_info</name>
         <load_address>0x5924</load_address>
         <run_address>0x5924</run_address>
         <size>0xd0</size>
         <input_file_ref idref="fl-7"/>
      </object_component>
      <object_component id="oc-2cb">
         <name>.debug_info</name>
         <load_address>0x59f4</load_address>
         <run_address>0x59f4</run_address>
         <size>0xd4</size>
         <input_file_ref idref="fl-7"/>
      </object_component>
      <object_component id="oc-fc">
         <name>.debug_info</name>
         <load_address>0x5ac8</load_address>
         <run_address>0x5ac8</run_address>
         <size>0x771</size>
         <input_file_ref idref="fl-7"/>
      </object_component>
      <object_component id="oc-205">
         <name>.debug_info</name>
         <load_address>0x6239</load_address>
         <run_address>0x6239</run_address>
         <size>0x14c</size>
         <input_file_ref idref="fl-c2"/>
      </object_component>
      <object_component id="oc-1f3">
         <name>.debug_info</name>
         <load_address>0x6385</load_address>
         <run_address>0x6385</run_address>
         <size>0x128</size>
         <input_file_ref idref="fl-c3"/>
      </object_component>
      <object_component id="oc-1f0">
         <name>.debug_info</name>
         <load_address>0x64ad</load_address>
         <run_address>0x64ad</run_address>
         <size>0x12a</size>
         <input_file_ref idref="fl-c3"/>
      </object_component>
      <object_component id="oc-ec">
         <name>.debug_info</name>
         <load_address>0x65d7</load_address>
         <run_address>0x65d7</run_address>
         <size>0x13a</size>
         <input_file_ref idref="fl-c4"/>
      </object_component>
      <object_component id="oc-e6">
         <name>.debug_info</name>
         <load_address>0x6711</load_address>
         <run_address>0x6711</run_address>
         <size>0x13a</size>
         <input_file_ref idref="fl-c5"/>
      </object_component>
      <object_component id="oc-20a">
         <name>.debug_info</name>
         <load_address>0x684b</load_address>
         <run_address>0x684b</run_address>
         <size>0x13e</size>
         <input_file_ref idref="fl-c6"/>
      </object_component>
      <object_component id="oc-f0">
         <name>.debug_info</name>
         <load_address>0x6989</load_address>
         <run_address>0x6989</run_address>
         <size>0x139</size>
         <input_file_ref idref="fl-c7"/>
      </object_component>
      <object_component id="oc-1eb">
         <name>.debug_info</name>
         <load_address>0x6ac2</load_address>
         <run_address>0x6ac2</run_address>
         <size>0x12c</size>
         <input_file_ref idref="fl-c8"/>
      </object_component>
      <object_component id="oc-200">
         <name>.debug_info</name>
         <load_address>0x6bee</load_address>
         <run_address>0x6bee</run_address>
         <size>0x12c</size>
         <input_file_ref idref="fl-c9"/>
      </object_component>
      <object_component id="oc-e2">
         <name>.debug_info</name>
         <load_address>0x6d1a</load_address>
         <run_address>0x6d1a</run_address>
         <size>0x12e</size>
         <input_file_ref idref="fl-ca"/>
      </object_component>
      <object_component id="oc-90">
         <name>.debug_info</name>
         <load_address>0x6e48</load_address>
         <run_address>0x6e48</run_address>
         <size>0x147</size>
         <input_file_ref idref="fl-cb"/>
      </object_component>
      <object_component id="oc-2d5">
         <name>.debug_info</name>
         <load_address>0x6f8f</load_address>
         <run_address>0x6f8f</run_address>
         <size>0x142</size>
         <input_file_ref idref="fl-cc"/>
      </object_component>
      <object_component id="oc-8e">
         <name>.debug_info</name>
         <load_address>0x70d1</load_address>
         <run_address>0x70d1</run_address>
         <size>0x2d4</size>
         <input_file_ref idref="fl-cd"/>
      </object_component>
      <object_component id="oc-4f">
         <name>.debug_info</name>
         <load_address>0x73a5</load_address>
         <run_address>0x73a5</run_address>
         <size>0x1b5</size>
         <input_file_ref idref="fl-cd"/>
      </object_component>
      <object_component id="oc-89">
         <name>.debug_info</name>
         <load_address>0x755a</load_address>
         <run_address>0x755a</run_address>
         <size>0x46</size>
         <input_file_ref idref="fl-cd"/>
      </object_component>
      <object_component id="oc-46">
         <name>.debug_info</name>
         <load_address>0x75a0</load_address>
         <run_address>0x75a0</run_address>
         <size>0x2a8</size>
         <input_file_ref idref="fl-ce"/>
      </object_component>
      <object_component id="oc-1c">
         <name>.debug_info</name>
         <load_address>0x7848</load_address>
         <run_address>0x7848</run_address>
         <size>0x1ea</size>
         <input_file_ref idref="fl-ce"/>
      </object_component>
      <object_component id="oc-41">
         <name>.debug_info</name>
         <load_address>0x7a32</load_address>
         <run_address>0x7a32</run_address>
         <size>0x46</size>
         <input_file_ref idref="fl-ce"/>
      </object_component>
      <object_component id="oc-81">
         <name>.debug_info</name>
         <load_address>0x7a78</load_address>
         <run_address>0x7a78</run_address>
         <size>0x2c</size>
         <input_file_ref idref="fl-ce"/>
      </object_component>
      <object_component id="oc-7f">
         <name>.debug_info</name>
         <load_address>0x7aa4</load_address>
         <run_address>0x7aa4</run_address>
         <size>0x29e</size>
         <input_file_ref idref="fl-cf"/>
      </object_component>
      <object_component id="oc-17">
         <name>.debug_info</name>
         <load_address>0x7d42</load_address>
         <run_address>0x7d42</run_address>
         <size>0x250</size>
         <input_file_ref idref="fl-cf"/>
      </object_component>
      <object_component id="oc-31">
         <name>.debug_info</name>
         <load_address>0x7f92</load_address>
         <run_address>0x7f92</run_address>
         <size>0x60</size>
         <input_file_ref idref="fl-cf"/>
      </object_component>
      <object_component id="oc-b8">
         <name>.debug_info</name>
         <load_address>0x7ff2</load_address>
         <run_address>0x7ff2</run_address>
         <size>0x46</size>
         <input_file_ref idref="fl-cf"/>
      </object_component>
      <object_component id="oc-7a">
         <name>.debug_info</name>
         <load_address>0x8038</load_address>
         <run_address>0x8038</run_address>
         <size>0x39</size>
         <input_file_ref idref="fl-cf"/>
      </object_component>
      <object_component id="oc-343">
         <name>.debug_info</name>
         <load_address>0x8071</load_address>
         <run_address>0x8071</run_address>
         <size>0x28a</size>
         <input_file_ref idref="fl-d0"/>
      </object_component>
      <object_component id="oc-22d">
         <name>.debug_info</name>
         <load_address>0x82fb</load_address>
         <run_address>0x82fb</run_address>
         <size>0x273</size>
         <input_file_ref idref="fl-d0"/>
      </object_component>
      <object_component id="oc-359">
         <name>.debug_info</name>
         <load_address>0x856e</load_address>
         <run_address>0x856e</run_address>
         <size>0x3b1</size>
         <input_file_ref idref="fl-d1"/>
      </object_component>
      <object_component id="oc-356">
         <name>.debug_info</name>
         <load_address>0x891f</load_address>
         <run_address>0x891f</run_address>
         <size>0x123</size>
         <input_file_ref idref="fl-d1"/>
      </object_component>
      <object_component id="oc-23d">
         <name>.debug_info</name>
         <load_address>0x8a42</load_address>
         <run_address>0x8a42</run_address>
         <size>0x4e0</size>
         <input_file_ref idref="fl-d1"/>
      </object_component>
      <object_component id="oc-25">
         <name>.debug_info</name>
         <load_address>0x8f22</load_address>
         <run_address>0x8f22</run_address>
         <size>0x10b</size>
         <input_file_ref idref="fl-d2"/>
      </object_component>
      <object_component id="oc-5b">
         <name>.debug_info</name>
         <load_address>0x902d</load_address>
         <run_address>0x902d</run_address>
         <size>0x1a9</size>
         <input_file_ref idref="fl-d2"/>
      </object_component>
      <object_component id="oc-3e5">
         <name>.debug_info</name>
         <load_address>0x91d6</load_address>
         <run_address>0x91d6</run_address>
         <size>0x289</size>
         <input_file_ref idref="fl-d3"/>
      </object_component>
      <object_component id="oc-3e2">
         <name>.debug_info</name>
         <load_address>0x945f</load_address>
         <run_address>0x945f</run_address>
         <size>0x10e</size>
         <input_file_ref idref="fl-d3"/>
      </object_component>
      <object_component id="oc-349">
         <name>.debug_info</name>
         <load_address>0x956d</load_address>
         <run_address>0x956d</run_address>
         <size>0x14e</size>
         <input_file_ref idref="fl-d3"/>
      </object_component>
      <object_component id="oc-3ed">
         <name>.debug_info</name>
         <load_address>0x96bb</load_address>
         <run_address>0x96bb</run_address>
         <size>0x2f8</size>
         <input_file_ref idref="fl-d4"/>
      </object_component>
      <object_component id="oc-350">
         <name>.debug_info</name>
         <load_address>0x99b3</load_address>
         <run_address>0x99b3</run_address>
         <size>0x225</size>
         <input_file_ref idref="fl-d4"/>
      </object_component>
      <object_component id="oc-42d">
         <name>.debug_info</name>
         <load_address>0x9bd8</load_address>
         <run_address>0x9bd8</run_address>
         <size>0x39</size>
         <input_file_ref idref="fl-d4"/>
      </object_component>
      <object_component id="oc-3ee">
         <name>.debug_info</name>
         <load_address>0x9c11</load_address>
         <run_address>0x9c11</run_address>
         <size>0x2c</size>
         <input_file_ref idref="fl-d4"/>
      </object_component>
      <object_component id="oc-3b2">
         <name>.debug_info</name>
         <load_address>0x9c3d</load_address>
         <run_address>0x9c3d</run_address>
         <size>0x115</size>
         <input_file_ref idref="fl-d5"/>
      </object_component>
      <object_component id="oc-3c">
         <name>.debug_info</name>
         <load_address>0x9d52</load_address>
         <run_address>0x9d52</run_address>
         <size>0x119</size>
         <input_file_ref idref="fl-d6"/>
      </object_component>
      <object_component id="oc-370">
         <name>.debug_info</name>
         <load_address>0x9e6b</load_address>
         <run_address>0x9e6b</run_address>
         <size>0x4b3</size>
         <input_file_ref idref="fl-d7"/>
      </object_component>
      <object_component id="oc-262">
         <name>.debug_info</name>
         <load_address>0xa31e</load_address>
         <run_address>0xa31e</run_address>
         <size>0x1a6</size>
         <input_file_ref idref="fl-d7"/>
      </object_component>
      <object_component id="oc-40a">
         <name>.debug_info</name>
         <load_address>0xa4c4</load_address>
         <run_address>0xa4c4</run_address>
         <size>0x39</size>
         <input_file_ref idref="fl-d7"/>
      </object_component>
      <object_component id="oc-437">
         <name>.debug_info</name>
         <load_address>0xa4fd</load_address>
         <run_address>0xa4fd</run_address>
         <size>0x39</size>
         <input_file_ref idref="fl-d7"/>
      </object_component>
      <object_component id="oc-40f">
         <name>.debug_info</name>
         <load_address>0xa536</load_address>
         <run_address>0xa536</run_address>
         <size>0x39</size>
         <input_file_ref idref="fl-d7"/>
      </object_component>
      <object_component id="oc-414">
         <name>.debug_info</name>
         <load_address>0xa56f</load_address>
         <run_address>0xa56f</run_address>
         <size>0xcd</size>
         <input_file_ref idref="fl-d7"/>
      </object_component>
      <object_component id="oc-96">
         <name>.debug_info</name>
         <load_address>0xa63c</load_address>
         <run_address>0xa63c</run_address>
         <size>0x153</size>
         <input_file_ref idref="fl-d8"/>
      </object_component>
      <object_component id="oc-254">
         <name>.debug_info</name>
         <load_address>0xa78f</load_address>
         <run_address>0xa78f</run_address>
         <size>0x122</size>
         <input_file_ref idref="fl-da"/>
      </object_component>
      <object_component id="oc-3f5">
         <name>.debug_info</name>
         <load_address>0xa8b1</load_address>
         <run_address>0xa8b1</run_address>
         <size>0xf9</size>
         <input_file_ref idref="fl-dd"/>
      </object_component>
      <object_component id="oc-353">
         <name>.debug_info</name>
         <load_address>0xa9aa</load_address>
         <run_address>0xa9aa</run_address>
         <size>0x105</size>
         <input_file_ref idref="fl-dd"/>
      </object_component>
      <object_component id="oc-3e7">
         <name>.debug_info</name>
         <load_address>0xaaaf</load_address>
         <run_address>0xaaaf</run_address>
         <size>0x161</size>
         <input_file_ref idref="fl-de"/>
      </object_component>
      <object_component id="oc-2e3">
         <name>.debug_info</name>
         <load_address>0xac10</load_address>
         <run_address>0xac10</run_address>
         <size>0x3e4</size>
         <input_file_ref idref="fl-df"/>
      </object_component>
      <object_component id="oc-30b">
         <name>.debug_info</name>
         <load_address>0xaff4</load_address>
         <run_address>0xaff4</run_address>
         <size>0x164</size>
         <input_file_ref idref="fl-df"/>
      </object_component>
      <object_component id="oc-103">
         <name>.debug_info</name>
         <load_address>0xb158</load_address>
         <run_address>0xb158</run_address>
         <size>0x2ac</size>
         <input_file_ref idref="fl-df"/>
      </object_component>
      <object_component id="oc-1de">
         <name>.debug_info</name>
         <load_address>0xb404</load_address>
         <run_address>0xb404</run_address>
         <size>0x2bc</size>
         <input_file_ref idref="fl-df"/>
      </object_component>
      <object_component id="oc-1e4">
         <name>.debug_info</name>
         <load_address>0xb6c0</load_address>
         <run_address>0xb6c0</run_address>
         <size>0x31f</size>
         <input_file_ref idref="fl-df"/>
      </object_component>
      <object_component id="oc-19a">
         <name>.debug_info</name>
         <load_address>0xb9df</load_address>
         <run_address>0xb9df</run_address>
         <size>0x29b</size>
         <input_file_ref idref="fl-df"/>
      </object_component>
      <object_component id="oc-17c">
         <name>.debug_info</name>
         <load_address>0xbc7a</load_address>
         <run_address>0xbc7a</run_address>
         <size>0x299</size>
         <input_file_ref idref="fl-df"/>
      </object_component>
      <object_component id="oc-14c">
         <name>.debug_info</name>
         <load_address>0xbf13</load_address>
         <run_address>0xbf13</run_address>
         <size>0x299</size>
         <input_file_ref idref="fl-df"/>
      </object_component>
      <object_component id="oc-1d9">
         <name>.debug_info</name>
         <load_address>0xc1ac</load_address>
         <run_address>0xc1ac</run_address>
         <size>0x2c0</size>
         <input_file_ref idref="fl-df"/>
      </object_component>
      <object_component id="oc-249">
         <name>.debug_info</name>
         <load_address>0xc46c</load_address>
         <run_address>0xc46c</run_address>
         <size>0x284</size>
         <input_file_ref idref="fl-df"/>
      </object_component>
      <object_component id="oc-152">
         <name>.debug_info</name>
         <load_address>0xc6f0</load_address>
         <run_address>0xc6f0</run_address>
         <size>0x289</size>
         <input_file_ref idref="fl-df"/>
      </object_component>
      <object_component id="oc-395">
         <name>.debug_info</name>
         <load_address>0xc979</load_address>
         <run_address>0xc979</run_address>
         <size>0x26b</size>
         <input_file_ref idref="fl-df"/>
      </object_component>
      <object_component id="oc-385">
         <name>.debug_info</name>
         <load_address>0xcbe4</load_address>
         <run_address>0xcbe4</run_address>
         <size>0x297</size>
         <input_file_ref idref="fl-df"/>
      </object_component>
      <object_component id="oc-390">
         <name>.debug_info</name>
         <load_address>0xce7b</load_address>
         <run_address>0xce7b</run_address>
         <size>0xef</size>
         <input_file_ref idref="fl-df"/>
      </object_component>
      <object_component id="oc-299">
         <name>.debug_info</name>
         <load_address>0xcf6a</load_address>
         <run_address>0xcf6a</run_address>
         <size>0xbb</size>
         <input_file_ref idref="fl-df"/>
      </object_component>
      <object_component id="oc-2fb">
         <name>.debug_info</name>
         <load_address>0xd025</load_address>
         <run_address>0xd025</run_address>
         <size>0x3b7</size>
         <input_file_ref idref="fl-e0"/>
      </object_component>
      <object_component id="oc-2f8">
         <name>.debug_info</name>
         <load_address>0xd3dc</load_address>
         <run_address>0xd3dc</run_address>
         <size>0x157</size>
         <input_file_ref idref="fl-e0"/>
      </object_component>
      <object_component id="oc-2fd">
         <name>.debug_info</name>
         <load_address>0xd533</load_address>
         <run_address>0xd533</run_address>
         <size>0x15b</size>
         <input_file_ref idref="fl-e0"/>
      </object_component>
      <object_component id="oc-3c7">
         <name>.debug_info</name>
         <load_address>0xd68e</load_address>
         <run_address>0xd68e</run_address>
         <size>0x160</size>
         <input_file_ref idref="fl-e0"/>
      </object_component>
      <object_component id="oc-2f1">
         <name>.debug_info</name>
         <load_address>0xd7ee</load_address>
         <run_address>0xd7ee</run_address>
         <size>0x2ca</size>
         <input_file_ref idref="fl-e0"/>
      </object_component>
      <object_component id="oc-12d">
         <name>.debug_info</name>
         <load_address>0xdab8</load_address>
         <run_address>0xdab8</run_address>
         <size>0x2d2</size>
         <input_file_ref idref="fl-e0"/>
      </object_component>
      <object_component id="oc-13a">
         <name>.debug_info</name>
         <load_address>0xdd8a</load_address>
         <run_address>0xdd8a</run_address>
         <size>0x247</size>
         <input_file_ref idref="fl-e0"/>
      </object_component>
      <object_component id="oc-134">
         <name>.debug_info</name>
         <load_address>0xdfd1</load_address>
         <run_address>0xdfd1</run_address>
         <size>0x271</size>
         <input_file_ref idref="fl-e0"/>
      </object_component>
      <object_component id="oc-30f">
         <name>.debug_info</name>
         <load_address>0xe242</load_address>
         <run_address>0xe242</run_address>
         <size>0x396</size>
         <input_file_ref idref="fl-e1"/>
      </object_component>
      <object_component id="oc-168">
         <name>.debug_info</name>
         <load_address>0xe5d8</load_address>
         <run_address>0xe5d8</run_address>
         <size>0x2ff</size>
         <input_file_ref idref="fl-e1"/>
      </object_component>
      <object_component id="oc-16e">
         <name>.debug_info</name>
         <load_address>0xe8d7</load_address>
         <run_address>0xe8d7</run_address>
         <size>0x2cd</size>
         <input_file_ref idref="fl-e1"/>
      </object_component>
      <object_component id="oc-15c">
         <name>.debug_info</name>
         <load_address>0xeba4</load_address>
         <run_address>0xeba4</run_address>
         <size>0x2bf</size>
         <input_file_ref idref="fl-e1"/>
      </object_component>
      <object_component id="oc-162">
         <name>.debug_info</name>
         <load_address>0xee63</load_address>
         <run_address>0xee63</run_address>
         <size>0x289</size>
         <input_file_ref idref="fl-e1"/>
      </object_component>
      <object_component id="oc-174">
         <name>.debug_info</name>
         <load_address>0xf0ec</load_address>
         <run_address>0xf0ec</run_address>
         <size>0x27f</size>
         <input_file_ref idref="fl-e1"/>
      </object_component>
      <object_component id="oc-1f8">
         <name>.debug_info</name>
         <load_address>0xf36b</load_address>
         <run_address>0xf36b</run_address>
         <size>0x281</size>
         <input_file_ref idref="fl-e1"/>
      </object_component>
      <object_component id="oc-156">
         <name>.debug_info</name>
         <load_address>0xf5ec</load_address>
         <run_address>0xf5ec</run_address>
         <size>0x2bc</size>
         <input_file_ref idref="fl-e1"/>
      </object_component>
      <object_component id="oc-317">
         <name>.debug_info</name>
         <load_address>0xf8a8</load_address>
         <run_address>0xf8a8</run_address>
         <size>0x391</size>
         <input_file_ref idref="fl-e2"/>
      </object_component>
      <object_component id="oc-192">
         <name>.debug_info</name>
         <load_address>0xfc39</load_address>
         <run_address>0xfc39</run_address>
         <size>0x294</size>
         <input_file_ref idref="fl-e2"/>
      </object_component>
      <object_component id="oc-219">
         <name>.debug_info</name>
         <load_address>0xfecd</load_address>
         <run_address>0xfecd</run_address>
         <size>0x256</size>
         <input_file_ref idref="fl-e2"/>
      </object_component>
      <object_component id="oc-186">
         <name>.debug_info</name>
         <load_address>0x10123</load_address>
         <run_address>0x10123</run_address>
         <size>0x295</size>
         <input_file_ref idref="fl-e2"/>
      </object_component>
      <object_component id="oc-18d">
         <name>.debug_info</name>
         <load_address>0x103b8</load_address>
         <run_address>0x103b8</run_address>
         <size>0x248</size>
         <input_file_ref idref="fl-e2"/>
      </object_component>
      <object_component id="oc-180">
         <name>.debug_info</name>
         <load_address>0x10600</load_address>
         <run_address>0x10600</run_address>
         <size>0x2d6</size>
         <input_file_ref idref="fl-e2"/>
      </object_component>
      <object_component id="oc-29e">
         <name>.debug_info</name>
         <load_address>0x108d6</load_address>
         <run_address>0x108d6</run_address>
         <size>0x441</size>
         <input_file_ref idref="fl-e3"/>
      </object_component>
      <object_component id="oc-2af">
         <name>.debug_info</name>
         <load_address>0x10d17</load_address>
         <run_address>0x10d17</run_address>
         <size>0x156</size>
         <input_file_ref idref="fl-e3"/>
      </object_component>
      <object_component id="oc-2ba">
         <name>.debug_info</name>
         <load_address>0x10e6d</load_address>
         <run_address>0x10e6d</run_address>
         <size>0x28c</size>
         <input_file_ref idref="fl-e3"/>
      </object_component>
      <object_component id="oc-108">
         <name>.debug_info</name>
         <load_address>0x110f9</load_address>
         <run_address>0x110f9</run_address>
         <size>0x286</size>
         <input_file_ref idref="fl-e3"/>
      </object_component>
      <object_component id="oc-144">
         <name>.debug_info</name>
         <load_address>0x1137f</load_address>
         <run_address>0x1137f</run_address>
         <size>0x26c</size>
         <input_file_ref idref="fl-e3"/>
      </object_component>
      <object_component id="oc-ca">
         <name>.debug_info</name>
         <load_address>0x115eb</load_address>
         <run_address>0x115eb</run_address>
         <size>0x2e4</size>
         <input_file_ref idref="fl-e3"/>
      </object_component>
      <object_component id="oc-dc">
         <name>.debug_info</name>
         <load_address>0x118cf</load_address>
         <run_address>0x118cf</run_address>
         <size>0x2be</size>
         <input_file_ref idref="fl-e3"/>
      </object_component>
      <object_component id="oc-38c">
         <name>.debug_info</name>
         <load_address>0x11b8d</load_address>
         <run_address>0x11b8d</run_address>
         <size>0x51</size>
         <input_file_ref idref="fl-e3"/>
      </object_component>
      <object_component id="oc-2e6">
         <name>.debug_info</name>
         <load_address>0x11bde</load_address>
         <run_address>0x11bde</run_address>
         <size>0x3c7</size>
         <input_file_ref idref="fl-e4"/>
      </object_component>
      <object_component id="oc-3c0">
         <name>.debug_info</name>
         <load_address>0x11fa5</load_address>
         <run_address>0x11fa5</run_address>
         <size>0x163</size>
         <input_file_ref idref="fl-e4"/>
      </object_component>
      <object_component id="oc-3c3">
         <name>.debug_info</name>
         <load_address>0x12108</load_address>
         <run_address>0x12108</run_address>
         <size>0x175</size>
         <input_file_ref idref="fl-e4"/>
      </object_component>
      <object_component id="oc-114">
         <name>.debug_info</name>
         <load_address>0x1227d</load_address>
         <run_address>0x1227d</run_address>
         <size>0x2cb</size>
         <input_file_ref idref="fl-e4"/>
      </object_component>
      <object_component id="oc-11a">
         <name>.debug_info</name>
         <load_address>0x12548</load_address>
         <run_address>0x12548</run_address>
         <size>0x2c3</size>
         <input_file_ref idref="fl-e4"/>
      </object_component>
      <object_component id="oc-2ea">
         <name>.debug_info</name>
         <load_address>0x1280b</load_address>
         <run_address>0x1280b</run_address>
         <size>0x2f4</size>
         <input_file_ref idref="fl-e4"/>
      </object_component>
      <object_component id="oc-20d">
         <name>.debug_info</name>
         <load_address>0x12aff</load_address>
         <run_address>0x12aff</run_address>
         <size>0x28d</size>
         <input_file_ref idref="fl-e4"/>
      </object_component>
      <object_component id="oc-120">
         <name>.debug_info</name>
         <load_address>0x12d8c</load_address>
         <run_address>0x12d8c</run_address>
         <size>0x2ed</size>
         <input_file_ref idref="fl-e4"/>
      </object_component>
      <object_component id="oc-126">
         <name>.debug_info</name>
         <load_address>0x13079</load_address>
         <run_address>0x13079</run_address>
         <size>0x29d</size>
         <input_file_ref idref="fl-e4"/>
      </object_component>
      <object_component id="oc-213">
         <name>.debug_info</name>
         <load_address>0x13316</load_address>
         <run_address>0x13316</run_address>
         <size>0x29b</size>
         <input_file_ref idref="fl-e4"/>
      </object_component>
      <object_component id="oc-13e">
         <name>.debug_info</name>
         <load_address>0x135b1</load_address>
         <run_address>0x135b1</run_address>
         <size>0x288</size>
         <input_file_ref idref="fl-e4"/>
      </object_component>
      <object_component id="oc-10e">
         <name>.debug_info</name>
         <load_address>0x13839</load_address>
         <run_address>0x13839</run_address>
         <size>0x295</size>
         <input_file_ref idref="fl-e4"/>
      </object_component>
      <object_component id="oc-2b7">
         <name>.debug_info</name>
         <load_address>0x13ace</load_address>
         <run_address>0x13ace</run_address>
         <size>0x3cb</size>
         <input_file_ref idref="fl-e5"/>
      </object_component>
      <object_component id="oc-3d9">
         <name>.debug_info</name>
         <load_address>0x13e99</load_address>
         <run_address>0x13e99</run_address>
         <size>0x160</size>
         <input_file_ref idref="fl-e5"/>
      </object_component>
      <object_component id="oc-3dc">
         <name>.debug_info</name>
         <load_address>0x13ff9</load_address>
         <run_address>0x13ff9</run_address>
         <size>0x172</size>
         <input_file_ref idref="fl-e5"/>
      </object_component>
      <object_component id="oc-328">
         <name>.debug_info</name>
         <load_address>0x1416b</load_address>
         <run_address>0x1416b</run_address>
         <size>0x287</size>
         <input_file_ref idref="fl-e5"/>
      </object_component>
      <object_component id="oc-21f">
         <name>.debug_info</name>
         <load_address>0x143f2</load_address>
         <run_address>0x143f2</run_address>
         <size>0x288</size>
         <input_file_ref idref="fl-e5"/>
      </object_component>
      <object_component id="oc-1bc">
         <name>.debug_info</name>
         <load_address>0x1467a</load_address>
[...]
      </symbol>
      <symbol id="sm-3bd">
         <name>pid_theta</name>
         <value>0x20000530</value>
      </symbol>
      <symbol id="sm-3be">
         <name>pid_b</name>
         <value>0x200004d0</value>
      </symbol>
      <symbol id="sm-3bf">
         <name>pid_x1</name>
         <value>0x20000560</value>
      </symbol>
      <symbol id="sm-3c0">
         <name>pid_x2</name>
         <value>0x20000590</value>
      </symbol>
      <symbol id="sm-3c1">
         <name>pid_pos</name>
         <value>0x20000500</value>
      </symbol>
      <symbol id="sm-3c2">
         <name>pid</name>
         <value>0x20000604</value>
      </symbol>
      <symbol id="sm-3c3">
         <name>PID_pos_update</name>
         <value>0x2245</value>
         <object_component_ref idref="oc-ce"/>
      </symbol>
      <symbol id="sm-3c4">
         <name>PID_theta_update</name>
         <value>0x2081</value>
         <object_component_ref idref="oc-ce"/>
      </symbol>
      <symbol id="sm-3c5">
         <name>PID_init</name>
         <value>0x1ba9</value>
         <object_component_ref idref="oc-ce"/>
      </symbol>
      <symbol id="sm-3c6">
         <name>PID_x_update</name>
         <value>0x1d45</value>
         <object_component_ref idref="oc-ce"/>
      </symbol>
      <symbol id="sm-3c7">
         <name>PID_para</name>
         <value>0x234d</value>
         <object_component_ref idref="oc-ce"/>
      </symbol>
      <symbol id="sm-3c8">
         <name>PID_b_update</name>
         <value>0x2185</value>
         <object_component_ref idref="oc-ce"/>
      </symbol>
      <symbol id="sm-3c9">
         <name>PID_speed_update</name>
         <value>0x1f4d</value>
         <object_component_ref idref="oc-ce"/>
      </symbol>
      <symbol id="sm-3e5">
         <name>ResetISR</name>
         <value>0x42f9</value>
         <object_component_ref idref="oc-27"/>
      </symbol>
      <symbol id="sm-3e6">
         <name>g_pfnVectors</name>
         <value>0x0</value>
         <object_component_ref idref="oc-12"/>
      </symbol>
      <symbol id="sm-456">
         <name>UARTgetc</name>
         <value>0x2571</value>
         <object_component_ref idref="oc-fb"/>
      </symbol>
      <symbol id="sm-457">
         <name>UARTgets</name>
         <value>0x24b7</value>
         <object_component_ref idref="oc-fb"/>
      </symbol>
      <symbol id="sm-458">
         <name>UARTStdioConfig</name>
         <value>0x2421</value>
         <object_component_ref idref="oc-fb"/>
      </symbol>
      <symbol id="sm-459">
         <name>UARTwrite</name>
         <value>0x2467</value>
         <object_component_ref idref="oc-fb"/>
      </symbol>
      <symbol id="sm-45a">
         <name>UARTprintf</name>
         <value>0x2893</value>
         <object_component_ref idref="oc-fb"/>
      </symbol>
      <symbol id="sm-45b">
         <name>UARTvprintf</name>
         <value>0x2599</value>
         <object_component_ref idref="oc-fb"/>
      </symbol>
      <symbol id="sm-472">
         <name>__aeabi_dsub</name>
         <value>0x30fd</value>
         <object_component_ref idref="oc-202"/>
      </symbol>
      <symbol id="sm-473">
         <name>__aeabi_dadd</name>
         <value>0x3107</value>
         <object_component_ref idref="oc-202"/>
      </symbol>
      <symbol id="sm-495">
         <name>__aeabi_cdcmpeq</name>
         <value>0x3a0d</value>
         <object_component_ref idref="oc-1f2"/>
      </symbol>
      <symbol id="sm-496">
         <name>__aeabi_cdcmple</name>
         <value>0x3a0d</value>
         <object_component_ref idref="oc-1f2"/>
      </symbol>
      <symbol id="sm-497">
         <name>__aeabi_cdrcmple</name>
         <value>0x3a93</value>
         <object_component_ref idref="oc-1ed"/>
      </symbol>
      <symbol id="sm-4ab">
         <name>__aeabi_ddiv</name>
         <value>0x3421</value>
         <object_component_ref idref="oc-ea"/>
      </symbol>
      <symbol id="sm-4b6">
         <name>__aeabi_dmul</name>
         <value>0x3781</value>
         <object_component_ref idref="oc-e5"/>
      </symbol>
      <symbol id="sm-4c2">
         <name>__aeabi_d2f</name>
         <value>0x3b93</value>
         <object_component_ref idref="oc-207"/>
      </symbol>
      <symbol id="sm-4cc">
         <name>__aeabi_d2uiz</name>
         <value>0x3e55</value>
         <object_component_ref idref="oc-ef"/>
      </symbol>
      <symbol id="sm-4d7">
         <name>__aeabi_f2d</name>
         <value>0x3f51</value>
         <object_component_ref idref="oc-1e8"/>
      </symbol>
      <symbol id="sm-4e1">
         <name>__aeabi_i2d</name>
         <value>0x4025</value>
         <object_component_ref idref="oc-1fd"/>
      </symbol>
      <symbol id="sm-4eb">
         <name>__aeabi_ui2d</name>
         <value>0x40e9</value>
         <object_component_ref idref="oc-e0"/>
      </symbol>
      <symbol id="sm-4fa">
         <name>__aeabi_memset</name>
         <value>0x3b1b</value>
         <object_component_ref idref="oc-8f"/>
      </symbol>
      <symbol id="sm-4fb">
         <name>memset</name>
         <value>0x3b21</value>
         <object_component_ref idref="oc-8f"/>
      </symbol>
      <symbol id="sm-4fc">
         <name>__aeabi_memset8</name>
         <value>0x3b1b</value>
         <object_component_ref idref="oc-8f"/>
      </symbol>
      <symbol id="sm-4fd">
         <name>__aeabi_memset4</name>
         <value>0x3b1b</value>
         <object_component_ref idref="oc-8f"/>
      </symbol>
      <symbol id="sm-4fe">
         <name>__aeabi_memclr8</name>
         <value>0x3b19</value>
         <object_component_ref idref="oc-8f"/>
      </symbol>
      <symbol id="sm-4ff">
         <name>__aeabi_memclr4</name>
         <value>0x3b19</value>
         <object_component_ref idref="oc-8f"/>
      </symbol>
      <symbol id="sm-500">
         <name>__aeabi_memclr</name>
         <value>0x3b19</value>
         <object_component_ref idref="oc-8f"/>
      </symbol>
      <symbol id="sm-50f">
         <name>__aeabi_uidivmod</name>
         <value>0x3ed9</value>
         <object_component_ref idref="oc-2d3"/>
      </symbol>
      <symbol id="sm-510">
         <name>__aeabi_uidiv</name>
         <value>0x3ed9</value>
         <object_component_ref idref="oc-2d3"/>
      </symbol>
      <symbol id="sm-522">
         <name>__TI_zero_init</name>
         <value>0x42ed</value>
         <object_component_ref idref="oc-4d"/>
      </symbol>
      <symbol id="sm-539">
         <name>__TI_decompress_none</name>
         <value>0x42bb</value>
         <object_component_ref idref="oc-1b"/>
      </symbol>
      <symbol id="sm-55c">
         <name>__TI_decompress_lzss</name>
         <value>0x3c69</value>
         <object_component_ref idref="oc-15"/>
      </symbol>
      <symbol id="sm-56b">
         <name>strcmp</name>
         <value>0x418b</value>
         <object_component_ref idref="oc-22a"/>
      </symbol>
      <symbol id="sm-5cb">
         <name>strtold</name>
         <value>0x28c9</value>
         <object_component_ref idref="oc-23c"/>
      </symbol>
      <symbol id="sm-5cc">
         <name>strtod</name>
         <value>0x28c9</value>
         <object_component_ref idref="oc-23c"/>
      </symbol>
      <symbol id="sm-5df">
         <name>__stack</name>
         <value>0x20000270</value>
         <object_component_ref idref="oc-24"/>
      </symbol>
      <symbol id="sm-5e0">
         <name>_c_int00_noargs</name>
         <value>0x3ff1</value>
         <object_component_ref idref="oc-59"/>
      </symbol>
      <symbol id="sm-5f6">
         <name>__aeabi_errno_addr</name>
         <value>0x4365</value>
         <object_component_ref idref="oc-346"/>
      </symbol>
      <symbol id="sm-5f7">
         <name>errno</name>
         <value>0x200006b4</value>
         <object_component_ref idref="oc-3e1"/>
      </symbol>
      <symbol id="sm-61e">
         <name>scalbn</name>
         <value>0x3671</value>
         <object_component_ref idref="oc-34c"/>
      </symbol>
      <symbol id="sm-61f">
         <name>scalbnl</name>
         <value>0x3671</value>
         <object_component_ref idref="oc-34c"/>
      </symbol>
      <symbol id="sm-620">
         <name>ldexpl</name>
         <value>0x3671</value>
         <object_component_ref idref="oc-34c"/>
      </symbol>
      <symbol id="sm-621">
         <name>ldexp</name>
         <value>0x3671</value>
         <object_component_ref idref="oc-34c"/>
      </symbol>
      <symbol id="sm-62b">
         <name>__aeabi_idiv0</name>
         <value>0x32b3</value>
         <object_component_ref idref="oc-3b0"/>
      </symbol>
      <symbol id="sm-62c">
         <name>__aeabi_ldiv0</name>
         <value>0x32b3</value>
         <object_component_ref idref="oc-3b0"/>
      </symbol>
      <symbol id="sm-647">
         <name>memcpy</name>
         <value>0x3971</value>
         <object_component_ref idref="oc-3b"/>
      </symbol>
      <symbol id="sm-648">
         <name>__aeabi_memcpy</name>
         <value>0x3971</value>
         <object_component_ref idref="oc-3b"/>
      </symbol>
      <symbol id="sm-649">
         <name>__aeabi_memcpy8</name>
         <value>0x3971</value>
         <object_component_ref idref="oc-3b"/>
      </symbol>
      <symbol id="sm-64a">
         <name>__aeabi_memcpy4</name>
         <value>0x3971</value>
         <object_component_ref idref="oc-3b"/>
      </symbol>
      <symbol id="sm-672">
         <name>__TI_auto_init_nobinit_nopinit</name>
         <value>0x3e11</value>
         <object_component_ref idref="oc-25f"/>
      </symbol>
      <symbol id="sm-67c">
         <name>_system_pre_init</name>
         <value>0x439b</value>
         <object_component_ref idref="oc-95"/>
      </symbol>
      <symbol id="sm-688">
         <name>C$$EXIT</name>
         <value>0x439f</value>
         <object_component_ref idref="oc-253"/>
      </symbol>
      <symbol id="sm-689">
         <name>abort</name>
         <value>0x439f</value>
         <object_component_ref idref="oc-253"/>
      </symbol>
      <symbol id="sm-696">
         <name>_ctypes_</name>
         <value>0x43a8</value>
         <object_component_ref idref="oc-352"/>
      </symbol>
      <symbol id="sm-6a0">
         <name>copysign</name>
         <value>0x4141</value>
         <object_component_ref idref="oc-3e6"/>
      </symbol>
      <symbol id="sm-6a1">
         <name>copysignl</name>
         <value>0x4141</value>
         <object_component_ref idref="oc-3e6"/>
      </symbol>
      <symbol id="sm-717">
         <name>GPIOPinTypePWM</name>
         <value>0x41a3</value>
         <object_component_ref idref="oc-149"/>
      </symbol>
      <symbol id="sm-718">
         <name>GPIOPinConfigure</name>
         <value>0x3d31</value>
         <object_component_ref idref="oc-14f"/>
      </symbol>
      <symbol id="sm-719">
         <name>GPIOPinTypeUART</name>
         <value>0x41cf</value>
         <object_component_ref idref="oc-197"/>
      </symbol>
      <symbol id="sm-71a">
         <name>GPIOPinTypeGPIOOutput</name>
         <value>0x4127</value>
         <object_component_ref idref="oc-1d6"/>
      </symbol>
      <symbol id="sm-71b">
         <name>GPIOPinRead</name>
         <value>0x436d</value>
         <object_component_ref idref="oc-246"/>
      </symbol>
      <symbol id="sm-71c">
         <name>GPIODirModeSet</name>
         <value>0x4053</value>
         <object_component_ref idref="oc-1dc"/>
      </symbol>
      <symbol id="sm-71d">
         <name>GPIOPinTypeQEI</name>
         <value>0x41b9</value>
         <object_component_ref idref="oc-179"/>
      </symbol>
      <symbol id="sm-71e">
         <name>GPIOPinWrite</name>
         <value>0x4373</value>
         <object_component_ref idref="oc-101"/>
      </symbol>
      <symbol id="sm-71f">
         <name>GPIOPadConfigSet</name>
         <value>0x32b5</value>
         <object_component_ref idref="oc-1e2"/>
      </symbol>
      <symbol id="sm-76a">
         <name>IntPrioritySet</name>
         <value>0x4081</value>
         <object_component_ref idref="oc-12b"/>
      </symbol>
      <symbol id="sm-76b">
         <name>IntEnable</name>
         <value>0x3c01</value>
         <object_component_ref idref="oc-131"/>
      </symbol>
      <symbol id="sm-76c">
         <name>IntRegister</name>
         <value>0x3f89</value>
         <object_component_ref idref="oc-2ef"/>
      </symbol>
      <symbol id="sm-76d">
         <name>g_pfnRAMVectors</name>
         <value>0x20000000</value>
         <object_component_ref idref="oc-3c6"/>
      </symbol>
      <symbol id="sm-76e">
         <name>IntMasterEnable</name>
         <value>0x4255</value>
         <object_component_ref idref="oc-137"/>
      </symbol>
      <symbol id="sm-7ab">
         <name>PWMGenPeriodSet</name>
         <value>0x4265</value>
         <object_component_ref idref="oc-15b"/>
      </symbol>
      <symbol id="sm-7ac">
         <name>PWMGenDisable</name>
         <value>0x42d5</value>
         <object_component_ref idref="oc-1f7"/>
      </symbol>
      <symbol id="sm-7ad">
         <name>PWMPulseWidthSet</name>
         <value>0x4109</value>
         <object_component_ref idref="oc-167"/>
      </symbol>
      <symbol id="sm-7ae">
         <name>PWMGenPeriodGet</name>
         <value>0x420d</value>
         <object_component_ref idref="oc-161"/>
      </symbol>
      <symbol id="sm-7af">
         <name>PWMOutputState</name>
         <value>0x421f</value>
         <object_component_ref idref="oc-16d"/>
      </symbol>
      <symbol id="sm-7b0">
         <name>PWMGenEnable</name>
         <value>0x42e1</value>
         <object_component_ref idref="oc-173"/>
      </symbol>
      <symbol id="sm-7b1">
         <name>PWMGenConfigure</name>
         <value>0x40a5</value>
         <object_component_ref idref="oc-155"/>
      </symbol>
      <symbol id="sm-7de">
         <name>QEIPositionGet</name>
         <value>0x438b</value>
         <object_component_ref idref="oc-218"/>
      </symbol>
      <symbol id="sm-7df">
         <name>QEIIntDisable</name>
         <value>0x430f</value>
         <object_component_ref idref="oc-185"/>
      </symbol>
      <symbol id="sm-7e0">
         <name>QEIEnable</name>
         <value>0x4305</value>
         <object_component_ref idref="oc-18b"/>
      </symbol>
      <symbol id="sm-7e1">
         <name>QEIPositionSet</name>
         <value>0x438f</value>
         <object_component_ref idref="oc-191"/>
      </symbol>
      <symbol id="sm-7e2">
         <name>QEIConfigure</name>
         <value>0x4275</value>
         <object_component_ref idref="oc-17f"/>
      </symbol>
      <symbol id="sm-84a">
         <name>SysCtlPeripheralPresent</name>
         <value>0x3f19</value>
         <object_component_ref idref="oc-2b8"/>
      </symbol>
      <symbol id="sm-84b">
         <name>SysCtlClockSet</name>
         <value>0x387d</value>
         <object_component_ref idref="oc-c8"/>
      </symbol>
      <symbol id="sm-84c">
         <name>SysCtlDelay</name>
         <value>0x4379</value>
         <object_component_ref idref="oc-f4"/>
      </symbol>
      <symbol id="sm-84d">
         <name>SysCtlPeripheralEnable</name>
         <value>0x3fbd</value>
         <object_component_ref idref="oc-107"/>
      </symbol>
      <symbol id="sm-84e">
         <name>SysCtlClockGet</name>
         <value>0x3559</value>
         <object_component_ref idref="oc-da"/>
      </symbol>
      <symbol id="sm-84f">
         <name>SysCtlPWMClockSet</name>
         <value>0x41e5</value>
         <object_component_ref idref="oc-143"/>
      </symbol>
      <symbol id="sm-8ba">
         <name>TimerLoadSet</name>
         <value>0x4231</value>
         <object_component_ref idref="oc-119"/>
      </symbol>
      <symbol id="sm-8bb">
         <name>TimerIntRegister</name>
         <value>0x415b</value>
         <object_component_ref idref="oc-11f"/>
      </symbol>
      <symbol id="sm-8bc">
         <name>TimerEnable</name>
         <value>0x4283</value>
         <object_component_ref idref="oc-13d"/>
      </symbol>
      <symbol id="sm-8bd">
         <name>TimerIntStatus</name>
         <value>0x4319</value>
         <object_component_ref idref="oc-20c"/>
      </symbol>
      <symbol id="sm-8be">
         <name>TimerPrescaleSet</name>
         <value>0x4243</value>
         <object_component_ref idref="oc-113"/>
      </symbol>
      <symbol id="sm-8bf">
         <name>TimerIntEnable</name>
         <value>0x4355</value>
         <object_component_ref idref="oc-125"/>
      </symbol>
      <symbol id="sm-8c0">
         <name>TimerConfigure</name>
         <value>0x3cd1</value>
         <object_component_ref idref="oc-10d"/>
      </symbol>
      <symbol id="sm-8c1">
         <name>TimerIntClear</name>
         <value>0x4393</value>
         <object_component_ref idref="oc-212"/>
      </symbol>
      <symbol id="sm-96b">
         <name>UARTCharPutNonBlocking</name>
         <value>0x429f</value>
         <object_component_ref idref="oc-f5"/>
      </symbol>
      <symbol id="sm-96c">
         <name>UARTFIFODisable</name>
         <value>0x4337</value>
         <object_component_ref idref="oc-1af"/>
      </symbol>
      <symbol id="sm-96d">
         <name>UARTConfigSetExpClk</name>
         <value>0x3dc9</value>
         <object_component_ref idref="oc-1a3"/>
      </symbol>
      <symbol id="sm-96e">
         <name>UARTDisable</name>
         <value>0x40c9</value>
         <object_component_ref idref="oc-31d"/>
      </symbol>
      <symbol id="sm-96f">
         <name>UARTIntEnable</name>
         <value>0x435d</value>
         <object_component_ref idref="oc-1c1"/>
      </symbol>
      <symbol id="sm-970">
         <name>UARTCharsAvail</name>
         <value>0x42ad</value>
         <object_component_ref idref="oc-236"/>
      </symbol>
      <symbol id="sm-971">
         <name>UARTCharGetNonBlocking</name>
         <value>0x4291</value>
         <object_component_ref idref="oc-224"/>
      </symbol>
      <symbol id="sm-972">
         <name>UARTClockSourceSet</name>
         <value>0x437f</value>
         <object_component_ref idref="oc-19d"/>
      </symbol>
      <symbol id="sm-973">
         <name>UARTCharPut</name>
         <value>0x432d</value>
         <object_component_ref idref="oc-2be"/>
      </symbol>
      <symbol id="sm-974">
         <name>UARTEnable</name>
         <value>0x41f9</value>
         <object_component_ref idref="oc-1cd"/>
      </symbol>
      <symbol id="sm-975">
         <name>UARTFIFOEnable</name>
         <value>0x4341</value>
         <object_component_ref idref="oc-1a9"/>
      </symbol>
      <symbol id="sm-976">
         <name>UARTIntClear</name>
         <value>0x4397</value>
         <object_component_ref idref="oc-1c7"/>
      </symbol>
      <symbol id="sm-977">
         <name>UARTIntStatus</name>
         <value>0x434b</value>
         <object_component_ref idref="oc-21e"/>
      </symbol>
      <symbol id="sm-978">
         <name>UARTCharGet</name>
         <value>0x4323</value>
         <object_component_ref idref="oc-2c4"/>
      </symbol>
      <symbol id="sm-979">
         <name>UARTFIFOLevelSet</name>
         <value>0x4385</value>
         <object_component_ref idref="oc-1b5"/>
      </symbol>
      <symbol id="sm-97a">
         <name>UARTIntRegister</name>
         <value>0x4173</value>
         <object_component_ref idref="oc-1bb"/>
      </symbol>
      <symbol id="sm-984">
         <name>CPUcpsie</name>
         <value>0x42c9</value>
         <object_component_ref idref="oc-300"/>
      </symbol>
      <symbol id="sm-985">
         <name>__TI_static_base__</name>
         <value>0x0</value>
      </symbol>
      <symbol id="sm-988">
         <name>__mpu_init</name>
         <value>0x0</value>
      </symbol>
      <symbol id="sm-989">
         <name>_system_post_cinit</name>
         <value>0x0</value>
      </symbol>
   </symbol_table>
   <title>Link successful</title>
</link_info>
