******************************************************************************
                  TI ARM Linker PC v20.2.7                     
******************************************************************************
>> Linked Tue Jun 27 16:45:47 2023

OUTPUT FILE NAME:   <Car_drugs.out>
ENTRY POINT SYMBOL: "_c_int00_noargs"  address: 000038d5


MEMORY CONFIGURATION

         name            origin    length      used     unused   attr    fill
----------------------  --------  ---------  --------  --------  ----  --------
  FLASH                 00000000   00040000  000041fe  0003be02  R  X
  SRAM                  20000000   00008000  00000652  000079ae  RW X


SEGMENT ALLOCATION MAP

run origin  load origin   length   init length attrs members
----------  ----------- ---------- ----------- ----- -------
00000000    00000000    00004200   00004200    r-x
  00000000    00000000    0000026c   0000026c    r-- .intvecs
  0000026c    0000026c    00003a12   00003a12    r-x .text
  00003c80    00003c80    00000520   00000520    r-- .const
  000041a0    000041a0    00000060   00000060    r-- .cinit
20000000    20000000    00000658   00000000    rw-
  20000000    20000000    0000026c   00000000    rw- .vtable
  20000270    20000270    00000200   00000000    rw- .stack
  20000470    20000470    0000016a   00000000    rw- .bss
  200005dc    200005dc    0000007c   00000000    rw- .data


SECTION ALLOCATION MAP

 output                                  attributes/
section   page    origin      length       input sections
--------  ----  ----------  ----------   ----------------
.intvecs   0    00000000    0000026c     
                  00000000    0000026c     tm4c123gh6pm_startup_ccs.obj (.intvecs)

.text      0    0000026c    00003a12     
                  0000026c    00000a68     main.obj (.text)
                  00000cd4    0000078c     pid.obj (.text)
                  00001460    000004a8     uartstdio.obj (.text)
                  00001908    00000490     hand_hand.obj (.text)
                  00001d98    00000460     rtsv7M4_T_le_v4SPD16_eabi.lib : strtod.c.obj (.text:strtod)
                  000021f8    000003d4     my_uart.obj (.text)
                  000025cc    000003c8     rtsv7M4_T_le_v4SPD16_eabi.lib : strtof.c.obj (.text:strtof)
                  00002994    000001b6                                   : fd_add_t2.asm.obj (.text)
                  00002b4a    00000002                                   : div0.asm.obj (.text)
                  00002b4c    0000016c     driverlib.lib : gpio.obj (.text:GPIOPadConfigSet)
                  00002cb8    00000136     rtsv7M4_T_le_v4SPD16_eabi.lib : fd_div_t2.asm.obj (.text)
                  00002dee    00000002     --HOLE-- [fill = 0]
                  00002df0    00000118     driverlib.lib : sysctl.obj (.text:SysCtlClockGet)
                  00002f08    00000110     rtsv7M4_T_le_v4SPD16_eabi.lib : s_scalbn.c.obj (.text:scalbn)
                  00003018    000000fc                                   : fd_mul_t2.asm.obj (.text)
                  00003114    000000f4     driverlib.lib : sysctl.obj (.text:SysCtlClockSet)
                  00003208    000000d0     rtsv7M4_T_le_v4SPD16_eabi.lib : s_scalbnf.c.obj (.text:scalbnf)
                  000032d8    0000009c                                   : memcpy_t2.asm.obj (.text)
                  00003374    00000086                                   : fd_cmp_t2.asm.obj (.text:__aeabi_cdcmple)
                  000033fa    0000007a                                   : memset_t2.asm.obj (.text)
                  00003474    0000006e                                   : fd_tos_t2.asm.obj (.text)
                  000034e2    00000002     --HOLE-- [fill = 0]
                  000034e4    00000068     driverlib.lib : interrupt.obj (.text:IntEnable)
                  0000354c    00000068     rtsv7M4_T_le_v4SPD16_eabi.lib : copy_decompress_lzss.c.obj (.text:decompress:lzss:__TI_decompress_lzss)
                  000035b4    00000060     driverlib.lib : timer.obj (.text:TimerConfigure)
                  00003614    0000004c                   : gpio.obj (.text:GPIOPinConfigure)
                  00003660    0000004c                   : timer.obj (.text:_TimerIntNumberGet)
                  000036ac    00000046                   : uart.obj (.text:UARTConfigSetExpClk)
                  000036f2    00000002     --HOLE-- [fill = 0]
                  000036f4    00000044     rtsv7M4_T_le_v4SPD16_eabi.lib : autoinit.c.obj (.text:__TI_auto_init_nobinit_nopinit:__TI_auto_init_nobinit_nopinit)
                  00003738    00000044                                   : fd_tou_t2.asm.obj (.text)
                  0000377c    00000040     driverlib.lib : uart.obj (.text:_UARTIntNumberGet)
                  000037bc    00000040     rtsv7M4_T_le_v4SPD16_eabi.lib : u_divt2.asm.obj (.text)
                  000037fc    00000038     driverlib.lib : sysctl.obj (.text:SysCtlPeripheralPresent)
                  00003834    00000038     rtsv7M4_T_le_v4SPD16_eabi.lib : fs_tod_t2.asm.obj (.text)
                  0000386c    00000034     driverlib.lib : interrupt.obj (.text:IntRegister)
                  000038a0    00000034                   : sysctl.obj (.text:SysCtlPeripheralEnable)
                  000038d4    00000034     rtsv7M4_T_le_v4SPD16_eabi.lib : boot_cortex_m.c.obj (.text:_c_int00_noargs:_c_int00_noargs)
                  00003908    0000002c     driverlib.lib : gpio.obj (.text:GPIODirModeSet)
                  00003934    00000024                   : interrupt.obj (.text:IntPrioritySet)
                  00003958    00000022                   : pwm.obj (.text:PWMGenConfigure)
                  0000397a    00000002     --HOLE-- [fill = 0]
                  0000397c    00000020                   : uart.obj (.text:UARTDisable)
                  0000399c    00000020     rtsv7M4_T_le_v4SPD16_eabi.lib : u_tofd_t2.asm.obj (.text)
                  000039bc    0000001e     driverlib.lib : pwm.obj (.text:PWMPulseWidthSet)
                  000039da    0000001c     rtsv7M4_T_le_v4SPD16_eabi.lib : copy_zero_init.c.obj (.text:decompress:ZI:__TI_zero_init_nomemset:__TI_zero_init_nomemset)
                  000039f6    0000001a     driverlib.lib : gpio.obj (.text:GPIOPinTypeGPIOOutput)
                  00003a10    0000001a     rtsv7M4_T_le_v4SPD16_eabi.lib : s_copysign.c.obj (.text:copysign)
                  00003a2a    00000018     driverlib.lib : timer.obj (.text:TimerIntRegister)
                  00003a42    00000018                   : uart.obj (.text:UARTIntRegister)
                  00003a5a    00000018     rtsv7M4_T_le_v4SPD16_eabi.lib : s_copysignf.c.obj (.text:copysignf)
                  00003a72    00000018                                   : strcmp.c.obj (.text:strcmp)
                  00003a8a    00000016     driverlib.lib : gpio.obj (.text:GPIOPinTypePWM)
                  00003aa0    00000016                   : gpio.obj (.text:GPIOPinTypeQEI)
                  00003ab6    00000016                   : gpio.obj (.text:GPIOPinTypeUART)
                  00003acc    00000014                   : sysctl.obj (.text:SysCtlPWMClockSet)
                  00003ae0    00000014                   : uart.obj (.text:UARTEnable)
                  00003af4    00000012                   : pwm.obj (.text:PWMGenPeriodGet)
                  00003b06    00000012                   : pwm.obj (.text:PWMOutputState)
                  00003b18    00000012                   : timer.obj (.text:TimerLoadSet)
                  00003b2a    00000012                   : timer.obj (.text:TimerPrescaleSet)
                  00003b3c    00000010                   : interrupt.obj (.text:IntMasterEnable)
                  00003b4c    00000010                   : pwm.obj (.text:PWMGenPeriodSet)
                  00003b5c    0000000e                   : qei.obj (.text:QEIConfigure)
                  00003b6a    0000000e                   : timer.obj (.text:TimerEnable)
                  00003b78    0000000e                   : uart.obj (.text:UARTCharGetNonBlocking)
                  00003b86    0000000e                   : uart.obj (.text:UARTCharPutNonBlocking)
                  00003b94    0000000e                   : uart.obj (.text:UARTCharsAvail)
                  00003ba2    0000000e     rtsv7M4_T_le_v4SPD16_eabi.lib : copy_decompress_none.c.obj (.text:decompress:none:__TI_decompress_none)
                  00003bb0    0000000c     driverlib.lib : cpu.obj (.text:CPUcpsie)
                  00003bbc    0000000c                   : pwm.obj (.text:PWMGenDisable)
                  00003bc8    0000000c                   : pwm.obj (.text:PWMGenEnable)
                  00003bd4    0000000c     tm4c123gh6pm_startup_ccs.obj (.text)
                  00003be0    0000000a     driverlib.lib : qei.obj (.text:QEIEnable)
                  00003bea    0000000a                   : qei.obj (.text:QEIIntDisable)
                  00003bf4    0000000a                   : timer.obj (.text:TimerIntStatus)
                  00003bfe    0000000a                   : uart.obj (.text:UARTCharGet)
                  00003c08    0000000a                   : uart.obj (.text:UARTCharPut)
                  00003c12    0000000a                   : uart.obj (.text:UARTFIFODisable)
                  00003c1c    0000000a                   : uart.obj (.text:UARTFIFOEnable)
                  00003c26    0000000a                   : uart.obj (.text:UARTIntStatus)
                  00003c30    00000008                   : timer.obj (.text:TimerIntEnable)
                  00003c38    00000008                   : uart.obj (.text:UARTIntEnable)
                  00003c40    00000008     rtsv7M4_T_le_v4SPD16_eabi.lib : errno.c.obj (.text:__aeabi_errno_addr)
                  00003c48    00000006     driverlib.lib : gpio.obj (.text:GPIOPinRead)
                  00003c4e    00000006                   : gpio.obj (.text:GPIOPinWrite)
                  00003c54    00000006                   : sysctl.obj (.text:SysCtlDelay)
                  00003c5a    00000006                   : uart.obj (.text:UARTClockSourceSet)
                  00003c60    00000006                   : uart.obj (.text:UARTFIFOLevelSet)
                  00003c66    00000004                   : qei.obj (.text:QEIPositionGet)
                  00003c6a    00000004                   : qei.obj (.text:QEIPositionSet)
                  00003c6e    00000004                   : timer.obj (.text:TimerIntClear)
                  00003c72    00000004                   : uart.obj (.text:UARTIntClear)
                  00003c76    00000004     rtsv7M4_T_le_v4SPD16_eabi.lib : pre_init.c.obj (.text:_system_pre_init)
                  00003c7a    00000004                                   : exit.c.obj (.text:abort:abort)

.const     0    00003c80    00000520     
                  00003c80    00000101     rtsv7M4_T_le_v4SPD16_eabi.lib : ctype.c.obj (.const:.string:_ctypes_)
                  00003d81    00000003     --HOLE-- [fill = 0]
                  00003d84    00000004     uartstdio.obj (.const)
                  00003d88    000000c8     rtsv7M4_T_le_v4SPD16_eabi.lib : strtod.c.obj (.const:$O1$$)
                  00003e50    0000009c     driverlib.lib : interrupt.obj (.const:g_pui32Regs)
                  00003eec    00000090                   : gpio.obj (.const:g_pui32GPIOBaseAddrs)
                  00003f7c    0000006c                   : sysctl.obj (.const:g_pui32Xtals)
                  00003fe8    00000060                   : timer.obj (.const:g_ppui32TimerIntMap)
                  00004048    00000058     rtsv7M4_T_le_v4SPD16_eabi.lib : strtof.c.obj (.const:$O1$$)
                  000040a0    00000040     driverlib.lib : timer.obj (.const:g_ppui32TimerIntMapSnowflake)
                  000040e0    00000040                   : uart.obj (.const:g_ppui32UARTIntMap)
                  00004120    00000040                   : uart.obj (.const:g_ppui32UARTIntMapSnowflake)
                  00004160    00000014                   : interrupt.obj (.const:g_pui32EnRegs)
                  00004174    00000012     uartstdio.obj (.const:.string)
                  00004186    00000002     --HOLE-- [fill = 0]
                  00004188    0000000c     uartstdio.obj (.const:g_ui32UARTBase)
                  00004194    0000000c     uartstdio.obj (.const:g_ui32UARTPeriph)

.cinit     0    000041a0    00000060     
                  000041a0    00000027     (.cinit..data.load) [load image, compression = lzss]
                  000041c7    00000001     --HOLE-- [fill = 0]
                  000041c8    0000000c     (__TI_handler_table)
                  000041d4    00000004     --HOLE-- [fill = 0]
                  000041d8    00000008     (.cinit..bss.load) [load image, compression = zero_init]
                  000041e0    00000008     (.cinit..vtable.load) [load image, compression = zero_init]
                  000041e8    00000018     (__TI_cinit_table)

.init_array 
*          0    00000000    00000000     UNINITIALIZED

.vtable    0    20000000    0000026c     UNINITIALIZED
                  20000000    0000026c     driverlib.lib : interrupt.obj (.vtable)

.bss       0    20000470    0000016a     UNINITIALIZED
                  20000470    00000030     (.common:pid1_v)
                  200004a0    00000030     (.common:pid2_v)
                  200004d0    00000030     (.common:pid_b)
                  20000500    00000030     (.common:pid_theta)
                  20000530    00000030     (.common:pid_x1)
                  20000560    00000030     (.common:pid_x2)
                  20000590    00000020     (.common:rData1)
                  200005b0    00000020     (.common:rData5)
                  200005d0    00000004     (.common:endptr)
                  200005d4    00000004     (.common:pid)
                  200005d8    00000001     (.common:rx_buf1)
                  200005d9    00000001     (.common:rx_buf5)

.data      0    200005dc    0000007c     UNINITIALIZED
                  200005dc    00000058     main.obj (.data)
                  20000634    0000000e     hand_hand.obj (.data)
                  20000642    0000000a     hand_hand.obj (.data:route)
                  2000064c    00000005     uartstdio.obj (.data)
                  20000651    00000003     --HOLE--
                  20000654    00000004     rtsv7M4_T_le_v4SPD16_eabi.lib : errno.c.obj (.data)

.stack     0    20000270    00000200     UNINITIALIZED
                  20000270    00000004     rtsv7M4_T_le_v4SPD16_eabi.lib : boot_cortex_m.c.obj (.stack)
                  20000274    000001fc     --HOLE--

__llvm_prf_cnts 
*          0    20000000    00000000     UNINITIALIZED

MODULE SUMMARY

       Module                         code    ro data   rw data
       ------                         ----    -------   -------
    .\
       main.obj                       2664    0         158    
       pid.obj                        1932    0         292    
       uartstdio.obj                  1192    46        5      
       hand_hand.obj                  1168    0         24     
       my_uart.obj                    980     0         0      
       tm4c123gh6pm_startup_ccs.obj   12      620       0      
    +--+------------------------------+-------+---------+---------+
       Total:                         7948    666       479    
                                                               
    D:/TivaWare/driverlib/ccs/Debug/driverlib.lib
       interrupt.obj                  208     176       620    
       sysctl.obj                     658     108       0      
       gpio.obj                       588     144       0      
       uart.obj                       326     128       0      
       timer.obj                      268     160       0      
       pwm.obj                        140     0         0      
       qei.obj                        42      0         0      
       cpu.obj                        12      0         0      
    +--+------------------------------+-------+---------+---------+
       Total:                         2242    716       620    
                                                               
    D:\CCS12.3.0\ccs\tools\compiler\ti-cgt-arm_20.2.7.LTS\lib\rtsv7M4_T_le_v4SPD16_eabi.lib
       strtod.c.obj                   1120    200       0      
       strtof.c.obj                   968     88        0      
       fd_add_t2.asm.obj              438     0         0      
       fd_div_t2.asm.obj              310     0         0      
       s_scalbn.c.obj                 272     0         0      
       ctype.c.obj                    0       257       0      
       fd_mul_t2.asm.obj              252     0         0      
       s_scalbnf.c.obj                208     0         0      
       memcpy_t2.asm.obj              156     0         0      
       fd_cmp_t2.asm.obj              134     0         0      
       memset_t2.asm.obj              122     0         0      
       fd_tos_t2.asm.obj              110     0         0      
       copy_decompress_lzss.c.obj     104     0         0      
       autoinit.c.obj                 68      0         0      
       fd_tou_t2.asm.obj              68      0         0      
       u_divt2.asm.obj                64      0         0      
       fs_tod_t2.asm.obj              56      0         0      
       boot_cortex_m.c.obj            52      0         0      
       u_tofd_t2.asm.obj              32      0         0      
       copy_zero_init.c.obj           28      0         0      
       s_copysign.c.obj               26      0         0      
       s_copysignf.c.obj              24      0         0      
       strcmp.c.obj                   24      0         0      
       copy_decompress_none.c.obj     14      0         0      
       errno.c.obj                    8       0         4      
       exit.c.obj                     4       0         0      
       pre_init.c.obj                 4       0         0      
       div0.asm.obj                   2       0         0      
    +--+------------------------------+-------+---------+---------+
       Total:                         4668    545       4      
                                                               
       Stack:                         0       0         512    
       Linker Generated:              0       91        0      
    +--+------------------------------+-------+---------+---------+
       Grand Total:                   14858   2018      1615   


LINKER GENERATED COPY TABLES

__TI_cinit_table @ 000041e8 records: 3, size/record: 8, table size: 24
	.data: load addr=000041a0, load size=00000027 bytes, run addr=200005dc, run size=0000007c bytes, compression=lzss
	.bss: load addr=000041d8, load size=00000008 bytes, run addr=20000470, run size=0000016a bytes, compression=zero_init
	.vtable: load addr=000041e0, load size=00000008 bytes, run addr=20000000, run size=0000026c bytes, compression=zero_init


LINKER GENERATED HANDLER TABLE

__TI_handler_table @ 000041c8 records: 3, size/record: 4, table size: 12
	index: 0, handler: __TI_zero_init
	index: 1, handler: __TI_decompress_lzss
	index: 2, handler: __TI_decompress_none


GLOBAL SYMBOLS: SORTED ALPHABETICALLY BY Name 

address   name                          
-------   ----                          
00003c7b  C$$EXIT                       
00003bb1  CPUcpsie                      
00003909  GPIODirModeSet                
00002b4d  GPIOPadConfigSet              
00003615  GPIOPinConfigure              
00003c49  GPIOPinRead                   
000039f7  GPIOPinTypeGPIOOutput         
00003a8b  GPIOPinTypePWM                
00003aa1  GPIOPinTypeQEI                
00003ab7  GPIOPinTypeUART               
00003c4f  GPIOPinWrite                  
00000619  GPIO_init                     
000021f9  Get_Data                      
000034e5  IntEnable                     
00003b3d  IntMasterEnable               
00003935  IntPrioritySet                
0000386d  IntRegister                   
2000061f  LED_flag                      
00001267  PID_b_update                  
00000cd5  PID_init                      
00001379  PID_para                      
00000fc9  PID_speed_update              
00001169  PID_theta_update              
00000e43  PID_x_update                  
00003959  PWMGenConfigure               
00003bbd  PWMGenDisable                 
00003bc9  PWMGenEnable                  
00003af5  PWMGenPeriodGet               
00003b4d  PWMGenPeriodSet               
00003b07  PWMOutputState                
000039bd  PWMPulseWidthSet              
000003bd  PWM_init                      
00003b5d  QEIConfigure                  
00003be1  QEIEnable                     
00003beb  QEIIntDisable                 
00003c67  QEIPositionGet                
00003c6b  QEIPositionSet                
0000046f  QEI_init                      
00003bd5  ResetISR                      
00001959  StatusDeal                    
00001909  StatusReset                   
00002df1  SysCtlClockGet                
00003115  SysCtlClockSet                
00003c55  SysCtlDelay                   
00003acd  SysCtlPWMClockSet             
000038a1  SysCtlPeripheralEnable        
000037fd  SysCtlPeripheralPresent       
00000369  Sysint_init                   
0000083d  TIMER0_IRQHandler             
000035b5  TimerConfigure                
00003b6b  TimerEnable                   
00003c6f  TimerIntClear                 
00003c31  TimerIntEnable                
00003a2b  TimerIntRegister              
00003bf5  TimerIntStatus                
00003b19  TimerLoadSet                  
00003b2b  TimerPrescaleSet              
00000ab1  UART1_Handler                 
00000b8d  UART5_Handler                 
00003bff  UARTCharGet                   
00003b79  UARTCharGetNonBlocking        
00003c09  UARTCharPut                   
00003b87  UARTCharPutNonBlocking        
00003b95  UARTCharsAvail                
00003c5b  UARTClockSourceSet            
000036ad  UARTConfigSetExpClk           
0000397d  UARTDisable                   
00003ae1  UARTEnable                    
00003c13  UARTFIFODisable               
00003c1d  UARTFIFOEnable                
00003c61  UARTFIFOLevelSet              
00003c73  UARTIntClear                  
00003c39  UARTIntEnable                 
00003a43  UARTIntRegister               
00003c27  UARTIntStatus                 
00001461  UARTStdioConfig               
000015b1  UARTgetc                      
000014f7  UARTgets                      
000018d3  UARTprintf                    
000015d9  UARTvprintf                   
000014a7  UARTwrite                     
0000240d  USART_PID_Adjust              
00000521  USART_init                    
000006a1  Wheel_set                     
20000470  __STACK_END                   
00000200  __STACK_SIZE                  
20000470  __STACK_TOP                   
000041e8  __TI_CINIT_Base               
00004200  __TI_CINIT_Limit              
000041c8  __TI_Handler_Table_Base       
000041d4  __TI_Handler_Table_Limit      
000036f5  __TI_auto_init_nobinit_nopinit
0000354d  __TI_decompress_lzss          
00003ba3  __TI_decompress_none          
ffffffff  __TI_pprof_out_hndl           
ffffffff  __TI_prof_data_size           
ffffffff  __TI_prof_data_start          
00000000  __TI_static_base__            
000039db  __TI_zero_init_nomemset       
00003375  __aeabi_cdcmpeq               
00003375  __aeabi_cdcmple               
00003475  __aeabi_d2f                   
00003739  __aeabi_d2uiz                 
0000299f  __aeabi_dadd                  
00002cb9  __aeabi_ddiv                  
00003019  __aeabi_dmul                  
00002995  __aeabi_dsub                  
00003c41  __aeabi_errno_addr            
00003835  __aeabi_f2d                   
00002b4b  __aeabi_idiv0                 
00002b4b  __aeabi_ldiv0                 
000033fb  __aeabi_memclr                
000033fb  __aeabi_memclr4               
000033fb  __aeabi_memclr8               
000032d9  __aeabi_memcpy                
000032d9  __aeabi_memcpy4               
000032d9  __aeabi_memcpy8               
000033fd  __aeabi_memset                
000033fd  __aeabi_memset4               
000033fd  __aeabi_memset8               
0000399d  __aeabi_ui2d                  
000037bd  __aeabi_uidiv                 
000037bd  __aeabi_uidivmod              
ffffffff  __binit__                     
ffffffff  __c_args__                    
UNDEFED   __mpu_init                    
20000270  __stack                       
20000000  __start___llvm_prf_cnts       
20000000  __stop___llvm_prf_cnts        
000038d5  _c_int00_noargs               
00003c80  _ctypes_                      
UNDEFED   _system_post_cinit            
00003c77  _system_pre_init              
00003c7b  abort                         
200005ec  b                             
200005e4  b_pid_flag                    
20000604  b_speed                       
ffffffff  binit                         
00003a11  copysign                      
00003a5b  copysignf                     
00003a11  copysignl                     
200005d0  endptr                        
20000654  errno                         
20000000  g_pfnRAMVectors               
00000000  g_pfnVectors                  
00002f09  ldexp                         
00003209  ldexpf                        
00002f09  ldexpl                        
0000026d  main                          
000032d9  memcpy                        
00003403  memset                        
200005d4  pid                           
20000470  pid1_v                        
200004a0  pid2_v                        
200004d0  pid_b                         
20000500  pid_theta                     
20000530  pid_x1                        
20000560  pid_x2                        
20000590  rData1                        
200005b0  rData5                        
20000611  rDataCount1                   
20000610  rDataCount5                   
20000618  rDataFlag1                    
20000614  rDataFlag5                    
2000063c  recognize_flag                
20000642  route                         
2000061c  route_flag                    
20000638  route_len                     
200005d8  rx_buf1                       
200005d9  rx_buf5                       
00002f09  scalbn                        
00003209  scalbnf                       
00002f09  scalbnl                       
200005f0  setspeed                      
200005e8  setspeed_flag                 
20000608  speed1                        
2000060c  speed2                        
20000634  status_hand                   
00003a73  strcmp                        
00001d99  strtod                        
000025cd  strtof                        
00001d99  strtold                       
20000641  target_flag                   
20000640  task_flag                     
2000061d  test_flag                     
200005fc  theta                         
200005e0  theta_pid_flag                
20000600  theta_speed                   
2000063d  turn_route_flag               
2000063f  turn_task_flag                
2000061e  uart_flag                     
200005dc  x_pid_flag                    
200005f4  x_set1                        
200005f8  x_set2                        
2000063e  x_task_flag                   


GLOBAL SYMBOLS: SORTED BY Symbol Address 

address   name                          
-------   ----                          
00000000  __TI_static_base__            
00000000  g_pfnVectors                  
00000200  __STACK_SIZE                  
0000026d  main                          
00000369  Sysint_init                   
000003bd  PWM_init                      
0000046f  QEI_init                      
00000521  USART_init                    
00000619  GPIO_init                     
000006a1  Wheel_set                     
0000083d  TIMER0_IRQHandler             
00000ab1  UART1_Handler                 
00000b8d  UART5_Handler                 
00000cd5  PID_init                      
00000e43  PID_x_update                  
00000fc9  PID_speed_update              
00001169  PID_theta_update              
00001267  PID_b_update                  
00001379  PID_para                      
00001461  UARTStdioConfig               
000014a7  UARTwrite                     
000014f7  UARTgets                      
000015b1  UARTgetc                      
000015d9  UARTvprintf                   
000018d3  UARTprintf                    
00001909  StatusReset                   
00001959  StatusDeal                    
00001d99  strtod                        
00001d99  strtold                       
000021f9  Get_Data                      
0000240d  USART_PID_Adjust              
000025cd  strtof                        
00002995  __aeabi_dsub                  
0000299f  __aeabi_dadd                  
00002b4b  __aeabi_idiv0                 
00002b4b  __aeabi_ldiv0                 
00002b4d  GPIOPadConfigSet              
00002cb9  __aeabi_ddiv                  
00002df1  SysCtlClockGet                
00002f09  ldexp                         
00002f09  ldexpl                        
00002f09  scalbn                        
00002f09  scalbnl                       
00003019  __aeabi_dmul                  
00003115  SysCtlClockSet                
00003209  ldexpf                        
00003209  scalbnf                       
000032d9  __aeabi_memcpy                
000032d9  __aeabi_memcpy4               
000032d9  __aeabi_memcpy8               
000032d9  memcpy                        
00003375  __aeabi_cdcmpeq               
00003375  __aeabi_cdcmple               
000033fb  __aeabi_memclr                
000033fb  __aeabi_memclr4               
000033fb  __aeabi_memclr8               
000033fd  __aeabi_memset                
000033fd  __aeabi_memset4               
000033fd  __aeabi_memset8               
00003403  memset                        
00003475  __aeabi_d2f                   
000034e5  IntEnable                     
0000354d  __TI_decompress_lzss          
000035b5  TimerConfigure                
00003615  GPIOPinConfigure              
000036ad  UARTConfigSetExpClk           
000036f5  __TI_auto_init_nobinit_nopinit
00003739  __aeabi_d2uiz                 
000037bd  __aeabi_uidiv                 
000037bd  __aeabi_uidivmod              
000037fd  SysCtlPeripheralPresent       
00003835  __aeabi_f2d                   
0000386d  IntRegister                   
000038a1  SysCtlPeripheralEnable        
000038d5  _c_int00_noargs               
00003909  GPIODirModeSet                
00003935  IntPrioritySet                
00003959  PWMGenConfigure               
0000397d  UARTDisable                   
0000399d  __aeabi_ui2d                  
000039bd  PWMPulseWidthSet              
000039db  __TI_zero_init_nomemset       
000039f7  GPIOPinTypeGPIOOutput         
00003a11  copysign                      
00003a11  copysignl                     
00003a2b  TimerIntRegister              
00003a43  UARTIntRegister               
00003a5b  copysignf                     
00003a73  strcmp                        
00003a8b  GPIOPinTypePWM                
00003aa1  GPIOPinTypeQEI                
00003ab7  GPIOPinTypeUART               
00003acd  SysCtlPWMClockSet             
00003ae1  UARTEnable                    
00003af5  PWMGenPeriodGet               
00003b07  PWMOutputState                
00003b19  TimerLoadSet                  
00003b2b  TimerPrescaleSet              
00003b3d  IntMasterEnable               
00003b4d  PWMGenPeriodSet               
00003b5d  QEIConfigure                  
00003b6b  TimerEnable                   
00003b79  UARTCharGetNonBlocking        
00003b87  UARTCharPutNonBlocking        
00003b95  UARTCharsAvail                
00003ba3  __TI_decompress_none          
00003bb1  CPUcpsie                      
00003bbd  PWMGenDisable                 
00003bc9  PWMGenEnable                  
00003bd5  ResetISR                      
00003be1  QEIEnable                     
00003beb  QEIIntDisable                 
00003bf5  TimerIntStatus                
00003bff  UARTCharGet                   
00003c09  UARTCharPut                   
00003c13  UARTFIFODisable               
00003c1d  UARTFIFOEnable                
00003c27  UARTIntStatus                 
00003c31  TimerIntEnable                
00003c39  UARTIntEnable                 
00003c41  __aeabi_errno_addr            
00003c49  GPIOPinRead                   
00003c4f  GPIOPinWrite                  
00003c55  SysCtlDelay                   
00003c5b  UARTClockSourceSet            
00003c61  UARTFIFOLevelSet              
00003c67  QEIPositionGet                
00003c6b  QEIPositionSet                
00003c6f  TimerIntClear                 
00003c73  UARTIntClear                  
00003c77  _system_pre_init              
00003c7b  C$$EXIT                       
00003c7b  abort                         
00003c80  _ctypes_                      
000041c8  __TI_Handler_Table_Base       
000041d4  __TI_Handler_Table_Limit      
000041e8  __TI_CINIT_Base               
00004200  __TI_CINIT_Limit              
20000000  __start___llvm_prf_cnts       
20000000  __stop___llvm_prf_cnts        
20000000  g_pfnRAMVectors               
20000270  __stack                       
20000470  __STACK_END                   
20000470  __STACK_TOP                   
20000470  pid1_v                        
200004a0  pid2_v                        
200004d0  pid_b                         
20000500  pid_theta                     
20000530  pid_x1                        
20000560  pid_x2                        
20000590  rData1                        
200005b0  rData5                        
200005d0  endptr                        
200005d4  pid                           
200005d8  rx_buf1                       
200005d9  rx_buf5                       
200005dc  x_pid_flag                    
200005e0  theta_pid_flag                
200005e4  b_pid_flag                    
200005e8  setspeed_flag                 
200005ec  b                             
200005f0  setspeed                      
200005f4  x_set1                        
200005f8  x_set2                        
200005fc  theta                         
20000600  theta_speed                   
20000604  b_speed                       
20000608  speed1                        
2000060c  speed2                        
20000610  rDataCount5                   
20000611  rDataCount1                   
20000614  rDataFlag5                    
20000618  rDataFlag1                    
2000061c  route_flag                    
2000061d  test_flag                     
2000061e  uart_flag                     
2000061f  LED_flag                      
20000634  status_hand                   
20000638  route_len                     
2000063c  recognize_flag                
2000063d  turn_route_flag               
2000063e  x_task_flag                   
2000063f  turn_task_flag                
20000640  task_flag                     
20000641  target_flag                   
20000642  route                         
20000654  errno                         
ffffffff  __TI_pprof_out_hndl           
ffffffff  __TI_prof_data_size           
ffffffff  __TI_prof_data_start          
ffffffff  __binit__                     
ffffffff  __c_args__                    
ffffffff  binit                         
UNDEFED   __mpu_init                    
UNDEFED   _system_post_cinit            

[195 symbols]
