******************************************************************************
                  TI ARM Linker PC v20.2.7                     
******************************************************************************
>> Linked Thu Jul  6 17:19:04 2023

OUTPUT FILE NAME:   <Car_drugs.out>
ENTRY POINT SYMBOL: "_c_int00_noargs"  address: 00003bf5


MEMORY CONFIGURATION

         name            origin    length      used     unused   attr    fill
----------------------  --------  ---------  --------  --------  ----  --------
  FLASH                 00000000   00040000  000044de  0003bb22  R  X
  SRAM                  20000000   00008000  000006b2  0000794e  RW X


SEGMENT ALLOCATION MAP

run origin  load origin   length   init length attrs members
----------  ----------- ---------- ----------- ----- -------
00000000    00000000    000044e0   000044e0    r-x
  00000000    00000000    0000026c   0000026c    r-- .intvecs
  0000026c    0000026c    00003d3a   00003d3a    r-x .text
  00003fa8    00003fa8    000004c8   000004c8    r-- .const
  00004470    00004470    00000070   00000070    r-- .cinit
20000000    20000000    000006b8   00000000    rw-
  20000000    20000000    0000026c   00000000    rw- .vtable
  20000270    20000270    00000200   00000000    rw- .stack
  20000470    20000470    0000019a   00000000    rw- .bss
  2000060c    2000060c    000000ac   00000000    rw- .data


SECTION ALLOCATION MAP

 output                                  attributes/
section   page    origin      length       input sections
--------  ----  ----------  ----------   ----------------
.intvecs   0    00000000    0000026c     
                  00000000    0000026c     tm4c123gh6pm_startup_ccs.obj (.intvecs)

.text      0    0000026c    00003d3a     
                  0000026c    00000c9c     main.obj (.text)
                  00000f08    000008a4     hand_hand.obj (.text)
                  000017ac    00000878     pid.obj (.text)
                  00002024    000004a8     uartstdio.obj (.text)
                  000024cc    00000460     rtsv7M4_T_le_v4SPD16_eabi.lib : strtod.c.obj (.text:strtod)
                  0000292c    000003d4     my_uart.obj (.text)
                  00002d00    000001b6     rtsv7M4_T_le_v4SPD16_eabi.lib : fd_add_t2.asm.obj (.text)
                  00002eb6    00000002                                   : div0.asm.obj (.text)
                  00002eb8    0000016c     driverlib.lib : gpio.obj (.text:GPIOPadConfigSet)
                  00003024    00000136     rtsv7M4_T_le_v4SPD16_eabi.lib : fd_div_t2.asm.obj (.text)
                  0000315a    00000002     --HOLE-- [fill = 0]
                  0000315c    00000118     driverlib.lib : sysctl.obj (.text:SysCtlClockGet)
                  00003274    00000110     rtsv7M4_T_le_v4SPD16_eabi.lib : s_scalbn.c.obj (.text:scalbn)
                  00003384    000000fc                                   : fd_mul_t2.asm.obj (.text)
                  00003480    000000f4     driverlib.lib : sysctl.obj (.text:SysCtlClockSet)
                  00003574    0000009c     rtsv7M4_T_le_v4SPD16_eabi.lib : memcpy_t2.asm.obj (.text)
                  00003610    00000086                                   : fd_cmp_t2.asm.obj (.text:__aeabi_cdcmple)
                  00003696    00000086                                   : fd_cmp_t2.asm.obj (.text:__aeabi_cdrcmple)
                  0000371c    0000007a                                   : memset_t2.asm.obj (.text)
                  00003796    0000006e                                   : fd_tos_t2.asm.obj (.text)
                  00003804    00000068     driverlib.lib : interrupt.obj (.text:IntEnable)
                  0000386c    00000068     rtsv7M4_T_le_v4SPD16_eabi.lib : copy_decompress_lzss.c.obj (.text:decompress:lzss:__TI_decompress_lzss)
                  000038d4    00000060     driverlib.lib : timer.obj (.text:TimerConfigure)
                  00003934    0000004c                   : gpio.obj (.text:GPIOPinConfigure)
                  00003980    0000004c                   : timer.obj (.text:_TimerIntNumberGet)
                  000039cc    00000046                   : uart.obj (.text:UARTConfigSetExpClk)
                  00003a12    00000002     --HOLE-- [fill = 0]
                  00003a14    00000044     rtsv7M4_T_le_v4SPD16_eabi.lib : autoinit.c.obj (.text:__TI_auto_init_nobinit_nopinit:__TI_auto_init_nobinit_nopinit)
                  00003a58    00000044                                   : fd_tou_t2.asm.obj (.text)
                  00003a9c    00000040     driverlib.lib : uart.obj (.text:_UARTIntNumberGet)
                  00003adc    00000040     rtsv7M4_T_le_v4SPD16_eabi.lib : u_divt2.asm.obj (.text)
                  00003b1c    00000038     driverlib.lib : sysctl.obj (.text:SysCtlPeripheralPresent)
                  00003b54    00000038     rtsv7M4_T_le_v4SPD16_eabi.lib : fs_tod_t2.asm.obj (.text)
                  00003b8c    00000034     driverlib.lib : interrupt.obj (.text:IntRegister)
                  00003bc0    00000034                   : sysctl.obj (.text:SysCtlPeripheralEnable)
                  00003bf4    00000034     rtsv7M4_T_le_v4SPD16_eabi.lib : boot_cortex_m.c.obj (.text:_c_int00_noargs:_c_int00_noargs)
                  00003c28    0000002e                                   : i_tofd_t2.asm.obj (.text)
                  00003c56    0000002c     driverlib.lib : gpio.obj (.text:GPIODirModeSet)
                  00003c82    00000002     --HOLE-- [fill = 0]
                  00003c84    00000024                   : interrupt.obj (.text:IntPrioritySet)
                  00003ca8    00000022                   : pwm.obj (.text:PWMGenConfigure)
                  00003cca    00000002     --HOLE-- [fill = 0]
                  00003ccc    00000020                   : uart.obj (.text:UARTDisable)
                  00003cec    00000020     rtsv7M4_T_le_v4SPD16_eabi.lib : u_tofd_t2.asm.obj (.text)
                  00003d0c    0000001e     driverlib.lib : pwm.obj (.text:PWMPulseWidthSet)
                  00003d2a    0000001a                   : gpio.obj (.text:GPIOPinTypeGPIOOutput)
                  00003d44    0000001a     rtsv7M4_T_le_v4SPD16_eabi.lib : s_copysign.c.obj (.text:copysign)
                  00003d5e    00000018     driverlib.lib : timer.obj (.text:TimerIntRegister)
                  00003d76    00000018                   : uart.obj (.text:UARTIntRegister)
                  00003d8e    00000018     rtsv7M4_T_le_v4SPD16_eabi.lib : strcmp.c.obj (.text:strcmp)
                  00003da6    00000016     driverlib.lib : gpio.obj (.text:GPIOPinTypePWM)
                  00003dbc    00000016                   : gpio.obj (.text:GPIOPinTypeQEI)
                  00003dd2    00000016                   : gpio.obj (.text:GPIOPinTypeUART)
                  00003de8    00000014                   : sysctl.obj (.text:SysCtlPWMClockSet)
                  00003dfc    00000014                   : uart.obj (.text:UARTEnable)
                  00003e10    00000012                   : pwm.obj (.text:PWMGenPeriodGet)
                  00003e22    00000012                   : pwm.obj (.text:PWMOutputState)
                  00003e34    00000012                   : timer.obj (.text:TimerLoadSet)
                  00003e46    00000012                   : timer.obj (.text:TimerPrescaleSet)
                  00003e58    00000010                   : interrupt.obj (.text:IntMasterEnable)
                  00003e68    00000010                   : pwm.obj (.text:PWMGenPeriodSet)
                  00003e78    0000000e                   : qei.obj (.text:QEIConfigure)
                  00003e86    0000000e                   : timer.obj (.text:TimerEnable)
                  00003e94    0000000e                   : uart.obj (.text:UARTCharGetNonBlocking)
                  00003ea2    0000000e                   : uart.obj (.text:UARTCharPutNonBlocking)
                  00003eb0    0000000e                   : uart.obj (.text:UARTCharsAvail)
                  00003ebe    0000000e     rtsv7M4_T_le_v4SPD16_eabi.lib : copy_decompress_none.c.obj (.text:decompress:none:__TI_decompress_none)
                  00003ecc    0000000c     driverlib.lib : cpu.obj (.text:CPUcpsie)
                  00003ed8    0000000c                   : pwm.obj (.text:PWMGenDisable)
                  00003ee4    0000000c                   : pwm.obj (.text:PWMGenEnable)
                  00003ef0    0000000c     rtsv7M4_T_le_v4SPD16_eabi.lib : copy_zero_init.c.obj (.text:decompress:ZI:__TI_zero_init)
                  00003efc    0000000c     tm4c123gh6pm_startup_ccs.obj (.text)
                  00003f08    0000000a     driverlib.lib : qei.obj (.text:QEIEnable)
                  00003f12    0000000a                   : qei.obj (.text:QEIIntDisable)
                  00003f1c    0000000a                   : timer.obj (.text:TimerIntStatus)
                  00003f26    0000000a                   : uart.obj (.text:UARTCharGet)
                  00003f30    0000000a                   : uart.obj (.text:UARTCharPut)
                  00003f3a    0000000a                   : uart.obj (.text:UARTFIFODisable)
                  00003f44    0000000a                   : uart.obj (.text:UARTFIFOEnable)
                  00003f4e    0000000a                   : uart.obj (.text:UARTIntStatus)
                  00003f58    00000008                   : timer.obj (.text:TimerIntEnable)
                  00003f60    00000008                   : uart.obj (.text:UARTIntEnable)
                  00003f68    00000008     rtsv7M4_T_le_v4SPD16_eabi.lib : errno.c.obj (.text:__aeabi_errno_addr)
                  00003f70    00000006     driverlib.lib : gpio.obj (.text:GPIOPinRead)
                  00003f76    00000006                   : gpio.obj (.text:GPIOPinWrite)
                  00003f7c    00000006                   : sysctl.obj (.text:SysCtlDelay)
                  00003f82    00000006                   : uart.obj (.text:UARTClockSourceSet)
                  00003f88    00000006                   : uart.obj (.text:UARTFIFOLevelSet)
                  00003f8e    00000004                   : qei.obj (.text:QEIPositionGet)
                  00003f92    00000004                   : qei.obj (.text:QEIPositionSet)
                  00003f96    00000004                   : timer.obj (.text:TimerIntClear)
                  00003f9a    00000004                   : uart.obj (.text:UARTIntClear)
                  00003f9e    00000004     rtsv7M4_T_le_v4SPD16_eabi.lib : pre_init.c.obj (.text:_system_pre_init)
                  00003fa2    00000004                                   : exit.c.obj (.text:abort:abort)

.const     0    00003fa8    000004c8     
                  00003fa8    00000101     rtsv7M4_T_le_v4SPD16_eabi.lib : ctype.c.obj (.const:.string:_ctypes_)
                  000040a9    00000003     --HOLE-- [fill = 0]
                  000040ac    00000004     uartstdio.obj (.const)
                  000040b0    000000c8     rtsv7M4_T_le_v4SPD16_eabi.lib : strtod.c.obj (.const:$O1$$)
                  00004178    0000009c     driverlib.lib : interrupt.obj (.const:g_pui32Regs)
                  00004214    00000090                   : gpio.obj (.const:g_pui32GPIOBaseAddrs)
                  000042a4    0000006c                   : sysctl.obj (.const:g_pui32Xtals)
                  00004310    00000060                   : timer.obj (.const:g_ppui32TimerIntMap)
                  00004370    00000040                   : timer.obj (.const:g_ppui32TimerIntMapSnowflake)
                  000043b0    00000040                   : uart.obj (.const:g_ppui32UARTIntMap)
                  000043f0    00000040                   : uart.obj (.const:g_ppui32UARTIntMapSnowflake)
                  00004430    00000014                   : interrupt.obj (.const:g_pui32EnRegs)
                  00004444    00000012     uartstdio.obj (.const:.string)
                  00004456    00000002     --HOLE-- [fill = 0]
                  00004458    0000000c     uartstdio.obj (.const:g_ui32UARTBase)
                  00004464    0000000c     uartstdio.obj (.const:g_ui32UARTPeriph)

.cinit     0    00004470    00000070     
                  00004470    00000035     (.cinit..data.load) [load image, compression = lzss]
                  000044a5    00000003     --HOLE-- [fill = 0]
                  000044a8    0000000c     (__TI_handler_table)
                  000044b4    00000004     --HOLE-- [fill = 0]
                  000044b8    00000008     (.cinit..bss.load) [load image, compression = zero_init]
                  000044c0    00000008     (.cinit..vtable.load) [load image, compression = zero_init]
                  000044c8    00000018     (__TI_cinit_table)

.init_array 
*          0    00000000    00000000     UNINITIALIZED

.vtable    0    20000000    0000026c     UNINITIALIZED
                  20000000    0000026c     driverlib.lib : interrupt.obj (.vtable)

.bss       0    20000470    0000019a     UNINITIALIZED
                  20000470    00000030     (.common:pid1_v)
                  200004a0    00000030     (.common:pid2_v)
                  200004d0    00000030     (.common:pid_b)
                  20000500    00000030     (.common:pid_pos)
                  20000530    00000030     (.common:pid_theta)
                  20000560    00000030     (.common:pid_x1)
                  20000590    00000030     (.common:pid_x2)
                  200005c0    00000020     (.common:rData1)
                  200005e0    00000020     (.common:rData5)
                  20000600    00000004     (.common:endptr)
                  20000604    00000004     (.common:pid)
                  20000608    00000001     (.common:rx_buf1)
                  20000609    00000001     (.common:rx_buf5)

.data      0    2000060c    000000ac     UNINITIALIZED
                  2000060c    00000078     main.obj (.data)
                  20000684    0000001d     hand_hand.obj (.data)
                  200006a1    0000000a     hand_hand.obj (.data:route)
                  200006ab    00000001     --HOLE--
                  200006ac    00000005     uartstdio.obj (.data)
                  200006b1    00000003     --HOLE--
                  200006b4    00000004     rtsv7M4_T_le_v4SPD16_eabi.lib : errno.c.obj (.data)

.stack     0    20000270    00000200     UNINITIALIZED
                  20000270    00000004     rtsv7M4_T_le_v4SPD16_eabi.lib : boot_cortex_m.c.obj (.stack)
                  20000274    000001fc     --HOLE--

__llvm_prf_cnts 
*          0    20000000    00000000     UNINITIALIZED

MODULE SUMMARY

       Module                         code    ro data   rw data
       ------                         ----    -------   -------
    .\
       main.obj                       3228    0         190    
       pid.obj                        2168    0         340    
       hand_hand.obj                  2212    0         39     
       uartstdio.obj                  1192    46        5      
       my_uart.obj                    980     0         0      
       tm4c123gh6pm_startup_ccs.obj   12      620       0      
    +--+------------------------------+-------+---------+---------+
       Total:                         9792    666       574    
                                                               
    D:/TivaWare/driverlib/ccs/Debug/driverlib.lib
       interrupt.obj                  208     176       620    
       sysctl.obj                     658     108       0      
       gpio.obj                       588     144       0      
       uart.obj                       326     128       0      
       timer.obj                      268     160       0      
       pwm.obj                        140     0         0      
       qei.obj                        42      0         0      
       cpu.obj                        12      0         0      
    +--+------------------------------+-------+---------+---------+
       Total:                         2242    716       620    
                                                               
    D:\CCS12.3.0\ccs\tools\compiler\ti-cgt-arm_20.2.7.LTS\lib\rtsv7M4_T_le_v4SPD16_eabi.lib
       strtod.c.obj                   1120    200       0      
       fd_add_t2.asm.obj              438     0         0      
       fd_div_t2.asm.obj              310     0         0      
       s_scalbn.c.obj                 272     0         0      
       fd_cmp_t2.asm.obj              268     0         0      
       ctype.c.obj                    0       257       0      
       fd_mul_t2.asm.obj              252     0         0      
       memcpy_t2.asm.obj              156     0         0      
       memset_t2.asm.obj              122     0         0      
       fd_tos_t2.asm.obj              110     0         0      
       copy_decompress_lzss.c.obj     104     0         0      
       autoinit.c.obj                 68      0         0      
       fd_tou_t2.asm.obj              68      0         0      
       u_divt2.asm.obj                64      0         0      
       fs_tod_t2.asm.obj              56      0         0      
       boot_cortex_m.c.obj            52      0         0      
       i_tofd_t2.asm.obj              46      0         0      
       u_tofd_t2.asm.obj              32      0         0      
       s_copysign.c.obj               26      0         0      
       strcmp.c.obj                   24      0         0      
       copy_decompress_none.c.obj     14      0         0      
       copy_zero_init.c.obj           12      0         0      
       errno.c.obj                    8       0         4      
       exit.c.obj                     4       0         0      
       pre_init.c.obj                 4       0         0      
       div0.asm.obj                   2       0         0      
    +--+------------------------------+-------+---------+---------+
       Total:                         3632    457       4      
                                                               
       Stack:                         0       0         512    
       Linker Generated:              0       105       0      
    +--+------------------------------+-------+---------+---------+
       Grand Total:                   15666   1944      1710   


LINKER GENERATED COPY TABLES

__TI_cinit_table @ 000044c8 records: 3, size/record: 8, table size: 24
	.data: load addr=00004470, load size=00000035 bytes, run addr=2000060c, run size=000000ac bytes, compression=lzss
	.bss: load addr=000044b8, load size=00000008 bytes, run addr=20000470, run size=0000019a bytes, compression=zero_init
	.vtable: load addr=000044c0, load size=00000008 bytes, run addr=20000000, run size=0000026c bytes, compression=zero_init


LINKER GENERATED HANDLER TABLE

__TI_handler_table @ 000044a8 records: 3, size/record: 4, table size: 12
	index: 0, handler: __TI_zero_init
	index: 1, handler: __TI_decompress_lzss
	index: 2, handler: __TI_decompress_none


GLOBAL SYMBOLS: SORTED ALPHABETICALLY BY Name 

address   name                          
-------   ----                          
00003fa3  C$$EXIT                       
00003ecd  CPUcpsie                      
00000e75  Drug_Read                     
00003c57  GPIODirModeSet                
00002eb9  GPIOPadConfigSet              
00003935  GPIOPinConfigure              
00003f71  GPIOPinRead                   
00003d2b  GPIOPinTypeGPIOOutput         
00003da7  GPIOPinTypePWM                
00003dbd  GPIOPinTypeQEI                
00003dd3  GPIOPinTypeUART               
00003f77  GPIOPinWrite                  
0000059b  GPIO_init                     
0000292d  Get_Data                      
00003805  IntEnable                     
00003e59  IntMasterEnable               
00003c85  IntPrioritySet                
00003b8d  IntRegister                   
20000646  LED_flag                      
00001d89  PID_b_update                  
000017ad  PID_init                      
00001f51  PID_para                      
00001e49  PID_pos_update                
00001b55  PID_speed_update              
00001c85  PID_theta_update              
00001945  PID_x_update                  
00003ca9  PWMGenConfigure               
00003ed9  PWMGenDisable                 
00003ee5  PWMGenEnable                  
00003e11  PWMGenPeriodGet               
00003e69  PWMGenPeriodSet               
00003e23  PWMOutputState                
00003d0d  PWMPulseWidthSet              
00000351  PWM_init                      
00003e79  QEIConfigure                  
00003f09  QEIEnable                     
00003f13  QEIIntDisable                 
00003f8f  QEIPositionGet                
00003f93  QEIPositionSet                
00000403  QEI_init                      
00003efd  ResetISR                      
00000fa1  StatusDeal                    
00000f09  StatusReset                   
0000315d  SysCtlClockGet                
00003481  SysCtlClockSet                
00003f7d  SysCtlDelay                   
00003de9  SysCtlPWMClockSet             
00003bc1  SysCtlPeripheralEnable        
00003b1d  SysCtlPeripheralPresent       
000002fd  Sysint_init                   
00000879  TIMER0_IRQHandler             
000038d5  TimerConfigure                
00003e87  TimerEnable                   
00003f97  TimerIntClear                 
00003f59  TimerIntEnable                
00003d5f  TimerIntRegister              
00003f1d  TimerIntStatus                
00003e35  TimerLoadSet                  
00003e47  TimerPrescaleSet              
00000bd1  UART1_Handler                 
00000ca5  UART5_Handler                 
00003f27  UARTCharGet                   
00003e95  UARTCharGetNonBlocking        
00003f31  UARTCharPut                   
00003ea3  UARTCharPutNonBlocking        
00003eb1  UARTCharsAvail                
00003f83  UARTClockSourceSet            
000039cd  UARTConfigSetExpClk           
00003ccd  UARTDisable                   
00003dfd  UARTEnable                    
00003f3b  UARTFIFODisable               
00003f45  UARTFIFOEnable                
00003f89  UARTFIFOLevelSet              
00003f9b  UARTIntClear                  
00003f61  UARTIntEnable                 
00003d77  UARTIntRegister               
00003f4f  UARTIntStatus                 
00002025  UARTStdioConfig               
00002175  UARTgetc                      
000020bb  UARTgets                      
00002497  UARTprintf                    
0000219d  UARTvprintf                   
0000206b  UARTwrite                     
00002b41  USART_PID_Adjust              
000004b5  USART_init                    
00000671  Wheel_set                     
20000470  __STACK_END                   
00000200  __STACK_SIZE                  
20000470  __STACK_TOP                   
000044c8  __TI_CINIT_Base               
000044e0  __TI_CINIT_Limit              
000044a8  __TI_Handler_Table_Base       
000044b4  __TI_Handler_Table_Limit      
00003a15  __TI_auto_init_nobinit_nopinit
0000386d  __TI_decompress_lzss          
00003ebf  __TI_decompress_none          
ffffffff  __TI_pprof_out_hndl           
ffffffff  __TI_prof_data_size           
ffffffff  __TI_prof_data_start          
00000000  __TI_static_base__            
00003ef1  __TI_zero_init                
00003611  __aeabi_cdcmpeq               
00003611  __aeabi_cdcmple               
00003697  __aeabi_cdrcmple              
00003797  __aeabi_d2f                   
00003a59  __aeabi_d2uiz                 
00002d0b  __aeabi_dadd                  
00003025  __aeabi_ddiv                  
00003385  __aeabi_dmul                  
00002d01  __aeabi_dsub                  
00003f69  __aeabi_errno_addr            
00003b55  __aeabi_f2d                   
00003c29  __aeabi_i2d                   
00002eb7  __aeabi_idiv0                 
00002eb7  __aeabi_ldiv0                 
0000371d  __aeabi_memclr                
0000371d  __aeabi_memclr4               
0000371d  __aeabi_memclr8               
00003575  __aeabi_memcpy                
00003575  __aeabi_memcpy4               
00003575  __aeabi_memcpy8               
0000371f  __aeabi_memset                
0000371f  __aeabi_memset4               
0000371f  __aeabi_memset8               
00003ced  __aeabi_ui2d                  
00003add  __aeabi_uidiv                 
00003add  __aeabi_uidivmod              
ffffffff  __binit__                     
ffffffff  __c_args__                    
UNDEFED   __mpu_init                    
20000270  __stack                       
20000000  __start___llvm_prf_cnts       
20000000  __stop___llvm_prf_cnts        
00003bf5  _c_int00_noargs               
00003fa8  _ctypes_                      
UNDEFED   _system_post_cinit            
00003f9f  _system_pre_init              
00003fa3  abort                         
ffffffff  binit                         
00003d45  copysign                      
00003d45  copysignl                     
20000699  cross                         
2000069a  cross_flag                    
20000650  data_flag                     
20000600  endptr                        
200006b4  errno                         
00000ddb  f_char_printf                 
20000000  g_pfnRAMVectors               
00000000  g_pfnVectors                  
200006a0  home_flag                     
20000653  keep                          
00003275  ldexp                         
00003275  ldexpl                        
0000026d  main                          
00003575  memcpy                        
00003725  memset                        
20000692  next_q                        
20000604  pid                           
20000470  pid1_v                        
200004a0  pid2_v                        
200004d0  pid_b                         
20000618  pid_flag                      
20000500  pid_pos                       
20000651  pid_reset_flag                
20000530  pid_theta                     
20000560  pid_x1                        
20000590  pid_x2                        
20000628  pos                           
20000610  pos_pid_flag                  
2000062c  pos_speed                     
20000654  question                      
200005c0  rData1                        
200005e0  rData5                        
20000639  rDataCount1                   
20000638  rDataCount5                   
20000640  rDataFlag1                    
2000063c  rDataFlag5                    
2000068c  recognize_flag                
200006a1  route                         
20000644  route_flag                    
20000688  route_len                     
20000608  rx_buf1                       
20000609  rx_buf5                       
00003275  scalbn                        
00003275  scalbnl                       
2000061c  setspeed                      
20000614  setspeed_flag                 
20000630  speed1                        
20000634  speed2                        
20000684  status_hand                   
20000694  stop_count                    
2000069c  stop_judge                    
00003d8f  strcmp                        
000024cd  strtod                        
000024cd  strtold                       
20000691  target                        
20000690  task_flag                     
20000645  test_flag                     
20000652  time_count                    
20000698  turn_flag                     
2000068d  turn_route_flag               
2000068f  turn_task_flag                
20000648  uart_flag                     
20000658  x_last1                       
2000065c  x_last2                       
2000064c  x_last_flag                   
2000060c  x_pid_flag                    
20000620  x_set1                        
20000624  x_set2                        
2000068e  x_task_flag                   


GLOBAL SYMBOLS: SORTED BY Symbol Address 

address   name                          
-------   ----                          
00000000  __TI_static_base__            
00000000  g_pfnVectors                  
00000200  __STACK_SIZE                  
0000026d  main                          
000002fd  Sysint_init                   
00000351  PWM_init                      
00000403  QEI_init                      
000004b5  USART_init                    
0000059b  GPIO_init                     
00000671  Wheel_set                     
00000879  TIMER0_IRQHandler             
00000bd1  UART1_Handler                 
00000ca5  UART5_Handler                 
00000ddb  f_char_printf                 
00000e75  Drug_Read                     
00000f09  StatusReset                   
00000fa1  StatusDeal                    
000017ad  PID_init                      
00001945  PID_x_update                  
00001b55  PID_speed_update              
00001c85  PID_theta_update              
00001d89  PID_b_update                  
00001e49  PID_pos_update                
00001f51  PID_para                      
00002025  UARTStdioConfig               
0000206b  UARTwrite                     
000020bb  UARTgets                      
00002175  UARTgetc                      
0000219d  UARTvprintf                   
00002497  UARTprintf                    
000024cd  strtod                        
000024cd  strtold                       
0000292d  Get_Data                      
00002b41  USART_PID_Adjust              
00002d01  __aeabi_dsub                  
00002d0b  __aeabi_dadd                  
00002eb7  __aeabi_idiv0                 
00002eb7  __aeabi_ldiv0                 
00002eb9  GPIOPadConfigSet              
00003025  __aeabi_ddiv                  
0000315d  SysCtlClockGet                
00003275  ldexp                         
00003275  ldexpl                        
00003275  scalbn                        
00003275  scalbnl                       
00003385  __aeabi_dmul                  
00003481  SysCtlClockSet                
00003575  __aeabi_memcpy                
00003575  __aeabi_memcpy4               
00003575  __aeabi_memcpy8               
00003575  memcpy                        
00003611  __aeabi_cdcmpeq               
00003611  __aeabi_cdcmple               
00003697  __aeabi_cdrcmple              
0000371d  __aeabi_memclr                
0000371d  __aeabi_memclr4               
0000371d  __aeabi_memclr8               
0000371f  __aeabi_memset                
0000371f  __aeabi_memset4               
0000371f  __aeabi_memset8               
00003725  memset                        
00003797  __aeabi_d2f                   
00003805  IntEnable                     
0000386d  __TI_decompress_lzss          
000038d5  TimerConfigure                
00003935  GPIOPinConfigure              
000039cd  UARTConfigSetExpClk           
00003a15  __TI_auto_init_nobinit_nopinit
00003a59  __aeabi_d2uiz                 
00003add  __aeabi_uidiv                 
00003add  __aeabi_uidivmod              
00003b1d  SysCtlPeripheralPresent       
00003b55  __aeabi_f2d                   
00003b8d  IntRegister                   
00003bc1  SysCtlPeripheralEnable        
00003bf5  _c_int00_noargs               
00003c29  __aeabi_i2d                   
00003c57  GPIODirModeSet                
00003c85  IntPrioritySet                
00003ca9  PWMGenConfigure               
00003ccd  UARTDisable                   
00003ced  __aeabi_ui2d                  
00003d0d  PWMPulseWidthSet              
00003d2b  GPIOPinTypeGPIOOutput         
00003d45  copysign                      
00003d45  copysignl                     
00003d5f  TimerIntRegister              
00003d77  UARTIntRegister               
00003d8f  strcmp                        
00003da7  GPIOPinTypePWM                
00003dbd  GPIOPinTypeQEI                
00003dd3  GPIOPinTypeUART               
00003de9  SysCtlPWMClockSet             
00003dfd  UARTEnable                    
00003e11  PWMGenPeriodGet               
00003e23  PWMOutputState                
00003e35  TimerLoadSet                  
00003e47  TimerPrescaleSet              
00003e59  IntMasterEnable               
00003e69  PWMGenPeriodSet               
00003e79  QEIConfigure                  
00003e87  TimerEnable                   
00003e95  UARTCharGetNonBlocking        
00003ea3  UARTCharPutNonBlocking        
00003eb1  UARTCharsAvail                
00003ebf  __TI_decompress_none          
00003ecd  CPUcpsie                      
00003ed9  PWMGenDisable                 
00003ee5  PWMGenEnable                  
00003ef1  __TI_zero_init                
00003efd  ResetISR                      
00003f09  QEIEnable                     
00003f13  QEIIntDisable                 
00003f1d  TimerIntStatus                
00003f27  UARTCharGet                   
00003f31  UARTCharPut                   
00003f3b  UARTFIFODisable               
00003f45  UARTFIFOEnable                
00003f4f  UARTIntStatus                 
00003f59  TimerIntEnable                
00003f61  UARTIntEnable                 
00003f69  __aeabi_errno_addr            
00003f71  GPIOPinRead                   
00003f77  GPIOPinWrite                  
00003f7d  SysCtlDelay                   
00003f83  UARTClockSourceSet            
00003f89  UARTFIFOLevelSet              
00003f8f  QEIPositionGet                
00003f93  QEIPositionSet                
00003f97  TimerIntClear                 
00003f9b  UARTIntClear                  
00003f9f  _system_pre_init              
00003fa3  C$$EXIT                       
00003fa3  abort                         
00003fa8  _ctypes_                      
000044a8  __TI_Handler_Table_Base       
000044b4  __TI_Handler_Table_Limit      
000044c8  __TI_CINIT_Base               
000044e0  __TI_CINIT_Limit              
20000000  __start___llvm_prf_cnts       
20000000  __stop___llvm_prf_cnts        
20000000  g_pfnRAMVectors               
20000270  __stack                       
20000470  __STACK_END                   
20000470  __STACK_TOP                   
20000470  pid1_v                        
200004a0  pid2_v                        
200004d0  pid_b                         
20000500  pid_pos                       
20000530  pid_theta                     
20000560  pid_x1                        
20000590  pid_x2                        
200005c0  rData1                        
200005e0  rData5                        
20000600  endptr                        
20000604  pid                           
20000608  rx_buf1                       
20000609  rx_buf5                       
2000060c  x_pid_flag                    
20000610  pos_pid_flag                  
20000614  setspeed_flag                 
20000618  pid_flag                      
2000061c  setspeed                      
20000620  x_set1                        
20000624  x_set2                        
20000628  pos                           
2000062c  pos_speed                     
20000630  speed1                        
20000634  speed2                        
20000638  rDataCount5                   
20000639  rDataCount1                   
2000063c  rDataFlag5                    
20000640  rDataFlag1                    
20000644  route_flag                    
20000645  test_flag                     
20000646  LED_flag                      
20000648  uart_flag                     
2000064c  x_last_flag                   
20000650  data_flag                     
20000651  pid_reset_flag                
20000652  time_count                    
20000653  keep                          
20000654  question                      
20000658  x_last1                       
2000065c  x_last2                       
20000684  status_hand                   
20000688  route_len                     
2000068c  recognize_flag                
2000068d  turn_route_flag               
2000068e  x_task_flag                   
2000068f  turn_task_flag                
20000690  task_flag                     
20000691  target                        
20000692  next_q                        
20000694  stop_count                    
20000698  turn_flag                     
20000699  cross                         
2000069a  cross_flag                    
2000069c  stop_judge                    
200006a0  home_flag                     
200006a1  route                         
200006b4  errno                         
ffffffff  __TI_pprof_out_hndl           
ffffffff  __TI_prof_data_size           
ffffffff  __TI_prof_data_start          
ffffffff  __binit__                     
ffffffff  __c_args__                    
ffffffff  binit                         
UNDEFED   __mpu_init                    
UNDEFED   _system_post_cinit            

[210 symbols]
