<?xml version="1.0" encoding="ISO-8859-1" ?>
<link_info>
   <banner>TI ARM Linker PC v20.2.7.LTS</banner>
   <copyright>Copyright (c) 1996-2018 Texas Instruments Incorporated</copyright>
   <link_time>0x647ed7cb</link_time>
   <link_errors>0x0</link_errors>
   <output_file>Car_drugs.out</output_file>
   <entry_point>
      <name>_c_int00_noargs</name>
      <address>0x2f29</address>
   </entry_point>
   <input_file_list>
      <input_file id="fl-2">
         <path>.\</path>
         <kind>object</kind>
         <file>hand_hand.obj</file>
         <name>hand_hand.obj</name>
      </input_file>
      <input_file id="fl-3">
         <path>.\</path>
         <kind>object</kind>
         <file>main.obj</file>
         <name>main.obj</name>
      </input_file>
      <input_file id="fl-4">
         <path>.\</path>
         <kind>object</kind>
         <file>my_uart.obj</file>
         <name>my_uart.obj</name>
      </input_file>
      <input_file id="fl-5">
         <path>.\</path>
         <kind>object</kind>
         <file>pid.obj</file>
         <name>pid.obj</name>
      </input_file>
      <input_file id="fl-6">
         <path>.\</path>
         <kind>object</kind>
         <file>tm4c123gh6pm_startup_ccs.obj</file>
         <name>tm4c123gh6pm_startup_ccs.obj</name>
      </input_file>
      <input_file id="fl-7">
         <path>.\</path>
         <kind>object</kind>
         <file>uartstdio.obj</file>
         <name>uartstdio.obj</name>
      </input_file>
      <input_file id="fl-c">
         <kind>object</kind>
         <file>&lt;internal&gt;</file>
         <name>&lt;internal&gt;</name>
      </input_file>
      <input_file id="fl-c2">
         <path>D:\CCS12.3.0\ccs\tools\compiler\ti-cgt-arm_20.2.7.LTS\lib\</path>
         <kind>archive</kind>
         <file>rtsv7M4_T_le_v4SPD16_eabi.lib</file>
         <name>fd_div_t2.asm.obj</name>
      </input_file>
      <input_file id="fl-c3">
         <path>D:\CCS12.3.0\ccs\tools\compiler\ti-cgt-arm_20.2.7.LTS\lib\</path>
         <kind>archive</kind>
         <file>rtsv7M4_T_le_v4SPD16_eabi.lib</file>
         <name>fd_mul_t2.asm.obj</name>
      </input_file>
      <input_file id="fl-c4">
         <path>D:\CCS12.3.0\ccs\tools\compiler\ti-cgt-arm_20.2.7.LTS\lib\</path>
         <kind>archive</kind>
         <file>rtsv7M4_T_le_v4SPD16_eabi.lib</file>
         <name>fd_tos_t2.asm.obj</name>
      </input_file>
      <input_file id="fl-c5">
         <path>D:\CCS12.3.0\ccs\tools\compiler\ti-cgt-arm_20.2.7.LTS\lib\</path>
         <kind>archive</kind>
         <file>rtsv7M4_T_le_v4SPD16_eabi.lib</file>
         <name>fd_tou_t2.asm.obj</name>
      </input_file>
      <input_file id="fl-c6">
         <path>D:\CCS12.3.0\ccs\tools\compiler\ti-cgt-arm_20.2.7.LTS\lib\</path>
         <kind>archive</kind>
         <file>rtsv7M4_T_le_v4SPD16_eabi.lib</file>
         <name>fs_tod_t2.asm.obj</name>
      </input_file>
      <input_file id="fl-c7">
         <path>D:\CCS12.3.0\ccs\tools\compiler\ti-cgt-arm_20.2.7.LTS\lib\</path>
         <kind>archive</kind>
         <file>rtsv7M4_T_le_v4SPD16_eabi.lib</file>
         <name>u_tofd_t2.asm.obj</name>
      </input_file>
      <input_file id="fl-c8">
         <path>D:\CCS12.3.0\ccs\tools\compiler\ti-cgt-arm_20.2.7.LTS\lib\</path>
         <kind>archive</kind>
         <file>rtsv7M4_T_le_v4SPD16_eabi.lib</file>
         <name>memset_t2.asm.obj</name>
      </input_file>
      <input_file id="fl-c9">
         <path>D:\CCS12.3.0\ccs\tools\compiler\ti-cgt-arm_20.2.7.LTS\lib\</path>
         <kind>archive</kind>
         <file>rtsv7M4_T_le_v4SPD16_eabi.lib</file>
         <name>u_divt2.asm.obj</name>
      </input_file>
      <input_file id="fl-ca">
         <path>D:\CCS12.3.0\ccs\tools\compiler\ti-cgt-arm_20.2.7.LTS\lib\</path>
         <kind>archive</kind>
         <file>rtsv7M4_T_le_v4SPD16_eabi.lib</file>
         <name>copy_zero_init.c.obj</name>
      </input_file>
      <input_file id="fl-cb">
         <path>D:\CCS12.3.0\ccs\tools\compiler\ti-cgt-arm_20.2.7.LTS\lib\</path>
         <kind>archive</kind>
         <file>rtsv7M4_T_le_v4SPD16_eabi.lib</file>
         <name>copy_decompress_none.c.obj</name>
      </input_file>
      <input_file id="fl-cc">
         <path>D:\CCS12.3.0\ccs\tools\compiler\ti-cgt-arm_20.2.7.LTS\lib\</path>
         <kind>archive</kind>
         <file>rtsv7M4_T_le_v4SPD16_eabi.lib</file>
         <name>copy_decompress_lzss.c.obj</name>
      </input_file>
      <input_file id="fl-cd">
         <path>D:\CCS12.3.0\ccs\tools\compiler\ti-cgt-arm_20.2.7.LTS\lib\</path>
         <kind>archive</kind>
         <file>rtsv7M4_T_le_v4SPD16_eabi.lib</file>
         <name>strcmp.c.obj</name>
      </input_file>
      <input_file id="fl-ce">
         <path>D:\CCS12.3.0\ccs\tools\compiler\ti-cgt-arm_20.2.7.LTS\lib\</path>
         <kind>archive</kind>
         <file>rtsv7M4_T_le_v4SPD16_eabi.lib</file>
         <name>boot_cortex_m.c.obj</name>
      </input_file>
      <input_file id="fl-cf">
         <path>D:\CCS12.3.0\ccs\tools\compiler\ti-cgt-arm_20.2.7.LTS\lib\</path>
         <kind>archive</kind>
         <file>rtsv7M4_T_le_v4SPD16_eabi.lib</file>
         <name>div0.asm.obj</name>
      </input_file>
      <input_file id="fl-d0">
         <path>D:\CCS12.3.0\ccs\tools\compiler\ti-cgt-arm_20.2.7.LTS\lib\</path>
         <kind>archive</kind>
         <file>rtsv7M4_T_le_v4SPD16_eabi.lib</file>
         <name>memcpy_t2.asm.obj</name>
      </input_file>
      <input_file id="fl-d1">
         <path>D:\CCS12.3.0\ccs\tools\compiler\ti-cgt-arm_20.2.7.LTS\lib\</path>
         <kind>archive</kind>
         <file>rtsv7M4_T_le_v4SPD16_eabi.lib</file>
         <name>autoinit.c.obj</name>
      </input_file>
      <input_file id="fl-d2">
         <path>D:\CCS12.3.0\ccs\tools\compiler\ti-cgt-arm_20.2.7.LTS\lib\</path>
         <kind>archive</kind>
         <file>rtsv7M4_T_le_v4SPD16_eabi.lib</file>
         <name>pre_init.c.obj</name>
      </input_file>
      <input_file id="fl-d3">
         <path>D:\CCS12.3.0\ccs\tools\compiler\ti-cgt-arm_20.2.7.LTS\lib\</path>
         <kind>archive</kind>
         <file>rtsv7M4_T_le_v4SPD16_eabi.lib</file>
         <name>cpy_tbl.c.obj</name>
      </input_file>
      <input_file id="fl-d4">
         <path>D:\CCS12.3.0\ccs\tools\compiler\ti-cgt-arm_20.2.7.LTS\lib\</path>
         <kind>archive</kind>
         <file>rtsv7M4_T_le_v4SPD16_eabi.lib</file>
         <name>exit.c.obj</name>
      </input_file>
      <input_file id="fl-d5">
         <path>D:\CCS12.3.0\ccs\tools\compiler\ti-cgt-arm_20.2.7.LTS\lib\</path>
         <kind>archive</kind>
         <file>rtsv7M4_T_le_v4SPD16_eabi.lib</file>
         <name>_lock.c.obj</name>
      </input_file>
      <input_file id="fl-d6">
         <path>D:\CCS12.3.0\ccs\tools\compiler\ti-cgt-arm_20.2.7.LTS\lib\</path>
         <kind>archive</kind>
         <file>rtsv7M4_T_le_v4SPD16_eabi.lib</file>
         <name>args_main.c.obj</name>
      </input_file>
      <input_file id="fl-d7">
         <path>D:\TivaWare\driverlib\ccs\Debug\</path>
         <kind>archive</kind>
         <file>driverlib.lib</file>
         <name>gpio.obj</name>
      </input_file>
      <input_file id="fl-d8">
         <path>D:\TivaWare\driverlib\ccs\Debug\</path>
         <kind>archive</kind>
         <file>driverlib.lib</file>
         <name>interrupt.obj</name>
      </input_file>
      <input_file id="fl-d9">
         <path>D:\TivaWare\driverlib\ccs\Debug\</path>
         <kind>archive</kind>
         <file>driverlib.lib</file>
         <name>pwm.obj</name>
      </input_file>
      <input_file id="fl-da">
         <path>D:\TivaWare\driverlib\ccs\Debug\</path>
         <kind>archive</kind>
         <file>driverlib.lib</file>
         <name>qei.obj</name>
      </input_file>
      <input_file id="fl-db">
         <path>D:\TivaWare\driverlib\ccs\Debug\</path>
         <kind>archive</kind>
         <file>driverlib.lib</file>
         <name>sysctl.obj</name>
      </input_file>
      <input_file id="fl-dc">
         <path>D:\TivaWare\driverlib\ccs\Debug\</path>
         <kind>archive</kind>
         <file>driverlib.lib</file>
         <name>timer.obj</name>
      </input_file>
      <input_file id="fl-dd">
         <path>D:\TivaWare\driverlib\ccs\Debug\</path>
         <kind>archive</kind>
         <file>driverlib.lib</file>
         <name>uart.obj</name>
      </input_file>
      <input_file id="fl-de">
         <path>D:\TivaWare\driverlib\ccs\Debug\</path>
         <kind>archive</kind>
         <file>driverlib.lib</file>
         <name>cpu.obj</name>
      </input_file>
   </input_file_list>
   <object_component_list>
      <object_component id="oc-12">
         <name>.intvecs</name>
         <load_address>0x0</load_address>
         <run_address>0x0</run_address>
         <size>0x26c</size>
         <input_file_ref idref="fl-6"/>
      </object_component>
      <object_component id="oc-9b">
         <name>.text</name>
         <load_address>0x270</load_address>
         <run_address>0x270</run_address>
         <size>0xbe0</size>
         <input_file_ref idref="fl-3"/>
      </object_component>
      <object_component id="oc-c9">
         <name>.text</name>
         <load_address>0xe50</load_address>
         <run_address>0xe50</run_address>
         <size>0xb04</size>
         <input_file_ref idref="fl-5"/>
      </object_component>
      <object_component id="oc-1e2">
         <name>.text:QEIPositionGet</name>
         <load_address>0x1954</load_address>
         <run_address>0x1954</run_address>
         <size>0x4</size>
         <input_file_ref idref="fl-da"/>
      </object_component>
      <object_component id="oc-20e">
         <name>.text</name>
         <load_address>0x1958</load_address>
         <run_address>0x1958</run_address>
         <size>0x560</size>
         <input_file_ref idref="fl-4"/>
      </object_component>
      <object_component id="oc-d5">
         <name>.text</name>
         <load_address>0x1eb8</load_address>
         <run_address>0x1eb8</run_address>
         <size>0x54e</size>
         <input_file_ref idref="fl-7"/>
      </object_component>
      <object_component id="oc-353">
         <name>.text</name>
         <load_address>0x2406</load_address>
         <run_address>0x2406</run_address>
         <size>0x2</size>
         <input_file_ref idref="fl-cf"/>
      </object_component>
      <object_component id="oc-1b3">
         <name>.text:GPIOPadConfigSet</name>
         <load_address>0x2408</load_address>
         <run_address>0x2408</run_address>
         <size>0x16c</size>
         <input_file_ref idref="fl-d7"/>
      </object_component>
      <object_component id="oc-1e8">
         <name>.text</name>
         <load_address>0x2574</load_address>
         <run_address>0x2574</run_address>
         <size>0x136</size>
         <input_file_ref idref="fl-c2"/>
      </object_component>
      <object_component id="oc-cf">
         <name>.text:SysCtlClockGet</name>
         <load_address>0x26ac</load_address>
         <run_address>0x26ac</run_address>
         <size>0x118</size>
         <input_file_ref idref="fl-db"/>
      </object_component>
      <object_component id="oc-1c9">
         <name>.text</name>
         <load_address>0x27c4</load_address>
         <run_address>0x27c4</run_address>
         <size>0xfc</size>
         <input_file_ref idref="fl-c3"/>
      </object_component>
      <object_component id="oc-c3">
         <name>.text:SysCtlClockSet</name>
         <load_address>0x28c0</load_address>
         <run_address>0x28c0</run_address>
         <size>0xf4</size>
         <input_file_ref idref="fl-db"/>
      </object_component>
      <object_component id="oc-3b">
         <name>.text</name>
         <load_address>0x29b4</load_address>
         <run_address>0x29b4</run_address>
         <size>0x9c</size>
         <input_file_ref idref="fl-d0"/>
      </object_component>
      <object_component id="oc-8f">
         <name>.text</name>
         <load_address>0x2a50</load_address>
         <run_address>0x2a50</run_address>
         <size>0x7a</size>
         <input_file_ref idref="fl-c8"/>
      </object_component>
      <object_component id="oc-1ed">
         <name>.text</name>
         <load_address>0x2aca</load_address>
         <run_address>0x2aca</run_address>
         <size>0x6e</size>
         <input_file_ref idref="fl-c4"/>
      </object_component>
      <object_component id="oc-105">
         <name>.text:IntEnable</name>
         <load_address>0x2b38</load_address>
         <run_address>0x2b38</run_address>
         <size>0x68</size>
         <input_file_ref idref="fl-d8"/>
      </object_component>
      <object_component id="oc-15">
         <name>.text:decompress:lzss:__TI_decompress_lzss</name>
         <load_address>0x2ba0</load_address>
         <run_address>0x2ba0</run_address>
         <size>0x68</size>
         <input_file_ref idref="fl-cc"/>
      </object_component>
      <object_component id="oc-e1">
         <name>.text:TimerConfigure</name>
         <load_address>0x2c08</load_address>
         <run_address>0x2c08</run_address>
         <size>0x60</size>
         <input_file_ref idref="fl-dc"/>
      </object_component>
      <object_component id="oc-123">
         <name>.text:GPIOPinConfigure</name>
         <load_address>0x2c68</load_address>
         <run_address>0x2c68</run_address>
         <size>0x4c</size>
         <input_file_ref idref="fl-d7"/>
      </object_component>
      <object_component id="oc-2a1">
         <name>.text:_TimerIntNumberGet</name>
         <load_address>0x2cb4</load_address>
         <run_address>0x2cb4</run_address>
         <size>0x4c</size>
         <input_file_ref idref="fl-dc"/>
      </object_component>
      <object_component id="oc-177">
         <name>.text:UARTConfigSetExpClk</name>
         <load_address>0x2d00</load_address>
         <run_address>0x2d00</run_address>
         <size>0x46</size>
         <input_file_ref idref="fl-dd"/>
      </object_component>
      <object_component id="oc-228">
         <name>.text:__TI_auto_init_nobinit_nopinit:__TI_auto_init_nobinit_nopinit</name>
         <load_address>0x2d48</load_address>
         <run_address>0x2d48</run_address>
         <size>0x44</size>
         <input_file_ref idref="fl-d1"/>
      </object_component>
      <object_component id="oc-1ce">
         <name>.text</name>
         <load_address>0x2d8c</load_address>
         <run_address>0x2d8c</run_address>
         <size>0x44</size>
         <input_file_ref idref="fl-c5"/>
      </object_component>
      <object_component id="oc-2e0">
         <name>.text:_UARTIntNumberGet</name>
         <load_address>0x2dd0</load_address>
         <run_address>0x2dd0</run_address>
         <size>0x40</size>
         <input_file_ref idref="fl-dd"/>
      </object_component>
      <object_component id="oc-28d">
         <name>.text</name>
         <load_address>0x2e10</load_address>
         <run_address>0x2e10</run_address>
         <size>0x40</size>
         <input_file_ref idref="fl-c9"/>
      </object_component>
      <object_component id="oc-275">
         <name>.text:SysCtlPeripheralPresent</name>
         <load_address>0x2e50</load_address>
         <run_address>0x2e50</run_address>
         <size>0x38</size>
         <input_file_ref idref="fl-db"/>
      </object_component>
      <object_component id="oc-1c4">
         <name>.text</name>
         <load_address>0x2e88</load_address>
         <run_address>0x2e88</run_address>
         <size>0x38</size>
         <input_file_ref idref="fl-c6"/>
      </object_component>
      <object_component id="oc-2a7">
         <name>.text:IntRegister</name>
         <load_address>0x2ec0</load_address>
         <run_address>0x2ec0</run_address>
         <size>0x34</size>
         <input_file_ref idref="fl-d8"/>
      </object_component>
      <object_component id="oc-db">
         <name>.text:SysCtlPeripheralEnable</name>
         <load_address>0x2ef4</load_address>
         <run_address>0x2ef4</run_address>
         <size>0x34</size>
         <input_file_ref idref="fl-db"/>
      </object_component>
      <object_component id="oc-59">
         <name>.text:_c_int00_noargs:_c_int00_noargs</name>
         <load_address>0x2f28</load_address>
         <run_address>0x2f28</run_address>
         <size>0x34</size>
         <input_file_ref idref="fl-ce"/>
      </object_component>
      <object_component id="oc-1ad">
         <name>.text:GPIODirModeSet</name>
         <load_address>0x2f5c</load_address>
         <run_address>0x2f5c</run_address>
         <size>0x2c</size>
         <input_file_ref idref="fl-d7"/>
      </object_component>
      <object_component id="oc-ff">
         <name>.text:IntPrioritySet</name>
         <load_address>0x2f88</load_address>
         <run_address>0x2f88</run_address>
         <size>0x24</size>
         <input_file_ref idref="fl-d8"/>
      </object_component>
      <object_component id="oc-129">
         <name>.text:PWMGenConfigure</name>
         <load_address>0x2fac</load_address>
         <run_address>0x2fac</run_address>
         <size>0x22</size>
         <input_file_ref idref="fl-d9"/>
      </object_component>
      <object_component id="oc-2d7">
         <name>.text:UARTDisable</name>
         <load_address>0x2fd0</load_address>
         <run_address>0x2fd0</run_address>
         <size>0x20</size>
         <input_file_ref idref="fl-dd"/>
      </object_component>
      <object_component id="oc-1bf">
         <name>.text</name>
         <load_address>0x2ff0</load_address>
         <run_address>0x2ff0</run_address>
         <size>0x20</size>
         <input_file_ref idref="fl-c7"/>
      </object_component>
      <object_component id="oc-13b">
         <name>.text:PWMPulseWidthSet</name>
         <load_address>0x3010</load_address>
         <run_address>0x3010</run_address>
         <size>0x1e</size>
         <input_file_ref idref="fl-d9"/>
      </object_component>
      <object_component id="oc-47">
         <name>.text:decompress:ZI:__TI_zero_init_nomemset:__TI_zero_init_nomemset</name>
         <load_address>0x302e</load_address>
         <run_address>0x302e</run_address>
         <size>0x1c</size>
         <input_file_ref idref="fl-ca"/>
      </object_component>
      <object_component id="oc-1a1">
         <name>.text:GPIOPinTypeGPIOOutput</name>
         <load_address>0x304a</load_address>
         <run_address>0x304a</run_address>
         <size>0x1a</size>
         <input_file_ref idref="fl-d7"/>
      </object_component>
      <object_component id="oc-165">
         <name>.text:QEIPositionSet</name>
         <load_address>0x3064</load_address>
         <run_address>0x3064</run_address>
         <size>0x4</size>
         <input_file_ref idref="fl-da"/>
      </object_component>
      <object_component id="oc-27">
         <name>.text</name>
         <load_address>0x3068</load_address>
         <run_address>0x3068</run_address>
         <size>0x1a</size>
         <input_file_ref idref="fl-6"/>
      </object_component>
      <object_component id="oc-f3">
         <name>.text:TimerIntRegister</name>
         <load_address>0x3082</load_address>
         <run_address>0x3082</run_address>
         <size>0x18</size>
         <input_file_ref idref="fl-dc"/>
      </object_component>
      <object_component id="oc-189">
         <name>.text:UARTIntRegister</name>
         <load_address>0x309a</load_address>
         <run_address>0x309a</run_address>
         <size>0x18</size>
         <input_file_ref idref="fl-dd"/>
      </object_component>
      <object_component id="oc-208">
         <name>.text:strcmp</name>
         <load_address>0x30b2</load_address>
         <run_address>0x30b2</run_address>
         <size>0x18</size>
         <input_file_ref idref="fl-cd"/>
      </object_component>
      <object_component id="oc-11d">
         <name>.text:GPIOPinTypePWM</name>
         <load_address>0x30ca</load_address>
         <run_address>0x30ca</run_address>
         <size>0x16</size>
         <input_file_ref idref="fl-d7"/>
      </object_component>
      <object_component id="oc-14d">
         <name>.text:GPIOPinTypeQEI</name>
         <load_address>0x30e0</load_address>
         <run_address>0x30e0</run_address>
         <size>0x16</size>
         <input_file_ref idref="fl-d7"/>
      </object_component>
      <object_component id="oc-16b">
         <name>.text:GPIOPinTypeUART</name>
         <load_address>0x30f6</load_address>
         <run_address>0x30f6</run_address>
         <size>0x16</size>
         <input_file_ref idref="fl-d7"/>
      </object_component>
      <object_component id="oc-117">
         <name>.text:SysCtlPWMClockSet</name>
         <load_address>0x310c</load_address>
         <run_address>0x310c</run_address>
         <size>0x14</size>
         <input_file_ref idref="fl-db"/>
      </object_component>
      <object_component id="oc-19b">
         <name>.text:UARTEnable</name>
         <load_address>0x3120</load_address>
         <run_address>0x3120</run_address>
         <size>0x14</size>
         <input_file_ref idref="fl-dd"/>
      </object_component>
      <object_component id="oc-135">
         <name>.text:PWMGenPeriodGet</name>
         <load_address>0x3134</load_address>
         <run_address>0x3134</run_address>
         <size>0x12</size>
         <input_file_ref idref="fl-d9"/>
      </object_component>
      <object_component id="oc-141">
         <name>.text:PWMOutputState</name>
         <load_address>0x3146</load_address>
         <run_address>0x3146</run_address>
         <size>0x12</size>
         <input_file_ref idref="fl-d9"/>
      </object_component>
      <object_component id="oc-ed">
         <name>.text:TimerLoadSet</name>
         <load_address>0x3158</load_address>
         <run_address>0x3158</run_address>
         <size>0x12</size>
         <input_file_ref idref="fl-dc"/>
      </object_component>
      <object_component id="oc-e7">
         <name>.text:TimerPrescaleSet</name>
         <load_address>0x316a</load_address>
         <run_address>0x316a</run_address>
         <size>0x12</size>
         <input_file_ref idref="fl-dc"/>
      </object_component>
      <object_component id="oc-10b">
         <name>.text:IntMasterEnable</name>
         <load_address>0x317c</load_address>
         <run_address>0x317c</run_address>
         <size>0x10</size>
         <input_file_ref idref="fl-d8"/>
      </object_component>
      <object_component id="oc-12f">
         <name>.text:PWMGenPeriodSet</name>
         <load_address>0x318c</load_address>
         <run_address>0x318c</run_address>
         <size>0x10</size>
         <input_file_ref idref="fl-d9"/>
      </object_component>
      <object_component id="oc-153">
         <name>.text:QEIConfigure</name>
         <load_address>0x319c</load_address>
         <run_address>0x319c</run_address>
         <size>0xe</size>
         <input_file_ref idref="fl-da"/>
      </object_component>
      <object_component id="oc-111">
         <name>.text:TimerEnable</name>
         <load_address>0x31aa</load_address>
         <run_address>0x31aa</run_address>
         <size>0xe</size>
         <input_file_ref idref="fl-dc"/>
      </object_component>
      <object_component id="oc-1fe">
         <name>.text:UARTCharGetNonBlocking</name>
         <load_address>0x31b8</load_address>
         <run_address>0x31b8</run_address>
         <size>0xe</size>
         <input_file_ref idref="fl-dd"/>
      </object_component>
      <object_component id="oc-1f8">
         <name>.text:UARTCharsAvail</name>
         <load_address>0x31c6</load_address>
         <run_address>0x31c6</run_address>
         <size>0xe</size>
         <input_file_ref idref="fl-dd"/>
      </object_component>
      <object_component id="oc-1b">
         <name>.text:decompress:none:__TI_decompress_none</name>
         <load_address>0x31d4</load_address>
         <run_address>0x31d4</run_address>
         <size>0xe</size>
         <input_file_ref idref="fl-cb"/>
      </object_component>
      <object_component id="oc-2b8">
         <name>.text:CPUcpsie</name>
         <load_address>0x31e2</load_address>
         <run_address>0x31e2</run_address>
         <size>0xc</size>
         <input_file_ref idref="fl-de"/>
      </object_component>
      <object_component id="oc-1b9">
         <name>.text:PWMGenDisable</name>
         <load_address>0x31ee</load_address>
         <run_address>0x31ee</run_address>
         <size>0xc</size>
         <input_file_ref idref="fl-d9"/>
      </object_component>
      <object_component id="oc-147">
         <name>.text:PWMGenEnable</name>
         <load_address>0x31fa</load_address>
         <run_address>0x31fa</run_address>
         <size>0xc</size>
         <input_file_ref idref="fl-d9"/>
      </object_component>
      <object_component id="oc-15f">
         <name>.text:QEIEnable</name>
         <load_address>0x3206</load_address>
         <run_address>0x3206</run_address>
         <size>0xa</size>
         <input_file_ref idref="fl-da"/>
      </object_component>
      <object_component id="oc-159">
         <name>.text:QEIIntDisable</name>
         <load_address>0x3210</load_address>
         <run_address>0x3210</run_address>
         <size>0xa</size>
         <input_file_ref idref="fl-da"/>
      </object_component>
      <object_component id="oc-1d3">
         <name>.text:TimerIntStatus</name>
         <load_address>0x321a</load_address>
         <run_address>0x321a</run_address>
         <size>0xa</size>
         <input_file_ref idref="fl-dc"/>
      </object_component>
      <object_component id="oc-287">
         <name>.text:UARTCharGet</name>
         <load_address>0x3224</load_address>
         <run_address>0x3224</run_address>
         <size>0xa</size>
         <input_file_ref idref="fl-dd"/>
      </object_component>
      <object_component id="oc-281">
         <name>.text:UARTCharPut</name>
         <load_address>0x322e</load_address>
         <run_address>0x322e</run_address>
         <size>0xa</size>
         <input_file_ref idref="fl-dd"/>
      </object_component>
      <object_component id="oc-17d">
         <name>.text:UARTFIFOEnable</name>
         <load_address>0x3238</load_address>
         <run_address>0x3238</run_address>
         <size>0xa</size>
         <input_file_ref idref="fl-dd"/>
      </object_component>
      <object_component id="oc-1f2">
         <name>.text:UARTIntStatus</name>
         <load_address>0x3242</load_address>
         <run_address>0x3242</run_address>
         <size>0xa</size>
         <input_file_ref idref="fl-dd"/>
      </object_component>
      <object_component id="oc-f9">
         <name>.text:TimerIntEnable</name>
         <load_address>0x324c</load_address>
         <run_address>0x324c</run_address>
         <size>0x8</size>
         <input_file_ref idref="fl-dc"/>
      </object_component>
      <object_component id="oc-18f">
         <name>.text:UARTIntEnable</name>
         <load_address>0x3254</load_address>
         <run_address>0x3254</run_address>
         <size>0x8</size>
         <input_file_ref idref="fl-dd"/>
      </object_component>
      <object_component id="oc-1a7">
         <name>.text:GPIOPinWrite</name>
         <load_address>0x325c</load_address>
         <run_address>0x325c</run_address>
         <size>0x6</size>
         <input_file_ref idref="fl-d7"/>
      </object_component>
      <object_component id="oc-25c">
         <name>.text:SysCtlDelay</name>
         <load_address>0x3262</load_address>
         <run_address>0x3262</run_address>
         <size>0x6</size>
         <input_file_ref idref="fl-db"/>
      </object_component>
      <object_component id="oc-171">
         <name>.text:UARTClockSourceSet</name>
         <load_address>0x3268</load_address>
         <run_address>0x3268</run_address>
         <size>0x6</size>
         <input_file_ref idref="fl-dd"/>
      </object_component>
      <object_component id="oc-183">
         <name>.text:UARTFIFOLevelSet</name>
         <load_address>0x326e</load_address>
         <run_address>0x326e</run_address>
         <size>0x6</size>
         <input_file_ref idref="fl-dd"/>
      </object_component>
      <object_component id="oc-1d9">
         <name>.text:TimerIntClear</name>
         <load_address>0x3274</load_address>
         <run_address>0x3274</run_address>
         <size>0x4</size>
         <input_file_ref idref="fl-dc"/>
      </object_component>
      <object_component id="oc-195">
         <name>.text:UARTIntClear</name>
         <load_address>0x3278</load_address>
         <run_address>0x3278</run_address>
         <size>0x4</size>
         <input_file_ref idref="fl-dd"/>
      </object_component>
      <object_component id="oc-95">
         <name>.text:_system_pre_init</name>
         <load_address>0x327c</load_address>
         <run_address>0x327c</run_address>
         <size>0x4</size>
         <input_file_ref idref="fl-d2"/>
      </object_component>
      <object_component id="oc-21c">
         <name>.text:abort:abort</name>
         <load_address>0x3280</load_address>
         <run_address>0x3280</run_address>
         <size>0x4</size>
         <input_file_ref idref="fl-d4"/>
      </object_component>
      <object_component id="oc-2af">
         <name>.const:g_pui32Regs</name>
         <load_address>0x3284</load_address>
         <run_address>0x3284</run_address>
         <size>0x9c</size>
         <input_file_ref idref="fl-d8"/>
      </object_component>
      <object_component id="oc-2c3">
         <name>.const:g_pui32GPIOBaseAddrs</name>
         <load_address>0x3320</load_address>
         <run_address>0x3320</run_address>
         <size>0x90</size>
         <input_file_ref idref="fl-d7"/>
      </object_component>
      <object_component id="oc-26e">
         <name>.const:g_pui32Xtals</name>
         <load_address>0x33b0</load_address>
         <run_address>0x33b0</run_address>
         <size>0x6c</size>
         <input_file_ref idref="fl-db"/>
      </object_component>
      <object_component id="oc-360">
         <name>.const:g_ppui32TimerIntMap</name>
         <load_address>0x341c</load_address>
         <run_address>0x341c</run_address>
         <size>0x60</size>
         <input_file_ref idref="fl-dc"/>
      </object_component>
      <object_component id="oc-363">
         <name>.const:g_ppui32TimerIntMapSnowflake</name>
         <load_address>0x347c</load_address>
         <run_address>0x347c</run_address>
         <size>0x40</size>
         <input_file_ref idref="fl-dc"/>
      </object_component>
      <object_component id="oc-37d">
         <name>.const:g_ppui32UARTIntMap</name>
         <load_address>0x34bc</load_address>
         <run_address>0x34bc</run_address>
         <size>0x40</size>
         <input_file_ref idref="fl-dd"/>
      </object_component>
      <object_component id="oc-380">
         <name>.const:g_ppui32UARTIntMapSnowflake</name>
         <load_address>0x34fc</load_address>
         <run_address>0x34fc</run_address>
         <size>0x40</size>
         <input_file_ref idref="fl-dd"/>
      </object_component>
      <object_component id="oc-2b4">
         <name>.const:g_pui32EnRegs</name>
         <load_address>0x353c</load_address>
         <run_address>0x353c</run_address>
         <size>0x14</size>
         <input_file_ref idref="fl-d8"/>
      </object_component>
      <object_component id="oc-359">
         <name>.const:.string</name>
         <load_address>0x3550</load_address>
         <run_address>0x3550</run_address>
         <size>0x12</size>
         <input_file_ref idref="fl-7"/>
      </object_component>
      <object_component id="oc-27b">
         <name>.const:g_ui32UARTBase</name>
         <load_address>0x3564</load_address>
         <run_address>0x3564</run_address>
         <size>0xc</size>
         <input_file_ref idref="fl-7"/>
      </object_component>
      <object_component id="oc-272">
         <name>.const:g_ui32UARTPeriph</name>
         <load_address>0x3570</load_address>
         <run_address>0x3570</run_address>
         <size>0xc</size>
         <input_file_ref idref="fl-7"/>
      </object_component>
      <object_component id="oc-292">
         <name>.const</name>
         <load_address>0x357c</load_address>
         <run_address>0x357c</run_address>
         <size>0x4</size>
         <input_file_ref idref="fl-7"/>
      </object_component>
      <object_component id="oc-3ed">
         <name>.cinit..data.load</name>
         <load_address>0x3580</load_address>
         <run_address>0x3580</run_address>
         <size>0x1c</size>
      </object_component>
      <object_component id="oc-3ea">
         <name>__TI_handler_table</name>
         <load_address>0x359c</load_address>
         <run_address>0x359c</run_address>
         <size>0xc</size>
      </object_component>
      <object_component id="oc-3ee">
         <name>.cinit..bss.load</name>
         <load_address>0x35a8</load_address>
         <run_address>0x35a8</run_address>
         <size>0x8</size>
      </object_component>
      <object_component id="oc-3ec">
         <name>.cinit..vtable.load</name>
         <load_address>0x35b0</load_address>
         <run_address>0x35b0</run_address>
         <size>0x8</size>
      </object_component>
      <object_component id="oc-3eb">
         <name>__TI_cinit_table</name>
         <load_address>0x35b8</load_address>
         <run_address>0x35b8</run_address>
         <size>0x18</size>
      </object_component>
      <object_component id="oc-367">
         <name>.vtable</name>
         <uninitialized>true</uninitialized>
         <run_address>0x20000000</run_address>
         <size>0x26c</size>
         <input_file_ref idref="fl-d8"/>
      </object_component>
      <object_component id="oc-1df">
         <name>.data</name>
         <load_address>0x200005d8</load_address>
         <run_address>0x200005d8</run_address>
         <size>0x58</size>
         <input_file_ref idref="fl-3"/>
      </object_component>
      <object_component id="oc-27e">
         <name>.data</name>
         <load_address>0x20000630</load_address>
         <run_address>0x20000630</run_address>
         <size>0x5</size>
         <input_file_ref idref="fl-7"/>
      </object_component>
      <object_component id="oc-204">
         <name>.common:rx_buf0</name>
         <uninitialized>true</uninitialized>
         <run_address>0x200005d4</run_address>
         <size>0x1</size>
      </object_component>
      <object_component id="oc-214">
         <name>.common:rx_buf1</name>
         <uninitialized>true</uninitialized>
         <run_address>0x200005d5</run_address>
         <size>0x1</size>
      </object_component>
      <object_component id="oc-207">
         <name>.common:rData0</name>
         <uninitialized>true</uninitialized>
         <run_address>0x20000590</run_address>
         <size>0x20</size>
      </object_component>
      <object_component id="oc-215">
         <name>.common:rData1</name>
         <uninitialized>true</uninitialized>
         <run_address>0x200005b0</run_address>
         <size>0x20</size>
      </object_component>
      <object_component id="oc-264">
         <name>.common:pid1_v</name>
         <uninitialized>true</uninitialized>
         <run_address>0x20000470</run_address>
         <size>0x30</size>
      </object_component>
      <object_component id="oc-267">
         <name>.common:pid2_v</name>
         <uninitialized>true</uninitialized>
         <run_address>0x200004a0</run_address>
         <size>0x30</size>
      </object_component>
      <object_component id="oc-26a">
         <name>.common:pid_theta</name>
         <uninitialized>true</uninitialized>
         <run_address>0x20000500</run_address>
         <size>0x30</size>
      </object_component>
      <object_component id="oc-26b">
         <name>.common:pid_b</name>
         <uninitialized>true</uninitialized>
         <run_address>0x200004d0</run_address>
         <size>0x30</size>
      </object_component>
      <object_component id="oc-268">
         <name>.common:pid_x1</name>
         <uninitialized>true</uninitialized>
         <run_address>0x20000530</run_address>
         <size>0x30</size>
      </object_component>
      <object_component id="oc-269">
         <name>.common:pid_x2</name>
         <uninitialized>true</uninitialized>
         <run_address>0x20000560</run_address>
         <size>0x30</size>
      </object_component>
      <object_component id="oc-26c">
         <name>.common:pid</name>
         <uninitialized>true</uninitialized>
         <run_address>0x200005d0</run_address>
         <size>0x4</size>
      </object_component>
      <object_component id="oc-24">
         <name>.stack</name>
         <uninitialized>true</uninitialized>
         <run_address>0x20000270</run_address>
         <size>0x4</size>
         <input_file_ref idref="fl-ce"/>
      </object_component>
      <object_component id="oc-3f0">
         <name>.stack</name>
         <uninitialized>true</uninitialized>
         <run_address>0x20000270</run_address>
         <size>0x0</size>
      </object_component>
      <object_component id="oc-b2">
         <name>.debug_info</name>
         <load_address>0x0</load_address>
         <run_address>0x0</run_address>
         <size>0x28a</size>
         <input_file_ref idref="fl-2"/>
      </object_component>
      <object_component id="oc-70">
         <name>.debug_info</name>
         <load_address>0x28a</load_address>
         <run_address>0x28a</run_address>
         <size>0x26b</size>
         <input_file_ref idref="fl-2"/>
      </object_component>
      <object_component id="oc-36">
         <name>.debug_info</name>
         <load_address>0x4f5</load_address>
         <run_address>0x4f5</run_address>
         <size>0x84</size>
         <input_file_ref idref="fl-2"/>
      </object_component>
      <object_component id="oc-ad">
         <name>.debug_info</name>
         <load_address>0x579</load_address>
         <run_address>0x579</run_address>
         <size>0x2a4</size>
         <input_file_ref idref="fl-2"/>
      </object_component>
      <object_component id="oc-75">
         <name>.debug_info</name>
         <load_address>0x81d</load_address>
         <run_address>0x81d</run_address>
         <size>0xbb</size>
         <input_file_ref idref="fl-2"/>
      </object_component>
      <object_component id="oc-205">
         <name>.debug_info</name>
         <load_address>0x8d8</load_address>
         <run_address>0x8d8</run_address>
         <size>0xe9d</size>
         <input_file_ref idref="fl-3"/>
      </object_component>
      <object_component id="oc-1e0">
         <name>.debug_info</name>
         <load_address>0x1775</load_address>
         <run_address>0x1775</run_address>
         <size>0x31b</size>
         <input_file_ref idref="fl-3"/>
      </object_component>
      <object_component id="oc-9e">
         <name>.debug_info</name>
         <load_address>0x1a90</load_address>
         <run_address>0x1a90</run_address>
         <size>0x1111</size>
         <input_file_ref idref="fl-3"/>
      </object_component>
      <object_component id="oc-304">
         <name>.debug_info</name>
         <load_address>0x2ba1</load_address>
         <run_address>0x2ba1</run_address>
         <size>0x110</size>
         <input_file_ref idref="fl-3"/>
      </object_component>
      <object_component id="oc-217">
         <name>.debug_info</name>
         <load_address>0x2cb1</load_address>
         <run_address>0x2cb1</run_address>
         <size>0x8b</size>
         <input_file_ref idref="fl-3"/>
      </object_component>
      <object_component id="oc-297">
         <name>.debug_info</name>
         <load_address>0x2d3c</load_address>
         <run_address>0x2d3c</run_address>
         <size>0x2c</size>
         <input_file_ref idref="fl-3"/>
      </object_component>
      <object_component id="oc-2ff">
         <name>.debug_info</name>
         <load_address>0x2d68</load_address>
         <run_address>0x2d68</run_address>
         <size>0x35</size>
         <input_file_ref idref="fl-3"/>
      </object_component>
      <object_component id="oc-211">
         <name>.debug_info</name>
         <load_address>0x2d9d</load_address>
         <run_address>0x2d9d</run_address>
         <size>0x2f9</size>
         <input_file_ref idref="fl-4"/>
      </object_component>
      <object_component id="oc-265">
         <name>.debug_info</name>
         <load_address>0x3096</load_address>
         <run_address>0x3096</run_address>
         <size>0x337</size>
         <input_file_ref idref="fl-5"/>
      </object_component>
      <object_component id="oc-cc">
         <name>.debug_info</name>
         <load_address>0x33cd</load_address>
         <run_address>0x33cd</run_address>
         <size>0x50d</size>
         <input_file_ref idref="fl-5"/>
      </object_component>
      <object_component id="oc-343">
         <name>.debug_info</name>
         <load_address>0x38da</load_address>
         <run_address>0x38da</run_address>
         <size>0x11d</size>
         <input_file_ref idref="fl-5"/>
      </object_component>
      <object_component id="oc-2f">
         <name>.debug_info</name>
         <load_address>0x39f7</load_address>
         <run_address>0x39f7</run_address>
         <size>0x2af</size>
         <input_file_ref idref="fl-6"/>
      </object_component>
      <object_component id="oc-13">
         <name>.debug_info</name>
         <load_address>0x3ca6</load_address>
         <run_address>0x3ca6</run_address>
         <size>0xee</size>
         <input_file_ref idref="fl-6"/>
      </object_component>
      <object_component id="oc-29">
         <name>.debug_info</name>
         <load_address>0x3d94</load_address>
         <run_address>0x3d94</run_address>
         <size>0x26a</size>
         <input_file_ref idref="fl-6"/>
      </object_component>
      <object_component id="oc-296">
         <name>.debug_info</name>
         <load_address>0x3ffe</load_address>
         <run_address>0x3ffe</run_address>
         <size>0x3e3</size>
         <input_file_ref idref="fl-7"/>
      </object_component>
      <object_component id="oc-27f">
         <name>.debug_info</name>
         <load_address>0x43e1</load_address>
         <run_address>0x43e1</run_address>
         <size>0xda</size>
         <input_file_ref idref="fl-7"/>
      </object_component>
      <object_component id="oc-293">
         <name>.debug_info</name>
         <load_address>0x44bb</load_address>
         <run_address>0x44bb</run_address>
         <size>0xd4</size>
         <input_file_ref idref="fl-7"/>
      </object_component>
      <object_component id="oc-27c">
         <name>.debug_info</name>
         <load_address>0x458f</load_address>
         <run_address>0x458f</run_address>
         <size>0xe2</size>
         <input_file_ref idref="fl-7"/>
      </object_component>
      <object_component id="oc-273">
         <name>.debug_info</name>
         <load_address>0x4671</load_address>
         <run_address>0x4671</run_address>
         <size>0xe6</size>
         <input_file_ref idref="fl-7"/>
      </object_component>
      <object_component id="oc-d8">
         <name>.debug_info</name>
         <load_address>0x4757</load_address>
         <run_address>0x4757</run_address>
         <size>0x783</size>
         <input_file_ref idref="fl-7"/>
      </object_component>
      <object_component id="oc-1e9">
         <name>.debug_info</name>
         <load_address>0x4eda</load_address>
         <run_address>0x4eda</run_address>
         <size>0x13a</size>
         <input_file_ref idref="fl-c2"/>
      </object_component>
      <object_component id="oc-1ca">
         <name>.debug_info</name>
         <load_address>0x5014</load_address>
         <run_address>0x5014</run_address>
         <size>0x13a</size>
         <input_file_ref idref="fl-c3"/>
      </object_component>
      <object_component id="oc-1ef">
         <name>.debug_info</name>
         <load_address>0x514e</load_address>
         <run_address>0x514e</run_address>
         <size>0x13e</size>
         <input_file_ref idref="fl-c4"/>
      </object_component>
      <object_component id="oc-1cf">
         <name>.debug_info</name>
         <load_address>0x528c</load_address>
         <run_address>0x528c</run_address>
         <size>0x139</size>
         <input_file_ref idref="fl-c5"/>
      </object_component>
      <object_component id="oc-1c6">
         <name>.debug_info</name>
         <load_address>0x53c5</load_address>
         <run_address>0x53c5</run_address>
         <size>0x12c</size>
         <input_file_ref idref="fl-c6"/>
      </object_component>
      <object_component id="oc-1c0">
         <name>.debug_info</name>
         <load_address>0x54f1</load_address>
         <run_address>0x54f1</run_address>
         <size>0x12e</size>
         <input_file_ref idref="fl-c7"/>
      </object_component>
      <object_component id="oc-91">
         <name>.debug_info</name>
         <load_address>0x561f</load_address>
         <run_address>0x561f</run_address>
         <size>0x147</size>
         <input_file_ref idref="fl-c8"/>
      </object_component>
      <object_component id="oc-290">
         <name>.debug_info</name>
         <load_address>0x5766</load_address>
         <run_address>0x5766</run_address>
         <size>0x142</size>
         <input_file_ref idref="fl-c9"/>
      </object_component>
      <object_component id="oc-8e">
         <name>.debug_info</name>
         <load_address>0x58a8</load_address>
         <run_address>0x58a8</run_address>
         <size>0x2d4</size>
         <input_file_ref idref="fl-ca"/>
      </object_component>
      <object_component id="oc-4a">
         <name>.debug_info</name>
         <load_address>0x5b7c</load_address>
         <run_address>0x5b7c</run_address>
         <size>0x1d2</size>
         <input_file_ref idref="fl-ca"/>
      </object_component>
      <object_component id="oc-89">
         <name>.debug_info</name>
         <load_address>0x5d4e</load_address>
         <run_address>0x5d4e</run_address>
         <size>0x46</size>
         <input_file_ref idref="fl-ca"/>
      </object_component>
      <object_component id="oc-ba">
         <name>.debug_info</name>
         <load_address>0x5d94</load_address>
         <run_address>0x5d94</run_address>
         <size>0x2c</size>
         <input_file_ref idref="fl-ca"/>
      </object_component>
      <object_component id="oc-46">
         <name>.debug_info</name>
         <load_address>0x5dc0</load_address>
         <run_address>0x5dc0</run_address>
         <size>0x2a8</size>
         <input_file_ref idref="fl-cb"/>
      </object_component>
      <object_component id="oc-1e">
         <name>.debug_info</name>
         <load_address>0x6068</load_address>
         <run_address>0x6068</run_address>
         <size>0x1ea</size>
         <input_file_ref idref="fl-cb"/>
      </object_component>
      <object_component id="oc-41">
         <name>.debug_info</name>
         <load_address>0x6252</load_address>
         <run_address>0x6252</run_address>
         <size>0x46</size>
         <input_file_ref idref="fl-cb"/>
      </object_component>
      <object_component id="oc-81">
         <name>.debug_info</name>
         <load_address>0x6298</load_address>
         <run_address>0x6298</run_address>
         <size>0x2c</size>
         <input_file_ref idref="fl-cb"/>
      </object_component>
      <object_component id="oc-7f">
         <name>.debug_info</name>
         <load_address>0x62c4</load_address>
         <run_address>0x62c4</run_address>
         <size>0x29e</size>
         <input_file_ref idref="fl-cc"/>
      </object_component>
      <object_component id="oc-18">
         <name>.debug_info</name>
         <load_address>0x6562</load_address>
         <run_address>0x6562</run_address>
         <size>0x250</size>
         <input_file_ref idref="fl-cc"/>
      </object_component>
      <object_component id="oc-31">
         <name>.debug_info</name>
         <load_address>0x67b2</load_address>
         <run_address>0x67b2</run_address>
         <size>0x60</size>
         <input_file_ref idref="fl-cc"/>
      </object_component>
      <object_component id="oc-b3">
         <name>.debug_info</name>
         <load_address>0x6812</load_address>
         <run_address>0x6812</run_address>
         <size>0x46</size>
         <input_file_ref idref="fl-cc"/>
      </object_component>
      <object_component id="oc-7a">
         <name>.debug_info</name>
         <load_address>0x6858</load_address>
         <run_address>0x6858</run_address>
         <size>0x39</size>
         <input_file_ref idref="fl-cc"/>
      </object_component>
      <object_component id="oc-30a">
         <name>.debug_info</name>
         <load_address>0x6891</load_address>
         <run_address>0x6891</run_address>
         <size>0x28a</size>
         <input_file_ref idref="fl-cd"/>
      </object_component>
      <object_component id="oc-20b">
         <name>.debug_info</name>
         <load_address>0x6b1b</load_address>
         <run_address>0x6b1b</run_address>
         <size>0x273</size>
         <input_file_ref idref="fl-cd"/>
      </object_component>
      <object_component id="oc-25">
         <name>.debug_info</name>
         <load_address>0x6d8e</load_address>
         <run_address>0x6d8e</run_address>
         <size>0x10b</size>
         <input_file_ref idref="fl-ce"/>
      </object_component>
      <object_component id="oc-5b">
         <name>.debug_info</name>
         <load_address>0x6e99</load_address>
         <run_address>0x6e99</run_address>
         <size>0x1a9</size>
         <input_file_ref idref="fl-ce"/>
      </object_component>
      <object_component id="oc-354">
         <name>.debug_info</name>
         <load_address>0x7042</load_address>
         <run_address>0x7042</run_address>
         <size>0x115</size>
         <input_file_ref idref="fl-cf"/>
      </object_component>
      <object_component id="oc-3d">
         <name>.debug_info</name>
         <load_address>0x7157</load_address>
         <run_address>0x7157</run_address>
         <size>0x119</size>
         <input_file_ref idref="fl-d0"/>
      </object_component>
      <object_component id="oc-317">
         <name>.debug_info</name>
         <load_address>0x7270</load_address>
         <run_address>0x7270</run_address>
         <size>0x4b3</size>
         <input_file_ref idref="fl-d1"/>
      </object_component>
      <object_component id="oc-229">
         <name>.debug_info</name>
         <load_address>0x7723</load_address>
         <run_address>0x7723</run_address>
         <size>0x1a6</size>
         <input_file_ref idref="fl-d1"/>
      </object_component>
      <object_component id="oc-396">
         <name>.debug_info</name>
         <load_address>0x78c9</load_address>
         <run_address>0x78c9</run_address>
         <size>0x39</size>
         <input_file_ref idref="fl-d1"/>
      </object_component>
      <object_component id="oc-3b5">
         <name>.debug_info</name>
         <load_address>0x7902</load_address>
         <run_address>0x7902</run_address>
         <size>0x39</size>
         <input_file_ref idref="fl-d1"/>
      </object_component>
      <object_component id="oc-39b">
         <name>.debug_info</name>
         <load_address>0x793b</load_address>
         <run_address>0x793b</run_address>
         <size>0x39</size>
         <input_file_ref idref="fl-d1"/>
      </object_component>
      <object_component id="oc-3a0">
         <name>.debug_info</name>
         <load_address>0x7974</load_address>
         <run_address>0x7974</run_address>
         <size>0xcd</size>
         <input_file_ref idref="fl-d1"/>
      </object_component>
      <object_component id="oc-99">
         <name>.debug_info</name>
         <load_address>0x7a41</load_address>
         <run_address>0x7a41</run_address>
         <size>0x153</size>
         <input_file_ref idref="fl-d2"/>
      </object_component>
      <object_component id="oc-21d">
         <name>.debug_info</name>
         <load_address>0x7b94</load_address>
         <run_address>0x7b94</run_address>
         <size>0x122</size>
         <input_file_ref idref="fl-d4"/>
      </object_component>
      <object_component id="oc-2c2">
         <name>.debug_info</name>
         <load_address>0x7cb6</load_address>
         <run_address>0x7cb6</run_address>
         <size>0x3e4</size>
         <input_file_ref idref="fl-d7"/>
      </object_component>
      <object_component id="oc-2c4">
         <name>.debug_info</name>
         <load_address>0x809a</load_address>
         <run_address>0x809a</run_address>
         <size>0x164</size>
         <input_file_ref idref="fl-d7"/>
      </object_component>
      <object_component id="oc-1a8">
         <name>.debug_info</name>
         <load_address>0x81fe</load_address>
         <run_address>0x81fe</run_address>
         <size>0x2ac</size>
         <input_file_ref idref="fl-d7"/>
      </object_component>
      <object_component id="oc-1ae">
         <name>.debug_info</name>
         <load_address>0x84aa</load_address>
         <run_address>0x84aa</run_address>
         <size>0x2bc</size>
         <input_file_ref idref="fl-d7"/>
      </object_component>
      <object_component id="oc-1b4">
         <name>.debug_info</name>
         <load_address>0x8766</load_address>
         <run_address>0x8766</run_address>
         <size>0x31f</size>
         <input_file_ref idref="fl-d7"/>
      </object_component>
      <object_component id="oc-16c">
         <name>.debug_info</name>
         <load_address>0x8a85</load_address>
         <run_address>0x8a85</run_address>
         <size>0x29b</size>
         <input_file_ref idref="fl-d7"/>
      </object_component>
      <object_component id="oc-14e">
         <name>.debug_info</name>
         <load_address>0x8d20</load_address>
         <run_address>0x8d20</run_address>
         <size>0x299</size>
         <input_file_ref idref="fl-d7"/>
      </object_component>
      <object_component id="oc-11e">
         <name>.debug_info</name>
         <load_address>0x8fb9</load_address>
         <run_address>0x8fb9</run_address>
         <size>0x299</size>
         <input_file_ref idref="fl-d7"/>
      </object_component>
      <object_component id="oc-1a2">
         <name>.debug_info</name>
         <load_address>0x9252</load_address>
         <run_address>0x9252</run_address>
         <size>0x2c0</size>
         <input_file_ref idref="fl-d7"/>
      </object_component>
      <object_component id="oc-124">
         <name>.debug_info</name>
         <load_address>0x9512</load_address>
         <run_address>0x9512</run_address>
         <size>0x289</size>
         <input_file_ref idref="fl-d7"/>
      </object_component>
      <object_component id="oc-33c">
         <name>.debug_info</name>
         <load_address>0x979b</load_address>
         <run_address>0x979b</run_address>
         <size>0x26b</size>
         <input_file_ref idref="fl-d7"/>
      </object_component>
      <object_component id="oc-32c">
         <name>.debug_info</name>
         <load_address>0x9a06</load_address>
         <run_address>0x9a06</run_address>
         <size>0x297</size>
         <input_file_ref idref="fl-d7"/>
      </object_component>
      <object_component id="oc-337">
         <name>.debug_info</name>
         <load_address>0x9c9d</load_address>
         <run_address>0x9c9d</run_address>
         <size>0xef</size>
         <input_file_ref idref="fl-d7"/>
      </object_component>
      <object_component id="oc-25e">
         <name>.debug_info</name>
         <load_address>0x9d8c</load_address>
         <run_address>0x9d8c</run_address>
         <size>0xbb</size>
         <input_file_ref idref="fl-d7"/>
      </object_component>
      <object_component id="oc-2b3">
         <name>.debug_info</name>
         <load_address>0x9e47</load_address>
         <run_address>0x9e47</run_address>
         <size>0x3b7</size>
         <input_file_ref idref="fl-d8"/>
      </object_component>
      <object_component id="oc-2b0">
         <name>.debug_info</name>
         <load_address>0xa1fe</load_address>
         <run_address>0xa1fe</run_address>
         <size>0x157</size>
         <input_file_ref idref="fl-d8"/>
      </object_component>
      <object_component id="oc-2b5">
         <name>.debug_info</name>
         <load_address>0xa355</load_address>
         <run_address>0xa355</run_address>
         <size>0x15b</size>
         <input_file_ref idref="fl-d8"/>
      </object_component>
      <object_component id="oc-368">
         <name>.debug_info</name>
         <load_address>0xa4b0</load_address>
         <run_address>0xa4b0</run_address>
         <size>0x160</size>
         <input_file_ref idref="fl-d8"/>
      </object_component>
      <object_component id="oc-2aa">
         <name>.debug_info</name>
         <load_address>0xa610</load_address>
         <run_address>0xa610</run_address>
         <size>0x2ca</size>
         <input_file_ref idref="fl-d8"/>
      </object_component>
      <object_component id="oc-101">
         <name>.debug_info</name>
         <load_address>0xa8da</load_address>
         <run_address>0xa8da</run_address>
         <size>0x2d2</size>
         <input_file_ref idref="fl-d8"/>
      </object_component>
      <object_component id="oc-10c">
         <name>.debug_info</name>
         <load_address>0xabac</load_address>
         <run_address>0xabac</run_address>
         <size>0x247</size>
         <input_file_ref idref="fl-d8"/>
      </object_component>
      <object_component id="oc-106">
         <name>.debug_info</name>
         <load_address>0xadf3</load_address>
         <run_address>0xadf3</run_address>
         <size>0x271</size>
         <input_file_ref idref="fl-d8"/>
      </object_component>
      <object_component id="oc-2c8">
         <name>.debug_info</name>
         <load_address>0xb064</load_address>
         <run_address>0xb064</run_address>
         <size>0x396</size>
         <input_file_ref idref="fl-d9"/>
      </object_component>
      <object_component id="oc-13c">
         <name>.debug_info</name>
         <load_address>0xb3fa</load_address>
         <run_address>0xb3fa</run_address>
         <size>0x2ff</size>
         <input_file_ref idref="fl-d9"/>
      </object_component>
      <object_component id="oc-142">
         <name>.debug_info</name>
         <load_address>0xb6f9</load_address>
         <run_address>0xb6f9</run_address>
         <size>0x2cd</size>
         <input_file_ref idref="fl-d9"/>
      </object_component>
      <object_component id="oc-131">
         <name>.debug_info</name>
         <load_address>0xb9c6</load_address>
         <run_address>0xb9c6</run_address>
         <size>0x2bf</size>
         <input_file_ref idref="fl-d9"/>
      </object_component>
      <object_component id="oc-137">
         <name>.debug_info</name>
         <load_address>0xbc85</load_address>
         <run_address>0xbc85</run_address>
         <size>0x289</size>
         <input_file_ref idref="fl-d9"/>
      </object_component>
      <object_component id="oc-149">
         <name>.debug_info</name>
         <load_address>0xbf0e</load_address>
         <run_address>0xbf0e</run_address>
         <size>0x27f</size>
         <input_file_ref idref="fl-d9"/>
      </object_component>
      <object_component id="oc-1bb">
         <name>.debug_info</name>
         <load_address>0xc18d</load_address>
         <run_address>0xc18d</run_address>
         <size>0x281</size>
         <input_file_ref idref="fl-d9"/>
      </object_component>
      <object_component id="oc-12b">
         <name>.debug_info</name>
         <load_address>0xc40e</load_address>
         <run_address>0xc40e</run_address>
         <size>0x2bc</size>
         <input_file_ref idref="fl-d9"/>
      </object_component>
      <object_component id="oc-2d0">
         <name>.debug_info</name>
         <load_address>0xc6ca</load_address>
         <run_address>0xc6ca</run_address>
         <size>0x391</size>
         <input_file_ref idref="fl-da"/>
      </object_component>
      <object_component id="oc-168">
         <name>.debug_info</name>
         <load_address>0xca5b</load_address>
         <run_address>0xca5b</run_address>
         <size>0x294</size>
         <input_file_ref idref="fl-da"/>
      </object_component>
      <object_component id="oc-1e3">
         <name>.debug_info</name>
         <load_address>0xccef</load_address>
         <run_address>0xccef</run_address>
         <size>0x256</size>
         <input_file_ref idref="fl-da"/>
      </object_component>
      <object_component id="oc-15c">
         <name>.debug_info</name>
         <load_address>0xcf45</load_address>
         <run_address>0xcf45</run_address>
         <size>0x295</size>
         <input_file_ref idref="fl-da"/>
      </object_component>
      <object_component id="oc-161">
         <name>.debug_info</name>
         <load_address>0xd1da</load_address>
         <run_address>0xd1da</run_address>
         <size>0x248</size>
         <input_file_ref idref="fl-da"/>
      </object_component>
      <object_component id="oc-155">
         <name>.debug_info</name>
         <load_address>0xd422</load_address>
         <run_address>0xd422</run_address>
         <size>0x2d6</size>
         <input_file_ref idref="fl-da"/>
      </object_component>
      <object_component id="oc-263">
         <name>.debug_info</name>
         <load_address>0xd6f8</load_address>
         <run_address>0xd6f8</run_address>
         <size>0x441</size>
         <input_file_ref idref="fl-db"/>
      </object_component>
      <object_component id="oc-26f">
         <name>.debug_info</name>
         <load_address>0xdb39</load_address>
         <run_address>0xdb39</run_address>
         <size>0x156</size>
         <input_file_ref idref="fl-db"/>
      </object_component>
      <object_component id="oc-276">
         <name>.debug_info</name>
         <load_address>0xdc8f</load_address>
         <run_address>0xdc8f</run_address>
         <size>0x28c</size>
         <input_file_ref idref="fl-db"/>
      </object_component>
      <object_component id="oc-dc">
         <name>.debug_info</name>
         <load_address>0xdf1b</load_address>
         <run_address>0xdf1b</run_address>
         <size>0x286</size>
         <input_file_ref idref="fl-db"/>
      </object_component>
      <object_component id="oc-118">
         <name>.debug_info</name>
         <load_address>0xe1a1</load_address>
         <run_address>0xe1a1</run_address>
         <size>0x26c</size>
         <input_file_ref idref="fl-db"/>
      </object_component>
      <object_component id="oc-c4">
         <name>.debug_info</name>
         <load_address>0xe40d</load_address>
         <run_address>0xe40d</run_address>
         <size>0x2e4</size>
         <input_file_ref idref="fl-db"/>
      </object_component>
      <object_component id="oc-d0">
         <name>.debug_info</name>
         <load_address>0xe6f1</load_address>
         <run_address>0xe6f1</run_address>
         <size>0x2be</size>
         <input_file_ref idref="fl-db"/>
      </object_component>
      <object_component id="oc-333">
         <name>.debug_info</name>
         <load_address>0xe9af</load_address>
         <run_address>0xe9af</run_address>
         <size>0x51</size>
         <input_file_ref idref="fl-db"/>
      </object_component>
      <object_component id="oc-29e">
         <name>.debug_info</name>
         <load_address>0xea00</load_address>
         <run_address>0xea00</run_address>
         <size>0x3c7</size>
         <input_file_ref idref="fl-dc"/>
      </object_component>
      <object_component id="oc-361">
         <name>.debug_info</name>
         <load_address>0xedc7</load_address>
         <run_address>0xedc7</run_address>
         <size>0x163</size>
         <input_file_ref idref="fl-dc"/>
      </object_component>
      <object_component id="oc-364">
         <name>.debug_info</name>
         <load_address>0xef2a</load_address>
         <run_address>0xef2a</run_address>
         <size>0x175</size>
         <input_file_ref idref="fl-dc"/>
      </object_component>
      <object_component id="oc-e9">
         <name>.debug_info</name>
         <load_address>0xf09f</load_address>
         <run_address>0xf09f</run_address>
         <size>0x2cb</size>
         <input_file_ref idref="fl-dc"/>
      </object_component>
      <object_component id="oc-ef">
         <name>.debug_info</name>
         <load_address>0xf36a</load_address>
         <run_address>0xf36a</run_address>
         <size>0x2c3</size>
         <input_file_ref idref="fl-dc"/>
      </object_component>
      <object_component id="oc-2a3">
         <name>.debug_info</name>
         <load_address>0xf62d</load_address>
         <run_address>0xf62d</run_address>
         <size>0x2f4</size>
         <input_file_ref idref="fl-dc"/>
      </object_component>
      <object_component id="oc-1d5">
         <name>.debug_info</name>
         <load_address>0xf921</load_address>
         <run_address>0xf921</run_address>
         <size>0x28d</size>
         <input_file_ref idref="fl-dc"/>
      </object_component>
      <object_component id="oc-f5">
         <name>.debug_info</name>
         <load_address>0xfbae</load_address>
         <run_address>0xfbae</run_address>
         <size>0x2ed</size>
         <input_file_ref idref="fl-dc"/>
      </object_component>
      <object_component id="oc-fb">
         <name>.debug_info</name>
         <load_address>0xfe9b</load_address>
         <run_address>0xfe9b</run_address>
         <size>0x29d</size>
         <input_file_ref idref="fl-dc"/>
      </object_component>
      <object_component id="oc-1db">
         <name>.debug_info</name>
         <load_address>0x10138</load_address>
         <run_address>0x10138</run_address>
         <size>0x29b</size>
         <input_file_ref idref="fl-dc"/>
      </object_component>
      <object_component id="oc-113">
         <name>.debug_info</name>
         <load_address>0x103d3</load_address>
         <run_address>0x103d3</run_address>
         <size>0x288</size>
         <input_file_ref idref="fl-dc"/>
      </object_component>
      <object_component id="oc-e2">
         <name>.debug_info</name>
         <load_address>0x1065b</load_address>
         <run_address>0x1065b</run_address>
         <size>0x295</size>
         <input_file_ref idref="fl-dc"/>
      </object_component>
      <object_component id="oc-2d6">
         <name>.debug_info</name>
         <load_address>0x108f0</load_address>
         <run_address>0x108f0</run_address>
         <size>0x3cb</size>
         <input_file_ref idref="fl-dd"/>
      </object_component>
      <object_component id="oc-37e">
         <name>.debug_info</name>
         <load_address>0x10cbb</load_address>
         <run_address>0x10cbb</run_address>
         <size>0x160</size>
         <input_file_ref idref="fl-dd"/>
      </object_component>
      <object_component id="oc-381">
         <name>.debug_info</name>
         <load_address>0x10e1b</load_address>
         <run_address>0x10e1b</run_address>
         <size>0x172</size>
         <input_file_ref idref="fl-dd"/>
      </object_component>
      <object_component id="oc-2e1">
         <name>.debug_info</name>
         <load_address>0x10f8d</load_address>
         <run_address>0x10f8d</run_address>
         <size>0x287</size>
         <input_file_ref idref="fl-dd"/>
      </object_component>
      <object_component id="oc-1f3">
         <name>.debug_info</name>
         <load_address>0x11214</load_address>
         <run_address>0x11214</run_address>
         <size>0x288</size>
         <input_file_ref idref="fl-dd"/>
      </object_component>
      <object_component id="oc-18a">
         <name>.debug_info</name>
         <load_address>0x1149c</load_address>
         <run_address>0x1149c</run_address>
         <size>0x2cc</size>
         <input_file_ref idref="fl-dd"/>
      </object_component>
      <object_component id="oc-190">
         <name>.debug_info</name>
         <load_address>0x11768</load_address>
         <run_address>0x11768</run_address>
         <size>0x298</size>
         <input_file_ref idref="fl-dd"/>
      </object_component>
      <object_component id="oc-196">
         <name>.debug_info</name>
         <load_address>0x11a00</load_address>
         <run_address>0x11a00</run_address>
         <size>0x296</size>
         <input_file_ref idref="fl-dd"/>
      </object_component>
      <object_component id="oc-184">
         <name>.debug_info</name>
         <load_address>0x11c96</load_address>
         <run_address>0x11c96</run_address>
         <size>0x2d8</size>
         <input_file_ref idref="fl-dd"/>
      </object_component>
      <object_component id="oc-17e">
         <name>.debug_info</name>
         <load_address>0x11f6e</load_address>
         <run_address>0x11f6e</run_address>
         <size>0x258</size>
         <input_file_ref idref="fl-dd"/>
      </object_component>
      <object_component id="oc-19c">
         <name>.debug_info</name>
         <load_address>0x121c6</load_address>
         <run_address>0x121c6</run_address>
         <size>0x250</size>
         <input_file_ref idref="fl-dd"/>
      </object_component>
      <object_component id="oc-2d8">
         <name>.debug_info</name>
         <load_address>0x12416</load_address>
         <run_address>0x12416</run_address>
         <size>0x252</size>
         <input_file_ref idref="fl-dd"/>
      </object_component>
      <object_component id="oc-178">
         <name>.debug_info</name>
         <load_address>0x12668</load_address>
         <run_address>0x12668</run_address>
         <size>0x32f</size>
         <input_file_ref idref="fl-dd"/>
      </object_component>
      <object_component id="oc-172">
         <name>.debug_info</name>
         <load_address>0x12997</load_address>
         <run_address>0x12997</run_address>
         <size>0x29a</size>
         <input_file_ref idref="fl-dd"/>
      </object_component>
      <object_component id="oc-1f9">
         <name>.debug_info</name>
         <load_address>0x12c31</load_address>
         <run_address>0x12c31</run_address>
         <size>0x25c</size>
         <input_file_ref idref="fl-dd"/>
      </object_component>
      <object_component id="oc-282">
         <name>.debug_info</name>
         <load_address>0x12e8d</load_address>
         <run_address>0x12e8d</run_address>
         <size>0x27c</size>
         <input_file_ref idref="fl-dd"/>
      </object_component>
      <object_component id="oc-1ff">
         <name>.debug_info</name>
         <load_address>0x13109</load_address>
         <run_address>0x13109</run_address>
         <size>0x26c</size>
         <input_file_ref idref="fl-dd"/>
      </object_component>
      <object_component id="oc-288">
         <name>.debug_info</name>
         <load_address>0x13375</load_address>
         <run_address>0x13375</run_address>
         <size>0x256</size>
         <input_file_ref idref="fl-dd"/>
      </object_component>
      <object_component id="oc-2b9">
         <name>.debug_info</name>
         <load_address>0x135cb</load_address>
         <run_address>0x135cb</run_address>
         <size>0x21b</size>
         <input_file_ref idref="fl-de"/>
      </object_component>
      <object_component id="oc-3f1">
         <name>.debug_info</name>
         <load_address>0x137e6</load_address>
         <run_address>0x137e6</run_address>
         <size>0xa1</size>
      </object_component>
      <object_component id="oc-25b">
         <name>.debug_line</name>
         <load_address>0x0</load_address>
         <run_address>0x0</run_address>
         <size>0x32</size>
         <input_file_ref idref="fl-2"/>
      </object_component>
      <object_component id="oc-73">
         <name>.debug_line</name>
         <load_address>0x32</load_address>
         <run_address>0x32</run_address>
         <size>0x6e</size>
         <input_file_ref idref="fl-2"/>
      </object_component>
      <object_component id="oc-39">
         <name>.debug_line</name>
         <load_address>0xa0</load_address>
         <run_address>0xa0</run_address>
         <size>0x20</size>
         <input_file_ref idref="fl-2"/>
      </object_component>
      <object_component id="oc-b0">
         <name>.debug_line</name>
         <load_address>0xc0</load_address>
         <run_address>0xc0</run_address>
         <size>0x72</size>
         <input_file_ref idref="fl-2"/>
      </object_component>
      <object_component id="oc-78">
         <name>.debug_line</name>
         <load_address>0x132</load_address>
         <run_address>0x132</run_address>
         <size>0x6f</size>
         <input_file_ref idref="fl-2"/>
      </object_component>
      <object_component id="oc-2fe">
         <name>.debug_line</name>
         <load_address>0x1a1</load_address>
         <run_address>0x1a1</run_address>
         <size>0x19a</size>
         <input_file_ref idref="fl-3"/>
      </object_component>
      <object_component id="oc-2f6">
         <name>.debug_line</name>
         <load_address>0x33b</load_address>
         <run_address>0x33b</run_address>
         <size>0x2d</size>
         <input_file_ref idref="fl-3"/>
      </object_component>
      <object_component id="oc-9d">
         <name>.debug_line</name>
         <load_address>0x368</load_address>
         <run_address>0x368</run_address>
         <size>0x254</size>
         <input_file_ref idref="fl-3"/>
      </object_component>
      <object_component id="oc-307">
         <name>.debug_line</name>
         <load_address>0x5bc</load_address>
         <run_address>0x5bc</run_address>
         <size>0x6a</size>
         <input_file_ref idref="fl-3"/>
      </object_component>
      <object_component id="oc-21a">
         <name>.debug_line</name>
         <load_address>0x626</load_address>
         <run_address>0x626</run_address>
         <size>0x20</size>
         <input_file_ref idref="fl-3"/>
      </object_component>
      <object_component id="oc-29a">
         <name>.debug_line</name>
         <load_address>0x646</load_address>
         <run_address>0x646</run_address>
         <size>0x6a</size>
         <input_file_ref idref="fl-3"/>
      </object_component>
      <object_component id="oc-302">
         <name>.debug_line</name>
         <load_address>0x6b0</load_address>
         <run_address>0x6b0</run_address>
         <size>0x73</size>
         <input_file_ref idref="fl-3"/>
      </object_component>
      <object_component id="oc-213">
         <name>.debug_line</name>
         <load_address>0x723</load_address>
         <run_address>0x723</run_address>
         <size>0xfb</size>
         <input_file_ref idref="fl-4"/>
      </object_component>
      <object_component id="oc-342">
         <name>.debug_line</name>
         <load_address>0x81e</load_address>
         <run_address>0x81e</run_address>
         <size>0x2c</size>
         <input_file_ref idref="fl-5"/>
      </object_component>
      <object_component id="oc-cb">
         <name>.debug_line</name>
         <load_address>0x84a</load_address>
         <run_address>0x84a</run_address>
         <size>0x1ff</size>
         <input_file_ref idref="fl-5"/>
      </object_component>
      <object_component id="oc-346">
         <name>.debug_line</name>
         <load_address>0xa49</load_address>
         <run_address>0xa49</run_address>
         <size>0x2c</size>
         <input_file_ref idref="fl-5"/>
      </object_component>
      <object_component id="oc-6f">
         <name>.debug_line</name>
         <load_address>0xa75</load_address>
         <run_address>0xa75</run_address>
         <size>0x41</size>
         <input_file_ref idref="fl-6"/>
      </object_component>
      <object_component id="oc-2e">
         <name>.debug_line</name>
         <load_address>0xab6</load_address>
         <run_address>0xab6</run_address>
         <size>0x41</size>
         <input_file_ref idref="fl-6"/>
      </object_component>
      <object_component id="oc-28">
         <name>.debug_line</name>
         <load_address>0xaf7</load_address>
         <run_address>0xaf7</run_address>
         <size>0xa1</size>
         <input_file_ref idref="fl-6"/>
      </object_component>
      <object_component id="oc-35d">
         <name>.debug_line</name>
         <load_address>0xb98</load_address>
         <run_address>0xb98</run_address>
         <size>0x62</size>
         <input_file_ref idref="fl-7"/>
      </object_component>
      <object_component id="oc-350">
         <name>.debug_line</name>
         <load_address>0xbfa</load_address>
         <run_address>0xbfa</run_address>
         <size>0x32</size>
         <input_file_ref idref="fl-7"/>
      </object_component>
      <object_component id="oc-35b">
         <name>.debug_line</name>
         <load_address>0xc2c</load_address>
         <run_address>0xc2c</run_address>
         <size>0x32</size>
         <input_file_ref idref="fl-7"/>
      </object_component>
      <object_component id="oc-34e">
         <name>.debug_line</name>
         <load_address>0xc5e</load_address>
         <run_address>0xc5e</run_address>
         <size>0x32</size>
         <input_file_ref idref="fl-7"/>
      </object_component>
      <object_component id="oc-34b">
         <name>.debug_line</name>
         <load_address>0xc90</load_address>
         <run_address>0xc90</run_address>
         <size>0x32</size>
         <input_file_ref idref="fl-7"/>
      </object_component>
      <object_component id="oc-d6">
         <name>.debug_line</name>
         <load_address>0xcc2</load_address>
         <run_address>0xcc2</run_address>
         <size>0x28a</size>
         <input_file_ref idref="fl-7"/>
      </object_component>
      <object_component id="oc-1ec">
         <name>.debug_line</name>
         <load_address>0xf4c</load_address>
         <run_address>0xf4c</run_address>
         <size>0xa8</size>
         <input_file_ref idref="fl-c2"/>
      </object_component>
      <object_component id="oc-1cd">
         <name>.debug_line</name>
         <load_address>0xff4</load_address>
         <run_address>0xff4</run_address>
         <size>0x8e</size>
         <input_file_ref idref="fl-c3"/>
      </object_component>
      <object_component id="oc-1f1">
         <name>.debug_line</name>
         <load_address>0x1082</load_address>
         <run_address>0x1082</run_address>
         <size>0x67</size>
         <input_file_ref idref="fl-c4"/>
      </object_component>
      <object_component id="oc-1d2">
         <name>.debug_line</name>
         <load_address>0x10e9</load_address>
         <run_address>0x10e9</run_address>
         <size>0x59</size>
         <input_file_ref idref="fl-c5"/>
      </object_component>
      <object_component id="oc-1c5">
         <name>.debug_line</name>
         <load_address>0x1142</load_address>
         <run_address>0x1142</run_address>
         <size>0x57</size>
         <input_file_ref idref="fl-c6"/>
      </object_component>
      <object_component id="oc-1c3">
         <name>.debug_line</name>
         <load_address>0x1199</load_address>
         <run_address>0x1199</run_address>
         <size>0x4c</size>
         <input_file_ref idref="fl-c7"/>
      </object_component>
      <object_component id="oc-93">
         <name>.debug_line</name>
         <load_address>0x11e5</load_address>
         <run_address>0x11e5</run_address>
         <size>0x79</size>
         <input_file_ref idref="fl-c8"/>
      </object_component>
      <object_component id="oc-28e">
         <name>.debug_line</name>
         <load_address>0x125e</load_address>
         <run_address>0x125e</run_address>
         <size>0x5b</size>
         <input_file_ref idref="fl-c9"/>
      </object_component>
      <object_component id="oc-c0">
         <name>.debug_line</name>
         <load_address>0x12b9</load_address>
         <run_address>0x12b9</run_address>
         <size>0x92</size>
         <input_file_ref idref="fl-ca"/>
[...]
         <value>0x719</value>
         <object_component_ref idref="oc-9b"/>
      </symbol>
      <symbol id="sm-be">
         <name>theta</name>
         <value>0x200005f8</value>
         <object_component_ref idref="oc-1df"/>
      </symbol>
      <symbol id="sm-bf">
         <name>Wheel_set</name>
         <value>0x761</value>
         <object_component_ref idref="oc-9b"/>
      </symbol>
      <symbol id="sm-c0">
         <name>rDataFlag0</name>
         <value>0x20000610</value>
         <object_component_ref idref="oc-1df"/>
      </symbol>
      <symbol id="sm-c1">
         <name>rDataFlag1</name>
         <value>0x20000614</value>
         <object_component_ref idref="oc-1df"/>
      </symbol>
      <symbol id="sm-c2">
         <name>main</name>
         <value>0x271</value>
         <object_component_ref idref="oc-9b"/>
      </symbol>
      <symbol id="sm-c3">
         <name>status_hand</name>
         <value>0x20000618</value>
         <object_component_ref idref="oc-1df"/>
      </symbol>
      <symbol id="sm-c4">
         <name>x_pid_flag</name>
         <value>0x200005d8</value>
         <object_component_ref idref="oc-1df"/>
      </symbol>
      <symbol id="sm-c5">
         <name>b_pid_flag</name>
         <value>0x200005e0</value>
         <object_component_ref idref="oc-1df"/>
      </symbol>
      <symbol id="sm-c6">
         <name>b_speed</name>
         <value>0x20000600</value>
         <object_component_ref idref="oc-1df"/>
      </symbol>
      <symbol id="sm-c7">
         <name>UART0_Handler</name>
         <value>0xbe9</value>
         <object_component_ref idref="oc-9b"/>
      </symbol>
      <symbol id="sm-c8">
         <name>x_set2</name>
         <value>0x200005f4</value>
         <object_component_ref idref="oc-1df"/>
      </symbol>
      <symbol id="sm-c9">
         <name>x_set1</name>
         <value>0x200005f0</value>
         <object_component_ref idref="oc-1df"/>
      </symbol>
      <symbol id="sm-ca">
         <name>setspeed</name>
         <value>0x200005ec</value>
         <object_component_ref idref="oc-1df"/>
      </symbol>
      <symbol id="sm-cb">
         <name>theta_pid_flag</name>
         <value>0x200005dc</value>
         <object_component_ref idref="oc-1df"/>
      </symbol>
      <symbol id="sm-cc">
         <name>QEI_init</name>
         <value>0x451</value>
         <object_component_ref idref="oc-9b"/>
      </symbol>
      <symbol id="sm-cd">
         <name>Sysint_init</name>
         <value>0x2b1</value>
         <object_component_ref idref="oc-9b"/>
      </symbol>
      <symbol id="sm-ce">
         <name>setspeed_flag</name>
         <value>0x200005e4</value>
         <object_component_ref idref="oc-1df"/>
      </symbol>
      <symbol id="sm-cf">
         <name>PWM_init</name>
         <value>0x331</value>
         <object_component_ref idref="oc-9b"/>
      </symbol>
      <symbol id="sm-f0">
         <name>USART_PID_Adjust</name>
         <value>0x1c09</value>
         <object_component_ref idref="oc-20e"/>
      </symbol>
      <symbol id="sm-f1">
         <name>Get_Data</name>
         <value>0x1959</value>
         <object_component_ref idref="oc-20e"/>
      </symbol>
      <symbol id="sm-120">
         <name>pid1_v</name>
         <value>0x20000470</value>
      </symbol>
      <symbol id="sm-121">
         <name>pid2_v</name>
         <value>0x200004a0</value>
      </symbol>
      <symbol id="sm-122">
         <name>pid_theta</name>
         <value>0x20000500</value>
      </symbol>
      <symbol id="sm-123">
         <name>pid_b</name>
         <value>0x200004d0</value>
      </symbol>
      <symbol id="sm-124">
         <name>pid_x1</name>
         <value>0x20000530</value>
      </symbol>
      <symbol id="sm-125">
         <name>pid_x2</name>
         <value>0x20000560</value>
      </symbol>
      <symbol id="sm-126">
         <name>pid</name>
         <value>0x200005d0</value>
      </symbol>
      <symbol id="sm-127">
         <name>PID_theta_update</name>
         <value>0x1539</value>
         <object_component_ref idref="oc-c9"/>
      </symbol>
      <symbol id="sm-128">
         <name>PID_init</name>
         <value>0xe51</value>
         <object_component_ref idref="oc-c9"/>
      </symbol>
      <symbol id="sm-129">
         <name>PID_x_update</name>
         <value>0x1211</value>
         <object_component_ref idref="oc-c9"/>
      </symbol>
      <symbol id="sm-12a">
         <name>PID_para</name>
         <value>0x1891</value>
         <object_component_ref idref="oc-c9"/>
      </symbol>
      <symbol id="sm-12b">
         <name>PID_b_update</name>
         <value>0x16d9</value>
         <object_component_ref idref="oc-c9"/>
      </symbol>
      <symbol id="sm-12c">
         <name>PID_speed_update</name>
         <value>0x1391</value>
         <object_component_ref idref="oc-c9"/>
      </symbol>
      <symbol id="sm-148">
         <name>ResetISR</name>
         <value>0x3069</value>
         <object_component_ref idref="oc-27"/>
      </symbol>
      <symbol id="sm-149">
         <name>g_pfnVectors</name>
         <value>0x0</value>
         <object_component_ref idref="oc-12"/>
      </symbol>
      <symbol id="sm-1b3">
         <name>UARTgetc</name>
         <value>0x2079</value>
         <object_component_ref idref="oc-d5"/>
      </symbol>
      <symbol id="sm-1b4">
         <name>UARTgets</name>
         <value>0x1f91</value>
         <object_component_ref idref="oc-d5"/>
      </symbol>
      <symbol id="sm-1b5">
         <name>UARTStdioConfig</name>
         <value>0x1eb9</value>
         <object_component_ref idref="oc-d5"/>
      </symbol>
      <symbol id="sm-1b6">
         <name>UARTwrite</name>
         <value>0x1f29</value>
         <object_component_ref idref="oc-d5"/>
      </symbol>
      <symbol id="sm-1b7">
         <name>UARTprintf</name>
         <value>0x23d9</value>
         <object_component_ref idref="oc-d5"/>
      </symbol>
      <symbol id="sm-1b8">
         <name>UARTvprintf</name>
         <value>0x2099</value>
         <object_component_ref idref="oc-d5"/>
      </symbol>
      <symbol id="sm-1cc">
         <name>__aeabi_ddiv</name>
         <value>0x2575</value>
         <object_component_ref idref="oc-1e8"/>
      </symbol>
      <symbol id="sm-1d7">
         <name>__aeabi_dmul</name>
         <value>0x27c5</value>
         <object_component_ref idref="oc-1c9"/>
      </symbol>
      <symbol id="sm-1e3">
         <name>__aeabi_d2f</name>
         <value>0x2acb</value>
         <object_component_ref idref="oc-1ed"/>
      </symbol>
      <symbol id="sm-1ed">
         <name>__aeabi_d2uiz</name>
         <value>0x2d8d</value>
         <object_component_ref idref="oc-1ce"/>
      </symbol>
      <symbol id="sm-1f8">
         <name>__aeabi_f2d</name>
         <value>0x2e89</value>
         <object_component_ref idref="oc-1c4"/>
      </symbol>
      <symbol id="sm-202">
         <name>__aeabi_ui2d</name>
         <value>0x2ff1</value>
         <object_component_ref idref="oc-1bf"/>
      </symbol>
      <symbol id="sm-211">
         <name>__aeabi_memset</name>
         <value>0x2a53</value>
         <object_component_ref idref="oc-8f"/>
      </symbol>
      <symbol id="sm-212">
         <name>memset</name>
         <value>0x2a59</value>
         <object_component_ref idref="oc-8f"/>
      </symbol>
      <symbol id="sm-213">
         <name>__aeabi_memset8</name>
         <value>0x2a53</value>
         <object_component_ref idref="oc-8f"/>
      </symbol>
      <symbol id="sm-214">
         <name>__aeabi_memset4</name>
         <value>0x2a53</value>
         <object_component_ref idref="oc-8f"/>
      </symbol>
      <symbol id="sm-215">
         <name>__aeabi_memclr8</name>
         <value>0x2a51</value>
         <object_component_ref idref="oc-8f"/>
      </symbol>
      <symbol id="sm-216">
         <name>__aeabi_memclr4</name>
         <value>0x2a51</value>
         <object_component_ref idref="oc-8f"/>
      </symbol>
      <symbol id="sm-217">
         <name>__aeabi_memclr</name>
         <value>0x2a51</value>
         <object_component_ref idref="oc-8f"/>
      </symbol>
      <symbol id="sm-226">
         <name>__aeabi_uidivmod</name>
         <value>0x2e11</value>
         <object_component_ref idref="oc-28d"/>
      </symbol>
      <symbol id="sm-227">
         <name>__aeabi_uidiv</name>
         <value>0x2e11</value>
         <object_component_ref idref="oc-28d"/>
      </symbol>
      <symbol id="sm-240">
         <name>__TI_zero_init_nomemset</name>
         <value>0x302f</value>
         <object_component_ref idref="oc-47"/>
      </symbol>
      <symbol id="sm-257">
         <name>__TI_decompress_none</name>
         <value>0x31d5</value>
         <object_component_ref idref="oc-1b"/>
      </symbol>
      <symbol id="sm-27a">
         <name>__TI_decompress_lzss</name>
         <value>0x2ba1</value>
         <object_component_ref idref="oc-15"/>
      </symbol>
      <symbol id="sm-289">
         <name>strcmp</name>
         <value>0x30b3</value>
         <object_component_ref idref="oc-208"/>
      </symbol>
      <symbol id="sm-29c">
         <name>__stack</name>
         <value>0x20000270</value>
         <object_component_ref idref="oc-24"/>
      </symbol>
      <symbol id="sm-29d">
         <name>_c_int00_noargs</name>
         <value>0x2f29</value>
         <object_component_ref idref="oc-59"/>
      </symbol>
      <symbol id="sm-2a7">
         <name>__aeabi_idiv0</name>
         <value>0x2407</value>
         <object_component_ref idref="oc-353"/>
      </symbol>
      <symbol id="sm-2a8">
         <name>__aeabi_ldiv0</name>
         <value>0x2407</value>
         <object_component_ref idref="oc-353"/>
      </symbol>
      <symbol id="sm-2c3">
         <name>memcpy</name>
         <value>0x29b5</value>
         <object_component_ref idref="oc-3b"/>
      </symbol>
      <symbol id="sm-2c4">
         <name>__aeabi_memcpy</name>
         <value>0x29b5</value>
         <object_component_ref idref="oc-3b"/>
      </symbol>
      <symbol id="sm-2c5">
         <name>__aeabi_memcpy8</name>
         <value>0x29b5</value>
         <object_component_ref idref="oc-3b"/>
      </symbol>
      <symbol id="sm-2c6">
         <name>__aeabi_memcpy4</name>
         <value>0x29b5</value>
         <object_component_ref idref="oc-3b"/>
      </symbol>
      <symbol id="sm-2ee">
         <name>__TI_auto_init_nobinit_nopinit</name>
         <value>0x2d49</value>
         <object_component_ref idref="oc-228"/>
      </symbol>
      <symbol id="sm-2f8">
         <name>_system_pre_init</name>
         <value>0x327d</value>
         <object_component_ref idref="oc-95"/>
      </symbol>
      <symbol id="sm-304">
         <name>C$$EXIT</name>
         <value>0x3281</value>
         <object_component_ref idref="oc-21c"/>
      </symbol>
      <symbol id="sm-305">
         <name>abort</name>
         <value>0x3281</value>
         <object_component_ref idref="oc-21c"/>
      </symbol>
      <symbol id="sm-375">
         <name>GPIOPinTypePWM</name>
         <value>0x30cb</value>
         <object_component_ref idref="oc-11d"/>
      </symbol>
      <symbol id="sm-376">
         <name>GPIOPinConfigure</name>
         <value>0x2c69</value>
         <object_component_ref idref="oc-123"/>
      </symbol>
      <symbol id="sm-377">
         <name>GPIOPinTypeUART</name>
         <value>0x30f7</value>
         <object_component_ref idref="oc-16b"/>
      </symbol>
      <symbol id="sm-378">
         <name>GPIOPinTypeGPIOOutput</name>
         <value>0x304b</value>
         <object_component_ref idref="oc-1a1"/>
      </symbol>
      <symbol id="sm-379">
         <name>GPIODirModeSet</name>
         <value>0x2f5d</value>
         <object_component_ref idref="oc-1ad"/>
      </symbol>
      <symbol id="sm-37a">
         <name>GPIOPinTypeQEI</name>
         <value>0x30e1</value>
         <object_component_ref idref="oc-14d"/>
      </symbol>
      <symbol id="sm-37b">
         <name>GPIOPinWrite</name>
         <value>0x325d</value>
         <object_component_ref idref="oc-1a7"/>
      </symbol>
      <symbol id="sm-37c">
         <name>GPIOPadConfigSet</name>
         <value>0x2409</value>
         <object_component_ref idref="oc-1b3"/>
      </symbol>
      <symbol id="sm-3c7">
         <name>IntPrioritySet</name>
         <value>0x2f89</value>
         <object_component_ref idref="oc-ff"/>
      </symbol>
      <symbol id="sm-3c8">
         <name>IntEnable</name>
         <value>0x2b39</value>
         <object_component_ref idref="oc-105"/>
      </symbol>
      <symbol id="sm-3c9">
         <name>IntRegister</name>
         <value>0x2ec1</value>
         <object_component_ref idref="oc-2a7"/>
      </symbol>
      <symbol id="sm-3ca">
         <name>g_pfnRAMVectors</name>
         <value>0x20000000</value>
         <object_component_ref idref="oc-367"/>
      </symbol>
      <symbol id="sm-3cb">
         <name>IntMasterEnable</name>
         <value>0x317d</value>
         <object_component_ref idref="oc-10b"/>
      </symbol>
      <symbol id="sm-408">
         <name>PWMGenPeriodSet</name>
         <value>0x318d</value>
         <object_component_ref idref="oc-12f"/>
      </symbol>
      <symbol id="sm-409">
         <name>PWMGenDisable</name>
         <value>0x31ef</value>
         <object_component_ref idref="oc-1b9"/>
      </symbol>
      <symbol id="sm-40a">
         <name>PWMPulseWidthSet</name>
         <value>0x3011</value>
         <object_component_ref idref="oc-13b"/>
      </symbol>
      <symbol id="sm-40b">
         <name>PWMGenPeriodGet</name>
         <value>0x3135</value>
         <object_component_ref idref="oc-135"/>
      </symbol>
      <symbol id="sm-40c">
         <name>PWMOutputState</name>
         <value>0x3147</value>
         <object_component_ref idref="oc-141"/>
      </symbol>
      <symbol id="sm-40d">
         <name>PWMGenEnable</name>
         <value>0x31fb</value>
         <object_component_ref idref="oc-147"/>
      </symbol>
      <symbol id="sm-40e">
         <name>PWMGenConfigure</name>
         <value>0x2fad</value>
         <object_component_ref idref="oc-129"/>
      </symbol>
      <symbol id="sm-43b">
         <name>QEIPositionGet</name>
         <value>0x1955</value>
         <object_component_ref idref="oc-1e2"/>
      </symbol>
      <symbol id="sm-43c">
         <name>QEIIntDisable</name>
         <value>0x3211</value>
         <object_component_ref idref="oc-159"/>
      </symbol>
      <symbol id="sm-43d">
         <name>QEIEnable</name>
         <value>0x3207</value>
         <object_component_ref idref="oc-15f"/>
      </symbol>
      <symbol id="sm-43e">
         <name>QEIPositionSet</name>
         <value>0x3065</value>
         <object_component_ref idref="oc-165"/>
      </symbol>
      <symbol id="sm-43f">
         <name>QEIConfigure</name>
         <value>0x319d</value>
         <object_component_ref idref="oc-153"/>
      </symbol>
      <symbol id="sm-4a7">
         <name>SysCtlPeripheralPresent</name>
         <value>0x2e51</value>
         <object_component_ref idref="oc-275"/>
      </symbol>
      <symbol id="sm-4a8">
         <name>SysCtlClockSet</name>
         <value>0x28c1</value>
         <object_component_ref idref="oc-c3"/>
      </symbol>
      <symbol id="sm-4a9">
         <name>SysCtlDelay</name>
         <value>0x3263</value>
         <object_component_ref idref="oc-25c"/>
      </symbol>
      <symbol id="sm-4aa">
         <name>SysCtlPeripheralEnable</name>
         <value>0x2ef5</value>
         <object_component_ref idref="oc-db"/>
      </symbol>
      <symbol id="sm-4ab">
         <name>SysCtlClockGet</name>
         <value>0x26ad</value>
         <object_component_ref idref="oc-cf"/>
      </symbol>
      <symbol id="sm-4ac">
         <name>SysCtlPWMClockSet</name>
         <value>0x310d</value>
         <object_component_ref idref="oc-117"/>
      </symbol>
      <symbol id="sm-517">
         <name>TimerLoadSet</name>
         <value>0x3159</value>
         <object_component_ref idref="oc-ed"/>
      </symbol>
      <symbol id="sm-518">
         <name>TimerIntRegister</name>
         <value>0x3083</value>
         <object_component_ref idref="oc-f3"/>
      </symbol>
      <symbol id="sm-519">
         <name>TimerEnable</name>
         <value>0x31ab</value>
         <object_component_ref idref="oc-111"/>
      </symbol>
      <symbol id="sm-51a">
         <name>TimerIntStatus</name>
         <value>0x321b</value>
         <object_component_ref idref="oc-1d3"/>
      </symbol>
      <symbol id="sm-51b">
         <name>TimerPrescaleSet</name>
         <value>0x316b</value>
         <object_component_ref idref="oc-e7"/>
      </symbol>
      <symbol id="sm-51c">
         <name>TimerIntEnable</name>
         <value>0x324d</value>
         <object_component_ref idref="oc-f9"/>
      </symbol>
      <symbol id="sm-51d">
         <name>TimerConfigure</name>
         <value>0x2c09</value>
         <object_component_ref idref="oc-e1"/>
      </symbol>
      <symbol id="sm-51e">
         <name>TimerIntClear</name>
         <value>0x3275</value>
         <object_component_ref idref="oc-1d9"/>
      </symbol>
      <symbol id="sm-5b8">
         <name>UARTConfigSetExpClk</name>
         <value>0x2d01</value>
         <object_component_ref idref="oc-177"/>
      </symbol>
      <symbol id="sm-5b9">
         <name>UARTDisable</name>
         <value>0x2fd1</value>
         <object_component_ref idref="oc-2d7"/>
      </symbol>
      <symbol id="sm-5ba">
         <name>UARTIntEnable</name>
         <value>0x3255</value>
         <object_component_ref idref="oc-18f"/>
      </symbol>
      <symbol id="sm-5bb">
         <name>UARTCharsAvail</name>
         <value>0x31c7</value>
         <object_component_ref idref="oc-1f8"/>
      </symbol>
      <symbol id="sm-5bc">
         <name>UARTCharGetNonBlocking</name>
         <value>0x31b9</value>
         <object_component_ref idref="oc-1fe"/>
      </symbol>
      <symbol id="sm-5bd">
         <name>UARTClockSourceSet</name>
         <value>0x3269</value>
         <object_component_ref idref="oc-171"/>
      </symbol>
      <symbol id="sm-5be">
         <name>UARTCharPut</name>
         <value>0x322f</value>
         <object_component_ref idref="oc-281"/>
      </symbol>
      <symbol id="sm-5bf">
         <name>UARTEnable</name>
         <value>0x3121</value>
         <object_component_ref idref="oc-19b"/>
      </symbol>
      <symbol id="sm-5c0">
         <name>UARTFIFOEnable</name>
         <value>0x3239</value>
         <object_component_ref idref="oc-17d"/>
      </symbol>
      <symbol id="sm-5c1">
         <name>UARTIntClear</name>
         <value>0x3279</value>
         <object_component_ref idref="oc-195"/>
      </symbol>
      <symbol id="sm-5c2">
         <name>UARTIntStatus</name>
         <value>0x3243</value>
         <object_component_ref idref="oc-1f2"/>
      </symbol>
      <symbol id="sm-5c3">
         <name>UARTCharGet</name>
         <value>0x3225</value>
         <object_component_ref idref="oc-287"/>
      </symbol>
      <symbol id="sm-5c4">
         <name>UARTFIFOLevelSet</name>
         <value>0x326f</value>
         <object_component_ref idref="oc-183"/>
      </symbol>
      <symbol id="sm-5c5">
         <name>UARTIntRegister</name>
         <value>0x309b</value>
         <object_component_ref idref="oc-189"/>
      </symbol>
      <symbol id="sm-5cf">
         <name>CPUcpsie</name>
         <value>0x31e3</value>
         <object_component_ref idref="oc-2b8"/>
      </symbol>
      <symbol id="sm-5d0">
         <name>__TI_static_base__</name>
         <value>0x0</value>
      </symbol>
      <symbol id="sm-5d3">
         <name>__mpu_init</name>
         <value>0x0</value>
      </symbol>
      <symbol id="sm-5d4">
         <name>_system_post_cinit</name>
         <value>0x0</value>
      </symbol>
   </symbol_table>
   <title>Link successful</title>
</link_info>
