******************************************************************************
                  TI ARM Linker PC v20.2.7                     
******************************************************************************
>> Linked Tue Jun  6 14:52:56 2023

OUTPUT FILE NAME:   <Car_drugs.out>
ENTRY POINT SYMBOL: "_c_int00_noargs"  address: 00002655


MEMORY CONFIGURATION

         name            origin    length      used     unused   attr    fill
----------------------  --------  ---------  --------  --------  ----  --------
  FLASH                 00000000   00040000  00002cf4  0003d30c  R  X
  SRAM                  20000000   00008000  0000062f  000079d1  RW X


SEGMENT ALLOCATION MAP

run origin  load origin   length   init length attrs members
----------  ----------- ---------- ----------- ----- -------
00000000    00000000    00002cf8   00002cf8    r-x
  00000000    00000000    0000026c   0000026c    r-- .intvecs
  0000026c    0000026c    0000273c   0000273c    r-x .text
  000029a8    000029a8    000002fc   000002fc    r-- .const
  00002ca8    00002ca8    00000050   00000050    r-- .cinit
20000000    20000000    00000635   00000000    rw-
  20000000    20000000    0000026c   00000000    rw- .vtable
  20000270    20000270    00000200   00000000    rw- .stack
  20000470    20000470    00000166   00000000    rw- .bss
  200005d8    200005d8    0000005d   00000000    rw- .data


SECTION ALLOCATION MAP

 output                                  attributes/
section   page    origin      length       input sections
--------  ----  ----------  ----------   ----------------
.intvecs   0    00000000    0000026c     
                  00000000    0000026c     tm4c123gh6pm_startup_ccs.obj (.intvecs)

.text      0    0000026c    0000273c     
                  0000026c    00000880     main.obj (.text)
                  00000aec    00000798     pid.obj (.text)
                  00001284    000004a8     uartstdio.obj (.text)
                  0000172c    00000408     my_uart.obj (.text)
                  00001b34    0000016c     driverlib.lib : gpio.obj (.text:GPIOPadConfigSet)
                  00001ca0    00000136     rtsv7M4_T_le_v4SPD16_eabi.lib : fd_div_t2.asm.obj (.text)
                  00001dd6    00000002                                   : div0.asm.obj (.text)
                  00001dd8    00000118     driverlib.lib : sysctl.obj (.text:SysCtlClockGet)
                  00001ef0    000000fc     rtsv7M4_T_le_v4SPD16_eabi.lib : fd_mul_t2.asm.obj (.text)
                  00001fec    000000f4     driverlib.lib : sysctl.obj (.text:SysCtlClockSet)
                  000020e0    0000009c     rtsv7M4_T_le_v4SPD16_eabi.lib : memcpy_t2.asm.obj (.text)
                  0000217c    0000007a                                   : memset_t2.asm.obj (.text)
                  000021f6    0000006e                                   : fd_tos_t2.asm.obj (.text)
                  00002264    00000068     driverlib.lib : interrupt.obj (.text:IntEnable)
                  000022cc    00000068     rtsv7M4_T_le_v4SPD16_eabi.lib : copy_decompress_lzss.c.obj (.text:decompress:lzss:__TI_decompress_lzss)
                  00002334    00000060     driverlib.lib : timer.obj (.text:TimerConfigure)
                  00002394    0000004c                   : gpio.obj (.text:GPIOPinConfigure)
                  000023e0    0000004c                   : timer.obj (.text:_TimerIntNumberGet)
                  0000242c    00000046                   : uart.obj (.text:UARTConfigSetExpClk)
                  00002472    00000002     --HOLE-- [fill = 0]
                  00002474    00000044     rtsv7M4_T_le_v4SPD16_eabi.lib : autoinit.c.obj (.text:__TI_auto_init_nobinit_nopinit:__TI_auto_init_nobinit_nopinit)
                  000024b8    00000044                                   : fd_tou_t2.asm.obj (.text)
                  000024fc    00000040     driverlib.lib : uart.obj (.text:_UARTIntNumberGet)
                  0000253c    00000040     rtsv7M4_T_le_v4SPD16_eabi.lib : u_divt2.asm.obj (.text)
                  0000257c    00000038     driverlib.lib : sysctl.obj (.text:SysCtlPeripheralPresent)
                  000025b4    00000038     rtsv7M4_T_le_v4SPD16_eabi.lib : fs_tod_t2.asm.obj (.text)
                  000025ec    00000034     driverlib.lib : interrupt.obj (.text:IntRegister)
                  00002620    00000034                   : sysctl.obj (.text:SysCtlPeripheralEnable)
                  00002654    00000034     rtsv7M4_T_le_v4SPD16_eabi.lib : boot_cortex_m.c.obj (.text:_c_int00_noargs:_c_int00_noargs)
                  00002688    0000002c     driverlib.lib : gpio.obj (.text:GPIODirModeSet)
                  000026b4    00000024                   : interrupt.obj (.text:IntPrioritySet)
                  000026d8    00000022                   : pwm.obj (.text:PWMGenConfigure)
                  000026fa    00000002     --HOLE-- [fill = 0]
                  000026fc    00000020                   : uart.obj (.text:UARTDisable)
                  0000271c    00000020     rtsv7M4_T_le_v4SPD16_eabi.lib : u_tofd_t2.asm.obj (.text)
                  0000273c    0000001e     driverlib.lib : pwm.obj (.text:PWMPulseWidthSet)
                  0000275a    0000001c     rtsv7M4_T_le_v4SPD16_eabi.lib : copy_zero_init.c.obj (.text:decompress:ZI:__TI_zero_init_nomemset:__TI_zero_init_nomemset)
                  00002776    0000001a     driverlib.lib : gpio.obj (.text:GPIOPinTypeGPIOOutput)
                  00002790    00000018                   : timer.obj (.text:TimerIntRegister)
                  000027a8    00000018                   : uart.obj (.text:UARTIntRegister)
                  000027c0    00000018     rtsv7M4_T_le_v4SPD16_eabi.lib : strcmp.c.obj (.text:strcmp)
                  000027d8    00000016     driverlib.lib : gpio.obj (.text:GPIOPinTypePWM)
                  000027ee    00000016                   : gpio.obj (.text:GPIOPinTypeQEI)
                  00002804    00000016                   : gpio.obj (.text:GPIOPinTypeUART)
                  0000281a    00000002     --HOLE-- [fill = 0]
                  0000281c    00000014                   : sysctl.obj (.text:SysCtlPWMClockSet)
                  00002830    00000014                   : uart.obj (.text:UARTEnable)
                  00002844    00000012                   : pwm.obj (.text:PWMGenPeriodGet)
                  00002856    00000012                   : pwm.obj (.text:PWMOutputState)
                  00002868    00000012                   : timer.obj (.text:TimerLoadSet)
                  0000287a    00000012                   : timer.obj (.text:TimerPrescaleSet)
                  0000288c    00000010                   : interrupt.obj (.text:IntMasterEnable)
                  0000289c    00000010                   : pwm.obj (.text:PWMGenPeriodSet)
                  000028ac    0000000e                   : qei.obj (.text:QEIConfigure)
                  000028ba    0000000e                   : timer.obj (.text:TimerEnable)
                  000028c8    0000000e                   : uart.obj (.text:UARTCharGetNonBlocking)
                  000028d6    0000000e                   : uart.obj (.text:UARTCharsAvail)
                  000028e4    0000000e     rtsv7M4_T_le_v4SPD16_eabi.lib : copy_decompress_none.c.obj (.text:decompress:none:__TI_decompress_none)
                  000028f2    0000000c     driverlib.lib : cpu.obj (.text:CPUcpsie)
                  000028fe    0000000c                   : pwm.obj (.text:PWMGenDisable)
                  0000290a    0000000c                   : pwm.obj (.text:PWMGenEnable)
                  00002916    0000000c     tm4c123gh6pm_startup_ccs.obj (.text)
                  00002922    0000000a     driverlib.lib : qei.obj (.text:QEIEnable)
                  0000292c    0000000a                   : qei.obj (.text:QEIIntDisable)
                  00002936    0000000a                   : timer.obj (.text:TimerIntStatus)
                  00002940    0000000a                   : uart.obj (.text:UARTCharGet)
                  0000294a    0000000a                   : uart.obj (.text:UARTCharPut)
                  00002954    0000000a                   : uart.obj (.text:UARTFIFOEnable)
                  0000295e    0000000a                   : uart.obj (.text:UARTIntStatus)
                  00002968    00000008                   : timer.obj (.text:TimerIntEnable)
                  00002970    00000008                   : uart.obj (.text:UARTIntEnable)
                  00002978    00000006                   : gpio.obj (.text:GPIOPinWrite)
                  0000297e    00000006                   : sysctl.obj (.text:SysCtlDelay)
                  00002984    00000006                   : uart.obj (.text:UARTClockSourceSet)
                  0000298a    00000006                   : uart.obj (.text:UARTFIFOLevelSet)
                  00002990    00000004                   : qei.obj (.text:QEIPositionGet)
                  00002994    00000004                   : qei.obj (.text:QEIPositionSet)
                  00002998    00000004                   : timer.obj (.text:TimerIntClear)
                  0000299c    00000004                   : uart.obj (.text:UARTIntClear)
                  000029a0    00000004     rtsv7M4_T_le_v4SPD16_eabi.lib : pre_init.c.obj (.text:_system_pre_init)
                  000029a4    00000004                                   : exit.c.obj (.text:abort:abort)

.const     0    000029a8    000002fc     
                  000029a8    0000009c     driverlib.lib : interrupt.obj (.const:g_pui32Regs)
                  00002a44    00000090                   : gpio.obj (.const:g_pui32GPIOBaseAddrs)
                  00002ad4    0000006c                   : sysctl.obj (.const:g_pui32Xtals)
                  00002b40    00000060                   : timer.obj (.const:g_ppui32TimerIntMap)
                  00002ba0    00000040                   : timer.obj (.const:g_ppui32TimerIntMapSnowflake)
                  00002be0    00000040                   : uart.obj (.const:g_ppui32UARTIntMap)
                  00002c20    00000040                   : uart.obj (.const:g_ppui32UARTIntMapSnowflake)
                  00002c60    00000014                   : interrupt.obj (.const:g_pui32EnRegs)
                  00002c74    00000012     uartstdio.obj (.const:.string)
                  00002c86    00000002     --HOLE-- [fill = 0]
                  00002c88    0000000c     uartstdio.obj (.const:g_ui32UARTBase)
                  00002c94    0000000c     uartstdio.obj (.const:g_ui32UARTPeriph)
                  00002ca0    00000004     uartstdio.obj (.const)

.cinit     0    00002ca8    00000050     
                  00002ca8    0000001c     (.cinit..data.load) [load image, compression = lzss]
                  00002cc4    0000000c     (__TI_handler_table)
                  00002cd0    00000008     (.cinit..bss.load) [load image, compression = zero_init]
                  00002cd8    00000008     (.cinit..vtable.load) [load image, compression = zero_init]
                  00002ce0    00000018     (__TI_cinit_table)

.init_array 
*          0    00000000    00000000     UNINITIALIZED

.vtable    0    20000000    0000026c     UNINITIALIZED
                  20000000    0000026c     driverlib.lib : interrupt.obj (.vtable)

.bss       0    20000470    00000166     UNINITIALIZED
                  20000470    00000030     (.common:pid1_v)
                  200004a0    00000030     (.common:pid2_v)
                  200004d0    00000030     (.common:pid_b)
                  20000500    00000030     (.common:pid_theta)
                  20000530    00000030     (.common:pid_x1)
                  20000560    00000030     (.common:pid_x2)
                  20000590    00000020     (.common:rData0)
                  200005b0    00000020     (.common:rData1)
                  200005d0    00000004     (.common:pid)
                  200005d4    00000001     (.common:rx_buf0)
                  200005d5    00000001     (.common:rx_buf1)

.data      0    200005d8    0000005d     UNINITIALIZED
                  200005d8    00000058     main.obj (.data)
                  20000630    00000005     uartstdio.obj (.data)

.stack     0    20000270    00000200     UNINITIALIZED
                  20000270    00000004     rtsv7M4_T_le_v4SPD16_eabi.lib : boot_cortex_m.c.obj (.stack)
                  20000274    000001fc     --HOLE--

__llvm_prf_cnts 
*          0    20000000    00000000     UNINITIALIZED

MODULE SUMMARY

       Module                         code    ro data   rw data
       ------                         ----    -------   -------
    .\
       main.obj                       2176    0         154    
       pid.obj                        1944    0         292    
       uartstdio.obj                  1192    46        5      
       my_uart.obj                    1032    0         0      
       tm4c123gh6pm_startup_ccs.obj   12      620       0      
    +--+------------------------------+-------+---------+---------+
       Total:                         6356    666       451    
                                                               
    D:/TivaWare/driverlib/ccs/Debug/driverlib.lib
       interrupt.obj                  208     176       620    
       sysctl.obj                     658     108       0      
       gpio.obj                       582     144       0      
       uart.obj                       302     128       0      
       timer.obj                      268     160       0      
       pwm.obj                        140     0         0      
       qei.obj                        42      0         0      
       cpu.obj                        12      0         0      
    +--+------------------------------+-------+---------+---------+
       Total:                         2212    716       620    
                                                               
    D:\CCS12.3.0\ccs\tools\compiler\ti-cgt-arm_20.2.7.LTS\lib\rtsv7M4_T_le_v4SPD16_eabi.lib
       fd_div_t2.asm.obj              310     0         0      
       fd_mul_t2.asm.obj              252     0         0      
       memcpy_t2.asm.obj              156     0         0      
       memset_t2.asm.obj              122     0         0      
       fd_tos_t2.asm.obj              110     0         0      
       copy_decompress_lzss.c.obj     104     0         0      
       autoinit.c.obj                 68      0         0      
       fd_tou_t2.asm.obj              68      0         0      
       u_divt2.asm.obj                64      0         0      
       fs_tod_t2.asm.obj              56      0         0      
       boot_cortex_m.c.obj            52      0         0      
       u_tofd_t2.asm.obj              32      0         0      
       copy_zero_init.c.obj           28      0         0      
       strcmp.c.obj                   24      0         0      
       copy_decompress_none.c.obj     14      0         0      
       exit.c.obj                     4       0         0      
       pre_init.c.obj                 4       0         0      
       div0.asm.obj                   2       0         0      
    +--+------------------------------+-------+---------+---------+
       Total:                         1470    0         0      
                                                               
       Stack:                         0       0         512    
       Linker Generated:              0       80        0      
    +--+------------------------------+-------+---------+---------+
       Grand Total:                   10038   1462      1583   


LINKER GENERATED COPY TABLES

__TI_cinit_table @ 00002ce0 records: 3, size/record: 8, table size: 24
	.data: load addr=00002ca8, load size=0000001c bytes, run addr=200005d8, run size=0000005d bytes, compression=lzss
	.bss: load addr=00002cd0, load size=00000008 bytes, run addr=20000470, run size=00000166 bytes, compression=zero_init
	.vtable: load addr=00002cd8, load size=00000008 bytes, run addr=20000000, run size=0000026c bytes, compression=zero_init


LINKER GENERATED HANDLER TABLE

__TI_handler_table @ 00002cc4 records: 3, size/record: 4, table size: 12
	index: 0, handler: __TI_zero_init
	index: 1, handler: __TI_decompress_lzss
	index: 2, handler: __TI_decompress_none


GLOBAL SYMBOLS: SORTED ALPHABETICALLY BY Name 

address   name                          
-------   ----                          
000029a5  C$$EXIT                       
000028f3  CPUcpsie                      
00002689  GPIODirModeSet                
00001b35  GPIOPadConfigSet              
00002395  GPIOPinConfigure              
00002777  GPIOPinTypeGPIOOutput         
000027d9  GPIOPinTypePWM                
000027ef  GPIOPinTypeQEI                
00002805  GPIOPinTypeUART               
00002979  GPIOPinWrite                  
0000053d  GPIO_init                     
0000172d  Get_Data                      
00002265  IntEnable                     
0000288d  IntMasterEnable               
000026b5  IntPrioritySet                
000025ed  IntRegister                   
00001091  PID_b_update                  
00000aed  PID_init                      
000011a3  PID_para                      
00000e09  PID_speed_update              
00000f85  PID_theta_update              
00000c5b  PID_x_update                  
000026d9  PWMGenConfigure               
000028ff  PWMGenDisable                 
0000290b  PWMGenEnable                  
00002845  PWMGenPeriodGet               
0000289d  PWMGenPeriodSet               
00002857  PWMOutputState                
0000273d  PWMPulseWidthSet              
000002f3  PWM_init                      
000028ad  QEIConfigure                  
00002923  QEIEnable                     
0000292d  QEIIntDisable                 
00002991  QEIPositionGet                
00002995  QEIPositionSet                
000003a5  QEI_init                      
00002917  ResetISR                      
00001dd9  SysCtlClockGet                
00001fed  SysCtlClockSet                
0000297f  SysCtlDelay                   
0000281d  SysCtlPWMClockSet             
00002621  SysCtlPeripheralEnable        
0000257d  SysCtlPeripheralPresent       
0000029f  Sysint_init                   
0000070d  TIMER0_IRQHandler             
00002335  TimerConfigure                
000028bb  TimerEnable                   
00002999  TimerIntClear                 
00002969  TimerIntEnable                
00002791  TimerIntRegister              
00002937  TimerIntStatus                
00002869  TimerLoadSet                  
0000287b  TimerPrescaleSet              
00000911  UART0_Handler                 
000009ed  UART1_Handler                 
00002941  UARTCharGet                   
000028c9  UARTCharGetNonBlocking        
0000294b  UARTCharPut                   
000028d7  UARTCharsAvail                
00002985  UARTClockSourceSet            
0000242d  UARTConfigSetExpClk           
000026fd  UARTDisable                   
00002831  UARTEnable                    
00002955  UARTFIFOEnable                
0000298b  UARTFIFOLevelSet              
0000299d  UARTIntClear                  
00002971  UARTIntEnable                 
000027a9  UARTIntRegister               
0000295f  UARTIntStatus                 
00001285  UARTStdioConfig               
000013d5  UARTgetc                      
0000131b  UARTgets                      
000016f7  UARTprintf                    
000013fd  UARTvprintf                   
000012cb  UARTwrite                     
00001945  USART_PID_Adjust              
00000453  USART_init                    
0000057d  Wheel_set                     
20000470  __STACK_END                   
00000200  __STACK_SIZE                  
20000470  __STACK_TOP                   
00002ce0  __TI_CINIT_Base               
00002cf8  __TI_CINIT_Limit              
00002cc4  __TI_Handler_Table_Base       
00002cd0  __TI_Handler_Table_Limit      
00002475  __TI_auto_init_nobinit_nopinit
000022cd  __TI_decompress_lzss          
000028e5  __TI_decompress_none          
ffffffff  __TI_pprof_out_hndl           
ffffffff  __TI_prof_data_size           
ffffffff  __TI_prof_data_start          
00000000  __TI_static_base__            
0000275b  __TI_zero_init_nomemset       
000021f7  __aeabi_d2f                   
000024b9  __aeabi_d2uiz                 
00001ca1  __aeabi_ddiv                  
00001ef1  __aeabi_dmul                  
000025b5  __aeabi_f2d                   
00001dd7  __aeabi_idiv0                 
00001dd7  __aeabi_ldiv0                 
0000217d  __aeabi_memclr                
0000217d  __aeabi_memclr4               
0000217d  __aeabi_memclr8               
000020e1  __aeabi_memcpy                
000020e1  __aeabi_memcpy4               
000020e1  __aeabi_memcpy8               
0000217f  __aeabi_memset                
0000217f  __aeabi_memset4               
0000217f  __aeabi_memset8               
0000271d  __aeabi_ui2d                  
0000253d  __aeabi_uidiv                 
0000253d  __aeabi_uidivmod              
ffffffff  __binit__                     
ffffffff  __c_args__                    
UNDEFED   __mpu_init                    
20000270  __stack                       
20000000  __start___llvm_prf_cnts       
20000000  __stop___llvm_prf_cnts        
00002655  _c_int00_noargs               
UNDEFED   _system_post_cinit            
000029a1  _system_pre_init              
000029a5  abort                         
200005e8  b                             
200005e0  b_pid_flag                    
20000600  b_speed                       
ffffffff  binit                         
20000000  g_pfnRAMVectors               
00000000  g_pfnVectors                  
0000026d  main                          
000020e1  memcpy                        
00002185  memset                        
200005d0  pid                           
20000470  pid1_v                        
200004a0  pid2_v                        
200004d0  pid_b                         
20000500  pid_theta                     
20000530  pid_x1                        
20000560  pid_x2                        
20000590  rData0                        
200005b0  rData1                        
2000060c  rDataCount0                   
2000060d  rDataCount1                   
20000610  rDataFlag0                    
20000614  rDataFlag1                    
200005d4  rx_buf0                       
200005d5  rx_buf1                       
200005ec  setspeed                      
200005e4  setspeed_flag                 
20000604  speed1                        
20000608  speed2                        
20000618  status_hand                   
000027c1  strcmp                        
200005f8  theta                         
200005dc  theta_pid_flag                
200005fc  theta_speed                   
200005d8  x_pid_flag                    
200005f0  x_set1                        
200005f4  x_set2                        


GLOBAL SYMBOLS: SORTED BY Symbol Address 

address   name                          
-------   ----                          
00000000  __TI_static_base__            
00000000  g_pfnVectors                  
00000200  __STACK_SIZE                  
0000026d  main                          
0000029f  Sysint_init                   
000002f3  PWM_init                      
000003a5  QEI_init                      
00000453  USART_init                    
0000053d  GPIO_init                     
0000057d  Wheel_set                     
0000070d  TIMER0_IRQHandler             
00000911  UART0_Handler                 
000009ed  UART1_Handler                 
00000aed  PID_init                      
00000c5b  PID_x_update                  
00000e09  PID_speed_update              
00000f85  PID_theta_update              
00001091  PID_b_update                  
000011a3  PID_para                      
00001285  UARTStdioConfig               
000012cb  UARTwrite                     
0000131b  UARTgets                      
000013d5  UARTgetc                      
000013fd  UARTvprintf                   
000016f7  UARTprintf                    
0000172d  Get_Data                      
00001945  USART_PID_Adjust              
00001b35  GPIOPadConfigSet              
00001ca1  __aeabi_ddiv                  
00001dd7  __aeabi_idiv0                 
00001dd7  __aeabi_ldiv0                 
00001dd9  SysCtlClockGet                
00001ef1  __aeabi_dmul                  
00001fed  SysCtlClockSet                
000020e1  __aeabi_memcpy                
000020e1  __aeabi_memcpy4               
000020e1  __aeabi_memcpy8               
000020e1  memcpy                        
0000217d  __aeabi_memclr                
0000217d  __aeabi_memclr4               
0000217d  __aeabi_memclr8               
0000217f  __aeabi_memset                
0000217f  __aeabi_memset4               
0000217f  __aeabi_memset8               
00002185  memset                        
000021f7  __aeabi_d2f                   
00002265  IntEnable                     
000022cd  __TI_decompress_lzss          
00002335  TimerConfigure                
00002395  GPIOPinConfigure              
0000242d  UARTConfigSetExpClk           
00002475  __TI_auto_init_nobinit_nopinit
000024b9  __aeabi_d2uiz                 
0000253d  __aeabi_uidiv                 
0000253d  __aeabi_uidivmod              
0000257d  SysCtlPeripheralPresent       
000025b5  __aeabi_f2d                   
000025ed  IntRegister                   
00002621  SysCtlPeripheralEnable        
00002655  _c_int00_noargs               
00002689  GPIODirModeSet                
000026b5  IntPrioritySet                
000026d9  PWMGenConfigure               
000026fd  UARTDisable                   
0000271d  __aeabi_ui2d                  
0000273d  PWMPulseWidthSet              
0000275b  __TI_zero_init_nomemset       
00002777  GPIOPinTypeGPIOOutput         
00002791  TimerIntRegister              
000027a9  UARTIntRegister               
000027c1  strcmp                        
000027d9  GPIOPinTypePWM                
000027ef  GPIOPinTypeQEI                
00002805  GPIOPinTypeUART               
0000281d  SysCtlPWMClockSet             
00002831  UARTEnable                    
00002845  PWMGenPeriodGet               
00002857  PWMOutputState                
00002869  TimerLoadSet                  
0000287b  TimerPrescaleSet              
0000288d  IntMasterEnable               
0000289d  PWMGenPeriodSet               
000028ad  QEIConfigure                  
000028bb  TimerEnable                   
000028c9  UARTCharGetNonBlocking        
000028d7  UARTCharsAvail                
000028e5  __TI_decompress_none          
000028f3  CPUcpsie                      
000028ff  PWMGenDisable                 
0000290b  PWMGenEnable                  
00002917  ResetISR                      
00002923  QEIEnable                     
0000292d  QEIIntDisable                 
00002937  TimerIntStatus                
00002941  UARTCharGet                   
0000294b  UARTCharPut                   
00002955  UARTFIFOEnable                
0000295f  UARTIntStatus                 
00002969  TimerIntEnable                
00002971  UARTIntEnable                 
00002979  GPIOPinWrite                  
0000297f  SysCtlDelay                   
00002985  UARTClockSourceSet            
0000298b  UARTFIFOLevelSet              
00002991  QEIPositionGet                
00002995  QEIPositionSet                
00002999  TimerIntClear                 
0000299d  UARTIntClear                  
000029a1  _system_pre_init              
000029a5  C$$EXIT                       
000029a5  abort                         
00002cc4  __TI_Handler_Table_Base       
00002cd0  __TI_Handler_Table_Limit      
00002ce0  __TI_CINIT_Base               
00002cf8  __TI_CINIT_Limit              
20000000  __start___llvm_prf_cnts       
20000000  __stop___llvm_prf_cnts        
20000000  g_pfnRAMVectors               
20000270  __stack                       
20000470  __STACK_END                   
20000470  __STACK_TOP                   
20000470  pid1_v                        
200004a0  pid2_v                        
200004d0  pid_b                         
20000500  pid_theta                     
20000530  pid_x1                        
20000560  pid_x2                        
20000590  rData0                        
200005b0  rData1                        
200005d0  pid                           
200005d4  rx_buf0                       
200005d5  rx_buf1                       
200005d8  x_pid_flag                    
200005dc  theta_pid_flag                
200005e0  b_pid_flag                    
200005e4  setspeed_flag                 
200005e8  b                             
200005ec  setspeed                      
200005f0  x_set1                        
200005f4  x_set2                        
200005f8  theta                         
200005fc  theta_speed                   
20000600  b_speed                       
20000604  speed1                        
20000608  speed2                        
2000060c  rDataCount0                   
2000060d  rDataCount1                   
20000610  rDataFlag0                    
20000614  rDataFlag1                    
20000618  status_hand                   
ffffffff  __TI_pprof_out_hndl           
ffffffff  __TI_prof_data_size           
ffffffff  __TI_prof_data_start          
ffffffff  __binit__                     
ffffffff  __c_args__                    
ffffffff  binit                         
UNDEFED   __mpu_init                    
UNDEFED   _system_post_cinit            

[158 symbols]
