<html>
<body>
<pre>
<h1>µVision Build Log</h1>
<h2>Tool Versions:</h2>
IDE-Version: ¦ÌVision V5.37.0.0
Copyright (C) 2022 ARM Ltd and ARM Germany GmbH. All rights reserved.
License Information: Jack LENOVO, Hust, LIC=YA39H-W544F-HLNCL-0MHD7-A0NQJ-P2N6L
 
Tool Versions:
Toolchain:       MDK-ARM Plus  Version: 5.37.0.0
Toolchain Path:  D:\Keil\ARM\ARMCLANG\Bin
C Compiler:      ArmClang.exe V6.18
Assembler:       Armasm.exe V6.18
Linker/Locator:  ArmLink.exe V6.18
Library Manager: ArmAr.exe V6.18
Hex Converter:   FromElf.exe V6.18
CPU DLL:         SARMCM3.DLL V5.37.0.0
Dialog DLL:      DCM.DLL V1.17.5.0
Target DLL:      STLink\ST-LINKIII-KEIL_SWO.dll V3.0.9.0
Dialog DLL:      TCM.DLL V1.56.1.0
 
<h2>Project:</h2>
D:\STM32Ex\2023_Spring_Lesson(S)_ball_controller\MDK-ARM\ball_controller.uvprojx
Project File Date:  04/20/2023

<h2>Output:</h2>
*** Using Compiler 'V6.18', folder: 'D:\Keil\ARM\ARMCLANG\Bin'
Build target 'ball_controller'
../Src/main.c(323): warning: passing 'uint8_t[40]' (aka 'unsigned char[40]') to parameter of type 'const char *' converts between pointers to integer types where one is of the unique plain 'char' type and the other is not [-Wpointer-sign]
                                x1_buff = strtof(rData3,&endptr);
                                                 ^~~~~~
D:\Keil\ARM\ARMCLANG\Bin\..\include\stdlib.h(206): note: passing argument to parameter here
extern _ARMABI float strtof(const char * __restrict /*nptr*/, char ** __restrict /*endptr*/) __attribute__((__nonnull__(1)));
                                                            ^
../Src/main.c(326): warning: assigning to 'char *' from 'uint8_t[40]' (aka 'unsigned char[40]') converts between pointers to integer types where one is of the unique plain 'char' type and the other is not [-Wpointer-sign]
                                endptr = rData3;
                                       ^ ~~~~~~
2 warnings generated.
compiling main.c...
linking...
Program Size: Code=15600 RO-data=376 RW-data=32 ZI-data=1656  
FromELF: creating hex file...
"ball_controller\ball_controller.axf" - 0 Error(s), 2 Warning(s).

<h2>Software Packages used:</h2>

Package Vendor: ARM
                http://www.keil.com/pack/ARM.CMSIS.5.9.0.pack
                ARM.CMSIS.5.9.0
                CMSIS (Common Microcontroller Software Interface Standard)
   * Component: CORE Version: 5.6.0

Package Vendor: Keil
                http://www.keil.com/pack/Keil.STM32F1xx_DFP.2.4.0.pack
                Keil.STM32F1xx_DFP.2.4.0
                STMicroelectronics STM32F1 Series Device Support, Drivers and Examples

<h2>Collection of Component include folders:</h2>
  ./RTE/_ball_controller
  D:/KeilPack/ARM/CMSIS/5.9.0/CMSIS/Core/Include
  D:/KeilPack/Keil/STM32F1xx_DFP/2.4.0/Device/Include

<h2>Collection of Component Files used:</h2>

   * Component: ARM::CMSIS:CORE:5.6.0
Build Time Elapsed:  00:00:01
</pre>
</body>
</html>
