******************************************************************************
                  TI ARM Linker PC v20.2.7                     
******************************************************************************
>> Linked Tue Jun  6 14:52:57 2023

OUTPUT FILE NAME:   <Car_drugs.out>
ENTRY POINT SYMBOL: "_c_int00_noargs"  address: 0000273d


MEMORY CONFIGURATION

         name            origin    length      used     unused   attr    fill
----------------------  --------  ---------  --------  --------  ----  --------
  FLASH                 00000000   00040000  00002ddc  0003d224  R  X
  SRAM                  20000000   00008000  0000062f  000079d1  RW X


SEGMENT ALLOCATION MAP

run origin  load origin   length   init length attrs members
----------  ----------- ---------- ----------- ----- -------
00000000    00000000    00002de0   00002de0    r-x
  00000000    00000000    0000026c   0000026c    r-- .intvecs
  00000270    00000270    00002824   00002824    r-x .text
  00002a94    00002a94    000002fc   000002fc    r-- .const
  00002d90    00002d90    00000050   00000050    r-- .cinit
20000000    20000000    00000635   00000000    rw-
  20000000    20000000    0000026c   00000000    rw- .vtable
  20000270    20000270    00000200   00000000    rw- .stack
  20000470    20000470    00000166   00000000    rw- .bss
  200005d8    200005d8    0000005d   00000000    rw- .data


SECTION ALLOCATION MAP

 output                                  attributes/
section   page    origin      length       input sections
--------  ----  ----------  ----------   ----------------
.intvecs   0    00000000    0000026c     
                  00000000    0000026c     tm4c123gh6pm_startup_ccs.obj (.intvecs)

.text      0    00000270    00002824     
                  00000270    000008b4     main.obj (.text)
                  00000b24    00000004     driverlib.lib : qei.obj (.text:QEIPositionGet)
                  00000b28    000007c0     pid.obj (.text)
                  000012e8    000004fc     uartstdio.obj (.text)
                  000017e4    00000004     driverlib.lib : qei.obj (.text:QEIPositionSet)
                  000017e8    00000434     my_uart.obj (.text)
                  00001c1c    0000016c     driverlib.lib : gpio.obj (.text:GPIOPadConfigSet)
                  00001d88    00000136     rtsv7M4_T_le_v4SPD16_eabi.lib : fd_div_t2.asm.obj (.text)
                  00001ebe    00000002                                   : div0.asm.obj (.text)
                  00001ec0    00000118     driverlib.lib : sysctl.obj (.text:SysCtlClockGet)
                  00001fd8    000000fc     rtsv7M4_T_le_v4SPD16_eabi.lib : fd_mul_t2.asm.obj (.text)
                  000020d4    000000f4     driverlib.lib : sysctl.obj (.text:SysCtlClockSet)
                  000021c8    0000009c     rtsv7M4_T_le_v4SPD16_eabi.lib : memcpy_t2.asm.obj (.text)
                  00002264    0000007a                                   : memset_t2.asm.obj (.text)
                  000022de    0000006e                                   : fd_tos_t2.asm.obj (.text)
                  0000234c    00000068     driverlib.lib : interrupt.obj (.text:IntEnable)
                  000023b4    00000068     rtsv7M4_T_le_v4SPD16_eabi.lib : copy_decompress_lzss.c.obj (.text:decompress:lzss:__TI_decompress_lzss)
                  0000241c    00000060     driverlib.lib : timer.obj (.text:TimerConfigure)
                  0000247c    0000004c                   : gpio.obj (.text:GPIOPinConfigure)
                  000024c8    0000004c                   : timer.obj (.text:_TimerIntNumberGet)
                  00002514    00000046                   : uart.obj (.text:UARTConfigSetExpClk)
                  0000255a    00000002     --HOLE-- [fill = 0]
                  0000255c    00000044     rtsv7M4_T_le_v4SPD16_eabi.lib : autoinit.c.obj (.text:__TI_auto_init_nobinit_nopinit:__TI_auto_init_nobinit_nopinit)
                  000025a0    00000044                                   : fd_tou_t2.asm.obj (.text)
                  000025e4    00000040     driverlib.lib : uart.obj (.text:_UARTIntNumberGet)
                  00002624    00000040     rtsv7M4_T_le_v4SPD16_eabi.lib : u_divt2.asm.obj (.text)
                  00002664    00000038     driverlib.lib : sysctl.obj (.text:SysCtlPeripheralPresent)
                  0000269c    00000038     rtsv7M4_T_le_v4SPD16_eabi.lib : fs_tod_t2.asm.obj (.text)
                  000026d4    00000034     driverlib.lib : interrupt.obj (.text:IntRegister)
                  00002708    00000034                   : sysctl.obj (.text:SysCtlPeripheralEnable)
                  0000273c    00000034     rtsv7M4_T_le_v4SPD16_eabi.lib : boot_cortex_m.c.obj (.text:_c_int00_noargs:_c_int00_noargs)
                  00002770    0000002c     driverlib.lib : gpio.obj (.text:GPIODirModeSet)
                  0000279c    00000024                   : interrupt.obj (.text:IntPrioritySet)
                  000027c0    00000022                   : pwm.obj (.text:PWMGenConfigure)
                  000027e2    00000002     --HOLE-- [fill = 0]
                  000027e4    00000020                   : uart.obj (.text:UARTDisable)
                  00002804    00000020     rtsv7M4_T_le_v4SPD16_eabi.lib : u_tofd_t2.asm.obj (.text)
                  00002824    0000001e     driverlib.lib : pwm.obj (.text:PWMPulseWidthSet)
                  00002842    0000001c     rtsv7M4_T_le_v4SPD16_eabi.lib : copy_zero_init.c.obj (.text:decompress:ZI:__TI_zero_init_nomemset:__TI_zero_init_nomemset)
                  0000285e    0000001a     driverlib.lib : gpio.obj (.text:GPIOPinTypeGPIOOutput)
                  00002878    0000001a     tm4c123gh6pm_startup_ccs.obj (.text)
                  00002892    00000018     driverlib.lib : timer.obj (.text:TimerIntRegister)
                  000028aa    00000018                   : uart.obj (.text:UARTIntRegister)
                  000028c2    00000018     rtsv7M4_T_le_v4SPD16_eabi.lib : strcmp.c.obj (.text:strcmp)
                  000028da    00000016     driverlib.lib : gpio.obj (.text:GPIOPinTypePWM)
                  000028f0    00000016                   : gpio.obj (.text:GPIOPinTypeQEI)
                  00002906    00000016                   : gpio.obj (.text:GPIOPinTypeUART)
                  0000291c    00000014                   : sysctl.obj (.text:SysCtlPWMClockSet)
                  00002930    00000014                   : uart.obj (.text:UARTEnable)
                  00002944    00000012                   : pwm.obj (.text:PWMGenPeriodGet)
                  00002956    00000012                   : pwm.obj (.text:PWMOutputState)
                  00002968    00000012                   : timer.obj (.text:TimerLoadSet)
                  0000297a    00000012                   : timer.obj (.text:TimerPrescaleSet)
                  0000298c    00000010                   : interrupt.obj (.text:IntMasterEnable)
                  0000299c    00000010                   : pwm.obj (.text:PWMGenPeriodSet)
                  000029ac    0000000e                   : qei.obj (.text:QEIConfigure)
                  000029ba    0000000e                   : timer.obj (.text:TimerEnable)
                  000029c8    0000000e                   : uart.obj (.text:UARTCharGetNonBlocking)
                  000029d6    0000000e                   : uart.obj (.text:UARTCharsAvail)
                  000029e4    0000000e     rtsv7M4_T_le_v4SPD16_eabi.lib : copy_decompress_none.c.obj (.text:decompress:none:__TI_decompress_none)
                  000029f2    0000000c     driverlib.lib : cpu.obj (.text:CPUcpsie)
                  000029fe    0000000c                   : pwm.obj (.text:PWMGenDisable)
                  00002a0a    0000000c                   : pwm.obj (.text:PWMGenEnable)
                  00002a16    0000000a                   : qei.obj (.text:QEIEnable)
                  00002a20    0000000a                   : qei.obj (.text:QEIIntDisable)
                  00002a2a    0000000a                   : timer.obj (.text:TimerIntStatus)
                  00002a34    0000000a                   : uart.obj (.text:UARTCharGet)
                  00002a3e    0000000a                   : uart.obj (.text:UARTCharPut)
                  00002a48    0000000a                   : uart.obj (.text:UARTFIFOEnable)
                  00002a52    0000000a                   : uart.obj (.text:UARTIntStatus)
                  00002a5c    00000008                   : timer.obj (.text:TimerIntEnable)
                  00002a64    00000008                   : uart.obj (.text:UARTIntEnable)
                  00002a6c    00000006                   : gpio.obj (.text:GPIOPinWrite)
                  00002a72    00000006                   : sysctl.obj (.text:SysCtlDelay)
                  00002a78    00000006                   : uart.obj (.text:UARTClockSourceSet)
                  00002a7e    00000006                   : uart.obj (.text:UARTFIFOLevelSet)
                  00002a84    00000004                   : timer.obj (.text:TimerIntClear)
                  00002a88    00000004                   : uart.obj (.text:UARTIntClear)
                  00002a8c    00000004     rtsv7M4_T_le_v4SPD16_eabi.lib : pre_init.c.obj (.text:_system_pre_init)
                  00002a90    00000004                                   : exit.c.obj (.text:abort:abort)

.const     0    00002a94    000002fc     
                  00002a94    0000009c     driverlib.lib : interrupt.obj (.const:g_pui32Regs)
                  00002b30    00000090                   : gpio.obj (.const:g_pui32GPIOBaseAddrs)
                  00002bc0    0000006c                   : sysctl.obj (.const:g_pui32Xtals)
                  00002c2c    00000060                   : timer.obj (.const:g_ppui32TimerIntMap)
                  00002c8c    00000040                   : timer.obj (.const:g_ppui32TimerIntMapSnowflake)
                  00002ccc    00000040                   : uart.obj (.const:g_ppui32UARTIntMap)
                  00002d0c    00000040                   : uart.obj (.const:g_ppui32UARTIntMapSnowflake)
                  00002d4c    00000014                   : interrupt.obj (.const:g_pui32EnRegs)
                  00002d60    00000012     uartstdio.obj (.const:.string)
                  00002d72    00000002     --HOLE-- [fill = 0]
                  00002d74    0000000c     uartstdio.obj (.const:g_ui32UARTBase)
                  00002d80    0000000c     uartstdio.obj (.const:g_ui32UARTPeriph)
                  00002d8c    00000004     uartstdio.obj (.const)

.cinit     0    00002d90    00000050     
                  00002d90    0000001c     (.cinit..data.load) [load image, compression = lzss]
                  00002dac    0000000c     (__TI_handler_table)
                  00002db8    00000008     (.cinit..bss.load) [load image, compression = zero_init]
                  00002dc0    00000008     (.cinit..vtable.load) [load image, compression = zero_init]
                  00002dc8    00000018     (__TI_cinit_table)

.init_array 
*          0    00000000    00000000     UNINITIALIZED

.vtable    0    20000000    0000026c     UNINITIALIZED
                  20000000    0000026c     driverlib.lib : interrupt.obj (.vtable)

.bss       0    20000470    00000166     UNINITIALIZED
                  20000470    00000030     (.common:pid1_v)
                  200004a0    00000030     (.common:pid2_v)
                  200004d0    00000030     (.common:pid_b)
                  20000500    00000030     (.common:pid_theta)
                  20000530    00000030     (.common:pid_x1)
                  20000560    00000030     (.common:pid_x2)
                  20000590    00000020     (.common:rData0)
                  200005b0    00000020     (.common:rData1)
                  200005d0    00000004     (.common:pid)
                  200005d4    00000001     (.common:rx_buf0)
                  200005d5    00000001     (.common:rx_buf1)

.data      0    200005d8    0000005d     UNINITIALIZED
                  200005d8    00000058     main.obj (.data)
                  20000630    00000005     uartstdio.obj (.data)

.stack     0    20000270    00000200     UNINITIALIZED
                  20000270    00000004     rtsv7M4_T_le_v4SPD16_eabi.lib : boot_cortex_m.c.obj (.stack)
                  20000274    000001fc     --HOLE--

__llvm_prf_cnts 
*          0    20000000    00000000     UNINITIALIZED

MODULE SUMMARY

       Module                         code    ro data   rw data
       ------                         ----    -------   -------
    .\
       main.obj                       2228    0         154    
       pid.obj                        1984    0         292    
       uartstdio.obj                  1276    46        5      
       my_uart.obj                    1076    0         0      
       tm4c123gh6pm_startup_ccs.obj   26      620       0      
    +--+------------------------------+-------+---------+---------+
       Total:                         6590    666       451    
                                                               
    D:/TivaWare/driverlib/ccs/Debug/driverlib.lib
       interrupt.obj                  208     176       620    
       sysctl.obj                     658     108       0      
       gpio.obj                       582     144       0      
       uart.obj                       302     128       0      
       timer.obj                      268     160       0      
       pwm.obj                        140     0         0      
       qei.obj                        42      0         0      
       cpu.obj                        12      0         0      
    +--+------------------------------+-------+---------+---------+
       Total:                         2212    716       620    
                                                               
    D:\CCS12.3.0\ccs\tools\compiler\ti-cgt-arm_20.2.7.LTS\lib\rtsv7M4_T_le_v4SPD16_eabi.lib
       fd_div_t2.asm.obj              310     0         0      
       fd_mul_t2.asm.obj              252     0         0      
       memcpy_t2.asm.obj              156     0         0      
       memset_t2.asm.obj              122     0         0      
       fd_tos_t2.asm.obj              110     0         0      
       copy_decompress_lzss.c.obj     104     0         0      
       autoinit.c.obj                 68      0         0      
       fd_tou_t2.asm.obj              68      0         0      
       u_divt2.asm.obj                64      0         0      
       fs_tod_t2.asm.obj              56      0         0      
       boot_cortex_m.c.obj            52      0         0      
       u_tofd_t2.asm.obj              32      0         0      
       copy_zero_init.c.obj           28      0         0      
       strcmp.c.obj                   24      0         0      
       copy_decompress_none.c.obj     14      0         0      
       exit.c.obj                     4       0         0      
       pre_init.c.obj                 4       0         0      
       div0.asm.obj                   2       0         0      
    +--+------------------------------+-------+---------+---------+
       Total:                         1470    0         0      
                                                               
       Stack:                         0       0         512    
       Linker Generated:              0       80        0      
    +--+------------------------------+-------+---------+---------+
       Grand Total:                   10272   1462      1583   


LINKER GENERATED COPY TABLES

__TI_cinit_table @ 00002dc8 records: 3, size/record: 8, table size: 24
	.data: load addr=00002d90, load size=0000001c bytes, run addr=200005d8, run size=0000005d bytes, compression=lzss
	.bss: load addr=00002db8, load size=00000008 bytes, run addr=20000470, run size=00000166 bytes, compression=zero_init
	.vtable: load addr=00002dc0, load size=00000008 bytes, run addr=20000000, run size=0000026c bytes, compression=zero_init


LINKER GENERATED HANDLER TABLE

__TI_handler_table @ 00002dac records: 3, size/record: 4, table size: 12
	index: 0, handler: __TI_zero_init
	index: 1, handler: __TI_decompress_lzss
	index: 2, handler: __TI_decompress_none


GLOBAL SYMBOLS: SORTED ALPHABETICALLY BY Name 

address   name                          
-------   ----                          
00002a91  C$$EXIT                       
000029f3  CPUcpsie                      
00002771  GPIODirModeSet                
00001c1d  GPIOPadConfigSet              
0000247d  GPIOPinConfigure              
0000285f  GPIOPinTypeGPIOOutput         
000028db  GPIOPinTypePWM                
000028f1  GPIOPinTypeQEI                
00002907  GPIOPinTypeUART               
00002a6d  GPIOPinWrite                  
00000559  GPIO_init                     
000017e9  Get_Data                      
0000234d  IntEnable                     
0000298d  IntMasterEnable               
0000279d  IntPrioritySet                
000026d5  IntRegister                   
000010e1  PID_b_update                  
00000b29  PID_init                      
00001201  PID_para                      
00000e71  PID_speed_update              
00000fd1  PID_theta_update              
00000c99  PID_x_update                  
000027c1  PWMGenConfigure               
000029ff  PWMGenDisable                 
00002a0b  PWMGenEnable                  
00002945  PWMGenPeriodGet               
0000299d  PWMGenPeriodSet               
00002957  PWMOutputState                
00002825  PWMPulseWidthSet              
00000301  PWM_init                      
000029ad  QEIConfigure                  
00002a17  QEIEnable                     
00002a21  QEIIntDisable                 
00000b25  QEIPositionGet                
000017e5  QEIPositionSet                
000003b9  QEI_init                      
00002879  ResetISR                      
00001ec1  SysCtlClockGet                
000020d5  SysCtlClockSet                
00002a73  SysCtlDelay                   
0000291d  SysCtlPWMClockSet             
00002709  SysCtlPeripheralEnable        
00002665  SysCtlPeripheralPresent       
000002a9  Sysint_init                   
00000741  TIMER0_IRQHandler             
0000241d  TimerConfigure                
000029bb  TimerEnable                   
00002a85  TimerIntClear                 
00002a5d  TimerIntEnable                
00002893  TimerIntRegister              
00002a2b  TimerIntStatus                
00002969  TimerLoadSet                  
0000297b  TimerPrescaleSet              
00000941  UART0_Handler                 
00000a31  UART1_Handler                 
00002a35  UARTCharGet                   
000029c9  UARTCharGetNonBlocking        
00002a3f  UARTCharPut                   
000029d7  UARTCharsAvail                
00002a79  UARTClockSourceSet            
00002515  UARTConfigSetExpClk           
000027e5  UARTDisable                   
00002931  UARTEnable                    
00002a49  UARTFIFOEnable                
00002a7f  UARTFIFOLevelSet              
00002a89  UARTIntClear                  
00002a65  UARTIntEnable                 
000028ab  UARTIntRegister               
00002a53  UARTIntStatus                 
000012e9  UARTStdioConfig               
00001451  UARTgetc                      
00001389  UARTgets                      
000017b1  UARTprintf                    
00001479  UARTvprintf                   
00001331  UARTwrite                     
00001a19  USART_PID_Adjust              
00000469  USART_init                    
000005a9  Wheel_set                     
20000470  __STACK_END                   
00000200  __STACK_SIZE                  
20000470  __STACK_TOP                   
00002dc8  __TI_CINIT_Base               
00002de0  __TI_CINIT_Limit              
00002dac  __TI_Handler_Table_Base       
00002db8  __TI_Handler_Table_Limit      
0000255d  __TI_auto_init_nobinit_nopinit
000023b5  __TI_decompress_lzss          
000029e5  __TI_decompress_none          
ffffffff  __TI_pprof_out_hndl           
ffffffff  __TI_prof_data_size           
ffffffff  __TI_prof_data_start          
00000000  __TI_static_base__            
00002843  __TI_zero_init_nomemset       
000022df  __aeabi_d2f                   
000025a1  __aeabi_d2uiz                 
00001d89  __aeabi_ddiv                  
00001fd9  __aeabi_dmul                  
0000269d  __aeabi_f2d                   
00001ebf  __aeabi_idiv0                 
00001ebf  __aeabi_ldiv0                 
00002265  __aeabi_memclr                
00002265  __aeabi_memclr4               
00002265  __aeabi_memclr8               
000021c9  __aeabi_memcpy                
000021c9  __aeabi_memcpy4               
000021c9  __aeabi_memcpy8               
00002267  __aeabi_memset                
00002267  __aeabi_memset4               
00002267  __aeabi_memset8               
00002805  __aeabi_ui2d                  
00002625  __aeabi_uidiv                 
00002625  __aeabi_uidivmod              
ffffffff  __binit__                     
ffffffff  __c_args__                    
UNDEFED   __mpu_init                    
20000270  __stack                       
20000000  __start___llvm_prf_cnts       
20000000  __stop___llvm_prf_cnts        
0000273d  _c_int00_noargs               
UNDEFED   _system_post_cinit            
00002a8d  _system_pre_init              
00002a91  abort                         
200005e8  b                             
200005e0  b_pid_flag                    
20000600  b_speed                       
ffffffff  binit                         
20000000  g_pfnRAMVectors               
00000000  g_pfnVectors                  
00000271  main                          
000021c9  memcpy                        
0000226d  memset                        
200005d0  pid                           
20000470  pid1_v                        
200004a0  pid2_v                        
200004d0  pid_b                         
20000500  pid_theta                     
20000530  pid_x1                        
20000560  pid_x2                        
20000590  rData0                        
200005b0  rData1                        
2000060c  rDataCount0                   
2000060d  rDataCount1                   
20000610  rDataFlag0                    
20000614  rDataFlag1                    
200005d4  rx_buf0                       
200005d5  rx_buf1                       
200005ec  setspeed                      
200005e4  setspeed_flag                 
20000604  speed1                        
20000608  speed2                        
20000618  status_hand                   
000028c3  strcmp                        
200005f8  theta                         
200005dc  theta_pid_flag                
200005fc  theta_speed                   
200005d8  x_pid_flag                    
200005f0  x_set1                        
200005f4  x_set2                        


GLOBAL SYMBOLS: SORTED BY Symbol Address 

address   name                          
-------   ----                          
00000000  __TI_static_base__            
00000000  g_pfnVectors                  
00000200  __STACK_SIZE                  
00000271  main                          
000002a9  Sysint_init                   
00000301  PWM_init                      
000003b9  QEI_init                      
00000469  USART_init                    
00000559  GPIO_init                     
000005a9  Wheel_set                     
00000741  TIMER0_IRQHandler             
00000941  UART0_Handler                 
00000a31  UART1_Handler                 
00000b25  QEIPositionGet                
00000b29  PID_init                      
00000c99  PID_x_update                  
00000e71  PID_speed_update              
00000fd1  PID_theta_update              
000010e1  PID_b_update                  
00001201  PID_para                      
000012e9  UARTStdioConfig               
00001331  UARTwrite                     
00001389  UARTgets                      
00001451  UARTgetc                      
00001479  UARTvprintf                   
000017b1  UARTprintf                    
000017e5  QEIPositionSet                
000017e9  Get_Data                      
00001a19  USART_PID_Adjust              
00001c1d  GPIOPadConfigSet              
00001d89  __aeabi_ddiv                  
00001ebf  __aeabi_idiv0                 
00001ebf  __aeabi_ldiv0                 
00001ec1  SysCtlClockGet                
00001fd9  __aeabi_dmul                  
000020d5  SysCtlClockSet                
000021c9  __aeabi_memcpy                
000021c9  __aeabi_memcpy4               
000021c9  __aeabi_memcpy8               
000021c9  memcpy                        
00002265  __aeabi_memclr                
00002265  __aeabi_memclr4               
00002265  __aeabi_memclr8               
00002267  __aeabi_memset                
00002267  __aeabi_memset4               
00002267  __aeabi_memset8               
0000226d  memset                        
000022df  __aeabi_d2f                   
0000234d  IntEnable                     
000023b5  __TI_decompress_lzss          
0000241d  TimerConfigure                
0000247d  GPIOPinConfigure              
00002515  UARTConfigSetExpClk           
0000255d  __TI_auto_init_nobinit_nopinit
000025a1  __aeabi_d2uiz                 
00002625  __aeabi_uidiv                 
00002625  __aeabi_uidivmod              
00002665  SysCtlPeripheralPresent       
0000269d  __aeabi_f2d                   
000026d5  IntRegister                   
00002709  SysCtlPeripheralEnable        
0000273d  _c_int00_noargs               
00002771  GPIODirModeSet                
0000279d  IntPrioritySet                
000027c1  PWMGenConfigure               
000027e5  UARTDisable                   
00002805  __aeabi_ui2d                  
00002825  PWMPulseWidthSet              
00002843  __TI_zero_init_nomemset       
0000285f  GPIOPinTypeGPIOOutput         
00002879  ResetISR                      
00002893  TimerIntRegister              
000028ab  UARTIntRegister               
000028c3  strcmp                        
000028db  GPIOPinTypePWM                
000028f1  GPIOPinTypeQEI                
00002907  GPIOPinTypeUART               
0000291d  SysCtlPWMClockSet             
00002931  UARTEnable                    
00002945  PWMGenPeriodGet               
00002957  PWMOutputState                
00002969  TimerLoadSet                  
0000297b  TimerPrescaleSet              
0000298d  IntMasterEnable               
0000299d  PWMGenPeriodSet               
000029ad  QEIConfigure                  
000029bb  TimerEnable                   
000029c9  UARTCharGetNonBlocking        
000029d7  UARTCharsAvail                
000029e5  __TI_decompress_none          
000029f3  CPUcpsie                      
000029ff  PWMGenDisable                 
00002a0b  PWMGenEnable                  
00002a17  QEIEnable                     
00002a21  QEIIntDisable                 
00002a2b  TimerIntStatus                
00002a35  UARTCharGet                   
00002a3f  UARTCharPut                   
00002a49  UARTFIFOEnable                
00002a53  UARTIntStatus                 
00002a5d  TimerIntEnable                
00002a65  UARTIntEnable                 
00002a6d  GPIOPinWrite                  
00002a73  SysCtlDelay                   
00002a79  UARTClockSourceSet            
00002a7f  UARTFIFOLevelSet              
00002a85  TimerIntClear                 
00002a89  UARTIntClear                  
00002a8d  _system_pre_init              
00002a91  C$$EXIT                       
00002a91  abort                         
00002dac  __TI_Handler_Table_Base       
00002db8  __TI_Handler_Table_Limit      
00002dc8  __TI_CINIT_Base               
00002de0  __TI_CINIT_Limit              
20000000  __start___llvm_prf_cnts       
20000000  __stop___llvm_prf_cnts        
20000000  g_pfnRAMVectors               
20000270  __stack                       
20000470  __STACK_END                   
20000470  __STACK_TOP                   
20000470  pid1_v                        
200004a0  pid2_v                        
200004d0  pid_b                         
20000500  pid_theta                     
20000530  pid_x1                        
20000560  pid_x2                        
20000590  rData0                        
200005b0  rData1                        
200005d0  pid                           
200005d4  rx_buf0                       
200005d5  rx_buf1                       
200005d8  x_pid_flag                    
200005dc  theta_pid_flag                
200005e0  b_pid_flag                    
200005e4  setspeed_flag                 
200005e8  b                             
200005ec  setspeed                      
200005f0  x_set1                        
200005f4  x_set2                        
200005f8  theta                         
200005fc  theta_speed                   
20000600  b_speed                       
20000604  speed1                        
20000608  speed2                        
2000060c  rDataCount0                   
2000060d  rDataCount1                   
20000610  rDataFlag0                    
20000614  rDataFlag1                    
20000618  status_hand                   
ffffffff  __TI_pprof_out_hndl           
ffffffff  __TI_prof_data_size           
ffffffff  __TI_prof_data_start          
ffffffff  __binit__                     
ffffffff  __c_args__                    
ffffffff  binit                         
UNDEFED   __mpu_init                    
UNDEFED   _system_post_cinit            

[158 symbols]
