******************************************************************************
                  TI ARM Linker PC v20.2.7                     
******************************************************************************
>> Linked Tue Jun  6 14:52:58 2023

OUTPUT FILE NAME:   <Car_drugs.out>
ENTRY POINT SYMBOL: "_c_int00_noargs"  address: 00002f29


MEMORY CONFIGURATION

         name            origin    length      used     unused   attr    fill
----------------------  --------  ---------  --------  --------  ----  --------
  FLASH                 00000000   00040000  000035cc  0003ca34  R  X
  SRAM                  20000000   00008000  0000062f  000079d1  RW X


SEGMENT ALLOCATION MAP

run origin  load origin   length   init length attrs members
----------  ----------- ---------- ----------- ----- -------
00000000    00000000    000035d0   000035d0    r-x
  00000000    00000000    0000026c   0000026c    r-- .intvecs
  00000270    00000270    00003014   00003014    r-x .text
  00003284    00003284    000002fc   000002fc    r-- .const
  00003580    00003580    00000050   00000050    r-- .cinit
20000000    20000000    00000635   00000000    rw-
  20000000    20000000    0000026c   00000000    rw- .vtable
  20000270    20000270    00000200   00000000    rw- .stack
  20000470    20000470    00000166   00000000    rw- .bss
  200005d8    200005d8    0000005d   00000000    rw- .data


SECTION ALLOCATION MAP

 output                                  attributes/
section   page    origin      length       input sections
--------  ----  ----------  ----------   ----------------
.intvecs   0    00000000    0000026c     
                  00000000    0000026c     tm4c123gh6pm_startup_ccs.obj (.intvecs)

.text      0    00000270    00003014     
                  00000270    00000be0     main.obj (.text)
                  00000e50    00000b04     pid.obj (.text)
                  00001954    00000004     driverlib.lib : qei.obj (.text:QEIPositionGet)
                  00001958    00000560     my_uart.obj (.text)
                  00001eb8    0000054e     uartstdio.obj (.text)
                  00002406    00000002     rtsv7M4_T_le_v4SPD16_eabi.lib : div0.asm.obj (.text)
                  00002408    0000016c     driverlib.lib : gpio.obj (.text:GPIOPadConfigSet)
                  00002574    00000136     rtsv7M4_T_le_v4SPD16_eabi.lib : fd_div_t2.asm.obj (.text)
                  000026aa    00000002     --HOLE-- [fill = 0]
                  000026ac    00000118     driverlib.lib : sysctl.obj (.text:SysCtlClockGet)
                  000027c4    000000fc     rtsv7M4_T_le_v4SPD16_eabi.lib : fd_mul_t2.asm.obj (.text)
                  000028c0    000000f4     driverlib.lib : sysctl.obj (.text:SysCtlClockSet)
                  000029b4    0000009c     rtsv7M4_T_le_v4SPD16_eabi.lib : memcpy_t2.asm.obj (.text)
                  00002a50    0000007a                                   : memset_t2.asm.obj (.text)
                  00002aca    0000006e                                   : fd_tos_t2.asm.obj (.text)
                  00002b38    00000068     driverlib.lib : interrupt.obj (.text:IntEnable)
                  00002ba0    00000068     rtsv7M4_T_le_v4SPD16_eabi.lib : copy_decompress_lzss.c.obj (.text:decompress:lzss:__TI_decompress_lzss)
                  00002c08    00000060     driverlib.lib : timer.obj (.text:TimerConfigure)
                  00002c68    0000004c                   : gpio.obj (.text:GPIOPinConfigure)
                  00002cb4    0000004c                   : timer.obj (.text:_TimerIntNumberGet)
                  00002d00    00000046                   : uart.obj (.text:UARTConfigSetExpClk)
                  00002d46    00000002     --HOLE-- [fill = 0]
                  00002d48    00000044     rtsv7M4_T_le_v4SPD16_eabi.lib : autoinit.c.obj (.text:__TI_auto_init_nobinit_nopinit:__TI_auto_init_nobinit_nopinit)
                  00002d8c    00000044                                   : fd_tou_t2.asm.obj (.text)
                  00002dd0    00000040     driverlib.lib : uart.obj (.text:_UARTIntNumberGet)
                  00002e10    00000040     rtsv7M4_T_le_v4SPD16_eabi.lib : u_divt2.asm.obj (.text)
                  00002e50    00000038     driverlib.lib : sysctl.obj (.text:SysCtlPeripheralPresent)
                  00002e88    00000038     rtsv7M4_T_le_v4SPD16_eabi.lib : fs_tod_t2.asm.obj (.text)
                  00002ec0    00000034     driverlib.lib : interrupt.obj (.text:IntRegister)
                  00002ef4    00000034                   : sysctl.obj (.text:SysCtlPeripheralEnable)
                  00002f28    00000034     rtsv7M4_T_le_v4SPD16_eabi.lib : boot_cortex_m.c.obj (.text:_c_int00_noargs:_c_int00_noargs)
                  00002f5c    0000002c     driverlib.lib : gpio.obj (.text:GPIODirModeSet)
                  00002f88    00000024                   : interrupt.obj (.text:IntPrioritySet)
                  00002fac    00000022                   : pwm.obj (.text:PWMGenConfigure)
                  00002fce    00000002     --HOLE-- [fill = 0]
                  00002fd0    00000020                   : uart.obj (.text:UARTDisable)
                  00002ff0    00000020     rtsv7M4_T_le_v4SPD16_eabi.lib : u_tofd_t2.asm.obj (.text)
                  00003010    0000001e     driverlib.lib : pwm.obj (.text:PWMPulseWidthSet)
                  0000302e    0000001c     rtsv7M4_T_le_v4SPD16_eabi.lib : copy_zero_init.c.obj (.text:decompress:ZI:__TI_zero_init_nomemset:__TI_zero_init_nomemset)
                  0000304a    0000001a     driverlib.lib : gpio.obj (.text:GPIOPinTypeGPIOOutput)
                  00003064    00000004                   : qei.obj (.text:QEIPositionSet)
                  00003068    0000001a     tm4c123gh6pm_startup_ccs.obj (.text)
                  00003082    00000018     driverlib.lib : timer.obj (.text:TimerIntRegister)
                  0000309a    00000018                   : uart.obj (.text:UARTIntRegister)
                  000030b2    00000018     rtsv7M4_T_le_v4SPD16_eabi.lib : strcmp.c.obj (.text:strcmp)
                  000030ca    00000016     driverlib.lib : gpio.obj (.text:GPIOPinTypePWM)
                  000030e0    00000016                   : gpio.obj (.text:GPIOPinTypeQEI)
                  000030f6    00000016                   : gpio.obj (.text:GPIOPinTypeUART)
                  0000310c    00000014                   : sysctl.obj (.text:SysCtlPWMClockSet)
                  00003120    00000014                   : uart.obj (.text:UARTEnable)
                  00003134    00000012                   : pwm.obj (.text:PWMGenPeriodGet)
                  00003146    00000012                   : pwm.obj (.text:PWMOutputState)
                  00003158    00000012                   : timer.obj (.text:TimerLoadSet)
                  0000316a    00000012                   : timer.obj (.text:TimerPrescaleSet)
                  0000317c    00000010                   : interrupt.obj (.text:IntMasterEnable)
                  0000318c    00000010                   : pwm.obj (.text:PWMGenPeriodSet)
                  0000319c    0000000e                   : qei.obj (.text:QEIConfigure)
                  000031aa    0000000e                   : timer.obj (.text:TimerEnable)
                  000031b8    0000000e                   : uart.obj (.text:UARTCharGetNonBlocking)
                  000031c6    0000000e                   : uart.obj (.text:UARTCharsAvail)
                  000031d4    0000000e     rtsv7M4_T_le_v4SPD16_eabi.lib : copy_decompress_none.c.obj (.text:decompress:none:__TI_decompress_none)
                  000031e2    0000000c     driverlib.lib : cpu.obj (.text:CPUcpsie)
                  000031ee    0000000c                   : pwm.obj (.text:PWMGenDisable)
                  000031fa    0000000c                   : pwm.obj (.text:PWMGenEnable)
                  00003206    0000000a                   : qei.obj (.text:QEIEnable)
                  00003210    0000000a                   : qei.obj (.text:QEIIntDisable)
                  0000321a    0000000a                   : timer.obj (.text:TimerIntStatus)
                  00003224    0000000a                   : uart.obj (.text:UARTCharGet)
                  0000322e    0000000a                   : uart.obj (.text:UARTCharPut)
                  00003238    0000000a                   : uart.obj (.text:UARTFIFOEnable)
                  00003242    0000000a                   : uart.obj (.text:UARTIntStatus)
                  0000324c    00000008                   : timer.obj (.text:TimerIntEnable)
                  00003254    00000008                   : uart.obj (.text:UARTIntEnable)
                  0000325c    00000006                   : gpio.obj (.text:GPIOPinWrite)
                  00003262    00000006                   : sysctl.obj (.text:SysCtlDelay)
                  00003268    00000006                   : uart.obj (.text:UARTClockSourceSet)
                  0000326e    00000006                   : uart.obj (.text:UARTFIFOLevelSet)
                  00003274    00000004                   : timer.obj (.text:TimerIntClear)
                  00003278    00000004                   : uart.obj (.text:UARTIntClear)
                  0000327c    00000004     rtsv7M4_T_le_v4SPD16_eabi.lib : pre_init.c.obj (.text:_system_pre_init)
                  00003280    00000004                                   : exit.c.obj (.text:abort:abort)

.const     0    00003284    000002fc     
                  00003284    0000009c     driverlib.lib : interrupt.obj (.const:g_pui32Regs)
                  00003320    00000090                   : gpio.obj (.const:g_pui32GPIOBaseAddrs)
                  000033b0    0000006c                   : sysctl.obj (.const:g_pui32Xtals)
                  0000341c    00000060                   : timer.obj (.const:g_ppui32TimerIntMap)
                  0000347c    00000040                   : timer.obj (.const:g_ppui32TimerIntMapSnowflake)
                  000034bc    00000040                   : uart.obj (.const:g_ppui32UARTIntMap)
                  000034fc    00000040                   : uart.obj (.const:g_ppui32UARTIntMapSnowflake)
                  0000353c    00000014                   : interrupt.obj (.const:g_pui32EnRegs)
                  00003550    00000012     uartstdio.obj (.const:.string)
                  00003562    00000002     --HOLE-- [fill = 0]
                  00003564    0000000c     uartstdio.obj (.const:g_ui32UARTBase)
                  00003570    0000000c     uartstdio.obj (.const:g_ui32UARTPeriph)
                  0000357c    00000004     uartstdio.obj (.const)

.cinit     0    00003580    00000050     
                  00003580    0000001c     (.cinit..data.load) [load image, compression = lzss]
                  0000359c    0000000c     (__TI_handler_table)
                  000035a8    00000008     (.cinit..bss.load) [load image, compression = zero_init]
                  000035b0    00000008     (.cinit..vtable.load) [load image, compression = zero_init]
                  000035b8    00000018     (__TI_cinit_table)

.init_array 
*          0    00000000    00000000     UNINITIALIZED

.vtable    0    20000000    0000026c     UNINITIALIZED
                  20000000    0000026c     driverlib.lib : interrupt.obj (.vtable)

.bss       0    20000470    00000166     UNINITIALIZED
                  20000470    00000030     (.common:pid1_v)
                  200004a0    00000030     (.common:pid2_v)
                  200004d0    00000030     (.common:pid_b)
                  20000500    00000030     (.common:pid_theta)
                  20000530    00000030     (.common:pid_x1)
                  20000560    00000030     (.common:pid_x2)
                  20000590    00000020     (.common:rData0)
                  200005b0    00000020     (.common:rData1)
                  200005d0    00000004     (.common:pid)
                  200005d4    00000001     (.common:rx_buf0)
                  200005d5    00000001     (.common:rx_buf1)

.data      0    200005d8    0000005d     UNINITIALIZED
                  200005d8    00000058     main.obj (.data)
                  20000630    00000005     uartstdio.obj (.data)

.stack     0    20000270    00000200     UNINITIALIZED
                  20000270    00000004     rtsv7M4_T_le_v4SPD16_eabi.lib : boot_cortex_m.c.obj (.stack)
                  20000274    000001fc     --HOLE--

__llvm_prf_cnts 
*          0    20000000    00000000     UNINITIALIZED

MODULE SUMMARY

       Module                         code    ro data   rw data
       ------                         ----    -------   -------
    .\
       main.obj                       3040    0         154    
       pid.obj                        2820    0         292    
       uartstdio.obj                  1358    46        5      
       my_uart.obj                    1376    0         0      
       tm4c123gh6pm_startup_ccs.obj   26      620       0      
    +--+------------------------------+-------+---------+---------+
       Total:                         8620    666       451    
                                                               
    D:/TivaWare/driverlib/ccs/Debug/driverlib.lib
       interrupt.obj                  208     176       620    
       sysctl.obj                     658     108       0      
       gpio.obj                       582     144       0      
       uart.obj                       302     128       0      
       timer.obj                      268     160       0      
       pwm.obj                        140     0         0      
       qei.obj                        42      0         0      
       cpu.obj                        12      0         0      
    +--+------------------------------+-------+---------+---------+
       Total:                         2212    716       620    
                                                               
    D:\CCS12.3.0\ccs\tools\compiler\ti-cgt-arm_20.2.7.LTS\lib\rtsv7M4_T_le_v4SPD16_eabi.lib
       fd_div_t2.asm.obj              310     0         0      
       fd_mul_t2.asm.obj              252     0         0      
       memcpy_t2.asm.obj              156     0         0      
       memset_t2.asm.obj              122     0         0      
       fd_tos_t2.asm.obj              110     0         0      
       copy_decompress_lzss.c.obj     104     0         0      
       autoinit.c.obj                 68      0         0      
       fd_tou_t2.asm.obj              68      0         0      
       u_divt2.asm.obj                64      0         0      
       fs_tod_t2.asm.obj              56      0         0      
       boot_cortex_m.c.obj            52      0         0      
       u_tofd_t2.asm.obj              32      0         0      
       copy_zero_init.c.obj           28      0         0      
       strcmp.c.obj                   24      0         0      
       copy_decompress_none.c.obj     14      0         0      
       exit.c.obj                     4       0         0      
       pre_init.c.obj                 4       0         0      
       div0.asm.obj                   2       0         0      
    +--+------------------------------+-------+---------+---------+
       Total:                         1470    0         0      
                                                               
       Stack:                         0       0         512    
       Linker Generated:              0       80        0      
    +--+------------------------------+-------+---------+---------+
       Grand Total:                   12302   1462      1583   


LINKER GENERATED COPY TABLES

__TI_cinit_table @ 000035b8 records: 3, size/record: 8, table size: 24
	.data: load addr=00003580, load size=0000001c bytes, run addr=200005d8, run size=0000005d bytes, compression=lzss
	.bss: load addr=000035a8, load size=00000008 bytes, run addr=20000470, run size=00000166 bytes, compression=zero_init
	.vtable: load addr=000035b0, load size=00000008 bytes, run addr=20000000, run size=0000026c bytes, compression=zero_init


LINKER GENERATED HANDLER TABLE

__TI_handler_table @ 0000359c records: 3, size/record: 4, table size: 12
	index: 0, handler: __TI_zero_init
	index: 1, handler: __TI_decompress_lzss
	index: 2, handler: __TI_decompress_none


GLOBAL SYMBOLS: SORTED ALPHABETICALLY BY Name 

address   name                          
-------   ----                          
00003281  C$$EXIT                       
000031e3  CPUcpsie                      
00002f5d  GPIODirModeSet                
00002409  GPIOPadConfigSet              
00002c69  GPIOPinConfigure              
0000304b  GPIOPinTypeGPIOOutput         
000030cb  GPIOPinTypePWM                
000030e1  GPIOPinTypeQEI                
000030f7  GPIOPinTypeUART               
0000325d  GPIOPinWrite                  
00000719  GPIO_init                     
00001959  Get_Data                      
00002b39  IntEnable                     
0000317d  IntMasterEnable               
00002f89  IntPrioritySet                
00002ec1  IntRegister                   
000016d9  PID_b_update                  
00000e51  PID_init                      
00001891  PID_para                      
00001391  PID_speed_update              
00001539  PID_theta_update              
00001211  PID_x_update                  
00002fad  PWMGenConfigure               
000031ef  PWMGenDisable                 
000031fb  PWMGenEnable                  
00003135  PWMGenPeriodGet               
0000318d  PWMGenPeriodSet               
00003147  PWMOutputState                
00003011  PWMPulseWidthSet              
00000331  PWM_init                      
0000319d  QEIConfigure                  
00003207  QEIEnable                     
00003211  QEIIntDisable                 
00001955  QEIPositionGet                
00003065  QEIPositionSet                
00000451  QEI_init                      
00003069  ResetISR                      
000026ad  SysCtlClockGet                
000028c1  SysCtlClockSet                
00003263  SysCtlDelay                   
0000310d  SysCtlPWMClockSet             
00002ef5  SysCtlPeripheralEnable        
00002e51  SysCtlPeripheralPresent       
000002b1  Sysint_init                   
000008c1  TIMER0_IRQHandler             
00002c09  TimerConfigure                
000031ab  TimerEnable                   
00003275  TimerIntClear                 
0000324d  TimerIntEnable                
00003083  TimerIntRegister              
0000321b  TimerIntStatus                
00003159  TimerLoadSet                  
0000316b  TimerPrescaleSet              
00000be9  UART0_Handler                 
00000d49  UART1_Handler                 
00003225  UARTCharGet                   
000031b9  UARTCharGetNonBlocking        
0000322f  UARTCharPut                   
000031c7  UARTCharsAvail                
00003269  UARTClockSourceSet            
00002d01  UARTConfigSetExpClk           
00002fd1  UARTDisable                   
00003121  UARTEnable                    
00003239  UARTFIFOEnable                
0000326f  UARTFIFOLevelSet              
00003279  UARTIntClear                  
00003255  UARTIntEnable                 
0000309b  UARTIntRegister               
00003243  UARTIntStatus                 
00001eb9  UARTStdioConfig               
00002079  UARTgetc                      
00001f91  UARTgets                      
000023d9  UARTprintf                    
00002099  UARTvprintf                   
00001f29  UARTwrite                     
00001c09  USART_PID_Adjust              
00000591  USART_init                    
00000761  Wheel_set                     
20000470  __STACK_END                   
00000200  __STACK_SIZE                  
20000470  __STACK_TOP                   
000035b8  __TI_CINIT_Base               
000035d0  __TI_CINIT_Limit              
0000359c  __TI_Handler_Table_Base       
000035a8  __TI_Handler_Table_Limit      
00002d49  __TI_auto_init_nobinit_nopinit
00002ba1  __TI_decompress_lzss          
000031d5  __TI_decompress_none          
ffffffff  __TI_pprof_out_hndl           
ffffffff  __TI_prof_data_size           
ffffffff  __TI_prof_data_start          
00000000  __TI_static_base__            
0000302f  __TI_zero_init_nomemset       
00002acb  __aeabi_d2f                   
00002d8d  __aeabi_d2uiz                 
00002575  __aeabi_ddiv                  
000027c5  __aeabi_dmul                  
00002e89  __aeabi_f2d                   
00002407  __aeabi_idiv0                 
00002407  __aeabi_ldiv0                 
00002a51  __aeabi_memclr                
00002a51  __aeabi_memclr4               
00002a51  __aeabi_memclr8               
000029b5  __aeabi_memcpy                
000029b5  __aeabi_memcpy4               
000029b5  __aeabi_memcpy8               
00002a53  __aeabi_memset                
00002a53  __aeabi_memset4               
00002a53  __aeabi_memset8               
00002ff1  __aeabi_ui2d                  
00002e11  __aeabi_uidiv                 
00002e11  __aeabi_uidivmod              
ffffffff  __binit__                     
ffffffff  __c_args__                    
UNDEFED   __mpu_init                    
20000270  __stack                       
20000000  __start___llvm_prf_cnts       
20000000  __stop___llvm_prf_cnts        
00002f29  _c_int00_noargs               
UNDEFED   _system_post_cinit            
0000327d  _system_pre_init              
00003281  abort                         
200005e8  b                             
200005e0  b_pid_flag                    
20000600  b_speed                       
ffffffff  binit                         
20000000  g_pfnRAMVectors               
00000000  g_pfnVectors                  
00000271  main                          
000029b5  memcpy                        
00002a59  memset                        
200005d0  pid                           
20000470  pid1_v                        
200004a0  pid2_v                        
200004d0  pid_b                         
20000500  pid_theta                     
20000530  pid_x1                        
20000560  pid_x2                        
20000590  rData0                        
200005b0  rData1                        
2000060c  rDataCount0                   
2000060d  rDataCount1                   
20000610  rDataFlag0                    
20000614  rDataFlag1                    
200005d4  rx_buf0                       
200005d5  rx_buf1                       
200005ec  setspeed                      
200005e4  setspeed_flag                 
20000604  speed1                        
20000608  speed2                        
20000618  status_hand                   
000030b3  strcmp                        
200005f8  theta                         
200005dc  theta_pid_flag                
200005fc  theta_speed                   
200005d8  x_pid_flag                    
200005f0  x_set1                        
200005f4  x_set2                        


GLOBAL SYMBOLS: SORTED BY Symbol Address 

address   name                          
-------   ----                          
00000000  __TI_static_base__            
00000000  g_pfnVectors                  
00000200  __STACK_SIZE                  
00000271  main                          
000002b1  Sysint_init                   
00000331  PWM_init                      
00000451  QEI_init                      
00000591  USART_init                    
00000719  GPIO_init                     
00000761  Wheel_set                     
000008c1  TIMER0_IRQHandler             
00000be9  UART0_Handler                 
00000d49  UART1_Handler                 
00000e51  PID_init                      
00001211  PID_x_update                  
00001391  PID_speed_update              
00001539  PID_theta_update              
000016d9  PID_b_update                  
00001891  PID_para                      
00001955  QEIPositionGet                
00001959  Get_Data                      
00001c09  USART_PID_Adjust              
00001eb9  UARTStdioConfig               
00001f29  UARTwrite                     
00001f91  UARTgets                      
00002079  UARTgetc                      
00002099  UARTvprintf                   
000023d9  UARTprintf                    
00002407  __aeabi_idiv0                 
00002407  __aeabi_ldiv0                 
00002409  GPIOPadConfigSet              
00002575  __aeabi_ddiv                  
000026ad  SysCtlClockGet                
000027c5  __aeabi_dmul                  
000028c1  SysCtlClockSet                
000029b5  __aeabi_memcpy                
000029b5  __aeabi_memcpy4               
000029b5  __aeabi_memcpy8               
000029b5  memcpy                        
00002a51  __aeabi_memclr                
00002a51  __aeabi_memclr4               
00002a51  __aeabi_memclr8               
00002a53  __aeabi_memset                
00002a53  __aeabi_memset4               
00002a53  __aeabi_memset8               
00002a59  memset                        
00002acb  __aeabi_d2f                   
00002b39  IntEnable                     
00002ba1  __TI_decompress_lzss          
00002c09  TimerConfigure                
00002c69  GPIOPinConfigure              
00002d01  UARTConfigSetExpClk           
00002d49  __TI_auto_init_nobinit_nopinit
00002d8d  __aeabi_d2uiz                 
00002e11  __aeabi_uidiv                 
00002e11  __aeabi_uidivmod              
00002e51  SysCtlPeripheralPresent       
00002e89  __aeabi_f2d                   
00002ec1  IntRegister                   
00002ef5  SysCtlPeripheralEnable        
00002f29  _c_int00_noargs               
00002f5d  GPIODirModeSet                
00002f89  IntPrioritySet                
00002fad  PWMGenConfigure               
00002fd1  UARTDisable                   
00002ff1  __aeabi_ui2d                  
00003011  PWMPulseWidthSet              
0000302f  __TI_zero_init_nomemset       
0000304b  GPIOPinTypeGPIOOutput         
00003065  QEIPositionSet                
00003069  ResetISR                      
00003083  TimerIntRegister              
0000309b  UARTIntRegister               
000030b3  strcmp                        
000030cb  GPIOPinTypePWM                
000030e1  GPIOPinTypeQEI                
000030f7  GPIOPinTypeUART               
0000310d  SysCtlPWMClockSet             
00003121  UARTEnable                    
00003135  PWMGenPeriodGet               
00003147  PWMOutputState                
00003159  TimerLoadSet                  
0000316b  TimerPrescaleSet              
0000317d  IntMasterEnable               
0000318d  PWMGenPeriodSet               
0000319d  QEIConfigure                  
000031ab  TimerEnable                   
000031b9  UARTCharGetNonBlocking        
000031c7  UARTCharsAvail                
000031d5  __TI_decompress_none          
000031e3  CPUcpsie                      
000031ef  PWMGenDisable                 
000031fb  PWMGenEnable                  
00003207  QEIEnable                     
00003211  QEIIntDisable                 
0000321b  TimerIntStatus                
00003225  UARTCharGet                   
0000322f  UARTCharPut                   
00003239  UARTFIFOEnable                
00003243  UARTIntStatus                 
0000324d  TimerIntEnable                
00003255  UARTIntEnable                 
0000325d  GPIOPinWrite                  
00003263  SysCtlDelay                   
00003269  UARTClockSourceSet            
0000326f  UARTFIFOLevelSet              
00003275  TimerIntClear                 
00003279  UARTIntClear                  
0000327d  _system_pre_init              
00003281  C$$EXIT                       
00003281  abort                         
0000359c  __TI_Handler_Table_Base       
000035a8  __TI_Handler_Table_Limit      
000035b8  __TI_CINIT_Base               
000035d0  __TI_CINIT_Limit              
20000000  __start___llvm_prf_cnts       
20000000  __stop___llvm_prf_cnts        
20000000  g_pfnRAMVectors               
20000270  __stack                       
20000470  __STACK_END                   
20000470  __STACK_TOP                   
20000470  pid1_v                        
200004a0  pid2_v                        
200004d0  pid_b                         
20000500  pid_theta                     
20000530  pid_x1                        
20000560  pid_x2                        
20000590  rData0                        
200005b0  rData1                        
200005d0  pid                           
200005d4  rx_buf0                       
200005d5  rx_buf1                       
200005d8  x_pid_flag                    
200005dc  theta_pid_flag                
200005e0  b_pid_flag                    
200005e4  setspeed_flag                 
200005e8  b                             
200005ec  setspeed                      
200005f0  x_set1                        
200005f4  x_set2                        
200005f8  theta                         
200005fc  theta_speed                   
20000600  b_speed                       
20000604  speed1                        
20000608  speed2                        
2000060c  rDataCount0                   
2000060d  rDataCount1                   
20000610  rDataFlag0                    
20000614  rDataFlag1                    
20000618  status_hand                   
ffffffff  __TI_pprof_out_hndl           
ffffffff  __TI_prof_data_size           
ffffffff  __TI_prof_data_start          
ffffffff  __binit__                     
ffffffff  __c_args__                    
ffffffff  binit                         
UNDEFED   __mpu_init                    
UNDEFED   _system_post_cinit            

[158 symbols]
