Component: Arm Compiler for Embedded 6.18 Tool: armlink [5e4cc100]

==============================================================================

Section Cross References

    startup_stm32f103xb.o(RESET) refers to startup_stm32f103xb.o(STACK) for __initial_sp
    startup_stm32f103xb.o(RESET) refers to startup_stm32f103xb.o(.text) for Reset_Handler
    startup_stm32f103xb.o(RESET) refers to stm32f1xx_it.o(.text.NMI_Handler) for NMI_Handler
    startup_stm32f103xb.o(RESET) refers to stm32f1xx_it.o(.text.HardFault_Handler) for HardFault_Handler
    startup_stm32f103xb.o(RESET) refers to stm32f1xx_it.o(.text.MemManage_Handler) for MemManage_Handler
    startup_stm32f103xb.o(RESET) refers to stm32f1xx_it.o(.text.BusFault_Handler) for BusFault_Handler
    startup_stm32f103xb.o(RESET) refers to stm32f1xx_it.o(.text.UsageFault_Handler) for UsageFault_Handler
    startup_stm32f103xb.o(RESET) refers to stm32f1xx_it.o(.text.SVC_Handler) for SVC_Handler
    startup_stm32f103xb.o(RESET) refers to stm32f1xx_it.o(.text.DebugMon_Handler) for DebugMon_Handler
    startup_stm32f103xb.o(RESET) refers to stm32f1xx_it.o(.text.PendSV_Handler) for PendSV_Handler
    startup_stm32f103xb.o(RESET) refers to stm32f1xx_it.o(.text.SysTick_Handler) for SysTick_Handler
    startup_stm32f103xb.o(RESET) refers to stm32f1xx_it.o(.text.TIM1_CC_IRQHandler) for TIM1_CC_IRQHandler
    startup_stm32f103xb.o(RESET) refers to stm32f1xx_it.o(.text.TIM4_IRQHandler) for TIM4_IRQHandler
    startup_stm32f103xb.o(RESET) refers to stm32f1xx_it.o(.text.USART1_IRQHandler) for USART1_IRQHandler
    startup_stm32f103xb.o(RESET) refers to stm32f1xx_it.o(.text.USART3_IRQHandler) for USART3_IRQHandler
    startup_stm32f103xb.o(.text) refers to system_stm32f1xx.o(.text.SystemInit) for SystemInit
    startup_stm32f103xb.o(.text) refers to entry.o(.ARM.Collect$$$$00000000) for __main
    pid.o(.text.PID_init) refers to pid.o(.bss..L_MergedGlobals) for .L_MergedGlobals
    pid.o(.text.PID_init) refers to pid.o(.bss..L_MergedGlobals.1) for .L_MergedGlobals.1
    pid.o(.text.PID_init) refers to pid.o(.bss..L_MergedGlobals.2) for .L_MergedGlobals.2
    pid.o(.ARM.exidx.text.PID_init) refers to pid.o(.text.PID_init) for [Anonymous Symbol]
    pid.o(.text.PID_x_update) refers to pid.o(.bss..L_MergedGlobals.1) for .L_MergedGlobals.1
    pid.o(.text.PID_x_update) refers to pid.o(.bss..L_MergedGlobals) for .L_MergedGlobals
    pid.o(.text.PID_x_update) refers to fflti.o(.text) for __aeabi_i2f
    pid.o(.text.PID_x_update) refers to fadd.o(.text) for __aeabi_fsub
    pid.o(.text.PID_x_update) refers to fmul.o(.text) for __aeabi_fmul
    pid.o(.text.PID_x_update) refers to ffixi.o(.text) for __aeabi_f2iz
    pid.o(.ARM.exidx.text.PID_x_update) refers to pid.o(.text.PID_x_update) for [Anonymous Symbol]
    pid.o(.text.PID_speed_update) refers to pid.o(.bss..L_MergedGlobals) for .L_MergedGlobals
    pid.o(.text.PID_speed_update) refers to fflti.o(.text) for __aeabi_i2f
    pid.o(.text.PID_speed_update) refers to fadd.o(.text) for __aeabi_fsub
    pid.o(.text.PID_speed_update) refers to fmul.o(.text) for __aeabi_fmul
    pid.o(.text.PID_speed_update) refers to fdiv.o(.text) for __aeabi_fdiv
    pid.o(.text.PID_speed_update) refers to ffixi.o(.text) for __aeabi_f2iz
    pid.o(.ARM.exidx.text.PID_speed_update) refers to pid.o(.text.PID_speed_update) for [Anonymous Symbol]
    pid.o(.text.PID_theta_update) refers to fcmpgt.o(.text) for __aeabi_fcmpgt
    pid.o(.text.PID_theta_update) refers to fcmplt.o(.text) for __aeabi_fcmplt
    pid.o(.text.PID_theta_update) refers to pid.o(.bss..L_MergedGlobals.2) for .L_MergedGlobals.2
    pid.o(.text.PID_theta_update) refers to fadd.o(.text) for __aeabi_fsub
    pid.o(.text.PID_theta_update) refers to fmul.o(.text) for __aeabi_fmul
    pid.o(.text.PID_theta_update) refers to ffixi.o(.text) for __aeabi_f2iz
    pid.o(.ARM.exidx.text.PID_theta_update) refers to pid.o(.text.PID_theta_update) for [Anonymous Symbol]
    pid.o(.text.PID_b_update) refers to pid.o(.bss..L_MergedGlobals.2) for .L_MergedGlobals.2
    pid.o(.text.PID_b_update) refers to fadd.o(.text) for __aeabi_fsub
    pid.o(.text.PID_b_update) refers to fflti.o(.text) for __aeabi_i2f
    pid.o(.text.PID_b_update) refers to fcmple.o(.text) for __aeabi_fcmple
    pid.o(.text.PID_b_update) refers to fcmpge.o(.text) for __aeabi_fcmpge
    pid.o(.text.PID_b_update) refers to fmul.o(.text) for __aeabi_fmul
    pid.o(.text.PID_b_update) refers to fcmpgt.o(.text) for __aeabi_fcmpgt
    pid.o(.text.PID_b_update) refers to ffixi.o(.text) for __aeabi_f2iz
    pid.o(.ARM.exidx.text.PID_b_update) refers to pid.o(.text.PID_b_update) for [Anonymous Symbol]
    main.o(.text.fgetc) refers to usart.o(.bss.huart1) for huart1
    main.o(.text.fgetc) refers to stm32f1xx_hal_uart.o(.text.HAL_UART_Receive) for HAL_UART_Receive
    main.o(.ARM.exidx.text.fgetc) refers to main.o(.text.fgetc) for [Anonymous Symbol]
    main.o(.text.fputc) refers to usart.o(.bss.huart1) for huart1
[...]

    Symbol Name                              Value     Ov Type        Size  Object(Section)

    ../clib/division.s                       0x00000000   Number         0  aeabi_sdiv.o ABSOLUTE
    ../clib/microlib/ctype/ctype.c           0x00000000   Number         0  isspace_c.o ABSOLUTE
    ../clib/microlib/ctype/ctype.c           0x00000000   Number         0  ctype_o.o ABSOLUTE
    ../clib/microlib/ctype/ctype.c           0x00000000   Number         0  isalnum_o.o ABSOLUTE
    ../clib/microlib/ctype/ctype.c           0x00000000   Number         0  isalpha_o.o ABSOLUTE
    ../clib/microlib/ctype/ctype.c           0x00000000   Number         0  isblank_o.o ABSOLUTE
    ../clib/microlib/ctype/ctype.c           0x00000000   Number         0  iscntrl_o.o ABSOLUTE
    ../clib/microlib/ctype/ctype.c           0x00000000   Number         0  isdigit_o.o ABSOLUTE
    ../clib/microlib/ctype/ctype.c           0x00000000   Number         0  isgraph_o.o ABSOLUTE
    ../clib/microlib/ctype/ctype.c           0x00000000   Number         0  islower_o.o ABSOLUTE
    ../clib/microlib/ctype/ctype.c           0x00000000   Number         0  isprint_o.o ABSOLUTE
    ../clib/microlib/ctype/ctype.c           0x00000000   Number         0  ispunct_o.o ABSOLUTE
    ../clib/microlib/ctype/ctype.c           0x00000000   Number         0  isspace_o.o ABSOLUTE
    ../clib/microlib/ctype/ctype.c           0x00000000   Number         0  isupper_o.o ABSOLUTE
    ../clib/microlib/ctype/ctype.c           0x00000000   Number         0  isxdigit_o.o ABSOLUTE
    ../clib/microlib/ctype/ctype.c           0x00000000   Number         0  ctype_c.o ABSOLUTE
    ../clib/microlib/division.c              0x00000000   Number         0  uidiv.o ABSOLUTE
    ../clib/microlib/division.c              0x00000000   Number         0  uldiv.o ABSOLUTE
    ../clib/microlib/errno.c                 0x00000000   Number         0  errno.o ABSOLUTE
    ../clib/microlib/init/entry.s            0x00000000   Number         0  entry.o ABSOLUTE
    ../clib/microlib/init/entry.s            0x00000000   Number         0  entry2.o ABSOLUTE
    ../clib/microlib/init/entry.s            0x00000000   Number         0  entry5.o ABSOLUTE
    ../clib/microlib/init/entry.s            0x00000000   Number         0  entry7a.o ABSOLUTE
    ../clib/microlib/init/entry.s            0x00000000   Number         0  entry7b.o ABSOLUTE
    ../clib/microlib/init/entry.s            0x00000000   Number         0  entry8a.o ABSOLUTE
    ../clib/microlib/init/entry.s            0x00000000   Number         0  entry8b.o ABSOLUTE
    ../clib/microlib/init/entry.s            0x00000000   Number         0  entry9a.o ABSOLUTE
    ../clib/microlib/init/entry.s            0x00000000   Number         0  entry9b.o ABSOLUTE
    ../clib/microlib/init/entry.s            0x00000000   Number         0  entry10a.o ABSOLUTE
    ../clib/microlib/init/entry.s            0x00000000   Number         0  entry10b.o ABSOLUTE
    ../clib/microlib/init/entry.s            0x00000000   Number         0  entry11a.o ABSOLUTE
    ../clib/microlib/init/entry.s            0x00000000   Number         0  entry11b.o ABSOLUTE
    ../clib/microlib/longlong.c              0x00000000   Number         0  llshl.o ABSOLUTE
    ../clib/microlib/longlong.c              0x00000000   Number         0  llushr.o ABSOLUTE
    ../clib/microlib/longlong.c              0x00000000   Number         0  llsshr.o ABSOLUTE
    ../clib/microlib/printf/printf.c         0x00000000   Number         0  printfb.o ABSOLUTE
    ../clib/microlib/printf/printf.c         0x00000000   Number         0  printf0.o ABSOLUTE
    ../clib/microlib/printf/printf.c         0x00000000   Number         0  printf1.o ABSOLUTE
    ../clib/microlib/printf/printf.c         0x00000000   Number         0  printf2.o ABSOLUTE
    ../clib/microlib/printf/printf.c         0x00000000   Number         0  printf3.o ABSOLUTE
    ../clib/microlib/printf/printf.c         0x00000000   Number         0  printf4.o ABSOLUTE
    ../clib/microlib/printf/printf.c         0x00000000   Number         0  printf5.o ABSOLUTE
    ../clib/microlib/printf/printf.c         0x00000000   Number         0  printf6.o ABSOLUTE
    ../clib/microlib/printf/printf.c         0x00000000   Number         0  printf7.o ABSOLUTE
    ../clib/microlib/printf/printf.c         0x00000000   Number         0  printf8.o ABSOLUTE
    ../clib/microlib/printf/printf.c         0x00000000   Number         0  printfa.o ABSOLUTE
    ../clib/microlib/printf/stubs.s          0x00000000   Number         0  printfstubs.o ABSOLUTE
    ../clib/microlib/stdio/puts.c            0x00000000   Number         0  puts.o ABSOLUTE
    ../clib/microlib/stdio/puts.c            0x00000000   Number         0  puts_e.o ABSOLUTE
    ../clib/microlib/stdio/streams.c         0x00000000   Number         0  stdout.o ABSOLUTE
    ../clib/microlib/string/memcmp.c         0x00000000   Number         0  memcmp.o ABSOLUTE
    ../clib/microlib/string/memset.c         0x00000000   Number         0  memseta.o ABSOLUTE
    ../clib/microlib/string/strchr.c         0x00000000   Number         0  strchr.o ABSOLUTE
    ../clib/microlib/stubs.s                 0x00000000   Number         0  iusefp.o ABSOLUTE
    ../clib/scanf.c                          0x00000000   Number         0  atoi.o ABSOLUTE
    ../clib/scanf.c                          0x00000000   Number         0  strtod.o ABSOLUTE
    ../clib/scanf.c                          0x00000000   Number         0  strtol.o ABSOLUTE
    ../clib/scanf.c                          0x00000000   Number         0  scanf_fp.o ABSOLUTE
    ../clib/scanf.c                          0x00000000   Number         0  _sgetc.o ABSOLUTE
    ../clib/scanf.c                          0x00000000   Number         0  _strtoul.o ABSOLUTE
    ../clib/scanf.c                          0x00000000   Number         0  _chval.o ABSOLUTE
    ../fplib/microlib/d2f.c                  0x00000000   Number         0  d2f.o ABSOLUTE
    ../fplib/microlib/f2d.c                  0x00000000   Number         0  f2d.o ABSOLUTE
    ../fplib/microlib/fpadd.c                0x00000000   Number         0  fadd.o ABSOLUTE
    ../fplib/microlib/fpadd.c                0x00000000   Number         0  dadd.o ABSOLUTE
    ../fplib/microlib/fpcmp.c                0x00000000   Number         0  fcmple.o ABSOLUTE
    ../fplib/microlib/fpcmp.c                0x00000000   Number         0  fcmplt.o ABSOLUTE
    ../fplib/microlib/fpcmp.c                0x00000000   Number         0  fcmpge.o ABSOLUTE
    ../fplib/microlib/fpcmp.c                0x00000000   Number         0  fcmpgt.o ABSOLUTE
    ../fplib/microlib/fpcmp.c                0x00000000   Number         0  fcmpeq.o ABSOLUTE
    ../fplib/microlib/fpdiv.c                0x00000000   Number         0  fdiv.o ABSOLUTE
    ../fplib/microlib/fpdiv.c                0x00000000   Number         0  ddiv.o ABSOLUTE
    ../fplib/microlib/fpepilogue.c           0x00000000   Number         0  fepilogue.o ABSOLUTE
    ../fplib/microlib/fpepilogue.c           0x00000000   Number         0  depilogue.o ABSOLUTE
    ../fplib/microlib/fpfix.c                0x00000000   Number         0  ffixi.o ABSOLUTE
    ../fplib/microlib/fpfix.c                0x00000000   Number         0  dfixi.o ABSOLUTE
    ../fplib/microlib/fpfix.c                0x00000000   Number         0  dfixul.o ABSOLUTE
    ../fplib/microlib/fpflt.c                0x00000000   Number         0  fflti.o ABSOLUTE
    ../fplib/microlib/fpflt.c                0x00000000   Number         0  dflti.o ABSOLUTE
    ../fplib/microlib/fpflt.c                0x00000000   Number         0  dfltul.o ABSOLUTE
    ../fplib/microlib/fpmul.c                0x00000000   Number         0  fmul.o ABSOLUTE
    ../fplib/microlib/fpmul.c                0x00000000   Number         0  dmul.o ABSOLUTE
    ../fplib/microlib/fpscalb.c              0x00000000   Number         0  dscalb.o ABSOLUTE
    ../mathlib/atan.c                        0x00000000   Number         0  atan.o ABSOLUTE
    ../mathlib/dunder.c                      0x00000000   Number         0  dunder.o ABSOLUTE
    ../mathlib/fpclassify.c                  0x00000000   Number         0  fpclassify.o ABSOLUTE
    ../mathlib/poly.c                        0x00000000   Number         0  poly.o ABSOLUTE
    ../mathlib/strtod.c                      0x00000000   Number         0  strtod.o ABSOLUTE
    cdrcmple.s                               0x00000000   Number         0  cdrcmple.o ABSOLUTE
    dc.s                                     0x00000000   Number         0  dc.o ABSOLUTE
    gpio.c                                   0x00000000   Number         0  gpio.o ABSOLUTE
    handlers.s                               0x00000000   Number         0  handlers.o ABSOLUTE
    init.s                                   0x00000000   Number         0  init.o ABSOLUTE
    main.c                                   0x00000000   Number         0  main.o ABSOLUTE
    pid.c                                    0x00000000   Number         0  pid.o ABSOLUTE
    startup_stm32f103xb.s                    0x00000000   Number         0  startup_stm32f103xb.o ABSOLUTE
    stm32f1xx_hal.c                          0x00000000   Number         0  stm32f1xx_hal.o ABSOLUTE
    stm32f1xx_hal_cortex.c                   0x00000000   Number         0  stm32f1xx_hal_cortex.o ABSOLUTE
    stm32f1xx_hal_dma.c                      0x00000000   Number         0  stm32f1xx_hal_dma.o ABSOLUTE
    stm32f1xx_hal_exti.c                     0x00000000   Number         0  stm32f1xx_hal_exti.o ABSOLUTE
    stm32f1xx_hal_flash.c                    0x00000000   Number         0  stm32f1xx_hal_flash.o ABSOLUTE
    stm32f1xx_hal_flash_ex.c                 0x00000000   Number         0  stm32f1xx_hal_flash_ex.o ABSOLUTE
    stm32f1xx_hal_gpio.c                     0x00000000   Number         0  stm32f1xx_hal_gpio.o ABSOLUTE
    stm32f1xx_hal_gpio_ex.c                  0x00000000   Number         0  stm32f1xx_hal_gpio_ex.o ABSOLUTE
    stm32f1xx_hal_msp.c                      0x00000000   Number         0  stm32f1xx_hal_msp.o ABSOLUTE
    stm32f1xx_hal_pwr.c                      0x00000000   Number         0  stm32f1xx_hal_pwr.o ABSOLUTE
    stm32f1xx_hal_rcc.c                      0x00000000   Number         0  stm32f1xx_hal_rcc.o ABSOLUTE
    stm32f1xx_hal_rcc_ex.c                   0x00000000   Number         0  stm32f1xx_hal_rcc_ex.o ABSOLUTE
    stm32f1xx_hal_tim.c                      0x00000000   Number         0  stm32f1xx_hal_tim.o ABSOLUTE
    stm32f1xx_hal_tim_ex.c                   0x00000000   Number         0  stm32f1xx_hal_tim_ex.o ABSOLUTE
    stm32f1xx_hal_uart.c                     0x00000000   Number         0  stm32f1xx_hal_uart.o ABSOLUTE
    stm32f1xx_it.c                           0x00000000   Number         0  stm32f1xx_it.o ABSOLUTE
    system_stm32f1xx.c                       0x00000000   Number         0  system_stm32f1xx.o ABSOLUTE
    tim.c                                    0x00000000   Number         0  tim.o ABSOLUTE
    usart.c                                  0x00000000   Number         0  usart.o ABSOLUTE
    RESET                                    0x08000000   Section      236  startup_stm32f103xb.o(RESET)
    .ARM.Collect$$$$00000000                 0x080000ec   Section        0  entry.o(.ARM.Collect$$$$00000000)
    .ARM.Collect$$$$00000001                 0x080000ec   Section        4  entry2.o(.ARM.Collect$$$$00000001)
    .ARM.Collect$$$$00000004                 0x080000f0   Section        4  entry5.o(.ARM.Collect$$$$00000004)
    .ARM.Collect$$$$00000008                 0x080000f4   Section        0  entry7b.o(.ARM.Collect$$$$00000008)
    .ARM.Collect$$$$0000000A                 0x080000f4   Section        0  entry8b.o(.ARM.Collect$$$$0000000A)
    .ARM.Collect$$$$0000000B                 0x080000f4   Section        8  entry9a.o(.ARM.Collect$$$$0000000B)
    __lit__00000000                          0x080000fc   Data           4  entry2.o(.ARM.Collect$$$$00002712)
    .ARM.Collect$$$$0000000D                 0x080000fc   Section        0  entry10a.o(.ARM.Collect$$$$0000000D)
    .ARM.Collect$$$$0000000F                 0x080000fc   Section        0  entry11a.o(.ARM.Collect$$$$0000000F)
    .ARM.Collect$$$$00002712                 0x080000fc   Section        4  entry2.o(.ARM.Collect$$$$00002712)
    .text                                    0x08000100   Section       36  startup_stm32f103xb.o(.text)
    .text                                    0x08000124   Section        0  memseta.o(.text)
    .text                                    0x08000148   Section        0  strchr.o(.text)
    .text                                    0x0800015c   Section        0  memcmp.o(.text)
    .text                                    0x08000176   Section        0  atoi.o(.text)
    .text                                    0x08000190   Section        0  fadd.o(.text)
    .text                                    0x08000240   Section        0  fmul.o(.text)
    .text                                    0x080002a4   Section        0  fdiv.o(.text)
    .text                                    0x08000320   Section        0  dadd.o(.text)
    .text                                    0x0800046e   Section        0  dmul.o(.text)
    .text                                    0x08000552   Section        0  ddiv.o(.text)
    .text                                    0x08000630   Section        0  fcmple.o(.text)
    .text                                    0x0800064c   Section        0  fcmplt.o(.text)
    .text                                    0x08000668   Section        0  fcmpge.o(.text)
    .text                                    0x08000684   Section        0  fcmpgt.o(.text)
    .text                                    0x080006a0   Section        0  fcmpeq.o(.text)
    .text                                    0x080006bc   Section        0  fflti.o(.text)
    .text                                    0x080006ce   Section        0  dflti.o(.text)
    .text                                    0x080006f0   Section        0  ffixi.o(.text)
    .text                                    0x08000722   Section        0  dfixi.o(.text)
    .text                                    0x08000760   Section        0  f2d.o(.text)
    .text                                    0x08000786   Section        0  d2f.o(.text)
    .text                                    0x080007be   Section        0  uidiv.o(.text)
    .text                                    0x080007ea   Section        0  uldiv.o(.text)
    .text                                    0x0800084c   Section        0  llshl.o(.text)
    .text                                    0x0800086a   Section        0  llushr.o(.text)
    .text                                    0x0800088a   Section        0  llsshr.o(.text)
    _local_sscanf                            0x080008b1   Thumb Code    62  strtod.o(.text)
    .text                                    0x080008b0   Section        0  strtod.o(.text)
    .text                                    0x08000958   Section        0  strtol.o(.text)
    .text                                    0x080009c8   Section        0  iusefp.o(.text)
    .text                                    0x080009c8   Section        0  fepilogue.o(.text)
    .text                                    0x08000a36   Section        0  depilogue.o(.text)
    .text                                    0x08000af0   Section        0  dscalb.o(.text)
    .text                                    0x08000b1e   Section        0  dfixul.o(.text)
    .text                                    0x08000b50   Section       48  cdrcmple.o(.text)
    .text                                    0x08000b80   Section       36  init.o(.text)
    .text                                    0x08000ba4   Section        0  ctype_o.o(.text)
    .text                                    0x08000bac   Section        0  isspace_o.o(.text)
    _fp_value                                0x08000bc1   Thumb Code   296  scanf_fp.o(.text)
    .text                                    0x08000bc0   Section        0  scanf_fp.o(.text)
    .text                                    0x08000f20   Section        0  _sgetc.o(.text)
    .text                                    0x08000f60   Section        0  _strtoul.o(.text)
    .text                                    0x08000ffe   Section        0  _chval.o(.text)
    .text                                    0x0800101a   Section        0  dfltul.o(.text)
    [Anonymous Symbol]                       0x08001034   Section        0  stm32f1xx_it.o(.text.BusFault_Handler)
    [Anonymous Symbol]                       0x08001038   Section        0  stm32f1xx_it.o(.text.DebugMon_Handler)
    [Anonymous Symbol]                       0x0800103c   Section        0  main.o(.text.Error_Handler)
    [Anonymous Symbol]                       0x08001048   Section        0  stm32f1xx_hal_dma.o(.text.HAL_DMA_Abort)
    [Anonymous Symbol]                       0x08001090   Section        0  stm32f1xx_hal_dma.o(.text.HAL_DMA_Abort_IT)
    [Anonymous Symbol]                       0x0800113c   Section        0  stm32f1xx_hal.o(.text.HAL_Delay)
    [Anonymous Symbol]                       0x08001164   Section        0  stm32f1xx_hal_gpio.o(.text.HAL_GPIO_Init)
    [Anonymous Symbol]                       0x08001378   Section        0  stm32f1xx_hal_gpio.o(.text.HAL_GPIO_ReadPin)
    [Anonymous Symbol]                       0x08001384   Section        0  stm32f1xx_hal_gpio.o(.text.HAL_GPIO_WritePin)
    [Anonymous Symbol]                       0x08001390   Section        0  stm32f1xx_hal.o(.text.HAL_GetTick)
    [Anonymous Symbol]                       0x0800139c   Section        0  stm32f1xx_hal.o(.text.HAL_IncTick)
    [Anonymous Symbol]                       0x080013b8   Section        0  stm32f1xx_hal.o(.text.HAL_Init)
    [Anonymous Symbol]                       0x080013e0   Section        0  stm32f1xx_hal.o(.text.HAL_InitTick)
    [Anonymous Symbol]                       0x08001428   Section        0  stm32f1xx_hal_msp.o(.text.HAL_MspInit)
    [Anonymous Symbol]                       0x0800146c   Section        0  stm32f1xx_hal_cortex.o(.text.HAL_NVIC_EnableIRQ)
    [Anonymous Symbol]                       0x0800148c   Section        0  stm32f1xx_hal_cortex.o(.text.HAL_NVIC_SetPriority)
    [Anonymous Symbol]                       0x080014e4   Section        0  stm32f1xx_hal_cortex.o(.text.HAL_NVIC_SetPriorityGrouping)
    [Anonymous Symbol]                       0x08001504   Section        0  stm32f1xx_hal_rcc.o(.text.HAL_RCC_ClockConfig)
    [Anonymous Symbol]                       0x080016c4   Section        0  stm32f1xx_hal_rcc.o(.text.HAL_RCC_GetPCLK1Freq)
    [Anonymous Symbol]                       0x080016ec   Section        0  stm32f1xx_hal_rcc.o(.text.HAL_RCC_GetPCLK2Freq)
    [Anonymous Symbol]                       0x08001714   Section        0  stm32f1xx_hal_rcc.o(.text.HAL_RCC_OscConfig)
    [Anonymous Symbol]                       0x08001ac8   Section        0  stm32f1xx_hal_cortex.o(.text.HAL_SYSTICK_Config)
    [Anonymous Symbol]                       0x08001af4   Section        0  stm32f1xx_hal_tim_ex.o(.text.HAL_TIMEx_BreakCallback)
    [Anonymous Symbol]                       0x08001af8   Section        0  stm32f1xx_hal_tim_ex.o(.text.HAL_TIMEx_CommutCallback)
    [Anonymous Symbol]                       0x08001afc   Section        0  stm32f1xx_hal_tim_ex.o(.text.HAL_TIMEx_MasterConfigSynchronization)
    [Anonymous Symbol]                       0x08001b78   Section        0  stm32f1xx_hal_tim.o(.text.HAL_TIM_Base_Init)
    [Anonymous Symbol]                       0x08001c64   Section        0  tim.o(.text.HAL_TIM_Base_MspInit)
    [Anonymous Symbol]                       0x08001d14   Section        0  stm32f1xx_hal_tim.o(.text.HAL_TIM_Base_Start_IT)
    [Anonymous Symbol]                       0x08001d84   Section        0  stm32f1xx_hal_tim.o(.text.HAL_TIM_ConfigClockSource)
    [Anonymous Symbol]                       0x08001f18   Section        0  main.o(.text.HAL_TIM_IC_CaptureCallback)
    [Anonymous Symbol]                       0x08001f64   Section        0  stm32f1xx_hal_tim.o(.text.HAL_TIM_IC_ConfigChannel)
    [Anonymous Symbol]                       0x080020d0   Section        0  stm32f1xx_hal_tim.o(.text.HAL_TIM_IC_Init)
    [Anonymous Symbol]                       0x080021bc   Section        0  stm32f1xx_hal_tim.o(.text.HAL_TIM_IC_MspInit)
    [Anonymous Symbol]                       0x080021c0   Section        0  stm32f1xx_hal_tim.o(.text.HAL_TIM_IC_Start_IT)
    [Anonymous Symbol]                       0x08002304   Section        0  stm32f1xx_hal_tim.o(.text.HAL_TIM_IRQHandler)
    [Anonymous Symbol]                       0x08002474   Section        0  stm32f1xx_hal_tim.o(.text.HAL_TIM_OC_DelayElapsedCallback)
    [Anonymous Symbol]                       0x08002478   Section        0  stm32f1xx_hal_tim.o(.text.HAL_TIM_PWM_ConfigChannel)
    [Anonymous Symbol]                       0x0800266c   Section        0  stm32f1xx_hal_tim.o(.text.HAL_TIM_PWM_Init)
    [Anonymous Symbol]                       0x08002758   Section        0  tim.o(.text.HAL_TIM_PWM_MspInit)
    [Anonymous Symbol]                       0x08002788   Section        0  stm32f1xx_hal_tim.o(.text.HAL_TIM_PWM_PulseFinishedCallback)
    [Anonymous Symbol]                       0x0800278c   Section        0  stm32f1xx_hal_tim.o(.text.HAL_TIM_PWM_Start)
    [Anonymous Symbol]                       0x0800286c   Section        0  main.o(.text.HAL_TIM_PeriodElapsedCallback)
    [Anonymous Symbol]                       0x08002af8   Section        0  stm32f1xx_hal_tim.o(.text.HAL_TIM_TriggerCallback)
    [Anonymous Symbol]                       0x08002afc   Section        0  stm32f1xx_hal_uart.o(.text.HAL_UARTEx_RxEventCallback)
    [Anonymous Symbol]                       0x08002b00   Section        0  stm32f1xx_hal_uart.o(.text.HAL_UART_ErrorCallback)
    [Anonymous Symbol]                       0x08002b04   Section        0  stm32f1xx_hal_uart.o(.text.HAL_UART_IRQHandler)
    [Anonymous Symbol]                       0x08002d70   Section        0  stm32f1xx_hal_uart.o(.text.HAL_UART_Init)
    [Anonymous Symbol]                       0x08002e4c   Section        0  usart.o(.text.HAL_UART_MspInit)
    [Anonymous Symbol]                       0x08002f5c   Section        0  stm32f1xx_hal_uart.o(.text.HAL_UART_Receive_IT)
    [Anonymous Symbol]                       0x08002fb4   Section        0  main.o(.text.HAL_UART_RxCpltCallback)
    [Anonymous Symbol]                       0x0800335c   Section        0  stm32f1xx_hal_uart.o(.text.HAL_UART_Transmit)
    [Anonymous Symbol]                       0x0800350c   Section        0  stm32f1xx_hal_uart.o(.text.HAL_UART_TxCpltCallback)
    [Anonymous Symbol]                       0x08003510   Section        0  stm32f1xx_it.o(.text.HardFault_Handler)
    [Anonymous Symbol]                       0x08003514   Section        0  gpio.o(.text.MX_GPIO_Init)
    [Anonymous Symbol]                       0x080035dc   Section        0  tim.o(.text.MX_TIM1_Init)
    [Anonymous Symbol]                       0x080036b0   Section        0  tim.o(.text.MX_TIM2_Init)
    [Anonymous Symbol]                       0x08003788   Section        0  tim.o(.text.MX_TIM4_Init)
    [Anonymous Symbol]                       0x08003800   Section        0  usart.o(.text.MX_USART1_UART_Init)
    [Anonymous Symbol]                       0x0800383c   Section        0  usart.o(.text.MX_USART3_UART_Init)
    [Anonymous Symbol]                       0x08003878   Section        0  stm32f1xx_it.o(.text.MemManage_Handler)
    [Anonymous Symbol]                       0x0800387c   Section        0  stm32f1xx_it.o(.text.NMI_Handler)
    [Anonymous Symbol]                       0x08003880   Section        0  pid.o(.text.PID_b_update)
    [Anonymous Symbol]                       0x0800395c   Section        0  pid.o(.text.PID_init)
    [Anonymous Symbol]                       0x08003a48   Section        0  pid.o(.text.PID_speed_update)
    [Anonymous Symbol]                       0x08003b60   Section        0  pid.o(.text.PID_theta_update)
    [Anonymous Symbol]                       0x08003c48   Section        0  pid.o(.text.PID_x_update)
    [Anonymous Symbol]                       0x08003d38   Section        0  stm32f1xx_it.o(.text.PendSV_Handler)
    [Anonymous Symbol]                       0x08003d3c   Section        0  stm32f1xx_it.o(.text.SVC_Handler)
    [Anonymous Symbol]                       0x08003d40   Section        0  stm32f1xx_it.o(.text.SysTick_Handler)
    [Anonymous Symbol]                       0x08003d44   Section        0  system_stm32f1xx.o(.text.SystemInit)
    [Anonymous Symbol]                       0x08003d48   Section        0  stm32f1xx_it.o(.text.TIM1_CC_IRQHandler)
    [Anonymous Symbol]                       0x08003d54   Section        0  stm32f1xx_it.o(.text.TIM4_IRQHandler)
    UART_DMAAbortOnError                     0x08003d61   Thumb Code    12  stm32f1xx_hal_uart.o(.text.UART_DMAAbortOnError)
    [Anonymous Symbol]                       0x08003d60   Section        0  stm32f1xx_hal_uart.o(.text.UART_DMAAbortOnError)
    UART_Receive_IT                          0x08003d6d   Thumb Code   182  stm32f1xx_hal_uart.o(.text.UART_Receive_IT)
    [Anonymous Symbol]                       0x08003d6c   Section        0  stm32f1xx_hal_uart.o(.text.UART_Receive_IT)
    [Anonymous Symbol]                       0x08003e24   Section        0  stm32f1xx_it.o(.text.USART1_IRQHandler)
    [Anonymous Symbol]                       0x08003e30   Section        0  stm32f1xx_it.o(.text.USART3_IRQHandler)
    [Anonymous Symbol]                       0x08003e3c   Section        0  stm32f1xx_it.o(.text.UsageFault_Handler)
    [Anonymous Symbol]                       0x08003e40   Section        0  main.o(.text.fputc)
    [Anonymous Symbol]                       0x08003e60   Section        0  main.o(.text.main)
    i.__0printf                              0x08003fa0   Section        0  printfa.o(i.__0printf)
    i.__ARM_fpclassify                       0x08003fc0   Section        0  fpclassify.o(i.__ARM_fpclassify)
    i.__aeabi_errno_addr                     0x08003fe8   Section        0  errno.o(i.__aeabi_errno_addr)
    i.__kernel_poly                          0x08003ff0   Section        0  poly.o(i.__kernel_poly)
    i.__mathlib_dbl_infnan                   0x0800409a   Section        0  dunder.o(i.__mathlib_dbl_infnan)
    i.__mathlib_dbl_underflow                0x080040a0   Section        0  dunder.o(i.__mathlib_dbl_underflow)
    i.__scatterload_copy                     0x080040b0   Section       14  handlers.o(i.__scatterload_copy)
    i.__scatterload_null                     0x080040be   Section        2  handlers.o(i.__scatterload_null)
    i.__scatterload_zeroinit                 0x080040c0   Section       14  handlers.o(i.__scatterload_zeroinit)
    _fp_digits                               0x080040d1   Thumb Code   366  printfa.o(i._fp_digits)
    i._fp_digits                             0x080040d0   Section        0  printfa.o(i._fp_digits)
    i._is_digit                              0x08004254   Section        0  scanf_fp.o(i._is_digit)
    _printf_core                             0x08004265   Thumb Code  1744  printfa.o(i._printf_core)
    i._printf_core                           0x08004264   Section        0  printfa.o(i._printf_core)
    _printf_post_padding                     0x08004941   Thumb Code    36  printfa.o(i._printf_post_padding)
    i._printf_post_padding                   0x08004940   Section        0  printfa.o(i._printf_post_padding)
    _printf_pre_padding                      0x08004965   Thumb Code    46  printfa.o(i._printf_pre_padding)
    i._printf_pre_padding                    0x08004964   Section        0  printfa.o(i._printf_pre_padding)
    i.atan                                   0x08004994   Section        0  atan.o(i.atan)
    i.puts                                   0x08004bb4   Section        0  puts.o(i.puts)
    i.strtod                                 0x08004bd8   Section        0  strtod.o(i.strtod)
    atanhi                                   0x08004bf8   Data          32  atan.o(.constdata)
    .constdata                               0x08004bf8   Section      152  atan.o(.constdata)
    atanlo                                   0x08004c18   Data          32  atan.o(.constdata)
    aTodd                                    0x08004c38   Data          40  atan.o(.constdata)
    aTeven                                   0x08004c60   Data          48  atan.o(.constdata)
    .constdata                               0x08004c90   Section      129  ctype_o.o(.constdata)
    table                                    0x08004d14   Data           4  ctype_o.o(.constdata)
    .constdata                               0x08004d14   Section        4  ctype_o.o(.constdata)
    .L__const.HAL_RCC_GetSysClockFreq.aPredivFactorTable 0x08004d18   Data           2  stm32f1xx_hal_rcc.o(.rodata..L__const.HAL_RCC_GetSysClockFreq.aPredivFactorTable)
    .L__const.HAL_RCC_GetSysClockFreq.aPLLMULFactorTable 0x08004d32   Data          16  stm32f1xx_hal_rcc.o(.rodata.cst16)
    .L.str.1                                 0x08004d42   Data           6  main.o(.rodata.str1.1)
    [Anonymous Symbol]                       0x08004d42   Section        0  main.o(.rodata.str1.1)
    .data                                    0x20000000   Section        4  stdout.o(.data)
    _errno                                   0x20000004   Data           4  errno.o(.data)
    .data                                    0x20000004   Section        4  errno.o(.data)
    .L_MergedGlobals                         0x20000008   Data          16  main.o(.data..L_MergedGlobals)
    [Anonymous Symbol]                       0x20000008   Section        0  main.o(.data..L_MergedGlobals)
    .L_MergedGlobals                         0x20000018   Data           8  stm32f1xx_hal.o(.data..L_MergedGlobals)
    [Anonymous Symbol]                       0x20000018   Section        0  stm32f1xx_hal.o(.data..L_MergedGlobals)
    .L_MergedGlobals                         0x20000028   Data         100  pid.o(.bss..L_MergedGlobals)
    [Anonymous Symbol]                       0x20000028   Section        0  pid.o(.bss..L_MergedGlobals)
    .L_MergedGlobals.1                       0x2000008c   Data          96  pid.o(.bss..L_MergedGlobals.1)
    [Anonymous Symbol]                       0x2000008c   Section        0  pid.o(.bss..L_MergedGlobals.1)
    .L_MergedGlobals.10                      0x200000ec   Data          80  main.o(.bss..L_MergedGlobals.10)
    [Anonymous Symbol]                       0x200000ec   Section        0  main.o(.bss..L_MergedGlobals.10)
    .L_MergedGlobals.2                       0x2000013c   Data          96  pid.o(.bss..L_MergedGlobals.2)
    [Anonymous Symbol]                       0x2000013c   Section        0  pid.o(.bss..L_MergedGlobals.2)
    .L_MergedGlobals.9                       0x2000019c   Data         112  main.o(.bss..L_MergedGlobals.9)
    [Anonymous Symbol]                       0x2000019c   Section        0  main.o(.bss..L_MergedGlobals.9)
    HAL_TIM_PeriodElapsedCallback.i          0x200001d8   Data           4  main.o(.bss..L_MergedGlobals.9)
    HAL_TIM_PeriodElapsedCallback.speed2     0x200001dc   Data           4  main.o(.bss..L_MergedGlobals.9)
    HAL_TIM_PeriodElapsedCallback.x_speed1   0x200001e0   Data           4  main.o(.bss..L_MergedGlobals.9)
    HAL_TIM_PeriodElapsedCallback.x_speed2   0x200001e4   Data           4  main.o(.bss..L_MergedGlobals.9)
    HAL_TIM_PeriodElapsedCallback.x_cont1    0x200001e8   Data           4  main.o(.bss..L_MergedGlobals.9)
    HAL_TIM_PeriodElapsedCallback.x_cont2    0x200001ec   Data           4  main.o(.bss..L_MergedGlobals.9)
    HAL_TIM_PeriodElapsedCallback.pwm1       0x200001f0   Data           4  main.o(.bss..L_MergedGlobals.9)
    HAL_TIM_PeriodElapsedCallback.pwm2       0x200001f4   Data           4  main.o(.bss..L_MergedGlobals.9)
    STACK                                    0x20000370   Section     1024  startup_stm32f103xb.o(STACK)

    Global Symbols

    Symbol Name                              Value     Ov Type        Size  Object(Section)

    BuildAttributes$$THM_ISAv4$P$D$K$B$S$PE$A:L22UL41UL21$X:L11$S22US41US21$IEEE1$IW$~IW$USESV6$~STKCKD$USESV7$~SHL$OTIME$ROPI$IEEEX$EBA8$MICROLIB$REQ8$PRES8$EABIv2 0x00000000   Number         0  anon$$obj.o ABSOLUTE
    _printf_a                                0x00000000   Number         0  printfstubs.o ABSOLUTE
    _printf_c                                0x00000000   Number         0  printfstubs.o ABSOLUTE
    _printf_charcount                        0x00000000   Number         0  printfstubs.o ABSOLUTE
    _printf_d                                0x00000000   Number         0  printfstubs.o ABSOLUTE
    _printf_e                                0x00000000   Number         0  printfstubs.o ABSOLUTE
    _printf_f                                0x00000000   Number         0  printfstubs.o ABSOLUTE
    _printf_flags                            0x00000000   Number         0  printfstubs.o ABSOLUTE
    _printf_fp_dec                           0x00000000   Number         0  printfstubs.o ABSOLUTE
    _printf_fp_hex                           0x00000000   Number         0  printfstubs.o ABSOLUTE
    _printf_g                                0x00000000   Number         0  printfstubs.o ABSOLUTE
    _printf_i                                0x00000000   Number         0  printfstubs.o ABSOLUTE
    _printf_int_dec                          0x00000000   Number         0  printfstubs.o ABSOLUTE
    _printf_l                                0x00000000   Number         0  printfstubs.o ABSOLUTE
    _printf_lc                               0x00000000   Number         0  printfstubs.o ABSOLUTE
    _printf_ll                               0x00000000   Number         0  printfstubs.o ABSOLUTE
    _printf_lld                              0x00000000   Number         0  printfstubs.o ABSOLUTE
    _printf_lli                              0x00000000   Number         0  printfstubs.o ABSOLUTE
    _printf_llo                              0x00000000   Number         0  printfstubs.o ABSOLUTE
    _printf_llu                              0x00000000   Number         0  printfstubs.o ABSOLUTE
    _printf_llx                              0x00000000   Number         0  printfstubs.o ABSOLUTE
    _printf_longlong_dec                     0x00000000   Number         0  printfstubs.o ABSOLUTE
    _printf_longlong_hex                     0x00000000   Number         0  printfstubs.o ABSOLUTE
    _printf_longlong_oct                     0x00000000   Number         0  printfstubs.o ABSOLUTE
    _printf_ls                               0x00000000   Number         0  printfstubs.o ABSOLUTE
    _printf_mbtowc                           0x00000000   Number         0  printfstubs.o ABSOLUTE
    _printf_n                                0x00000000   Number         0  printfstubs.o ABSOLUTE
    _printf_o                                0x00000000   Number         0  printfstubs.o ABSOLUTE
    _printf_p                                0x00000000   Number         0  printfstubs.o ABSOLUTE
    _printf_percent                          0x00000000   Number         0  printfstubs.o ABSOLUTE
    _printf_pre_padding                      0x00000000   Number         0  printfstubs.o ABSOLUTE
    _printf_return_value                     0x00000000   Number         0  printfstubs.o ABSOLUTE
    _printf_s                                0x00000000   Number         0  printfstubs.o ABSOLUTE
    _printf_sizespec                         0x00000000   Number         0  printfstubs.o ABSOLUTE
    _printf_str                              0x00000000   Number         0  printfstubs.o ABSOLUTE
    _printf_truncate_signed                  0x00000000   Number         0  printfstubs.o ABSOLUTE
    _printf_truncate_unsigned                0x00000000   Number         0  printfstubs.o ABSOLUTE
    _printf_u                                0x00000000   Number         0  printfstubs.o ABSOLUTE
    _printf_wc                               0x00000000   Number         0  printfstubs.o ABSOLUTE
    _printf_wctomb                           0x00000000   Number         0  printfstubs.o ABSOLUTE
    _printf_widthprec                        0x00000000   Number         0  printfstubs.o ABSOLUTE
    _printf_x                                0x00000000   Number         0  printfstubs.o ABSOLUTE
    __cpp_initialize__aeabi_                  - Undefined Weak Reference
    __cxa_finalize                            - Undefined Weak Reference
    __decompress                              - Undefined Weak Reference
    _clock_init                               - Undefined Weak Reference
    _microlib_exit                            - Undefined Weak Reference
    __Vectors_Size                           0x000000ec   Number         0  startup_stm32f103xb.o ABSOLUTE
    __Vectors                                0x08000000   Data           4  startup_stm32f103xb.o(RESET)
    __Vectors_End                            0x080000ec   Data           0  startup_stm32f103xb.o(RESET)
    __main                                   0x080000ed   Thumb Code     0  entry.o(.ARM.Collect$$$$00000000)
    _main_stk                                0x080000ed   Thumb Code     0  entry2.o(.ARM.Collect$$$$00000001)
    _main_scatterload                        0x080000f1   Thumb Code     0  entry5.o(.ARM.Collect$$$$00000004)
    __main_after_scatterload                 0x080000f5   Thumb Code     0  entry5.o(.ARM.Collect$$$$00000004)
    _main_clock                              0x080000f5   Thumb Code     0  entry7b.o(.ARM.Collect$$$$00000008)
    _main_cpp_init                           0x080000f5   Thumb Code     0  entry8b.o(.ARM.Collect$$$$0000000A)
    _main_init                               0x080000f5   Thumb Code     0  entry9a.o(.ARM.Collect$$$$0000000B)
    __rt_final_cpp                           0x080000fd   Thumb Code     0  entry10a.o(.ARM.Collect$$$$0000000D)
    __rt_final_exit                          0x080000fd   Thumb Code     0  entry11a.o(.ARM.Collect$$$$0000000F)
    Reset_Handler                            0x08000101   Thumb Code     8  startup_stm32f103xb.o(.text)
    ADC1_2_IRQHandler                        0x0800011b   Thumb Code     0  startup_stm32f103xb.o(.text)
    CAN1_RX1_IRQHandler                      0x0800011b   Thumb Code     0  startup_stm32f103xb.o(.text)
    CAN1_SCE_IRQHandler                      0x0800011b   Thumb Code     0  startup_stm32f103xb.o(.text)
    DMA1_Channel1_IRQHandler                 0x0800011b   Thumb Code     0  startup_stm32f103xb.o(.text)
    DMA1_Channel2_IRQHandler                 0x0800011b   Thumb Code     0  startup_stm32f103xb.o(.text)
    DMA1_Channel3_IRQHandler                 0x0800011b   Thumb Code     0  startup_stm32f103xb.o(.text)
    DMA1_Channel4_IRQHandler                 0x0800011b   Thumb Code     0  startup_stm32f103xb.o(.text)
    DMA1_Channel5_IRQHandler                 0x0800011b   Thumb Code     0  startup_stm32f103xb.o(.text)
    DMA1_Channel6_IRQHandler                 0x0800011b   Thumb Code     0  startup_stm32f103xb.o(.text)
    DMA1_Channel7_IRQHandler                 0x0800011b   Thumb Code     0  startup_stm32f103xb.o(.text)
    EXTI0_IRQHandler                         0x0800011b   Thumb Code     0  startup_stm32f103xb.o(.text)
    EXTI15_10_IRQHandler                     0x0800011b   Thumb Code     0  startup_stm32f103xb.o(.text)
    EXTI1_IRQHandler                         0x0800011b   Thumb Code     0  startup_stm32f103xb.o(.text)
    EXTI2_IRQHandler                         0x0800011b   Thumb Code     0  startup_stm32f103xb.o(.text)
    EXTI3_IRQHandler                         0x0800011b   Thumb Code     0  startup_stm32f103xb.o(.text)
    EXTI4_IRQHandler                         0x0800011b   Thumb Code     0  startup_stm32f103xb.o(.text)
    EXTI9_5_IRQHandler                       0x0800011b   Thumb Code     0  startup_stm32f103xb.o(.text)
    FLASH_IRQHandler                         0x0800011b   Thumb Code     0  startup_stm32f103xb.o(.text)
    I2C1_ER_IRQHandler                       0x0800011b   Thumb Code     0  startup_stm32f103xb.o(.text)
    I2C1_EV_IRQHandler                       0x0800011b   Thumb Code     0  startup_stm32f103xb.o(.text)
    I2C2_ER_IRQHandler                       0x0800011b   Thumb Code     0  startup_stm32f103xb.o(.text)
    I2C2_EV_IRQHandler                       0x0800011b   Thumb Code     0  startup_stm32f103xb.o(.text)
    PVD_IRQHandler                           0x0800011b   Thumb Code     0  startup_stm32f103xb.o(.text)
    RCC_IRQHandler                           0x0800011b   Thumb Code     0  startup_stm32f103xb.o(.text)
    RTC_Alarm_IRQHandler                     0x0800011b   Thumb Code     0  startup_stm32f103xb.o(.text)
    RTC_IRQHandler                           0x0800011b   Thumb Code     0  startup_stm32f103xb.o(.text)
    SPI1_IRQHandler                          0x0800011b   Thumb Code     0  startup_stm32f103xb.o(.text)
    SPI2_IRQHandler                          0x0800011b   Thumb Code     0  startup_stm32f103xb.o(.text)
    TAMPER_IRQHandler                        0x0800011b   Thumb Code     0  startup_stm32f103xb.o(.text)
    TIM1_BRK_IRQHandler                      0x0800011b   Thumb Code     0  startup_stm32f103xb.o(.text)
    TIM1_TRG_COM_IRQHandler                  0x0800011b   Thumb Code     0  startup_stm32f103xb.o(.text)
    TIM1_UP_IRQHandler                       0x0800011b   Thumb Code     0  startup_stm32f103xb.o(.text)
    TIM2_IRQHandler                          0x0800011b   Thumb Code     0  startup_stm32f103xb.o(.text)
    TIM3_IRQHandler                          0x0800011b   Thumb Code     0  startup_stm32f103xb.o(.text)
    USART2_IRQHandler                        0x0800011b   Thumb Code     0  startup_stm32f103xb.o(.text)
    USBWakeUp_IRQHandler                     0x0800011b   Thumb Code     0  startup_stm32f103xb.o(.text)
    USB_HP_CAN1_TX_IRQHandler                0x0800011b   Thumb Code     0  startup_stm32f103xb.o(.text)
    USB_LP_CAN1_RX0_IRQHandler               0x0800011b   Thumb Code     0  startup_stm32f103xb.o(.text)
    WWDG_IRQHandler                          0x0800011b   Thumb Code     0  startup_stm32f103xb.o(.text)
    __aeabi_memset                           0x08000125   Thumb Code    14  memseta.o(.text)
    __aeabi_memset4                          0x08000125   Thumb Code     0  memseta.o(.text)
    __aeabi_memset8                          0x08000125   Thumb Code     0  memseta.o(.text)
    __aeabi_memclr                           0x08000133   Thumb Code     4  memseta.o(.text)
    __aeabi_memclr4                          0x08000133   Thumb Code     0  memseta.o(.text)
    __aeabi_memclr8                          0x08000133   Thumb Code     0  memseta.o(.text)
    _memset$wrapper                          0x08000137   Thumb Code    18  memseta.o(.text)
    strchr                                   0x08000149   Thumb Code    20  strchr.o(.text)
    memcmp                                   0x0800015d   Thumb Code    26  memcmp.o(.text)
    atoi                                     0x08000177   Thumb Code    26  atoi.o(.text)
    __aeabi_fadd                             0x08000191   Thumb Code   164  fadd.o(.text)
    __aeabi_fsub                             0x08000235   Thumb Code     6  fadd.o(.text)
    __aeabi_frsub                            0x0800023b   Thumb Code     6  fadd.o(.text)
    __aeabi_fmul                             0x08000241   Thumb Code   100  fmul.o(.text)
    __aeabi_fdiv                             0x080002a5   Thumb Code   124  fdiv.o(.text)
    __aeabi_dadd                             0x08000321   Thumb Code   322  dadd.o(.text)
    __aeabi_dsub                             0x08000463   Thumb Code     6  dadd.o(.text)
    __aeabi_drsub                            0x08000469   Thumb Code     6  dadd.o(.text)
    __aeabi_dmul                             0x0800046f   Thumb Code   228  dmul.o(.text)
    __aeabi_ddiv                             0x08000553   Thumb Code   222  ddiv.o(.text)
    __aeabi_fcmple                           0x08000631   Thumb Code    28  fcmple.o(.text)
    __aeabi_fcmplt                           0x0800064d   Thumb Code    28  fcmplt.o(.text)
    __aeabi_fcmpge                           0x08000669   Thumb Code    28  fcmpge.o(.text)
    __aeabi_fcmpgt                           0x08000685   Thumb Code    28  fcmpgt.o(.text)
    __aeabi_fcmpeq                           0x080006a1   Thumb Code    28  fcmpeq.o(.text)
    __aeabi_i2f                              0x080006bd   Thumb Code    18  fflti.o(.text)
    __aeabi_i2d                              0x080006cf   Thumb Code    34  dflti.o(.text)
    __aeabi_f2iz                             0x080006f1   Thumb Code    50  ffixi.o(.text)
    __aeabi_d2iz                             0x08000723   Thumb Code    62  dfixi.o(.text)
    __aeabi_f2d                              0x08000761   Thumb Code    38  f2d.o(.text)
    __aeabi_d2f                              0x08000787   Thumb Code    56  d2f.o(.text)
    __aeabi_uidiv                            0x080007bf   Thumb Code     0  uidiv.o(.text)
    __aeabi_uidivmod                         0x080007bf   Thumb Code    44  uidiv.o(.text)
    __aeabi_uldivmod                         0x080007eb   Thumb Code    98  uldiv.o(.text)
    __aeabi_llsl                             0x0800084d   Thumb Code    30  llshl.o(.text)
    _ll_shift_l                              0x0800084d   Thumb Code     0  llshl.o(.text)
    __aeabi_llsr                             0x0800086b   Thumb Code    32  llushr.o(.text)
    _ll_ushift_r                             0x0800086b   Thumb Code     0  llushr.o(.text)
    __aeabi_lasr                             0x0800088b   Thumb Code    36  llsshr.o(.text)
    _ll_sshift_r                             0x0800088b   Thumb Code     0  llsshr.o(.text)
    __strtod_int                             0x080008ef   Thumb Code    94  strtod.o(.text)
    strtol                                   0x08000959   Thumb Code   112  strtol.o(.text)
    __I$use$fp                               0x080009c9   Thumb Code     0  iusefp.o(.text)
    _float_round                             0x080009c9   Thumb Code    18  fepilogue.o(.text)
    _float_epilogue                          0x080009db   Thumb Code    92  fepilogue.o(.text)
    _double_round                            0x08000a37   Thumb Code    30  depilogue.o(.text)
    _double_epilogue                         0x08000a55   Thumb Code   156  depilogue.o(.text)
    __ARM_scalbn                             0x08000af1   Thumb Code    46  dscalb.o(.text)
    scalbn                                   0x08000af1   Thumb Code     0  dscalb.o(.text)
    __aeabi_d2ulz                            0x08000b1f   Thumb Code    48  dfixul.o(.text)
    __aeabi_cdrcmple                         0x08000b51   Thumb Code    48  cdrcmple.o(.text)
    __scatterload                            0x08000b81   Thumb Code    28  init.o(.text)
    __scatterload_rt2                        0x08000b81   Thumb Code     0  init.o(.text)
    __rt_ctype_table                         0x08000ba5   Thumb Code     4  ctype_o.o(.text)
    isspace                                  0x08000bad   Thumb Code    18  isspace_o.o(.text)
    _scanf_real                              0x08000ce9   Thumb Code     0  scanf_fp.o(.text)
    _scanf_really_real                       0x08000ce9   Thumb Code   556  scanf_fp.o(.text)
    _sgetc                                   0x08000f21   Thumb Code    30  _sgetc.o(.text)
    _sbackspace                              0x08000f3f   Thumb Code    34  _sgetc.o(.text)
    _strtoul                                 0x08000f61   Thumb Code   158  _strtoul.o(.text)
    _chval                                   0x08000fff   Thumb Code    28  _chval.o(.text)
    __aeabi_ul2d                             0x0800101b   Thumb Code    24  dfltul.o(.text)
    BusFault_Handler                         0x08001035   Thumb Code     2  stm32f1xx_it.o(.text.BusFault_Handler)
    DebugMon_Handler                         0x08001039   Thumb Code     2  stm32f1xx_it.o(.text.DebugMon_Handler)
    Error_Handler                            0x0800103d   Thumb Code    10  main.o(.text.Error_Handler)
    HAL_DMA_Abort                            0x08001049   Thumb Code    70  stm32f1xx_hal_dma.o(.text.HAL_DMA_Abort)
    HAL_DMA_Abort_IT                         0x08001091   Thumb Code   170  stm32f1xx_hal_dma.o(.text.HAL_DMA_Abort_IT)
    HAL_Delay                                0x0800113d   Thumb Code    40  stm32f1xx_hal.o(.text.HAL_Delay)
    HAL_GPIO_Init                            0x08001165   Thumb Code   530  stm32f1xx_hal_gpio.o(.text.HAL_GPIO_Init)
    HAL_GPIO_ReadPin                         0x08001379   Thumb Code    10  stm32f1xx_hal_gpio.o(.text.HAL_GPIO_ReadPin)
    HAL_GPIO_WritePin                        0x08001385   Thumb Code    10  stm32f1xx_hal_gpio.o(.text.HAL_GPIO_WritePin)
    HAL_GetTick                              0x08001391   Thumb Code    12  stm32f1xx_hal.o(.text.HAL_GetTick)
    HAL_IncTick                              0x0800139d   Thumb Code    26  stm32f1xx_hal.o(.text.HAL_IncTick)
    HAL_Init                                 0x080013b9   Thumb Code    38  stm32f1xx_hal.o(.text.HAL_Init)
    HAL_InitTick                             0x080013e1   Thumb Code    72  stm32f1xx_hal.o(.text.HAL_InitTick)
    HAL_MspInit                              0x08001429   Thumb Code    66  stm32f1xx_hal_msp.o(.text.HAL_MspInit)
    HAL_NVIC_EnableIRQ                       0x0800146d   Thumb Code    32  stm32f1xx_hal_cortex.o(.text.HAL_NVIC_EnableIRQ)
    HAL_NVIC_SetPriority                     0x0800148d   Thumb Code    86  stm32f1xx_hal_cortex.o(.text.HAL_NVIC_SetPriority)
    HAL_NVIC_SetPriorityGrouping             0x080014e5   Thumb Code    32  stm32f1xx_hal_cortex.o(.text.HAL_NVIC_SetPriorityGrouping)
    HAL_RCC_ClockConfig                      0x08001505   Thumb Code   446  stm32f1xx_hal_rcc.o(.text.HAL_RCC_ClockConfig)
    HAL_RCC_GetPCLK1Freq                     0x080016c5   Thumb Code    38  stm32f1xx_hal_rcc.o(.text.HAL_RCC_GetPCLK1Freq)
    HAL_RCC_GetPCLK2Freq                     0x080016ed   Thumb Code    38  stm32f1xx_hal_rcc.o(.text.HAL_RCC_GetPCLK2Freq)
    HAL_RCC_OscConfig                        0x08001715   Thumb Code   948  stm32f1xx_hal_rcc.o(.text.HAL_RCC_OscConfig)
    HAL_SYSTICK_Config                       0x08001ac9   Thumb Code    44  stm32f1xx_hal_cortex.o(.text.HAL_SYSTICK_Config)
    HAL_TIMEx_BreakCallback                  0x08001af5   Thumb Code     2  stm32f1xx_hal_tim_ex.o(.text.HAL_TIMEx_BreakCallback)
    HAL_TIMEx_CommutCallback                 0x08001af9   Thumb Code     2  stm32f1xx_hal_tim_ex.o(.text.HAL_TIMEx_CommutCallback)
    HAL_TIMEx_MasterConfigSynchronization    0x08001afd   Thumb Code   122  stm32f1xx_hal_tim_ex.o(.text.HAL_TIMEx_MasterConfigSynchronization)
    HAL_TIM_Base_Init                        0x08001b79   Thumb Code   236  stm32f1xx_hal_tim.o(.text.HAL_TIM_Base_Init)
    HAL_TIM_Base_MspInit                     0x08001c65   Thumb Code   176  tim.o(.text.HAL_TIM_Base_MspInit)
    HAL_TIM_Base_Start_IT                    0x08001d15   Thumb Code   110  stm32f1xx_hal_tim.o(.text.HAL_TIM_Base_Start_IT)
    HAL_TIM_ConfigClockSource                0x08001d85   Thumb Code   402  stm32f1xx_hal_tim.o(.text.HAL_TIM_ConfigClockSource)
    HAL_TIM_IC_CaptureCallback               0x08001f19   Thumb Code    76  main.o(.text.HAL_TIM_IC_CaptureCallback)
    HAL_TIM_IC_ConfigChannel                 0x08001f65   Thumb Code   362  stm32f1xx_hal_tim.o(.text.HAL_TIM_IC_ConfigChannel)
    HAL_TIM_IC_Init                          0x080020d1   Thumb Code   236  stm32f1xx_hal_tim.o(.text.HAL_TIM_IC_Init)
    HAL_TIM_IC_MspInit                       0x080021bd   Thumb Code     2  stm32f1xx_hal_tim.o(.text.HAL_TIM_IC_MspInit)
    HAL_TIM_IC_Start_IT                      0x080021c1   Thumb Code   324  stm32f1xx_hal_tim.o(.text.HAL_TIM_IC_Start_IT)
    HAL_TIM_IRQHandler                       0x08002305   Thumb Code   368  stm32f1xx_hal_tim.o(.text.HAL_TIM_IRQHandler)
    HAL_TIM_OC_DelayElapsedCallback          0x08002475   Thumb Code     2  stm32f1xx_hal_tim.o(.text.HAL_TIM_OC_DelayElapsedCallback)
    HAL_TIM_PWM_ConfigChannel                0x08002479   Thumb Code   498  stm32f1xx_hal_tim.o(.text.HAL_TIM_PWM_ConfigChannel)
    HAL_TIM_PWM_Init                         0x0800266d   Thumb Code   236  stm32f1xx_hal_tim.o(.text.HAL_TIM_PWM_Init)
    HAL_TIM_PWM_MspInit                      0x08002759   Thumb Code    46  tim.o(.text.HAL_TIM_PWM_MspInit)
    HAL_TIM_PWM_PulseFinishedCallback        0x08002789   Thumb Code     2  stm32f1xx_hal_tim.o(.text.HAL_TIM_PWM_PulseFinishedCallback)
    HAL_TIM_PWM_Start                        0x0800278d   Thumb Code   222  stm32f1xx_hal_tim.o(.text.HAL_TIM_PWM_Start)
    HAL_TIM_PeriodElapsedCallback            0x0800286d   Thumb Code   652  main.o(.text.HAL_TIM_PeriodElapsedCallback)
    HAL_TIM_TriggerCallback                  0x08002af9   Thumb Code     2  stm32f1xx_hal_tim.o(.text.HAL_TIM_TriggerCallback)
    HAL_UARTEx_RxEventCallback               0x08002afd   Thumb Code     2  stm32f1xx_hal_uart.o(.text.HAL_UARTEx_RxEventCallback)
    HAL_UART_ErrorCallback                   0x08002b01   Thumb Code     2  stm32f1xx_hal_uart.o(.text.HAL_UART_ErrorCallback)
    HAL_UART_IRQHandler                      0x08002b05   Thumb Code   620  stm32f1xx_hal_uart.o(.text.HAL_UART_IRQHandler)
    HAL_UART_Init                            0x08002d71   Thumb Code   220  stm32f1xx_hal_uart.o(.text.HAL_UART_Init)
    HAL_UART_MspInit                         0x08002e4d   Thumb Code   272  usart.o(.text.HAL_UART_MspInit)
    HAL_UART_Receive_IT                      0x08002f5d   Thumb Code    86  stm32f1xx_hal_uart.o(.text.HAL_UART_Receive_IT)
    HAL_UART_RxCpltCallback                  0x08002fb5   Thumb Code   860  main.o(.text.HAL_UART_RxCpltCallback)
    HAL_UART_Transmit                        0x0800335d   Thumb Code   432  stm32f1xx_hal_uart.o(.text.HAL_UART_Transmit)
    HAL_UART_TxCpltCallback                  0x0800350d   Thumb Code     2  stm32f1xx_hal_uart.o(.text.HAL_UART_TxCpltCallback)
    HardFault_Handler                        0x08003511   Thumb Code     2  stm32f1xx_it.o(.text.HardFault_Handler)
    MX_GPIO_Init                             0x08003515   Thumb Code   198  gpio.o(.text.MX_GPIO_Init)
    MX_TIM1_Init                             0x080035dd   Thumb Code   210  tim.o(.text.MX_TIM1_Init)
    MX_TIM2_Init                             0x080036b1   Thumb Code   214  tim.o(.text.MX_TIM2_Init)
    MX_TIM4_Init                             0x08003789   Thumb Code   120  tim.o(.text.MX_TIM4_Init)
    MX_USART1_UART_Init                      0x08003801   Thumb Code    60  usart.o(.text.MX_USART1_UART_Init)
    MX_USART3_UART_Init                      0x0800383d   Thumb Code    60  usart.o(.text.MX_USART3_UART_Init)
    MemManage_Handler                        0x08003879   Thumb Code     2  stm32f1xx_it.o(.text.MemManage_Handler)
    NMI_Handler                              0x0800387d   Thumb Code     2  stm32f1xx_it.o(.text.NMI_Handler)
    PID_b_update                             0x08003881   Thumb Code   218  pid.o(.text.PID_b_update)
    PID_init                                 0x0800395d   Thumb Code   234  pid.o(.text.PID_init)
    PID_speed_update                         0x08003a49   Thumb Code   280  pid.o(.text.PID_speed_update)
    PID_theta_update                         0x08003b61   Thumb Code   230  pid.o(.text.PID_theta_update)
    PID_x_update                             0x08003c49   Thumb Code   240  pid.o(.text.PID_x_update)
    PendSV_Handler                           0x08003d39   Thumb Code     2  stm32f1xx_it.o(.text.PendSV_Handler)
    SVC_Handler                              0x08003d3d   Thumb Code     2  stm32f1xx_it.o(.text.SVC_Handler)
    SysTick_Handler                          0x08003d41   Thumb Code     4  stm32f1xx_it.o(.text.SysTick_Handler)
    SystemInit                               0x08003d45   Thumb Code     2  system_stm32f1xx.o(.text.SystemInit)
    TIM1_CC_IRQHandler                       0x08003d49   Thumb Code    12  stm32f1xx_it.o(.text.TIM1_CC_IRQHandler)
    TIM4_IRQHandler                          0x08003d55   Thumb Code    12  stm32f1xx_it.o(.text.TIM4_IRQHandler)
    USART1_IRQHandler                        0x08003e25   Thumb Code    12  stm32f1xx_it.o(.text.USART1_IRQHandler)
    USART3_IRQHandler                        0x08003e31   Thumb Code    12  stm32f1xx_it.o(.text.USART3_IRQHandler)
    UsageFault_Handler                       0x08003e3d   Thumb Code     2  stm32f1xx_it.o(.text.UsageFault_Handler)
    fputc                                    0x08003e41   Thumb Code    32  main.o(.text.fputc)
    main                                     0x08003e61   Thumb Code   318  main.o(.text.main)
    __0printf                                0x08003fa1   Thumb Code    22  printfa.o(i.__0printf)
    __1printf                                0x08003fa1   Thumb Code     0  printfa.o(i.__0printf)
    __2printf                                0x08003fa1   Thumb Code     0  printfa.o(i.__0printf)
    __c89printf                              0x08003fa1   Thumb Code     0  printfa.o(i.__0printf)
    printf                                   0x08003fa1   Thumb Code     0  printfa.o(i.__0printf)
    __ARM_fpclassify                         0x08003fc1   Thumb Code    40  fpclassify.o(i.__ARM_fpclassify)
    __aeabi_errno_addr                       0x08003fe9   Thumb Code     4  errno.o(i.__aeabi_errno_addr)
    __rt_errno_addr                          0x08003fe9   Thumb Code     0  errno.o(i.__aeabi_errno_addr)
    __kernel_poly                            0x08003ff1   Thumb Code   170  poly.o(i.__kernel_poly)
    __mathlib_dbl_infnan                     0x0800409b   Thumb Code     6  dunder.o(i.__mathlib_dbl_infnan)
    __mathlib_dbl_underflow                  0x080040a1   Thumb Code    10  dunder.o(i.__mathlib_dbl_underflow)
    __scatterload_copy                       0x080040b1   Thumb Code    14  handlers.o(i.__scatterload_copy)
    __scatterload_null                       0x080040bf   Thumb Code     2  handlers.o(i.__scatterload_null)
    __scatterload_zeroinit                   0x080040c1   Thumb Code    14  handlers.o(i.__scatterload_zeroinit)
    _is_digit                                0x08004255   Thumb Code    14  scanf_fp.o(i._is_digit)
    atan                                     0x08004995   Thumb Code   474  atan.o(i.atan)
    puts                                     0x08004bb5   Thumb Code    30  puts.o(i.puts)
    strtod                                   0x08004bd9   Thumb Code    30  strtod.o(i.strtod)
    __ctype_table                            0x08004c90   Data         129  ctype_o.o(.constdata)
    AHBPrescTable                            0x08004d1a   Data          16  system_stm32f1xx.o(.rodata.AHBPrescTable)
    APBPrescTable                            0x08004d2a   Data           8  system_stm32f1xx.o(.rodata.APBPrescTable)
    Region$$Table$$Base                      0x08004d48   Number         0  anon$$obj.o(Region$$Table)
    Region$$Table$$Limit                     0x08004d68   Number         0  anon$$obj.o(Region$$Table)
    __stdout                                 0x20000000   Data           4  stdout.o(.data)
    setspeed1                                0x20000008   Data           4  main.o(.data..L_MergedGlobals)
    setspeed2                                0x2000000c   Data           4  main.o(.data..L_MergedGlobals)
    b                                        0x20000010   Data           4  main.o(.data..L_MergedGlobals)
    setspeed_flag                            0x20000014   Data           4  main.o(.data..L_MergedGlobals)
    uwTickFreq                               0x20000018   Data           1  stm32f1xx_hal.o(.data..L_MergedGlobals)
    uwTickPrio                               0x2000001c   Data           4  stm32f1xx_hal.o(.data..L_MergedGlobals)
    SystemCoreClock                          0x20000020   Data           4  system_stm32f1xx.o(.data.SystemCoreClock)
    pid                                      0x20000028   Data           4  pid.o(.bss..L_MergedGlobals)
    pid1_v                                   0x2000002c   Data          48  pid.o(.bss..L_MergedGlobals)
    pid2_v                                   0x2000005c   Data          48  pid.o(.bss..L_MergedGlobals)
    pid_x1                                   0x2000008c   Data          48  pid.o(.bss..L_MergedGlobals.1)
    pid_x2                                   0x200000bc   Data          48  pid.o(.bss..L_MergedGlobals.1)
    rData3                                   0x200000ec   Data          40  main.o(.bss..L_MergedGlobals.10)
    rData1                                   0x20000114   Data          40  main.o(.bss..L_MergedGlobals.10)
    pid_theta                                0x2000013c   Data          48  pid.o(.bss..L_MergedGlobals.2)
    pid_b                                    0x2000016c   Data          48  pid.o(.bss..L_MergedGlobals.2)
    rDataCount1                              0x2000019c   Data           1  main.o(.bss..L_MergedGlobals.9)
    rDataCount3                              0x2000019d   Data           1  main.o(.bss..L_MergedGlobals.9)
    rx_buf3                                  0x2000019e   Data           1  main.o(.bss..L_MergedGlobals.9)
    rx_buf1                                  0x2000019f   Data           1  main.o(.bss..L_MergedGlobals.9)
    rDataFlag1                               0x200001a0   Data           4  main.o(.bss..L_MergedGlobals.9)
    rDataFlag3                               0x200001a4   Data           4  main.o(.bss..L_MergedGlobals.9)
    x_set1                                   0x200001a8   Data           4  main.o(.bss..L_MergedGlobals.9)
    x_set2                                   0x200001ac   Data           4  main.o(.bss..L_MergedGlobals.9)
    theta                                    0x200001b0   Data           4  main.o(.bss..L_MergedGlobals.9)
    theta_speed                              0x200001b4   Data           4  main.o(.bss..L_MergedGlobals.9)
    b_speed                                  0x200001b8   Data           4  main.o(.bss..L_MergedGlobals.9)
    string_flag                              0x200001bc   Data           4  main.o(.bss..L_MergedGlobals.9)
    x_pid_flag                               0x200001c0   Data           4  main.o(.bss..L_MergedGlobals.9)
    theta_pid_flag                           0x200001c4   Data           4  main.o(.bss..L_MergedGlobals.9)
    b_pid_flag                               0x200001c8   Data           4  main.o(.bss..L_MergedGlobals.9)
    question_flag                            0x200001cc   Data           4  main.o(.bss..L_MergedGlobals.9)
    cont_value1                              0x200001d0   Data           4  main.o(.bss..L_MergedGlobals.9)
    cont_value2                              0x200001d4   Data           4  main.o(.bss..L_MergedGlobals.9)
    c                                        0x200001f8   Data           4  main.o(.bss..L_MergedGlobals.9)
    location                                 0x200001fc   Data          16  main.o(.bss..L_MergedGlobals.9)
    htim1                                    0x2000020c   Data          72  tim.o(.bss.htim1)
    htim2                                    0x20000254   Data          72  tim.o(.bss.htim2)
    htim4                                    0x2000029c   Data          72  tim.o(.bss.htim4)
    huart1                                   0x200002e4   Data          68  usart.o(.bss.huart1)
    huart3                                   0x20000328   Data          68  usart.o(.bss.huart3)
    uwTick                                   0x2000036c   Data           4  stm32f1xx_hal.o(.bss.uwTick)
    __initial_sp                             0x20000770   Data           0  startup_stm32f103xb.o(STACK)



==============================================================================

Memory Map of the image

  Image Entry point : 0x080000ed

  Load Region LR_IROM1 (Base: 0x08000000, Size: 0x00004d90, Max: 0x00010000, ABSOLUTE)

    Execution Region ER_IROM1 (Exec base: 0x08000000, Load base: 0x08000000, Size: 0x00004d68, Max: 0x00010000, ABSOLUTE)

    Exec Addr    Load Addr    Size         Type   Attr      Idx    E Section Name        Object

    0x08000000   0x08000000   0x000000ec   Data   RO            3    RESET               startup_stm32f103xb.o
    0x080000ec   0x080000ec   0x00000000   Code   RO          966  * .ARM.Collect$$$$00000000  mc_w.l(entry.o)
    0x080000ec   0x080000ec   0x00000004   Code   RO         1294    .ARM.Collect$$$$00000001  mc_w.l(entry2.o)
    0x080000f0   0x080000f0   0x00000004   Code   RO         1297    .ARM.Collect$$$$00000004  mc_w.l(entry5.o)
    0x080000f4   0x080000f4   0x00000000   Code   RO         1299    .ARM.Collect$$$$00000008  mc_w.l(entry7b.o)
    0x080000f4   0x080000f4   0x00000000   Code   RO         1301    .ARM.Collect$$$$0000000A  mc_w.l(entry8b.o)
    0x080000f4   0x080000f4   0x00000008   Code   RO         1302    .ARM.Collect$$$$0000000B  mc_w.l(entry9a.o)
    0x080000fc   0x080000fc   0x00000000   Code   RO         1304    .ARM.Collect$$$$0000000D  mc_w.l(entry10a.o)
    0x080000fc   0x080000fc   0x00000000   Code   RO         1306    .ARM.Collect$$$$0000000F  mc_w.l(entry11a.o)
    0x080000fc   0x080000fc   0x00000004   Code   RO         1295    .ARM.Collect$$$$00002712  mc_w.l(entry2.o)
    0x08000100   0x08000100   0x00000024   Code   RO            4    .text               startup_stm32f103xb.o
    0x08000124   0x08000124   0x00000024   Code   RO          973    .text               mc_w.l(memseta.o)
    0x08000148   0x08000148   0x00000014   Code   RO          975    .text               mc_w.l(strchr.o)
    0x0800015c   0x0800015c   0x0000001a   Code   RO          977    .text               mc_w.l(memcmp.o)
    0x08000176   0x08000176   0x0000001a   Code   RO         1240    .text               mc_w.l(atoi.o)
    0x08000190   0x08000190   0x000000b0   Code   RO         1242    .text               mf_w.l(fadd.o)
    0x08000240   0x08000240   0x00000064   Code   RO         1244    .text               mf_w.l(fmul.o)
    0x080002a4   0x080002a4   0x0000007c   Code   RO         1246    .text               mf_w.l(fdiv.o)
    0x08000320   0x08000320   0x0000014e   Code   RO         1248    .text               mf_w.l(dadd.o)
    0x0800046e   0x0800046e   0x000000e4   Code   RO         1250    .text               mf_w.l(dmul.o)
    0x08000552   0x08000552   0x000000de   Code   RO         1252    .text               mf_w.l(ddiv.o)
    0x08000630   0x08000630   0x0000001c   Code   RO         1254    .text               mf_w.l(fcmple.o)
    0x0800064c   0x0800064c   0x0000001c   Code   RO         1256    .text               mf_w.l(fcmplt.o)
    0x08000668   0x08000668   0x0000001c   Code   RO         1258    .text               mf_w.l(fcmpge.o)
    0x08000684   0x08000684   0x0000001c   Code   RO         1260    .text               mf_w.l(fcmpgt.o)
    0x080006a0   0x080006a0   0x0000001c   Code   RO         1262    .text               mf_w.l(fcmpeq.o)
    0x080006bc   0x080006bc   0x00000012   Code   RO         1264    .text               mf_w.l(fflti.o)
    0x080006ce   0x080006ce   0x00000022   Code   RO         1266    .text               mf_w.l(dflti.o)
    0x080006f0   0x080006f0   0x00000032   Code   RO         1268    .text               mf_w.l(ffixi.o)
    0x08000722   0x08000722   0x0000003e   Code   RO         1270    .text               mf_w.l(dfixi.o)
    0x08000760   0x08000760   0x00000026   Code   RO         1272    .text               mf_w.l(f2d.o)
    0x08000786   0x08000786   0x00000038   Code   RO         1274    .text               mf_w.l(d2f.o)
    0x080007be   0x080007be   0x0000002c   Code   RO         1318    .text               mc_w.l(uidiv.o)
    0x080007ea   0x080007ea   0x00000062   Code   RO         1320    .text               mc_w.l(uldiv.o)
    0x0800084c   0x0800084c   0x0000001e   Code   RO         1322    .text               mc_w.l(llshl.o)
    0x0800086a   0x0800086a   0x00000020   Code   RO         1324    .text               mc_w.l(llushr.o)
    0x0800088a   0x0800088a   0x00000024   Code   RO         1326    .text               mc_w.l(llsshr.o)
    0x080008ae   0x080008ae   0x00000002   PAD
    0x080008b0   0x080008b0   0x000000a8   Code   RO         1335    .text               mc_w.l(strtod.o)
    0x08000958   0x08000958   0x00000070   Code   RO         1337    .text               mc_w.l(strtol.o)
    0x080009c8   0x080009c8   0x00000000   Code   RO         1339    .text               mc_w.l(iusefp.o)
    0x080009c8   0x080009c8   0x0000006e   Code   RO         1340    .text               mf_w.l(fepilogue.o)
    0x08000a36   0x08000a36   0x000000ba   Code   RO         1342    .text               mf_w.l(depilogue.o)
    0x08000af0   0x08000af0   0x0000002e   Code   RO         1344    .text               mf_w.l(dscalb.o)
    0x08000b1e   0x08000b1e   0x00000030   Code   RO         1346    .text               mf_w.l(dfixul.o)
    0x08000b4e   0x08000b4e   0x00000002   PAD
    0x08000b50   0x08000b50   0x00000030   Code   RO         1348    .text               mf_w.l(cdrcmple.o)
    0x08000b80   0x08000b80   0x00000024   Code   RO         1350    .text               mc_w.l(init.o)
    0x08000ba4   0x08000ba4   0x00000008   Code   RO         1354    .text               mc_w.l(ctype_o.o)
    0x08000bac   0x08000bac   0x00000012   Code   RO         1376    .text               mc_w.l(isspace_o.o)
    0x08000bbe   0x08000bbe   0x00000002   PAD
    0x08000bc0   0x08000bc0   0x00000360   Code   RO         1382    .text               mc_w.l(scanf_fp.o)
    0x08000f20   0x08000f20   0x00000040   Code   RO         1386    .text               mc_w.l(_sgetc.o)
    0x08000f60   0x08000f60   0x0000009e   Code   RO         1388    .text               mc_w.l(_strtoul.o)
    0x08000ffe   0x08000ffe   0x0000001c   Code   RO         1393    .text               mc_w.l(_chval.o)
    0x0800101a   0x0800101a   0x00000018   Code   RO         1395    .text               mf_w.l(dfltul.o)
    0x08001032   0x08001032   0x00000002   PAD
    0x08001034   0x08001034   0x00000002   Code   RO          124    .text.BusFault_Handler  stm32f1xx_it.o
    0x08001036   0x08001036   0x00000002   PAD
    0x08001038   0x08001038   0x00000002   Code   RO          130    .text.DebugMon_Handler  stm32f1xx_it.o
    0x0800103a   0x0800103a   0x00000002   PAD
    0x0800103c   0x0800103c   0x0000000a   Code   RO           42    .text.Error_Handler  main.o
    0x08001046   0x08001046   0x00000002   PAD
    0x08001048   0x08001048   0x00000046   Code   RO          636    .text.HAL_DMA_Abort  stm32f1xx_hal_dma.o
    0x0800108e   0x0800108e   0x00000002   PAD
    0x08001090   0x08001090   0x000000aa   Code   RO          638    .text.HAL_DMA_Abort_IT  stm32f1xx_hal_dma.o
    0x0800113a   0x0800113a   0x00000002   PAD
    0x0800113c   0x0800113c   0x00000028   Code   RO          512    .text.HAL_Delay     stm32f1xx_hal.o
    0x08001164   0x08001164   0x00000212   Code   RO          604    .text.HAL_GPIO_Init  stm32f1xx_hal_gpio.o
    0x08001376   0x08001376   0x00000002   PAD
    0x08001378   0x08001378   0x0000000a   Code   RO          608    .text.HAL_GPIO_ReadPin  stm32f1xx_hal_gpio.o
    0x08001382   0x08001382   0x00000002   PAD
    0x08001384   0x08001384   0x0000000a   Code   RO          610    .text.HAL_GPIO_WritePin  stm32f1xx_hal_gpio.o
    0x0800138e   0x0800138e   0x00000002   PAD
    0x08001390   0x08001390   0x0000000c   Code   RO          504    .text.HAL_GetTick   stm32f1xx_hal.o
    0x0800139c   0x0800139c   0x0000001a   Code   RO          502    .text.HAL_IncTick   stm32f1xx_hal.o
    0x080013b6   0x080013b6   0x00000002   PAD
    0x080013b8   0x080013b8   0x00000026   Code   RO          492    .text.HAL_Init      stm32f1xx_hal.o
    0x080013de   0x080013de   0x00000002   PAD
    0x080013e0   0x080013e0   0x00000048   Code   RO          494    .text.HAL_InitTick  stm32f1xx_hal.o
    0x08001428   0x08001428   0x00000042   Code   RO          151    .text.HAL_MspInit   stm32f1xx_hal_msp.o
    0x0800146a   0x0800146a   0x00000002   PAD
    0x0800146c   0x0800146c   0x00000020   Code   RO          664    .text.HAL_NVIC_EnableIRQ  stm32f1xx_hal_cortex.o
    0x0800148c   0x0800148c   0x00000056   Code   RO          662    .text.HAL_NVIC_SetPriority  stm32f1xx_hal_cortex.o
    0x080014e2   0x080014e2   0x00000002   PAD
    0x080014e4   0x080014e4   0x00000020   Code   RO          660    .text.HAL_NVIC_SetPriorityGrouping  stm32f1xx_hal_cortex.o
    0x08001504   0x08001504   0x000001be   Code   RO          556    .text.HAL_RCC_ClockConfig  stm32f1xx_hal_rcc.o
    0x080016c2   0x080016c2   0x00000002   PAD
    0x080016c4   0x080016c4   0x00000026   Code   RO          568    .text.HAL_RCC_GetPCLK1Freq  stm32f1xx_hal_rcc.o
    0x080016ea   0x080016ea   0x00000002   PAD
    0x080016ec   0x080016ec   0x00000026   Code   RO          570    .text.HAL_RCC_GetPCLK2Freq  stm32f1xx_hal_rcc.o
    0x08001712   0x08001712   0x00000002   PAD
    0x08001714   0x08001714   0x000003b4   Code   RO          554    .text.HAL_RCC_OscConfig  stm32f1xx_hal_rcc.o
    0x08001ac8   0x08001ac8   0x0000002c   Code   RO          672    .text.HAL_SYSTICK_Config  stm32f1xx_hal_cortex.o
    0x08001af4   0x08001af4   0x00000002   Code   RO          478    .text.HAL_TIMEx_BreakCallback  stm32f1xx_hal_tim_ex.o
    0x08001af6   0x08001af6   0x00000002   PAD
    0x08001af8   0x08001af8   0x00000002   Code   RO          474    .text.HAL_TIMEx_CommutCallback  stm32f1xx_hal_tim_ex.o
    0x08001afa   0x08001afa   0x00000002   PAD
    0x08001afc   0x08001afc   0x0000007a   Code   RO          468    .text.HAL_TIMEx_MasterConfigSynchronization  stm32f1xx_hal_tim_ex.o
    0x08001b76   0x08001b76   0x00000002   PAD
    0x08001b78   0x08001b78   0x000000ec   Code   RO          174    .text.HAL_TIM_Base_Init  stm32f1xx_hal_tim.o
    0x08001c64   0x08001c64   0x000000b0   Code   RO           81    .text.HAL_TIM_Base_MspInit  tim.o
    0x08001d14   0x08001d14   0x0000006e   Code   RO          188    .text.HAL_TIM_Base_Start_IT  stm32f1xx_hal_tim.o
    0x08001d82   0x08001d82   0x00000002   PAD
    0x08001d84   0x08001d84   0x00000192   Code   RO          354    .text.HAL_TIM_ConfigClockSource  stm32f1xx_hal_tim.o
    0x08001f16   0x08001f16   0x00000002   PAD
    0x08001f18   0x08001f18   0x0000004c   Code   RO           44    .text.HAL_TIM_IC_CaptureCallback  main.o
    0x08001f64   0x08001f64   0x0000016a   Code   RO          324    .text.HAL_TIM_IC_ConfigChannel  stm32f1xx_hal_tim.o
    0x080020ce   0x080020ce   0x00000002   PAD
    0x080020d0   0x080020d0   0x000000ec   Code   RO          248    .text.HAL_TIM_IC_Init  stm32f1xx_hal_tim.o
    0x080021bc   0x080021bc   0x00000002   Code   RO          250    .text.HAL_TIM_IC_MspInit  stm32f1xx_hal_tim.o
    0x080021be   0x080021be   0x00000002   PAD
    0x080021c0   0x080021c0   0x00000144   Code   RO          260    .text.HAL_TIM_IC_Start_IT  stm32f1xx_hal_tim.o
    0x08002304   0x08002304   0x00000170   Code   RO          308    .text.HAL_TIM_IRQHandler  stm32f1xx_hal_tim.o
    0x08002474   0x08002474   0x00000002   Code   RO          312    .text.HAL_TIM_OC_DelayElapsedCallback  stm32f1xx_hal_tim.o
    0x08002476   0x08002476   0x00000002   PAD
    0x08002478   0x08002478   0x000001f2   Code   RO          328    .text.HAL_TIM_PWM_ConfigChannel  stm32f1xx_hal_tim.o
    0x0800266a   0x0800266a   0x00000002   PAD
    0x0800266c   0x0800266c   0x000000ec   Code   RO          228    .text.HAL_TIM_PWM_Init  stm32f1xx_hal_tim.o
    0x08002758   0x08002758   0x0000002e   Code   RO           83    .text.HAL_TIM_PWM_MspInit  tim.o
    0x08002786   0x08002786   0x00000002   PAD
    0x08002788   0x08002788   0x00000002   Code   RO          314    .text.HAL_TIM_PWM_PulseFinishedCallback  stm32f1xx_hal_tim.o
    0x0800278a   0x0800278a   0x00000002   PAD
    0x0800278c   0x0800278c   0x000000de   Code   RO          236    .text.HAL_TIM_PWM_Start  stm32f1xx_hal_tim.o
    0x0800286a   0x0800286a   0x00000002   PAD
    0x0800286c   0x0800286c   0x0000028c   Code   RO           46    .text.HAL_TIM_PeriodElapsedCallback  main.o
    0x08002af8   0x08002af8   0x00000002   Code   RO          318    .text.HAL_TIM_TriggerCallback  stm32f1xx_hal_tim.o
    0x08002afa   0x08002afa   0x00000002   PAD
    0x08002afc   0x08002afc   0x00000002   Code   RO          907    .text.HAL_UARTEx_RxEventCallback  stm32f1xx_hal_uart.o
    0x08002afe   0x08002afe   0x00000002   PAD
    0x08002b00   0x08002b00   0x00000002   Code   RO          905    .text.HAL_UART_ErrorCallback  stm32f1xx_hal_uart.o
    0x08002b02   0x08002b02   0x00000002   PAD
    0x08002b04   0x08002b04   0x0000026c   Code   RO          899    .text.HAL_UART_IRQHandler  stm32f1xx_hal_uart.o
    0x08002d70   0x08002d70   0x000000dc   Code   RO          825    .text.HAL_UART_Init  stm32f1xx_hal_uart.o
    0x08002e4c   0x08002e4c   0x00000110   Code   RO          104    .text.HAL_UART_MspInit  usart.o
    0x08002f5c   0x08002f5c   0x00000056   Code   RO          845    .text.HAL_UART_Receive_IT  stm32f1xx_hal_uart.o
    0x08002fb2   0x08002fb2   0x00000002   PAD
    0x08002fb4   0x08002fb4   0x000003a8   Code   RO           48    .text.HAL_UART_RxCpltCallback  main.o
    0x0800335c   0x0800335c   0x000001b0   Code   RO          839    .text.HAL_UART_Transmit  stm32f1xx_hal_uart.o
    0x0800350c   0x0800350c   0x00000002   Code   RO          909    .text.HAL_UART_TxCpltCallback  stm32f1xx_hal_uart.o
    0x0800350e   0x0800350e   0x00000002   PAD
    0x08003510   0x08003510   0x00000002   Code   RO          120    .text.HardFault_Handler  stm32f1xx_it.o
    0x08003512   0x08003512   0x00000002   PAD
    0x08003514   0x08003514   0x000000c6   Code   RO           64    .text.MX_GPIO_Init  gpio.o
    0x080035da   0x080035da   0x00000002   PAD
    0x080035dc   0x080035dc   0x000000d2   Code   RO           73    .text.MX_TIM1_Init  tim.o
    0x080036ae   0x080036ae   0x00000002   PAD
    0x080036b0   0x080036b0   0x000000d6   Code   RO           75    .text.MX_TIM2_Init  tim.o
    0x08003786   0x08003786   0x00000002   PAD
    0x08003788   0x08003788   0x00000078   Code   RO           79    .text.MX_TIM4_Init  tim.o
    0x08003800   0x08003800   0x0000003c   Code   RO          100    .text.MX_USART1_UART_Init  usart.o
    0x0800383c   0x0800383c   0x0000003c   Code   RO          102    .text.MX_USART3_UART_Init  usart.o
    0x08003878   0x08003878   0x00000002   Code   RO          122    .text.MemManage_Handler  stm32f1xx_it.o
    0x0800387a   0x0800387a   0x00000002   PAD
    0x0800387c   0x0800387c   0x00000002   Code   RO          118    .text.NMI_Handler   stm32f1xx_it.o
    0x0800387e   0x0800387e   0x00000002   PAD
    0x08003880   0x08003880   0x000000da   Code   RO           19    .text.PID_b_update  pid.o
    0x0800395a   0x0800395a   0x00000002   PAD
    0x0800395c   0x0800395c   0x000000ea   Code   RO           11    .text.PID_init      pid.o
    0x08003a46   0x08003a46   0x00000002   PAD
    0x08003a48   0x08003a48   0x00000118   Code   RO           15    .text.PID_speed_update  pid.o
    0x08003b60   0x08003b60   0x000000e6   Code   RO           17    .text.PID_theta_update  pid.o
    0x08003c46   0x08003c46   0x00000002   PAD
    0x08003c48   0x08003c48   0x000000f0   Code   RO           13    .text.PID_x_update  pid.o
    0x08003d38   0x08003d38   0x00000002   Code   RO          132    .text.PendSV_Handler  stm32f1xx_it.o
    0x08003d3a   0x08003d3a   0x00000002   PAD
    0x08003d3c   0x08003d3c   0x00000002   Code   RO          128    .text.SVC_Handler   stm32f1xx_it.o
    0x08003d3e   0x08003d3e   0x00000002   PAD
    0x08003d40   0x08003d40   0x00000004   Code   RO          134    .text.SysTick_Handler  stm32f1xx_it.o
    0x08003d44   0x08003d44   0x00000002   Code   RO          943    .text.SystemInit    system_stm32f1xx.o
    0x08003d46   0x08003d46   0x00000002   PAD
    0x08003d48   0x08003d48   0x0000000c   Code   RO          136    .text.TIM1_CC_IRQHandler  stm32f1xx_it.o
    0x08003d54   0x08003d54   0x0000000c   Code   RO          138    .text.TIM4_IRQHandler  stm32f1xx_it.o
    0x08003d60   0x08003d60   0x0000000c   Code   RO          903    .text.UART_DMAAbortOnError  stm32f1xx_hal_uart.o
    0x08003d6c   0x08003d6c   0x000000b6   Code   RO          901    .text.UART_Receive_IT  stm32f1xx_hal_uart.o
    0x08003e22   0x08003e22   0x00000002   PAD
    0x08003e24   0x08003e24   0x0000000c   Code   RO          140    .text.USART1_IRQHandler  stm32f1xx_it.o
    0x08003e30   0x08003e30   0x0000000c   Code   RO          142    .text.USART3_IRQHandler  stm32f1xx_it.o
    0x08003e3c   0x08003e3c   0x00000002   Code   RO          126    .text.UsageFault_Handler  stm32f1xx_it.o
    0x08003e3e   0x08003e3e   0x00000002   PAD
    0x08003e40   0x08003e40   0x00000020   Code   RO           34    .text.fputc         main.o
    0x08003e60   0x08003e60   0x0000013e   Code   RO           36    .text.main          main.o
    0x08003f9e   0x08003f9e   0x00000002   PAD
    0x08003fa0   0x08003fa0   0x00000020   Code   RO         1212    i.__0printf         mc_w.l(printfa.o)
    0x08003fc0   0x08003fc0   0x00000028   Code   RO         1290    i.__ARM_fpclassify  m_ws.l(fpclassify.o)
    0x08003fe8   0x08003fe8   0x00000008   Code   RO         1328    i.__aeabi_errno_addr  mc_w.l(errno.o)
    0x08003ff0   0x08003ff0   0x000000aa   Code   RO         1292    i.__kernel_poly     m_ws.l(poly.o)
    0x0800409a   0x0800409a   0x00000006   Code   RO         1277    i.__mathlib_dbl_infnan  m_ws.l(dunder.o)
    0x080040a0   0x080040a0   0x00000010   Code   RO         1282    i.__mathlib_dbl_underflow  m_ws.l(dunder.o)
    0x080040b0   0x080040b0   0x0000000e   Code   RO         1399    i.__scatterload_copy  mc_w.l(handlers.o)
    0x080040be   0x080040be   0x00000002   Code   RO         1400    i.__scatterload_null  mc_w.l(handlers.o)
    0x080040c0   0x080040c0   0x0000000e   Code   RO         1401    i.__scatterload_zeroinit  mc_w.l(handlers.o)
    0x080040ce   0x080040ce   0x00000002   PAD
    0x080040d0   0x080040d0   0x00000184   Code   RO         1219    i._fp_digits        mc_w.l(printfa.o)
    0x08004254   0x08004254   0x0000000e   Code   RO         1384    i._is_digit         mc_w.l(scanf_fp.o)
    0x08004262   0x08004262   0x00000002   PAD
    0x08004264   0x08004264   0x000006dc   Code   RO         1220    i._printf_core      mc_w.l(printfa.o)
    0x08004940   0x08004940   0x00000024   Code   RO         1221    i._printf_post_padding  mc_w.l(printfa.o)
    0x08004964   0x08004964   0x0000002e   Code   RO         1222    i._printf_pre_padding  mc_w.l(printfa.o)
    0x08004992   0x08004992   0x00000002   PAD
    0x08004994   0x08004994   0x00000220   Code   RO          958    i.atan              m_ws.l(atan.o)
    0x08004bb4   0x08004bb4   0x00000024   Code   RO          969    i.puts              mc_w.l(puts.o)
    0x08004bd8   0x08004bd8   0x0000001e   Code   RO          963    i.strtod            m_ws.l(strtod.o)
    0x08004bf6   0x08004bf6   0x00000002   PAD
    0x08004bf8   0x08004bf8   0x00000098   Data   RO          959    .constdata          m_ws.l(atan.o)
    0x08004c90   0x08004c90   0x00000081   Data   RO         1355    .constdata          mc_w.l(ctype_o.o)
    0x08004d11   0x08004d11   0x00000003   PAD
    0x08004d14   0x08004d14   0x00000004   Data   RO         1356    .constdata          mc_w.l(ctype_o.o)
    0x08004d18   0x08004d18   0x00000002   Data   RO          581    .rodata..L__const.HAL_RCC_GetSysClockFreq.aPredivFactorTable  stm32f1xx_hal_rcc.o
    0x08004d1a   0x08004d1a   0x00000010   Data   RO          948    .rodata.AHBPrescTable  system_stm32f1xx.o
    0x08004d2a   0x08004d2a   0x00000008   Data   RO          949    .rodata.APBPrescTable  system_stm32f1xx.o
    0x08004d32   0x08004d32   0x00000010   Data   RO          580    .rodata.cst16       stm32f1xx_hal_rcc.o
    0x08004d42   0x08004d42   0x00000006   Data   RO           51    .rodata.str1.1      main.o
    0x08004d48   0x08004d48   0x00000020   Data   RO         1398    Region$$Table       anon$$obj.o


    Execution Region RW_IRAM1 (Exec base: 0x20000000, Load base: 0x08004d68, Size: 0x00000770, Max: 0x00005000, ABSOLUTE)

    Exec Addr    Load Addr    Size         Type   Attr      Idx    E Section Name        Object

    0x20000000   0x08004d68   0x00000004   Data   RW         1308    .data               mc_w.l(stdout.o)
    0x20000004   0x08004d6c   0x00000004   Data   RW         1331    .data               mc_w.l(errno.o)
    0x20000008   0x08004d70   0x00000010   Data   RW           53    .data..L_MergedGlobals  main.o
    0x20000018   0x08004d80   0x00000008   Data   RW          543    .data..L_MergedGlobals  stm32f1xx_hal.o
    0x20000020   0x08004d88   0x00000004   Data   RW          947    .data.SystemCoreClock  system_stm32f1xx.o
    0x20000024   0x08004d8c   0x00000004   PAD
    0x20000028        -       0x00000064   Zero   RW           21    .bss..L_MergedGlobals  pid.o
    0x2000008c        -       0x00000060   Zero   RW           22    .bss..L_MergedGlobals.1  pid.o
    0x200000ec        -       0x00000050   Zero   RW           55    .bss..L_MergedGlobals.10  main.o
    0x2000013c        -       0x00000060   Zero   RW           23    .bss..L_MergedGlobals.2  pid.o
    0x2000019c        -       0x00000070   Zero   RW           54    .bss..L_MergedGlobals.9  main.o
    0x2000020c        -       0x00000048   Zero   RW           89    .bss.htim1          tim.o
    0x20000254        -       0x00000048   Zero   RW           90    .bss.htim2          tim.o
    0x2000029c        -       0x00000048   Zero   RW           91    .bss.htim4          tim.o
    0x200002e4        -       0x00000044   Zero   RW          108    .bss.huart1         usart.o
    0x20000328        -       0x00000044   Zero   RW          109    .bss.huart3         usart.o
    0x2000036c        -       0x00000004   Zero   RW          542    .bss.uwTick         stm32f1xx_hal.o
    0x20000370        -       0x00000400   Zero   RW            1    STACK               startup_stm32f103xb.o


==============================================================================

Image component sizes


      Code (inc. data)   RO Data    RW Data    ZI Data      Debug   Object Name

       198          0          0          0          0       1591   gpio.o
      2024         76          6         16        192      10784   main.o
      1202          0          0          0        292       2693   pid.o
        36          8        236          0       1024        796   startup_stm32f103xb.o
       188          0          0          8          4       5748   stm32f1xx_hal.o
       194          0          0          0          0       8474   stm32f1xx_hal_cortex.o
       240          0          0          0          0       8389   stm32f1xx_hal_dma.o
       550         22          0          0          0       4594   stm32f1xx_hal_gpio.o
        66          0          0          0          0       1192   stm32f1xx_hal_msp.o
      1470          0         18          0          0       7648   stm32f1xx_hal_rcc.o
      3002          8          0          0          0      54313   stm32f1xx_hal_tim.o
       126          0          0          0          0      20419   stm32f1xx_hal_tim_ex.o
      1558          0          0          0          0      23587   stm32f1xx_hal_uart.o
        68          0          0          0          0       5651   stm32f1xx_it.o
         2          0         24          4          0       1618   system_stm32f1xx.o
       766          0          0          0        216       8014   tim.o
       392          0          0          0        136       5945   usart.o

    ----------------------------------------------------------------------
     12176        114        316         28       1868     171456   Object Totals
         0          0         32          0          0          0   (incl. Generated)
        94          0          0          0          4          0   (incl. Padding)

    ----------------------------------------------------------------------

      Code (inc. data)   RO Data    RW Data    ZI Data      Debug   Library Member Name

       544         70        152          0          0        124   atan.o
        22          6          0          0          0        136   dunder.o
        40          0          0          0          0         68   fpclassify.o
       170          0          0          0          0         96   poly.o
        30          0          0          0          0         80   strtod.o
        28          0          0          0          0         68   _chval.o
        64          0          0          0          0         84   _sgetc.o
       158          0          0          0          0         92   _strtoul.o
        26          0          0          0          0         80   atoi.o
         8          4        133          0          0         68   ctype_o.o
         0          0          0          0          0          0   entry.o
         0          0          0          0          0          0   entry10a.o
         0          0          0          0          0          0   entry11a.o
         8          4          0          0          0          0   entry2.o
         4          0          0          0          0          0   entry5.o
         0          0          0          0          0          0   entry7b.o
         0          0          0          0          0          0   entry8b.o
         8          4          0          0          0          0   entry9a.o
         8          4          0          4          0         68   errno.o
        30          0          0          0          0          0   handlers.o
        36          8          0          0          0         68   init.o
        18          0          0          0          0         76   isspace_o.o
         0          0          0          0          0          0   iusefp.o
        30          0          0          0          0         68   llshl.o
        36          0          0          0          0         68   llsshr.o
        32          0          0          0          0         68   llushr.o
        26          0          0          0          0         80   memcmp.o
        36          0          0          0          0        108   memseta.o
      2258         90          0          0          0        452   printfa.o
        36          6          0          0          0         80   puts.o
       878         12          0          0          0        216   scanf_fp.o
         0          0          0          4          0          0   stdout.o
        20          0          0          0          0         68   strchr.o
       168         12          0          0          0        124   strtod.o
       112          0          0          0          0         88   strtol.o
        44          0          0          0          0         80   uidiv.o
        98          0          0          0          0         92   uldiv.o
        48          0          0          0          0         68   cdrcmple.o
        56          0          0          0          0         88   d2f.o
       334          0          0          0          0        148   dadd.o
       222          0          0          0          0        100   ddiv.o
       186          0          0          0          0        176   depilogue.o
        62          0          0          0          0         80   dfixi.o
        48          0          0          0          0         68   dfixul.o
        34          0          0          0          0         76   dflti.o
        24          0          0          0          0         76   dfltul.o
       228          0          0          0          0         96   dmul.o
        46          0          0          0          0         80   dscalb.o
        38          0          0          0          0         68   f2d.o
       176          0          0          0          0        140   fadd.o
        28          0          0          0          0         68   fcmpeq.o
        28          0          0          0          0         68   fcmpge.o
        28          0          0          0          0         68   fcmpgt.o
        28          0          0          0          0         68   fcmple.o
        28          0          0          0          0         68   fcmplt.o
       124          0          0          0          0         88   fdiv.o
       110          0          0          0          0        168   fepilogue.o
        50          0          0          0          0         68   ffixi.o
        18          0          0          0          0         68   fflti.o
       100          0          0          0          0         76   fmul.o

    ----------------------------------------------------------------------
      7036        220        288          8          0       4772   Library Totals
        16          0          3          0          0          0   (incl. Padding)

    ----------------------------------------------------------------------

      Code (inc. data)   RO Data    RW Data    ZI Data      Debug   Library Name

       806         76        152          0          0        504   m_ws.l
      4170        144        133          8          0       2196   mc_w.l
      2044          0          0          0          0       2072   mf_w.l

    ----------------------------------------------------------------------
      7036        220        288          8          0       4772   Library Totals

    ----------------------------------------------------------------------

==============================================================================


      Code (inc. data)   RO Data    RW Data    ZI Data      Debug   

     19212        334        604         36       1868     173428   Grand Totals
     19212        334        604         36       1868     173428   ELF Image Totals
     19212        334        604         36          0          0   ROM Totals

==============================================================================

    Total RO  Size (Code + RO Data)                19816 (  19.35kB)
    Total RW  Size (RW Data + ZI Data)              1904 (   1.86kB)
    Total ROM Size (Code + RO Data + RW Data)      19852 (  19.39kB)

==============================================================================

